
running 1 test
test ordinary_carriers::domain_tests::csharp_03_t06_w09_domains_source_total_cell_boundary ... source total-cell domain: 3855 items, exactly 65536 cells
source total-cell domain: same layout, exactly 65537 cells
ok

test result: ok. 1 passed; 0 failed; 0 ignored; 0 measured; 304 filtered out; finished in 38.19s

       38.59 real        37.03 user         0.34 sys
           583548928  maximum resident set size
                   0  average shared memory size
                   0  average unshared data size
                   0  average unshared stack size
               36600  page reclaims
                   0  page faults
                   0  swaps
                   0  block input operations
                   0  block output operations
                   0  messages sent
                   0  messages received
                   0  signals received
                   0  voluntary context switches
               29676  involuntary context switches
        531183184749  instructions retired
        116346010610  cycles elapsed
           564020040  peak memory footprint
