=== RUN   TestCheckerAgreementWithRustCLIJsonTypedDepth
=== RUN   TestCheckerAgreementWithRustCLIJsonTypedDepth/active-depth.hex
=== RUN   TestCheckerAgreementWithRustCLIJsonTypedDepth/decimal_default.hex
=== RUN   TestCheckerAgreementWithRustCLIJsonTypedDepth/enum_default.hex
=== RUN   TestCheckerAgreementWithRustCLIJsonTypedDepth/nullable_default.hex
=== RUN   TestCheckerAgreementWithRustCLIJsonTypedDepth/nullable_nonnull.hex
=== RUN   TestCheckerAgreementWithRustCLIJsonTypedDepth/nullable_required.hex
=== RUN   TestCheckerAgreementWithRustCLIJsonTypedDepth/optional_default.hex
=== RUN   TestCheckerAgreementWithRustCLIJsonTypedDepth/presence_default.hex
=== RUN   TestCheckerAgreementWithRustCLIJsonTypedDepth/presence_exposed.hex
=== RUN   TestCheckerAgreementWithRustCLIJsonTypedDepth/presence_instant.hex
=== RUN   TestCheckerAgreementWithRustCLIJsonTypedDepth/presence_missing_default.hex
=== RUN   TestCheckerAgreementWithRustCLIJsonTypedDepth/presence_nonmissing_zero.hex
=== RUN   TestCheckerAgreementWithRustCLIJsonTypedDepth/presence_required.hex
=== RUN   TestCheckerAgreementWithRustCLIJsonTypedDepth/raw_instant.hex
=== RUN   TestCheckerAgreementWithRustCLIJsonTypedDepth/required.hex
=== RUN   TestCheckerAgreementWithRustCLIJsonTypedDepth/surrogate_name.hex
--- PASS: TestCheckerAgreementWithRustCLIJsonTypedDepth (72.50s)
    --- PASS: TestCheckerAgreementWithRustCLIJsonTypedDepth/active-depth.hex (9.60s)
    --- PASS: TestCheckerAgreementWithRustCLIJsonTypedDepth/decimal_default.hex (1.55s)
    --- PASS: TestCheckerAgreementWithRustCLIJsonTypedDepth/enum_default.hex (1.50s)
    --- PASS: TestCheckerAgreementWithRustCLIJsonTypedDepth/nullable_default.hex (1.61s)
    --- PASS: TestCheckerAgreementWithRustCLIJsonTypedDepth/nullable_nonnull.hex (1.62s)
    --- PASS: TestCheckerAgreementWithRustCLIJsonTypedDepth/nullable_required.hex (1.77s)
    --- PASS: TestCheckerAgreementWithRustCLIJsonTypedDepth/optional_default.hex (1.52s)
    --- PASS: TestCheckerAgreementWithRustCLIJsonTypedDepth/presence_default.hex (1.66s)
    --- PASS: TestCheckerAgreementWithRustCLIJsonTypedDepth/presence_exposed.hex (1.65s)
    --- PASS: TestCheckerAgreementWithRustCLIJsonTypedDepth/presence_instant.hex (1.67s)
    --- PASS: TestCheckerAgreementWithRustCLIJsonTypedDepth/presence_missing_default.hex (1.59s)
    --- PASS: TestCheckerAgreementWithRustCLIJsonTypedDepth/presence_nonmissing_zero.hex (1.68s)
    --- PASS: TestCheckerAgreementWithRustCLIJsonTypedDepth/presence_required.hex (40.28s)
    --- PASS: TestCheckerAgreementWithRustCLIJsonTypedDepth/raw_instant.hex (1.83s)
    --- PASS: TestCheckerAgreementWithRustCLIJsonTypedDepth/required.hex (1.51s)
    --- PASS: TestCheckerAgreementWithRustCLIJsonTypedDepth/surrogate_name.hex (1.44s)
PASS
ok  	github.com/finitefield-org/mpk/go-tools/mpk-checker-ref	72.903s
