   Compiling mpk-vc v0.1.0 (/Users/kazuyoshitoshiya/mpk/crates/mpk-vc)
    Finished `test` profile [unoptimized + debuginfo] target(s) in 11.26s
     Running tests/csharp_practical_vc.rs (target/debug/deps/csharp_practical_vc-dcf715cdb89904aa)

running 1 test
Typed JSON depth source:required
Typed JSON depth source:decimal_default
Typed JSON depth source:enum_default
Typed JSON depth source:nullable_nonnull
Typed JSON depth source:surrogate_name
Typed JSON depth source:optional_default
Typed JSON depth source:raw_instant
Typed JSON depth source:nullable_required
Typed JSON depth source:nullable_default
Typed JSON depth source:presence_exposed
Typed JSON depth source:presence_required
Typed JSON depth source:presence_instant
Typed JSON depth source:presence_nonmissing_zero
Typed JSON depth source:presence_default
Typed JSON depth source:presence_missing_default
Typed JSON depth:15 original source contexts,167 core depth observations
test ordinary_carriers::literal_tests::json_token_tests::product_tests::typed_depth_tests::csharp_03_t06_w09_json_typed_depth_original_inputs ... ok

test result: ok. 1 passed; 0 failed; 0 ignored; 0 measured; 205 filtered out; finished in 3.98s

