   Compiling version_check v0.9.5
   Compiling typenum v1.20.1
   Compiling generic-array v0.14.7
   Compiling proc-macro2 v1.0.106
   Compiling quote v1.0.46
   Compiling unicode-ident v1.0.24
   Compiling serde_core v1.0.228
   Compiling crypto-common v0.1.7
   Compiling block-buffer v0.10.4
   Compiling zmij v1.0.21
   Compiling digest v0.10.7
   Compiling syn v2.0.118
   Compiling serde_json v1.0.150
   Compiling cfg-if v1.0.4
   Compiling serde v1.0.228
   Compiling cpufeatures v0.2.17
   Compiling sha2 v0.10.9
   Compiling serde_derive v1.0.228
   Compiling memchr v2.8.2
   Compiling itoa v1.0.18
   Compiling mpk-core v0.1.0 (/root/mpk-w09-pattern-observations/crates/mpk-core)
   Compiling mpk-cert v0.1.0 (/root/mpk-w09-pattern-observations/crates/mpk-cert)
   Compiling mpk-vc v0.1.0 (/root/mpk-w09-pattern-observations/crates/mpk-vc)
    Finished `test` profile [optimized] target(s) in 7m 13s
     Running tests/csharp_practical_vc.rs (/root/mpk-w09-pattern-observations-target/debug/deps/csharp_practical_vc-bb5f372f714b0f03)

running 1 test
test ordinary_carriers::public_domain_tests::contract_expression_tests::control_edge_tests::predicates::source_observations::csharp_03_t06_w09_pattern_observations_original_sources ... pattern source observations: 102 original goals, 74 exact operands, 36 distinct before/after slot snapshots, 1 nullable storage observations, 2 captured/current update distinctions
ok

test result: ok. 1 passed; 0 failed; 0 ignored; 0 measured; 391 filtered out; finished in 3.35s

