START binding-vc-transition-positive-go
END binding-vc-transition-positive-go PASS 3.832
START binding-vc-transition-positive-rust
END binding-vc-transition-positive-rust PASS 0.082
START binding-vc-transition-hash-go
END binding-vc-transition-hash-go PASS 3.389
START binding-vc-transition-hash-rust
END binding-vc-transition-hash-rust PASS 0.075
DONE binding-vc-transition.hex both checkers and hash checks
START clauses-compound-positive-go
END clauses-compound-positive-go PASS 2.233
START clauses-compound-positive-rust
END clauses-compound-positive-rust PASS 0.078
START clauses-compound-hash-go
END clauses-compound-hash-go PASS 2.242
START clauses-compound-hash-rust
END clauses-compound-hash-rust PASS 0.042
DONE clauses-compound.hex both checkers and hash checks
START clauses-scalar-map-positive-go
END clauses-scalar-map-positive-go PASS 2.576
START clauses-scalar-map-positive-rust
END clauses-scalar-map-positive-rust PASS 0.042
START clauses-scalar-map-hash-go
END clauses-scalar-map-hash-go PASS 2.506
START clauses-scalar-map-hash-rust
END clauses-scalar-map-hash-rust PASS 0.042
DONE clauses-scalar-map.hex both checkers and hash checks
