   Compiling version_check v0.9.5
   Compiling proc-macro2 v1.0.106
   Compiling typenum v1.20.1
   Compiling generic-array v0.14.7
   Compiling unicode-ident v1.0.24
   Compiling quote v1.0.46
   Compiling serde_core v1.0.228
   Compiling crypto-common v0.1.7
   Compiling block-buffer v0.10.4
   Compiling zmij v1.0.21
   Compiling syn v2.0.118
   Compiling digest v0.10.7
   Compiling serde_json v1.0.150
   Compiling cpufeatures v0.2.17
   Compiling serde v1.0.228
   Compiling cfg-if v1.0.4
   Compiling sha2 v0.10.9
   Compiling serde_derive v1.0.228
   Compiling mpk-core v0.1.0 (/root/mpk/crates/mpk-core)
   Compiling itoa v1.0.18
   Compiling memchr v2.8.2
   Compiling mpk-cert v0.1.0 (/root/mpk/crates/mpk-cert)
   Compiling mpk-vc v0.1.0 (/root/mpk/crates/mpk-vc)
    Finished `test` profile [optimized] target(s) in 6m 52s
     Running tests/csharp_practical_vc.rs (target/debug/deps/csharp_practical_vc-bb5f372f714b0f03)

running 1 test
test ordinary_carriers::projection_tests::binding_relation_tests::concrete_operation_tests::csharp_03_t06_w09_concrete_operations_original_source_certificates ... concrete operation definitions complete binding-vc-boundary_field
concrete operation definitions complete binding-vc-bounded_sequence
concrete operation definitions complete binding-vc-instant
concrete operation definitions complete binding-vc-lookup
concrete operation definitions complete binding-vc-money
concrete operation definitions complete binding-vc-option
concrete operation definitions complete binding-vc-ordered_entry
concrete operation definitions complete binding-vc-ordered_map
concrete operation definitions complete binding-vc-ordered_set
concrete operation definitions complete binding-vc-result
concrete operation definitions complete binding-vc-transition
concrete operation definitions complete binding-vc-validation
concrete operation definitions complete bool-construction
concrete operation definitions complete bool-float-entry
concrete operation definitions complete boundary-exception-empty
concrete operation definitions complete boundary-exception-payload
concrete operation definitions complete boundary-map-compound
concrete operation definitions complete boundary-map-decimal
concrete operation definitions complete boundary-map-string
concrete operation definitions complete boundary-set-decimal
concrete operation definitions complete boundary-total-cells
concrete operation definitions complete complete-snapshot
concrete operation definitions complete construction-vc-enum_zero
concrete operation definitions complete construction-vc-positive_constructor
concrete operation definitions complete date
concrete operation definitions complete enum-construction
concrete operation definitions complete exception-vc-allowed
concrete operation definitions complete extra-bool-float-map
concrete operation definitions complete extra-bool-nullable-map
concrete operation definitions complete extra-lookup-nullable
concrete operation definitions complete extra-shared-lookup-maps
concrete operation definitions complete extra-validation-bool
concrete operation definitions complete extra-validation-product
concrete operation definitions complete float-sequence
concrete operation definitions complete floats
concrete operation definitions complete guid
concrete operation definitions complete nested-box
concrete operation definitions complete nullable-float
concrete operation definitions complete nullable-string-default
concrete operation definitions complete parse-error-contract
concrete operation definitions complete product-construction
concrete operation definitions complete string
concrete operation definitions complete unit-void-source
concrete operation definitions complete remapped-boundary-sequence
concrete operation definitions complete float-make-commutation
ok

test result: ok. 1 passed; 0 failed; 0 ignored; 0 measured; 385 filtered out; finished in 12.66s

