=== RUN   TestCheckerAgreementWithRustCLICalendarData
=== RUN   TestCheckerAgreementWithRustCLICalendarData/date-add_days.hex
=== RUN   TestCheckerAgreementWithRustCLICalendarData/date-add_months.hex
=== RUN   TestCheckerAgreementWithRustCLICalendarData/date-add_years.hex
=== RUN   TestCheckerAgreementWithRustCLICalendarData/date-comparisons.hex
=== RUN   TestCheckerAgreementWithRustCLICalendarData/date-parts.hex
=== RUN   TestCheckerAgreementWithRustCLICalendarData/duration.hex
=== RUN   TestCheckerAgreementWithRustCLICalendarData/guid.hex
=== RUN   TestCheckerAgreementWithRustCLICalendarData/time.hex
--- PASS: TestCheckerAgreementWithRustCLICalendarData (774.27s)
    --- PASS: TestCheckerAgreementWithRustCLICalendarData/date-add_days.hex (69.86s)
    --- PASS: TestCheckerAgreementWithRustCLICalendarData/date-add_months.hex (112.02s)
    --- PASS: TestCheckerAgreementWithRustCLICalendarData/date-add_years.hex (58.45s)
    --- PASS: TestCheckerAgreementWithRustCLICalendarData/date-comparisons.hex (18.99s)
    --- PASS: TestCheckerAgreementWithRustCLICalendarData/date-parts.hex (59.36s)
    --- PASS: TestCheckerAgreementWithRustCLICalendarData/duration.hex (227.61s)
    --- PASS: TestCheckerAgreementWithRustCLICalendarData/guid.hex (3.51s)
    --- PASS: TestCheckerAgreementWithRustCLICalendarData/time.hex (224.47s)
PASS
ok  	github.com/finitefield-org/mpk/go-tools/mpk-checker-ref	774.542s
