
running 1 test
test ordinary_carriers::public_domain_tests::contract_expression_tests::calendar_data_tests::csharp_03_t06_w09_calendar_data_original_source ... calendar data date.construct: Some("System.ArgumentOutOfRangeException"), raw conditions [true]
calendar data date.add_days: Some("System.ArgumentOutOfRangeException"), raw conditions [true]
calendar data source date-add_days: 2 definitions, 3 use points, 0 pending
calendar data date.add_months: Some("System.ArgumentOutOfRangeException"), raw conditions [true]
calendar data source date-add_months: 2 definitions, 3 use points, 0 pending
calendar data date.add_years: Some("System.ArgumentOutOfRangeException"), raw conditions [true]
calendar data source date-add_years: 2 definitions, 3 use points, 0 pending
calendar data source date-comparisons: 8 definitions, 9 use points, 0 pending
calendar data source date-parts: 6 definitions, 7 use points, 0 pending
calendar data duration.add: Some("System.OverflowException"), raw conditions [true]
calendar data duration.subtract: Some("System.OverflowException"), raw conditions [true]
calendar data duration.negate: Some("System.OverflowException"), raw conditions [true]
calendar data source duration: 17 definitions, 19 use points, 1 pending
calendar data source guid: 4 definitions, 5 use points, 0 pending
calendar data time.construct: Some("System.ArgumentOutOfRangeException"), raw conditions [true]
calendar data source time: 16 definitions, 18 use points, 1 pending
calendar data source: 67 use points, 124 result/guard cases
calendar data unique observed operations: 52
ok

test result: ok. 1 passed; 0 failed; 0 ignored; 0 measured; 300 filtered out; finished in 89.05s

