
running 3 tests
test ordinary_carriers::public_domain_tests::contract_expression_tests::control_edge_tests::steps::csharp_03_t06_w09_control_source_steps_completeness_metadata ... control source step metadata count_fill: 104 complete normal steps
control edges count_fill: generated/imported exact candidate; 0 pending guards
control source step metadata while: 16 complete normal steps
control edges while: generated/imported exact candidate; 0 pending guards
control source step metadata for: 38 complete normal steps
control edges for: generated/imported exact candidate; 0 pending guards
control source step metadata short_circuit: 29 complete normal steps
control edges short_circuit: generated/imported exact candidate; 0 pending guards
control source step metadata switch: 25 complete normal steps
control edges switch: generated/imported exact candidate; 0 pending guards
control source step metadata is_binding: 15 complete normal steps
control edges is_binding: generated/imported exact candidate; 0 pending guards
control source step metadata guard_order: 48 complete normal steps
control edges guard_order: generated/imported exact candidate; 0 pending guards
control source step metadata guard_throw: 22 complete normal steps
control edges guard_throw: generated/imported exact candidate; 0 pending guards
control source step metadata total_variable: 16 complete normal steps
control edges total_variable: generated/imported exact candidate; 0 pending guards
control source step metadata index_update: 35 complete normal steps
control edges index_update: generated/imported exact candidate; 0 pending guards
control source step metadata foreach_string: 31 complete normal steps
control edges foreach_string: generated/imported exact candidate; 0 pending guards
control source step metadata foreach_string_var: 31 complete normal steps
control edges foreach_string_var: generated/imported exact candidate; 0 pending guards
control source step metadata foreach_array: 30 complete normal steps
control edges foreach_array: generated/imported exact candidate; 0 pending guards
control source step metadata foreach_array_var: 30 complete normal steps
control edges foreach_array_var: generated/imported exact candidate; 0 pending guards
control source step metadata lookup: 29 complete normal steps
control edges lookup: generated/imported exact candidate; 0 pending guards
control source step metadata governing_throw: 19 complete normal steps
control edges governing_throw: generated/imported exact candidate; 0 pending guards
control source step metadata type: 40 complete normal steps
control edges type: generated/imported exact candidate; 0 pending guards
control source step metadata string_property: 21 complete normal steps
control edges string_property: generated/imported exact candidate; 0 pending guards
ok
test ordinary_carriers::transition_ops_tests::csharp_03_t06_w09_transition_operations_integrated_definition_closure ... transition integration: 3 contexts, 291 exact transitive definitions; prior terms/declarations preserved
ok
test ordinary_carriers::transition_ops_tests::csharp_03_t06_w09_transition_operations_original_source_certificates ... transition operation certificates: 3 actual-source contexts
ok

test result: ok. 3 passed; 0 failed; 0 ignored; 0 measured; 363 filtered out; finished in 6.13s

