   Compiling mpk-vc v0.1.0 (/Users/kazuyoshitoshiya/mpk/crates/mpk-vc)
    Finished `release` profile [optimized] target(s) in 32.56s
     Running tests/csharp_practical_vc.rs (target/release/deps/csharp_practical_vc-0951b3e219e92435)

running 3 tests
test ordinary_carriers::public_domain_tests::contract_expression_tests::control_edge_tests::csharp_03_t06_w09_control_integrated_slots_original_sources ... control integrated slots while: 96 observations
control edges while: generated/imported exact candidate; 0 pending guards
control integrated slots for: 218 observations
control edges for: generated/imported exact candidate; 0 pending guards
control integrated slots short_circuit: 184 observations
control edges short_circuit: generated/imported exact candidate; 0 pending guards
control integrated slots switch: 65 observations
control edges switch: generated/imported exact candidate; 0 pending guards
control integrated slots is_binding: 54 observations
control edges is_binding: generated/imported exact candidate; 0 pending guards
control integrated slots guard_order: 462 observations
control edges guard_order: generated/imported exact candidate; 0 pending guards
control integrated slots guard_throw: 116 observations
control edges guard_throw: generated/imported exact candidate; 0 pending guards
control integrated slots total_variable: 96 observations
control edges total_variable: generated/imported exact candidate; 0 pending guards
control integrated slots index_update: 236 observations
control edges index_update: generated/imported exact candidate; 0 pending guards
control integrated slots foreach_string: 384 observations
control edges foreach_string: generated/imported exact candidate; 0 pending guards
control integrated slots foreach_string_var: 384 observations
control edges foreach_string_var: generated/imported exact candidate; 0 pending guards
control integrated slots foreach_array: 384 observations
control edges foreach_array: generated/imported exact candidate; 0 pending guards
control integrated slots foreach_array_var: 384 observations
control edges foreach_array_var: generated/imported exact candidate; 0 pending guards
control integrated slots lookup: 138 observations
control edges lookup: generated/imported exact candidate; 0 pending guards
control integrated slots governing_throw: 82 observations
control edges governing_throw: generated/imported exact candidate; 0 pending guards
control integrated slots type: 294 observations
control edges type: generated/imported exact candidate; 0 pending guards
control integrated slots string_property: 68 observations
control edges string_property: generated/imported exact candidate; 0 pending guards
control integrated slots count_fill: 2697 observations
control edges count_fill: generated/imported exact candidate; 0 pending guards
ok
test ordinary_carriers::public_domain_tests::contract_expression_tests::control_slot_tests::csharp_03_t06_w09_control_slot_array_snapshots ... snapshot mpk.csharp.source.88c1e21725003ed574525e5cae27a2f1dfc1261331198e916f90c93ddbcaece8.node.000004 length 0 complete true
snapshot mpk.csharp.source.88c1e21725003ed574525e5cae27a2f1dfc1261331198e916f90c93ddbcaece8.node.000004 length 1 complete true
snapshot mpk.csharp.source.88c1e21725003ed574525e5cae27a2f1dfc1261331198e916f90c93ddbcaece8.node.000004 length 4095 complete true
snapshot mpk.csharp.source.88c1e21725003ed574525e5cae27a2f1dfc1261331198e916f90c93ddbcaece8.node.000004 length 4096 complete true
snapshot mpk.csharp.source.88c1e21725003ed574525e5cae27a2f1dfc1261331198e916f90c93ddbcaece8.node.000004 length 4097 complete true
snapshot mpk.csharp.source.88c1e21725003ed574525e5cae27a2f1dfc1261331198e916f90c93ddbcaece8.node.000004 length 16384 complete true
snapshot mpk.csharp.source.88c1e21725003ed574525e5cae27a2f1dfc1261331198e916f90c93ddbcaece8.node.000004 length 16385 complete true
snapshot mpk.csharp.source.88c1e21725003ed574525e5cae27a2f1dfc1261331198e916f90c93ddbcaece8.node.000004 length 4294967295 complete true
snapshot mpk.csharp.source.88c1e21725003ed574525e5cae27a2f1dfc1261331198e916f90c93ddbcaece8.node.000004 length 1 complete false
snapshot mpk.csharp.source.88c1e21725003ed574525e5cae27a2f1dfc1261331198e916f90c93ddbcaece8.node.000004 length 4096 complete false
snapshot mpk.csharp.source.88c1e21725003ed574525e5cae27a2f1dfc1261331198e916f90c93ddbcaece8.node.000019 length 0 complete true
snapshot mpk.csharp.source.88c1e21725003ed574525e5cae27a2f1dfc1261331198e916f90c93ddbcaece8.node.000019 length 1 complete true
snapshot mpk.csharp.source.88c1e21725003ed574525e5cae27a2f1dfc1261331198e916f90c93ddbcaece8.node.000019 length 4095 complete true
snapshot mpk.csharp.source.88c1e21725003ed574525e5cae27a2f1dfc1261331198e916f90c93ddbcaece8.node.000019 length 4096 complete true
snapshot mpk.csharp.source.88c1e21725003ed574525e5cae27a2f1dfc1261331198e916f90c93ddbcaece8.node.000019 length 4097 complete true
snapshot mpk.csharp.source.88c1e21725003ed574525e5cae27a2f1dfc1261331198e916f90c93ddbcaece8.node.000019 length 16384 complete true
snapshot mpk.csharp.source.88c1e21725003ed574525e5cae27a2f1dfc1261331198e916f90c93ddbcaece8.node.000019 length 16385 complete true
snapshot mpk.csharp.source.88c1e21725003ed574525e5cae27a2f1dfc1261331198e916f90c93ddbcaece8.node.000019 length 4294967295 complete true
snapshot mpk.csharp.source.88c1e21725003ed574525e5cae27a2f1dfc1261331198e916f90c93ddbcaece8.node.000019 length 1 complete false
snapshot mpk.csharp.source.88c1e21725003ed574525e5cae27a2f1dfc1261331198e916f90c93ddbcaece8.node.000019 length 4096 complete false
snapshot mpk.csharp.source.88c1e21725003ed574525e5cae27a2f1dfc1261331198e916f90c93ddbcaece8.node.000034 length 0 complete true
snapshot mpk.csharp.source.88c1e21725003ed574525e5cae27a2f1dfc1261331198e916f90c93ddbcaece8.node.000034 length 1 complete true
snapshot mpk.csharp.source.88c1e21725003ed574525e5cae27a2f1dfc1261331198e916f90c93ddbcaece8.node.000034 length 4095 complete true
snapshot mpk.csharp.source.88c1e21725003ed574525e5cae27a2f1dfc1261331198e916f90c93ddbcaece8.node.000034 length 4096 complete true
snapshot mpk.csharp.source.88c1e21725003ed574525e5cae27a2f1dfc1261331198e916f90c93ddbcaece8.node.000034 length 4097 complete true
snapshot mpk.csharp.source.88c1e21725003ed574525e5cae27a2f1dfc1261331198e916f90c93ddbcaece8.node.000034 length 16384 complete true
snapshot mpk.csharp.source.88c1e21725003ed574525e5cae27a2f1dfc1261331198e916f90c93ddbcaece8.node.000034 length 16385 complete true
snapshot mpk.csharp.source.88c1e21725003ed574525e5cae27a2f1dfc1261331198e916f90c93ddbcaece8.node.000034 length 4294967295 complete true
snapshot mpk.csharp.source.88c1e21725003ed574525e5cae27a2f1dfc1261331198e916f90c93ddbcaece8.node.000034 length 1 complete false
snapshot mpk.csharp.source.88c1e21725003ed574525e5cae27a2f1dfc1261331198e916f90c93ddbcaece8.node.000034 length 4096 complete false
snapshot mpk.csharp.source.88c1e21725003ed574525e5cae27a2f1dfc1261331198e916f90c93ddbcaece8.node.000041 length 0 complete true
snapshot mpk.csharp.source.88c1e21725003ed574525e5cae27a2f1dfc1261331198e916f90c93ddbcaece8.node.000041 length 1 complete true
snapshot mpk.csharp.source.88c1e21725003ed574525e5cae27a2f1dfc1261331198e916f90c93ddbcaece8.node.000041 length 4095 complete true
snapshot mpk.csharp.source.88c1e21725003ed574525e5cae27a2f1dfc1261331198e916f90c93ddbcaece8.node.000041 length 4096 complete true
snapshot mpk.csharp.source.88c1e21725003ed574525e5cae27a2f1dfc1261331198e916f90c93ddbcaece8.node.000041 length 4097 complete true
snapshot mpk.csharp.source.88c1e21725003ed574525e5cae27a2f1dfc1261331198e916f90c93ddbcaece8.node.000041 length 16384 complete true
snapshot mpk.csharp.source.88c1e21725003ed574525e5cae27a2f1dfc1261331198e916f90c93ddbcaece8.node.000041 length 16385 complete true
snapshot mpk.csharp.source.88c1e21725003ed574525e5cae27a2f1dfc1261331198e916f90c93ddbcaece8.node.000041 length 4294967295 complete true
snapshot mpk.csharp.source.88c1e21725003ed574525e5cae27a2f1dfc1261331198e916f90c93ddbcaece8.node.000041 length 1 complete false
snapshot mpk.csharp.source.88c1e21725003ed574525e5cae27a2f1dfc1261331198e916f90c93ddbcaece8.node.000041 length 4096 complete false
source array snapshots: 4 transfers, 144 observations
ok
test ordinary_carriers::public_domain_tests::contract_expression_tests::control_slot_tests::csharp_03_t06_w09_control_slot_source_relations ... control slots while: runtime start
control slots while: 1 functions, 132 cumulative observations
control slots for: runtime start
control slots for: 1 functions, 434 cumulative observations
control slots short_circuit: runtime start
control slots short_circuit: 1 functions, 688 cumulative observations
control slots switch: runtime start
control slots switch: 1 functions, 778 cumulative observations
control slots is_binding: runtime start
control slots is_binding: 1 functions, 850 cumulative observations
control slots guard_order: runtime start
control slots guard_order: 1 functions, 1482 cumulative observations
control slots type: runtime start
control slots type: 1 functions, 1888 cumulative observations
ok

test result: ok. 3 passed; 0 failed; 0 ignored; 0 measured; 352 filtered out; finished in 9.81s

