PASS count_fill-positive-rust 2.366
PASS count_fill-hash-go 1626.248
PASS count_fill-positive-go 1628.924
PASS count_fill-hash-rust 2.66
PASS while-positive-rust 0.083
PASS while-positive-go 2.755
PASS while-hash-rust 0.081
PASS while-hash-go 2.321
PASS for-positive-rust 0.243
PASS for-positive-go 7.525
PASS for-hash-rust 0.24
PASS for-hash-go 7.424
PASS short_circuit-positive-rust 0.275
PASS short_circuit-positive-go 49.702
PASS short_circuit-hash-rust 0.298
PASS short_circuit-hash-go 49.846
PASS switch-positive-rust 0.097
PASS switch-positive-go 3.722
PASS switch-hash-rust 0.099
PASS switch-hash-go 3.743
PASS is_binding-positive-rust 0.071
PASS is_binding-positive-go 2.267
PASS is_binding-hash-rust 0.083
PASS is_binding-hash-go 1.897
PASS guard_order-positive-rust 1.02
PASS guard_order-positive-go 175.373
PASS guard_order-hash-rust 0.83
PASS guard_order-hash-go 173.737
PASS guard_throw-positive-rust 0.235
PASS guard_throw-positive-go 31.5
PASS guard_throw-hash-rust 0.251
PASS guard_throw-hash-go 31.461
PASS total_variable-positive-rust 0.101
PASS total_variable-positive-go 2.697
PASS total_variable-hash-rust 0.106
PASS total_variable-hash-go 2.691
PASS index_update-positive-rust 0.861
PASS index_update-positive-go 365.94
PASS index_update-hash-rust 1.103
PASS index_update-hash-go 366.46
PASS foreach_string-positive-rust 0.557
PASS foreach_string-positive-go 28.611
PASS foreach_string-hash-rust 0.549
PASS foreach_string-hash-go 28.264
PASS foreach_string_var-positive-rust 0.666
PASS foreach_string_var-positive-go 28.18
PASS foreach_string_var-hash-go 28.125
PASS foreach_string_var-hash-rust 0.62
PASS foreach_array-positive-rust 0.581
PASS foreach_array-positive-go 28.71
PASS foreach_array-hash-rust 0.474
PASS foreach_array-hash-go 29.577
PASS foreach_array_var-positive-rust 0.435
PASS foreach_array_var-positive-go 28.381
PASS foreach_array_var-hash-rust 0.588
PASS foreach_array_var-hash-go 28.616
PASS lookup-positive-rust 0.173
PASS lookup-positive-go 14.259
PASS lookup-hash-rust 0.182
PASS lookup-hash-go 13.614
PASS governing_throw-positive-rust 0.108
PASS governing_throw-positive-go 8.007
PASS governing_throw-hash-rust 0.117
PASS governing_throw-hash-go 7.656
PASS type-positive-rust 0.452
PASS type-positive-go 31.503
PASS type-hash-rust 0.445
PASS type-hash-go 31.489
PASS string_property-positive-rust 0.128
PASS string_property-positive-go 5.382
PASS string_property-hash-rust 0.129
PASS string_property-hash-go 5.368
COMPLETE 72
