    Finished `test` profile [optimized] target(s) in 0.21s
     Running tests/csharp_practical_vc.rs (/tmp/mpk-w09-optimized-target/debug/deps/csharp_practical_vc-9eed0564ce83fca4)

running 2 tests
test ordinary_carriers::public_domain_tests::contract_expression_tests::control_edge_tests::predicates::csharp_03_t06_w09_control_predicates_original_sources ... control predicates count_fill: 23 original sequents
control predicates while: 6 original sequents
control predicates for: 9 original sequents
control predicates short_circuit: 8 original sequents
control predicates switch: 16 original sequents
control predicates is_binding: 6 original sequents
control predicates guard_order: 30 original sequents
control predicates guard_throw: 16 original sequents
control predicates total_variable: 6 original sequents
control predicates index_update: 10 original sequents
control predicates foreach_string: 10 original sequents
control predicates foreach_string_var: 10 original sequents
control predicates foreach_array: 8 original sequents
control predicates foreach_array_var: 8 original sequents
control predicates lookup: 9 original sequents
control predicates governing_throw: 14 original sequents
control predicates type: 18 original sequents
control predicates string_property: 8 original sequents
control predicates total: 215 sequents, 383 defined predicates, 117 pending predicates, 6 original decrease observations, 392 implication observations, 8 distinct snapshot pairs
ok
test ordinary_carriers::public_domain_tests::contract_expression_tests::control_edge_tests::predicates::csharp_03_t06_w09_control_predicates_with_execution_original_sources ... control predicates count_fill: 23 original sequents
control predicates while: 6 original sequents
control predicates for: 9 original sequents
control predicates short_circuit: 8 original sequents
control predicates switch: 16 original sequents
control predicates is_binding: 6 original sequents
control predicates guard_order: 30 original sequents
control predicates guard_throw: 16 original sequents
control predicates total_variable: 6 original sequents
control predicates index_update: 10 original sequents
control predicates foreach_string: 10 original sequents
control predicates foreach_string_var: 10 original sequents
control predicates foreach_array: 8 original sequents
control predicates foreach_array_var: 8 original sequents
control predicates lookup: 9 original sequents
control predicates governing_throw: 14 original sequents
control predicates type: 18 original sequents
control predicates string_property: 8 original sequents
control predicates total: 215 sequents, 398 defined predicates, 102 pending predicates, 6 original decrease observations, 452 implication observations, 8 distinct snapshot pairs
ok

test result: ok. 2 passed; 0 failed; 0 ignored; 0 measured; 387 filtered out; finished in 24.98s

