=== RUN   TestCheckerAgreementWithRustCLICollectionClauses
=== RUN   TestCheckerAgreementWithRustCLICollectionClauses/binding-vc-ordered_map.hex
=== RUN   TestCheckerAgreementWithRustCLICollectionClauses/binding-vc-ordered_set.hex
=== RUN   TestCheckerAgreementWithRustCLICollectionClauses/boundary-map-compound.hex
=== RUN   TestCheckerAgreementWithRustCLICollectionClauses/boundary-map-decimal.hex
=== RUN   TestCheckerAgreementWithRustCLICollectionClauses/boundary-map-string.hex
=== RUN   TestCheckerAgreementWithRustCLICollectionClauses/boundary-set-decimal.hex
=== RUN   TestCheckerAgreementWithRustCLICollectionClauses/extra-bool-float-map.hex
=== RUN   TestCheckerAgreementWithRustCLICollectionClauses/extra-bool-nullable-map.hex
=== RUN   TestCheckerAgreementWithRustCLICollectionClauses/extra-shared-lookup-maps.hex
--- PASS: TestCheckerAgreementWithRustCLICollectionClauses (97.04s)
    --- PASS: TestCheckerAgreementWithRustCLICollectionClauses/binding-vc-ordered_map.hex (4.07s)
    --- PASS: TestCheckerAgreementWithRustCLICollectionClauses/binding-vc-ordered_set.hex (4.68s)
    --- PASS: TestCheckerAgreementWithRustCLICollectionClauses/boundary-map-compound.hex (4.95s)
    --- PASS: TestCheckerAgreementWithRustCLICollectionClauses/boundary-map-decimal.hex (32.85s)
    --- PASS: TestCheckerAgreementWithRustCLICollectionClauses/boundary-map-string.hex (4.89s)
    --- PASS: TestCheckerAgreementWithRustCLICollectionClauses/boundary-set-decimal.hex (32.01s)
    --- PASS: TestCheckerAgreementWithRustCLICollectionClauses/extra-bool-float-map.hex (4.33s)
    --- PASS: TestCheckerAgreementWithRustCLICollectionClauses/extra-bool-nullable-map.hex (4.66s)
    --- PASS: TestCheckerAgreementWithRustCLICollectionClauses/extra-shared-lookup-maps.hex (4.61s)
PASS
ok  	github.com/finitefield-org/mpk/go-tools/mpk-checker-ref	97.231s
