=== RUN   TestCheckerAgreementWithRustCLICalendarClauses
=== RUN   TestCheckerAgreementWithRustCLICalendarClauses/date-add_days.hex
=== RUN   TestCheckerAgreementWithRustCLICalendarClauses/date-add_months.hex
=== RUN   TestCheckerAgreementWithRustCLICalendarClauses/date-add_years.hex
=== RUN   TestCheckerAgreementWithRustCLICalendarClauses/date-comparisons.hex
=== RUN   TestCheckerAgreementWithRustCLICalendarClauses/date-parts.hex
=== RUN   TestCheckerAgreementWithRustCLICalendarClauses/duration.hex
=== RUN   TestCheckerAgreementWithRustCLICalendarClauses/guid.hex
=== RUN   TestCheckerAgreementWithRustCLICalendarClauses/time.hex
--- PASS: TestCheckerAgreementWithRustCLICalendarClauses (1001.85s)
    --- PASS: TestCheckerAgreementWithRustCLICalendarClauses/date-add_days.hex (44.31s)
    --- PASS: TestCheckerAgreementWithRustCLICalendarClauses/date-add_months.hex (41.11s)
    --- PASS: TestCheckerAgreementWithRustCLICalendarClauses/date-add_years.hex (59.24s)
    --- PASS: TestCheckerAgreementWithRustCLICalendarClauses/date-comparisons.hex (2.75s)
    --- PASS: TestCheckerAgreementWithRustCLICalendarClauses/date-parts.hex (59.49s)
    --- PASS: TestCheckerAgreementWithRustCLICalendarClauses/duration.hex (322.79s)
    --- PASS: TestCheckerAgreementWithRustCLICalendarClauses/guid.hex (4.28s)
    --- PASS: TestCheckerAgreementWithRustCLICalendarClauses/time.hex (467.89s)
PASS
ok  	github.com/finitefield-org/mpk/go-tools/mpk-checker-ref	1002.221s
