START for-positive-go
END for-positive-go PASS 0.88
START for-positive-rust
END for-positive-rust PASS 0.08
START for-hash-go
END for-hash-go PASS 0.59
START for-hash-rust
END for-hash-rust PASS 0.088
DONE for.hex both checkers and hash checks
START short_circuit-positive-go
END short_circuit-positive-go PASS 7.404
START short_circuit-positive-rust
END short_circuit-positive-rust PASS 0.146
START short_circuit-hash-go
END short_circuit-hash-go PASS 7.429
START short_circuit-hash-rust
END short_circuit-hash-rust PASS 0.137
DONE short_circuit.hex both checkers and hash checks
START switch-positive-go
END switch-positive-go PASS 0.364
START switch-positive-rust
END switch-positive-rust PASS 0.049
START switch-hash-go
END switch-hash-go PASS 0.383
START switch-hash-rust
END switch-hash-rust PASS 0.025
DONE switch.hex both checkers and hash checks
START is_binding-positive-go
END is_binding-positive-go PASS 0.206
START is_binding-positive-rust
END is_binding-positive-rust PASS 0.026
START is_binding-hash-go
END is_binding-hash-go PASS 0.207
START is_binding-hash-rust
END is_binding-hash-rust PASS 0.026
DONE is_binding.hex both checkers and hash checks
START guard_order-positive-go
END guard_order-positive-go PASS 9.866
START guard_order-positive-rust
END guard_order-positive-rust PASS 0.186
START guard_order-hash-go
END guard_order-hash-go PASS 9.811
START guard_order-hash-rust
END guard_order-hash-rust PASS 0.187
DONE guard_order.hex both checkers and hash checks
START guard_throw-positive-go
END guard_throw-positive-go PASS 5.909
START guard_throw-positive-rust
END guard_throw-positive-rust PASS 0.133
START guard_throw-hash-go
END guard_throw-hash-go PASS 5.965
START guard_throw-hash-rust
END guard_throw-hash-rust PASS 0.134
DONE guard_throw.hex both checkers and hash checks
START total_variable-positive-go
END total_variable-positive-go PASS 0.239
START total_variable-positive-rust
END total_variable-positive-rust PASS 0.04
START total_variable-hash-go
END total_variable-hash-go PASS 0.238
START total_variable-hash-rust
END total_variable-hash-rust PASS 0.022
DONE total_variable.hex both checkers and hash checks
START foreach_array-positive-go
END foreach_array-positive-go PASS 3.408
START foreach_array-positive-rust
END foreach_array-positive-rust PASS 0.127
START foreach_array-hash-go
END foreach_array-hash-go PASS 3.312
START foreach_array-hash-rust
END foreach_array-hash-rust PASS 0.129
DONE foreach_array.hex both checkers and hash checks
START foreach_string-positive-go
END foreach_string-positive-go PASS 5.979
START foreach_string-positive-rust
END foreach_string-positive-rust PASS 0.126
START foreach_string-hash-go
END foreach_string-hash-go PASS 6.043
START foreach_string-hash-rust
END foreach_string-hash-rust PASS 0.13
DONE foreach_string.hex both checkers and hash checks
START governing_throw-positive-go
END governing_throw-positive-go PASS 2.499
START governing_throw-positive-rust
END governing_throw-positive-rust PASS 0.078
START governing_throw-hash-go
END governing_throw-hash-go PASS 2.455
START governing_throw-hash-rust
END governing_throw-hash-rust PASS 0.077
DONE governing_throw.hex both checkers and hash checks
START lookup-positive-go
END lookup-positive-go PASS 3.043
START lookup-positive-rust
END lookup-positive-rust PASS 0.079
START lookup-hash-go
END lookup-hash-go PASS 2.975
START lookup-hash-rust
END lookup-hash-rust PASS 0.074
DONE lookup.hex both checkers and hash checks
START type-positive-go
END type-positive-go PASS 4.438
START type-positive-rust
END type-positive-rust PASS 0.13
START type-hash-go
END type-hash-go PASS 4.405
START type-hash-rust
END type-hash-rust PASS 0.15
DONE type.hex both checkers and hash checks
START string_property-positive-go
END string_property-positive-go PASS 2.772
START string_property-positive-rust
END string_property-positive-rust PASS 0.076
START string_property-hash-go
END string_property-hash-go PASS 2.699
START string_property-hash-rust
END string_property-hash-rust PASS 0.077
DONE string_property.hex both checkers and hash checks
START index_update-positive-go
END index_update-positive-go PASS 169.48
START index_update-positive-rust
END index_update-positive-rust PASS 0.447
START index_update-hash-go
END index_update-hash-go PASS 159.803
START index_update-hash-rust
END index_update-hash-rust PASS 0.45
DONE index_update.hex both checkers and hash checks
