   Compiling mpk-vc v0.1.0 (/Users/kazuyoshitoshiya/mpk/crates/mpk-vc)
    Finished `release` profile [optimized] target(s) in 31.01s
     Running tests/csharp_practical_vc.rs (target/release/deps/csharp_practical_vc-0951b3e219e92435)

running 1 test
test ordinary_carriers::public_domain_tests::contract_expression_tests::control_edge_tests::exceptions::csharp_03_t06_w09_control_native_exceptions_original_sources ... native exception enabled=2 disabled=8
control native exceptions while: 104 observations
control edges while: generated/imported exact candidate; 0 pending guards
native exception enabled=4 disabled=16
control native exceptions for: 208 observations
control edges for: generated/imported exact candidate; 0 pending guards
native exception enabled=7 disabled=33
control native exceptions short_circuit: 416 observations
control edges short_circuit: generated/imported exact candidate; 0 pending guards
native exception enabled=2 disabled=8
control native exceptions switch: 104 observations
control edges switch: generated/imported exact candidate; 0 pending guards
native exception enabled=3 disabled=7
control native exceptions is_binding: 104 observations
control edges is_binding: generated/imported exact candidate; 0 pending guards
native exception enabled=7 disabled=33
control native exceptions guard_order: 416 observations
control edges guard_order: generated/imported exact candidate; 0 pending guards
native exception enabled=3 disabled=17
control native exceptions guard_throw: 208 observations
control edges guard_throw: generated/imported exact candidate; 0 pending guards
native exception enabled=2 disabled=8
control native exceptions total_variable: 104 observations
control edges total_variable: generated/imported exact candidate; 0 pending guards
native exception enabled=33 disabled=67
control native exceptions index_update: 1040 observations
control edges index_update: generated/imported exact candidate; 0 pending guards
native exception enabled=14 disabled=36
control native exceptions foreach_string: 520 observations
control edges foreach_string: generated/imported exact candidate; 0 pending guards
native exception enabled=14 disabled=36
control native exceptions foreach_string_var: 520 observations
control edges foreach_string_var: generated/imported exact candidate; 0 pending guards
native exception enabled=9 disabled=21
control native exceptions foreach_array: 312 observations
control edges foreach_array: generated/imported exact candidate; 0 pending guards
native exception enabled=9 disabled=21
control native exceptions foreach_array_var: 312 observations
control edges foreach_array_var: generated/imported exact candidate; 0 pending guards
native exception enabled=10 disabled=20
control native exceptions lookup: 312 observations
control edges lookup: generated/imported exact candidate; 0 pending guards
native exception enabled=5 disabled=5
control native exceptions governing_throw: 104 observations
control edges governing_throw: generated/imported exact candidate; 0 pending guards
native exception enabled=3 disabled=7
control native exceptions type: 104 observations
control edges type: generated/imported exact candidate; 0 pending guards
native exception enabled=3 disabled=7
control native exceptions string_property: 104 observations
control edges string_property: generated/imported exact candidate; 0 pending guards
native exception enabled=36 disabled=74
control native exceptions count_fill: 1144 observations
control edges count_fill: generated/imported exact candidate; 0 pending guards
ok

test result: ok. 1 passed; 0 failed; 0 ignored; 0 measured; 356 filtered out; finished in 70.42s

