    Finished `test` profile [unoptimized + debuginfo] target(s) in 0.04s
     Running tests/csharp_practical_vc.rs (target/debug/deps/csharp_practical_vc-dcf715cdb89904aa)

running 1 test
JSON builtin core 1: "0", accepted true
JSON builtin core 2: "1", accepted true
JSON builtin core 3: "2", accepted true
JSON builtin core 4: "3", accepted true
JSON builtin core 5: "4", accepted true
JSON builtin core 6: "5", accepted true
JSON builtin core 7: "6", accepted true
JSON builtin core 8: "-1", accepted false
JSON builtin core 9: "7", accepted false
JSON builtin core 10: "4294967296", accepted false
test ordinary_carriers::literal_tests::json_token_tests::product_tests::builtin_tests::csharp_03_t06_w09_json_builtins_actual_core has been running for over 60 seconds
JSON builtin core 11: "Sunday", accepted false
JSON builtin core 12: 0, accepted false
JSON builtin core 13: "00", accepted false
JSON builtin core 14: "-0", accepted false
JSON builtin core 15: "input_bound", accepted true
JSON builtin core 16: "syntax", accepted true
JSON builtin core 17: "noncanonical", accepted true
JSON builtin core 18: "scale_precision", accepted true
JSON builtin core 19: "range", accepted true
JSON builtin core 20: "Syntax", accepted false
JSON builtin core 21: "0", accepted false
JSON builtin core 22: syntax, accepted false
JSON builtin core 23: "syntax ", accepted false
JSON builtin core 24:  "syntax", accepted false
JSON builtin core 25: "syntax, accepted false
JSON builtin core 26: "\u0073yntax", accepted false
JSON builtin core 27: "unknown", accepted false
JSON builtin core 28: x"range",, accepted true
JSON builtin core 29: x"range"], accepted true
JSON builtin core 30: x"range"}, accepted true
JSON builtin core 31: "range":, accepted false
JSON builtin core 32: "range":, accepted false
JSON builtin core 33: "range":, accepted false
JSON builtin core 34: "range":, accepted false
JSON builtin core 35: "range":, accepted false
JSON builtin core 36: "range":, accepted false
JSON builtin core 37: {"Day":"6"}, accepted true
JSON builtin core 38: {"Day":"6"}, accepted false
JSON builtin core 39: {"Day":"7"}, accepted false
test ordinary_carriers::literal_tests::json_token_tests::product_tests::builtin_tests::csharp_03_t06_w09_json_builtins_actual_core ... ok

test result: ok. 1 passed; 0 failed; 0 ignored; 0 measured; 180 filtered out; finished in 112.10s

