=== RUN   TestCheckerAgreementWithRustCLIJsonDepthCompound
=== RUN   TestCheckerAgreementWithRustCLIJsonDepthCompound/ordered-compound.hex
=== RUN   TestCheckerAgreementWithRustCLIJsonDepthCompound/ordered-decimal.hex
=== RUN   TestCheckerAgreementWithRustCLIJsonDepthCompound/ordered-integer.hex
=== RUN   TestCheckerAgreementWithRustCLIJsonDepthCompound/ordered-string.hex
=== RUN   TestCheckerAgreementWithRustCLIJsonDepthCompound/product-empty.hex
=== RUN   TestCheckerAgreementWithRustCLIJsonDepthCompound/product-nested.hex
=== RUN   TestCheckerAgreementWithRustCLIJsonDepthCompound/semantic-product-money-entry.hex
=== RUN   TestCheckerAgreementWithRustCLIJsonDepthCompound/sequence-source-arrays.hex
=== RUN   TestCheckerAgreementWithRustCLIJsonDepthCompound/sum-all-sums.hex
=== RUN   TestCheckerAgreementWithRustCLIJsonDepthCompound/transition-compound.hex
=== RUN   TestCheckerAgreementWithRustCLIJsonDepthCompound/transition-scalar-map.hex
--- PASS: TestCheckerAgreementWithRustCLIJsonDepthCompound (7598.54s)
    --- PASS: TestCheckerAgreementWithRustCLIJsonDepthCompound/ordered-compound.hex (1531.47s)
    --- PASS: TestCheckerAgreementWithRustCLIJsonDepthCompound/ordered-decimal.hex (1255.44s)
    --- PASS: TestCheckerAgreementWithRustCLIJsonDepthCompound/ordered-integer.hex (540.50s)
    --- PASS: TestCheckerAgreementWithRustCLIJsonDepthCompound/ordered-string.hex (1313.78s)
    --- PASS: TestCheckerAgreementWithRustCLIJsonDepthCompound/product-empty.hex (428.57s)
    --- PASS: TestCheckerAgreementWithRustCLIJsonDepthCompound/product-nested.hex (259.29s)
    --- PASS: TestCheckerAgreementWithRustCLIJsonDepthCompound/semantic-product-money-entry.hex (398.43s)
    --- PASS: TestCheckerAgreementWithRustCLIJsonDepthCompound/sequence-source-arrays.hex (588.48s)
    --- PASS: TestCheckerAgreementWithRustCLIJsonDepthCompound/sum-all-sums.hex (319.66s)
    --- PASS: TestCheckerAgreementWithRustCLIJsonDepthCompound/transition-compound.hex (479.49s)
    --- PASS: TestCheckerAgreementWithRustCLIJsonDepthCompound/transition-scalar-map.hex (483.43s)
PASS
ok  	github.com/finitefield-org/mpk/go-tools/mpk-checker-ref	7598.946s
