=== RUN   TestCheckerAgreementWithRustCLIIntegerCodecClauses
=== RUN   TestCheckerAgreementWithRustCLIIntegerCodecClauses/duration_ticks.hex
=== RUN   TestCheckerAgreementWithRustCLIIntegerCodecClauses/integer.i16.hex
=== RUN   TestCheckerAgreementWithRustCLIIntegerCodecClauses/integer.i32.hex
=== RUN   TestCheckerAgreementWithRustCLIIntegerCodecClauses/integer.i64.hex
=== RUN   TestCheckerAgreementWithRustCLIIntegerCodecClauses/integer.i8.hex
=== RUN   TestCheckerAgreementWithRustCLIIntegerCodecClauses/integer.u16.hex
=== RUN   TestCheckerAgreementWithRustCLIIntegerCodecClauses/integer.u32.hex
=== RUN   TestCheckerAgreementWithRustCLIIntegerCodecClauses/integer.u64.hex
=== RUN   TestCheckerAgreementWithRustCLIIntegerCodecClauses/integer.u8.hex
=== RUN   TestCheckerAgreementWithRustCLIIntegerCodecClauses/unix_milliseconds.hex
--- PASS: TestCheckerAgreementWithRustCLIIntegerCodecClauses (168.37s)
    --- PASS: TestCheckerAgreementWithRustCLIIntegerCodecClauses/duration_ticks.hex (17.06s)
    --- PASS: TestCheckerAgreementWithRustCLIIntegerCodecClauses/integer.i16.hex (13.39s)
    --- PASS: TestCheckerAgreementWithRustCLIIntegerCodecClauses/integer.i32.hex (13.17s)
    --- PASS: TestCheckerAgreementWithRustCLIIntegerCodecClauses/integer.i64.hex (23.06s)
    --- PASS: TestCheckerAgreementWithRustCLIIntegerCodecClauses/integer.i8.hex (10.48s)
    --- PASS: TestCheckerAgreementWithRustCLIIntegerCodecClauses/integer.u16.hex (18.34s)
    --- PASS: TestCheckerAgreementWithRustCLIIntegerCodecClauses/integer.u32.hex (11.48s)
    --- PASS: TestCheckerAgreementWithRustCLIIntegerCodecClauses/integer.u64.hex (20.53s)
    --- PASS: TestCheckerAgreementWithRustCLIIntegerCodecClauses/integer.u8.hex (17.75s)
    --- PASS: TestCheckerAgreementWithRustCLIIntegerCodecClauses/unix_milliseconds.hex (23.11s)
PASS
ok  	github.com/finitefield-org/mpk/go-tools/mpk-checker-ref	168.783s
