=== RUN   TestCheckerAgreementWithRustCLIJsonDepthGuardedEnvelopes
=== RUN   TestCheckerAgreementWithRustCLIJsonDepthGuardedEnvelopes/decimal_default.hex
=== RUN   TestCheckerAgreementWithRustCLIJsonDepthGuardedEnvelopes/empty-input.hex
=== RUN   TestCheckerAgreementWithRustCLIJsonDepthGuardedEnvelopes/enum_default.hex
=== RUN   TestCheckerAgreementWithRustCLIJsonDepthGuardedEnvelopes/nullable_default.hex
=== RUN   TestCheckerAgreementWithRustCLIJsonDepthGuardedEnvelopes/nullable_nonnull.hex
=== RUN   TestCheckerAgreementWithRustCLIJsonDepthGuardedEnvelopes/nullable_required.hex
=== RUN   TestCheckerAgreementWithRustCLIJsonDepthGuardedEnvelopes/optional_default.hex
=== RUN   TestCheckerAgreementWithRustCLIJsonDepthGuardedEnvelopes/packet-mask.hex
=== RUN   TestCheckerAgreementWithRustCLIJsonDepthGuardedEnvelopes/presence_default.hex
=== RUN   TestCheckerAgreementWithRustCLIJsonDepthGuardedEnvelopes/presence_exposed.hex
=== RUN   TestCheckerAgreementWithRustCLIJsonDepthGuardedEnvelopes/presence_instant.hex
=== RUN   TestCheckerAgreementWithRustCLIJsonDepthGuardedEnvelopes/presence_missing_default.hex
=== RUN   TestCheckerAgreementWithRustCLIJsonDepthGuardedEnvelopes/presence_nonmissing_zero.hex
=== RUN   TestCheckerAgreementWithRustCLIJsonDepthGuardedEnvelopes/presence_required.hex
=== RUN   TestCheckerAgreementWithRustCLIJsonDepthGuardedEnvelopes/raw_instant.hex
=== RUN   TestCheckerAgreementWithRustCLIJsonDepthGuardedEnvelopes/required.hex
=== RUN   TestCheckerAgreementWithRustCLIJsonDepthGuardedEnvelopes/surrogate_name.hex
--- PASS: TestCheckerAgreementWithRustCLIJsonDepthGuardedEnvelopes (5778.81s)
    --- PASS: TestCheckerAgreementWithRustCLIJsonDepthGuardedEnvelopes/decimal_default.hex (367.80s)
    --- PASS: TestCheckerAgreementWithRustCLIJsonDepthGuardedEnvelopes/empty-input.hex (288.17s)
    --- PASS: TestCheckerAgreementWithRustCLIJsonDepthGuardedEnvelopes/enum_default.hex (267.12s)
    --- PASS: TestCheckerAgreementWithRustCLIJsonDepthGuardedEnvelopes/nullable_default.hex (271.94s)
    --- PASS: TestCheckerAgreementWithRustCLIJsonDepthGuardedEnvelopes/nullable_nonnull.hex (288.64s)
    --- PASS: TestCheckerAgreementWithRustCLIJsonDepthGuardedEnvelopes/nullable_required.hex (295.87s)
    --- PASS: TestCheckerAgreementWithRustCLIJsonDepthGuardedEnvelopes/optional_default.hex (328.64s)
    --- PASS: TestCheckerAgreementWithRustCLIJsonDepthGuardedEnvelopes/packet-mask.hex (248.35s)
    --- PASS: TestCheckerAgreementWithRustCLIJsonDepthGuardedEnvelopes/presence_default.hex (356.87s)
    --- PASS: TestCheckerAgreementWithRustCLIJsonDepthGuardedEnvelopes/presence_exposed.hex (529.12s)
    --- PASS: TestCheckerAgreementWithRustCLIJsonDepthGuardedEnvelopes/presence_instant.hex (306.87s)
    --- PASS: TestCheckerAgreementWithRustCLIJsonDepthGuardedEnvelopes/presence_missing_default.hex (355.76s)
    --- PASS: TestCheckerAgreementWithRustCLIJsonDepthGuardedEnvelopes/presence_nonmissing_zero.hex (507.57s)
    --- PASS: TestCheckerAgreementWithRustCLIJsonDepthGuardedEnvelopes/presence_required.hex (409.30s)
    --- PASS: TestCheckerAgreementWithRustCLIJsonDepthGuardedEnvelopes/raw_instant.hex (340.50s)
    --- PASS: TestCheckerAgreementWithRustCLIJsonDepthGuardedEnvelopes/required.hex (328.84s)
    --- PASS: TestCheckerAgreementWithRustCLIJsonDepthGuardedEnvelopes/surrogate_name.hex (287.44s)
PASS
ok  	github.com/finitefield-org/mpk/go-tools/mpk-checker-ref	5779.175s
