
running 2 tests
test ordinary_carriers::public_domain_tests::contract_expression_tests::control_edge_tests::csharp_03_t06_w09_control_edge_collection_candidates ... control edges foreach_string: generated/imported exact candidate; 0 pending guards
control edges foreach_string_var: generated/imported exact candidate; 0 pending guards
control edges foreach_array: generated/imported exact candidate; 0 pending guards
control edges foreach_array_var: generated/imported exact candidate; 0 pending guards
control edges lookup: generated/imported exact candidate; 0 pending guards
control edges governing_throw: generated/imported exact candidate; 0 pending guards
control edges type: generated/imported exact candidate; 1 pending guards
control edges string_property: generated/imported exact candidate; 0 pending guards
ok
test ordinary_carriers::public_domain_tests::contract_expression_tests::control_edge_tests::csharp_03_t06_w09_control_edge_other_sources_unchanged ... control edges while: generated/imported exact candidate; 0 pending guards
control edges for: generated/imported exact candidate; 0 pending guards
control edges short_circuit: generated/imported exact candidate; 0 pending guards
control edges switch: generated/imported exact candidate; 0 pending guards
control edges is_binding: generated/imported exact candidate; 0 pending guards
control edges guard_order: generated/imported exact candidate; 0 pending guards
control edges guard_throw: generated/imported exact candidate; 0 pending guards
control edges total_variable: generated/imported exact candidate; 0 pending guards
control edges index_update: generated/imported exact candidate; 0 pending guards
ok

test result: ok. 2 passed; 0 failed; 0 ignored; 0 measured; 331 filtered out; finished in 2.92s

