START for-positive-go
END for-positive-go PASS 0.834
START for-positive-rust
END for-positive-rust PASS 0.078
START for-hash-go
END for-hash-go PASS 0.564
START for-hash-rust
END for-hash-rust PASS 0.079
DONE for.hex both checkers and hash checks
START short_circuit-positive-go
END short_circuit-positive-go PASS 7.383
START short_circuit-positive-rust
END short_circuit-positive-rust PASS 0.133
START short_circuit-hash-go
END short_circuit-hash-go PASS 7.397
START short_circuit-hash-rust
END short_circuit-hash-rust PASS 0.129
DONE short_circuit.hex both checkers and hash checks
START switch-positive-go
END switch-positive-go PASS 0.351
START switch-positive-rust
END switch-positive-rust PASS 0.041
START switch-hash-go
END switch-hash-go PASS 0.341
START switch-hash-rust
END switch-hash-rust PASS 0.042
DONE switch.hex both checkers and hash checks
START is_binding-positive-go
END is_binding-positive-go PASS 0.182
START is_binding-positive-rust
END is_binding-positive-rust PASS 0.021
START is_binding-hash-go
END is_binding-hash-go PASS 0.188
START is_binding-hash-rust
END is_binding-hash-rust PASS 0.022
DONE is_binding.hex both checkers and hash checks
START guard_order-positive-go
END guard_order-positive-go PASS 9.755
START guard_order-positive-rust
END guard_order-positive-rust PASS 0.187
START guard_order-hash-go
END guard_order-hash-go PASS 9.737
START guard_order-hash-rust
END guard_order-hash-rust PASS 0.183
DONE guard_order.hex both checkers and hash checks
START guard_throw-positive-go
END guard_throw-positive-go PASS 5.972
START guard_throw-positive-rust
END guard_throw-positive-rust PASS 0.126
START guard_throw-hash-go
END guard_throw-hash-go PASS 5.87
START guard_throw-hash-rust
END guard_throw-hash-rust PASS 0.134
DONE guard_throw.hex both checkers and hash checks
START total_variable-positive-go
END total_variable-positive-go PASS 0.242
START total_variable-positive-rust
END total_variable-positive-rust PASS 0.022
START total_variable-hash-go
END total_variable-hash-go PASS 0.235
START total_variable-hash-rust
END total_variable-hash-rust PASS 0.022
DONE total_variable.hex both checkers and hash checks
START index_update-positive-go
END index_update-positive-go PASS 162.941
START index_update-positive-rust
END index_update-positive-rust PASS 0.451
START index_update-hash-go
END index_update-hash-go PASS 161.243
START index_update-hash-rust
END index_update-hash-rust PASS 0.4
DONE index_update.hex both checkers and hash checks
