=== RUN   TestCheckerAgreementWithRustCLIJsonTypedNodes
=== RUN   TestCheckerAgreementWithRustCLIJsonTypedNodes/decimal_default.hex
=== RUN   TestCheckerAgreementWithRustCLIJsonTypedNodes/enum_default.hex
=== RUN   TestCheckerAgreementWithRustCLIJsonTypedNodes/json-depth-compound-ordered-compound.hex
=== RUN   TestCheckerAgreementWithRustCLIJsonTypedNodes/json-depth-compound-ordered-decimal.hex
=== RUN   TestCheckerAgreementWithRustCLIJsonTypedNodes/json-depth-compound-ordered-integer.hex
=== RUN   TestCheckerAgreementWithRustCLIJsonTypedNodes/json-depth-compound-ordered-string.hex
=== RUN   TestCheckerAgreementWithRustCLIJsonTypedNodes/json-depth-compound-product-empty.hex
=== RUN   TestCheckerAgreementWithRustCLIJsonTypedNodes/json-depth-compound-product-nested.hex
=== RUN   TestCheckerAgreementWithRustCLIJsonTypedNodes/json-depth-compound-semantic-product-money-entry.hex
=== RUN   TestCheckerAgreementWithRustCLIJsonTypedNodes/json-depth-compound-sequence-source-arrays.hex
=== RUN   TestCheckerAgreementWithRustCLIJsonTypedNodes/json-depth-compound-sum-all-sums.hex
=== RUN   TestCheckerAgreementWithRustCLIJsonTypedNodes/json-depth-compound-transition-compound.hex
=== RUN   TestCheckerAgreementWithRustCLIJsonTypedNodes/json-depth-compound-transition-scalar-map.hex
=== RUN   TestCheckerAgreementWithRustCLIJsonTypedNodes/json-semantic-root-money.hex
=== RUN   TestCheckerAgreementWithRustCLIJsonTypedNodes/json-semantic-root-ordered_entry.hex
=== RUN   TestCheckerAgreementWithRustCLIJsonTypedNodes/json-semantic-root-ordered_map.hex
=== RUN   TestCheckerAgreementWithRustCLIJsonTypedNodes/json-semantic-root-ordered_set.hex
=== RUN   TestCheckerAgreementWithRustCLIJsonTypedNodes/json-semantic-root-transition.hex
=== RUN   TestCheckerAgreementWithRustCLIJsonTypedNodes/node-counts.hex
=== RUN   TestCheckerAgreementWithRustCLIJsonTypedNodes/nullable_default.hex
=== RUN   TestCheckerAgreementWithRustCLIJsonTypedNodes/nullable_nonnull.hex
=== RUN   TestCheckerAgreementWithRustCLIJsonTypedNodes/nullable_required.hex
=== RUN   TestCheckerAgreementWithRustCLIJsonTypedNodes/optional_default.hex
=== RUN   TestCheckerAgreementWithRustCLIJsonTypedNodes/presence_default.hex
=== RUN   TestCheckerAgreementWithRustCLIJsonTypedNodes/presence_exposed.hex
=== RUN   TestCheckerAgreementWithRustCLIJsonTypedNodes/presence_instant.hex
=== RUN   TestCheckerAgreementWithRustCLIJsonTypedNodes/presence_missing_default.hex
=== RUN   TestCheckerAgreementWithRustCLIJsonTypedNodes/presence_nonmissing_zero.hex
=== RUN   TestCheckerAgreementWithRustCLIJsonTypedNodes/presence_required.hex
=== RUN   TestCheckerAgreementWithRustCLIJsonTypedNodes/raw_instant.hex
=== RUN   TestCheckerAgreementWithRustCLIJsonTypedNodes/required.hex
=== RUN   TestCheckerAgreementWithRustCLIJsonTypedNodes/surrogate_name.hex
--- PASS: TestCheckerAgreementWithRustCLIJsonTypedNodes (460.94s)
    --- PASS: TestCheckerAgreementWithRustCLIJsonTypedNodes/decimal_default.hex (1.95s)
    --- PASS: TestCheckerAgreementWithRustCLIJsonTypedNodes/enum_default.hex (1.77s)
    --- PASS: TestCheckerAgreementWithRustCLIJsonTypedNodes/json-depth-compound-ordered-compound.hex (7.49s)
    --- PASS: TestCheckerAgreementWithRustCLIJsonTypedNodes/json-depth-compound-ordered-decimal.hex (11.12s)
    --- PASS: TestCheckerAgreementWithRustCLIJsonTypedNodes/json-depth-compound-ordered-integer.hex (11.65s)
    --- PASS: TestCheckerAgreementWithRustCLIJsonTypedNodes/json-depth-compound-ordered-string.hex (6.80s)
    --- PASS: TestCheckerAgreementWithRustCLIJsonTypedNodes/json-depth-compound-product-empty.hex (1.65s)
    --- PASS: TestCheckerAgreementWithRustCLIJsonTypedNodes/json-depth-compound-product-nested.hex (1.81s)
    --- PASS: TestCheckerAgreementWithRustCLIJsonTypedNodes/json-depth-compound-semantic-product-money-entry.hex (1.87s)
    --- PASS: TestCheckerAgreementWithRustCLIJsonTypedNodes/json-depth-compound-sequence-source-arrays.hex (9.74s)
    --- PASS: TestCheckerAgreementWithRustCLIJsonTypedNodes/json-depth-compound-sum-all-sums.hex (11.75s)
    --- PASS: TestCheckerAgreementWithRustCLIJsonTypedNodes/json-depth-compound-transition-compound.hex (6.67s)
    --- PASS: TestCheckerAgreementWithRustCLIJsonTypedNodes/json-depth-compound-transition-scalar-map.hex (13.01s)
    --- PASS: TestCheckerAgreementWithRustCLIJsonTypedNodes/json-semantic-root-money.hex (1.88s)
    --- PASS: TestCheckerAgreementWithRustCLIJsonTypedNodes/json-semantic-root-ordered_entry.hex (1.92s)
    --- PASS: TestCheckerAgreementWithRustCLIJsonTypedNodes/json-semantic-root-ordered_map.hex (18.12s)
    --- PASS: TestCheckerAgreementWithRustCLIJsonTypedNodes/json-semantic-root-ordered_set.hex (15.04s)
    --- PASS: TestCheckerAgreementWithRustCLIJsonTypedNodes/json-semantic-root-transition.hex (14.22s)
    --- PASS: TestCheckerAgreementWithRustCLIJsonTypedNodes/node-counts.hex (105.03s)
    --- PASS: TestCheckerAgreementWithRustCLIJsonTypedNodes/nullable_default.hex (2.01s)
    --- PASS: TestCheckerAgreementWithRustCLIJsonTypedNodes/nullable_nonnull.hex (196.26s)
    --- PASS: TestCheckerAgreementWithRustCLIJsonTypedNodes/nullable_required.hex (1.81s)
    --- PASS: TestCheckerAgreementWithRustCLIJsonTypedNodes/optional_default.hex (1.54s)
    --- PASS: TestCheckerAgreementWithRustCLIJsonTypedNodes/presence_default.hex (1.87s)
    --- PASS: TestCheckerAgreementWithRustCLIJsonTypedNodes/presence_exposed.hex (1.77s)
    --- PASS: TestCheckerAgreementWithRustCLIJsonTypedNodes/presence_instant.hex (1.86s)
    --- PASS: TestCheckerAgreementWithRustCLIJsonTypedNodes/presence_missing_default.hex (1.85s)
    --- PASS: TestCheckerAgreementWithRustCLIJsonTypedNodes/presence_nonmissing_zero.hex (1.87s)
    --- PASS: TestCheckerAgreementWithRustCLIJsonTypedNodes/presence_required.hex (1.79s)
    --- PASS: TestCheckerAgreementWithRustCLIJsonTypedNodes/raw_instant.hex (1.56s)
    --- PASS: TestCheckerAgreementWithRustCLIJsonTypedNodes/required.hex (1.61s)
    --- PASS: TestCheckerAgreementWithRustCLIJsonTypedNodes/surrogate_name.hex (1.64s)
PASS
ok  	github.com/finitefield-org/mpk/go-tools/mpk-checker-ref	461.820s
