    Blocking waiting for file lock on build directory
   Compiling mpk-vc v0.1.0 (/Users/kazuyoshitoshiya/mpk/crates/mpk-vc)
    Finished `test` profile [unoptimized + debuginfo] target(s) in 2m 37s
     Running tests/csharp_practical_vc.rs (target/debug/deps/csharp_practical_vc-dcf715cdb89904aa)

running 1 test
Typed JSON node count source:required
Typed JSON node count source:decimal_default
Typed JSON node count source:enum_default
Typed JSON node count source:nullable_nonnull
Typed JSON node count source:surrogate_name
Typed JSON node count source:optional_default
Typed JSON node count source:raw_instant
Typed JSON node count source:nullable_required
Typed JSON node count source:nullable_default
Typed JSON node count source:presence_exposed
Typed JSON node count source:presence_required
Typed JSON node count source:presence_instant
Typed JSON node count source:presence_nonmissing_zero
Typed JSON node count source:presence_default
Typed JSON node count source:presence_missing_default
Typed JSON node count:15 original source contexts,37 core depth observations
test ordinary_carriers::literal_tests::json_token_tests::product_tests::typed_node_tests::csharp_03_t06_w09_json_typed_nodes_original_inputs ... ok

test result: ok. 1 passed; 0 failed; 0 ignored; 0 measured; 212 filtered out; finished in 2.93s

