
running 1 test
test ordinary_carriers::public_domain_tests::contract_expression_tests::decimal_data_tests::csharp_03_t06_w09_decimal_data_memory_probe ... memory probe phase=source context=add
memory probe phase=evaluate context=add operation=decimal.conversion.int32_to_decimal case=0 role=success_relation wrong=false expected=true inputs=[Signed { type_id: "mpk.csharp.value.i32.v1", value: "0" }]
memory probe phase=evaluate-complete
ok

test result: ok. 1 passed; 0 failed; 0 ignored; 0 measured; 297 filtered out; finished in 0.04s

        0.05 real         0.04 user         0.00 sys
            28393472  maximum resident set size
                   0  average shared memory size
                   0  average unshared data size
                   0  average unshared stack size
                1929  page reclaims
                   0  page faults
                   0  swaps
                   0  block input operations
                   0  block output operations
                   0  messages sent
                   0  messages received
                   0  signals received
                   0  voluntary context switches
                  20  involuntary context switches
           592620447  instructions retired
           135462994  cycles elapsed
            20775320  peak memory footprint
