
running 1 test
test ordinary_carriers::public_domain_tests::contract_expression_tests::decimal_data_tests::csharp_03_t06_w09_decimal_data_memory_probe ... memory probe phase=source context=add
memory probe phase=generate context=add
memory probe phase=generate-complete
ok

test result: ok. 1 passed; 0 failed; 0 ignored; 0 measured; 297 filtered out; finished in 0.17s

        0.17 real         0.15 user         0.00 sys
            39583744  maximum resident set size
                   0  average shared memory size
                   0  average unshared data size
                   0  average unshared stack size
                2614  page reclaims
                   0  page faults
                   0  swaps
                   0  block input operations
                   0  block output operations
                   0  messages sent
                   0  messages received
                   0  signals received
                   0  voluntary context switches
                 140  involuntary context switches
          1889632240  instructions retired
           446479147  cycles elapsed
            31605168  peak memory footprint
