
running 1 test
test ordinary_carriers::public_domain_tests::contract_expression_tests::decimal_data_tests::csharp_03_t06_w09_decimal_data_memory_probe ... memory probe phase=source context=add
ok

test result: ok. 1 passed; 0 failed; 0 ignored; 0 measured; 297 filtered out; finished in 0.03s

        0.59 real         0.02 user         0.00 sys
            17088512  maximum resident set size
                   0  average shared memory size
                   0  average unshared data size
                   0  average unshared stack size
                1239  page reclaims
                   0  page faults
                   0  swaps
                   0  block input operations
                   0  block output operations
                   0  messages sent
                   0  messages received
                   0  signals received
                   2  voluntary context switches
                  33  involuntary context switches
           356791321  instructions retired
            99501730  cycles elapsed
             9929112  peak memory footprint
