=== RUN   TestCheckerAgreementWithRustCLIConcreteOperations
=== RUN   TestCheckerAgreementWithRustCLIConcreteOperations/binding-vc-boundary_field.hex
    checker_agreement_test.go:395: Go accepted: certificate=9a70d77119b9b97e58c63b2e47f17844ed7716ce051d5c136ef6b5bf970f27d3 declarations=277 axioms=0 elapsed=521.640208ms
    checker_agreement_test.go:401: Rust accepted identical bytes and report: export=ebb45be41f5dfb697878bca7fcef9f3b037b05dd9d00c4ebcc4f1df6f194e4c6 axiom_report=0ebc281c3a8d37e2d1a9ce033773e2865f96a13186a6364cb3446204c6a990d5 elapsed=2m23.536540292s
    checker_agreement_test.go:409: Go rejected changed hash: elapsed=549.160292ms
    checker_agreement_test.go:415: Rust rejected changed hash: elapsed=1.030417458s
=== RUN   TestCheckerAgreementWithRustCLIConcreteOperations/binding-vc-bounded_sequence.hex
    checker_agreement_test.go:395: Go accepted: certificate=196863ec6425ec182b5adb68f9eeb6b1022e4758673a04414086f0bbf9934674 declarations=229 axioms=0 elapsed=5.05264925s
    checker_agreement_test.go:401: Rust accepted identical bytes and report: export=7f18dcb664e3a835c7adf5b9d841bf94cddbb6e3d4002cb0b7b9af64a136b0a6 axiom_report=0ebc281c3a8d37e2d1a9ce033773e2865f96a13186a6364cb3446204c6a990d5 elapsed=1.47836375s
    checker_agreement_test.go:409: Go rejected changed hash: elapsed=5.5899125s
    checker_agreement_test.go:415: Rust rejected changed hash: elapsed=1.468569959s
=== RUN   TestCheckerAgreementWithRustCLIConcreteOperations/binding-vc-instant.hex
    checker_agreement_test.go:395: Go accepted: certificate=bc855c4b983579bec89a3a58df5a4cecb64b35070d60c07cf5a5eb575ac07ee4 declarations=128 axioms=0 elapsed=971.632ms
    checker_agreement_test.go:401: Rust accepted identical bytes and report: export=5669b4678fc168e3f71875547030460a1b7907bb2102d022cb43dce0e89572a1 axiom_report=0ebc281c3a8d37e2d1a9ce033773e2865f96a13186a6364cb3446204c6a990d5 elapsed=1.1066345s
    checker_agreement_test.go:409: Go rejected changed hash: elapsed=1.002120333s
    checker_agreement_test.go:415: Rust rejected changed hash: elapsed=1.249465958s
=== RUN   TestCheckerAgreementWithRustCLIConcreteOperations/binding-vc-lookup.hex
    checker_agreement_test.go:395: Go accepted: certificate=d56b8a8a235549f29c7fe3a77997687df6d7bffc39948ab3e12ea8c26d458d01 declarations=248 axioms=0 elapsed=633.406ms
    checker_agreement_test.go:401: Rust accepted identical bytes and report: export=de36d96ea0caed2c8bfbe7271f3286c76ead8fee067516f3c7d03d5b1e0805f8 axiom_report=0ebc281c3a8d37e2d1a9ce033773e2865f96a13186a6364cb3446204c6a990d5 elapsed=1.136047666s
    checker_agreement_test.go:409: Go rejected changed hash: elapsed=685.770917ms
    checker_agreement_test.go:415: Rust rejected changed hash: elapsed=1.808832875s
=== RUN   TestCheckerAgreementWithRustCLIConcreteOperations/binding-vc-money.hex
    checker_agreement_test.go:395: Go accepted: certificate=842a4bb9ae91b03453111e022738210bc670a53afca27f0c77e3fdf6001a963f declarations=1816 axioms=0 elapsed=5m29.702939833s
    checker_agreement_test.go:401: Rust accepted identical bytes and report: export=3f0450cdef29d516af81bf607e008a28103178a791157967b97b96960ad8e948 axiom_report=0ebc281c3a8d37e2d1a9ce033773e2865f96a13186a6364cb3446204c6a990d5 elapsed=50.726157792s
    checker_agreement_test.go:409: Go rejected changed hash: elapsed=6m1.96742625s
    checker_agreement_test.go:415: Rust rejected changed hash: elapsed=23.495962791s
=== RUN   TestCheckerAgreementWithRustCLIConcreteOperations/binding-vc-option.hex
    checker_agreement_test.go:395: Go accepted: certificate=c7d9e41fbdbdcde7a1a1d801b9cd88de1011aea7a871e7962467d29ced9abeae declarations=260 axioms=0 elapsed=690.331834ms
    checker_agreement_test.go:401: Rust accepted identical bytes and report: export=6081f78a4b376bf33d26ec0d154dad493a8d03e846b01901388595c2ec8d8e0c axiom_report=0ebc281c3a8d37e2d1a9ce033773e2865f96a13186a6364cb3446204c6a990d5 elapsed=9.092559458s
    checker_agreement_test.go:409: Go rejected changed hash: elapsed=630.663625ms
    checker_agreement_test.go:415: Rust rejected changed hash: elapsed=7.202205834s
=== RUN   TestCheckerAgreementWithRustCLIConcreteOperations/binding-vc-ordered_entry.hex
    checker_agreement_test.go:395: Go accepted: certificate=0db976a62ca63d957b32a6db219bdb30f8e37a66137e5533377a536a5a3ee782 declarations=196 axioms=0 elapsed=572.329833ms
    checker_agreement_test.go:401: Rust accepted identical bytes and report: export=e92f7705c1cac24e02c9d1cdd0d4ce5c0e3ec1aec89b0424ce06041b03d4f6a0 axiom_report=0ebc281c3a8d37e2d1a9ce033773e2865f96a13186a6364cb3446204c6a990d5 elapsed=1.184505417s
    checker_agreement_test.go:409: Go rejected changed hash: elapsed=472.070625ms
    checker_agreement_test.go:415: Rust rejected changed hash: elapsed=1.114934166s
=== RUN   TestCheckerAgreementWithRustCLIConcreteOperations/binding-vc-ordered_map.hex
    checker_agreement_test.go:395: Go accepted: certificate=72cb67e48ee7a0757ea4c9df078e231521bbe34a6d163219b559b53d3726bf4d declarations=674 axioms=0 elapsed=7.677240333s
    checker_agreement_test.go:401: Rust accepted identical bytes and report: export=ed87648379ca03a9b5577457daa45bab2e901da20167a16d52627fb97a79f598 axiom_report=0ebc281c3a8d37e2d1a9ce033773e2865f96a13186a6364cb3446204c6a990d5 elapsed=1.75065325s
    checker_agreement_test.go:409: Go rejected changed hash: elapsed=6.918566042s
    checker_agreement_test.go:415: Rust rejected changed hash: elapsed=1.748012083s
=== RUN   TestCheckerAgreementWithRustCLIConcreteOperations/binding-vc-ordered_set.hex
    checker_agreement_test.go:395: Go accepted: certificate=7b0c6c21bf4237363d6cb207590096daa2c6e67957d4b958bc07435353ac33d3 declarations=342 axioms=0 elapsed=5.378367458s
    checker_agreement_test.go:401: Rust accepted identical bytes and report: export=02b9683652873c1095f3474a9d80f7b3ea2523fd7ccb379a2f4e1857cb2bd8c6 axiom_report=0ebc281c3a8d37e2d1a9ce033773e2865f96a13186a6364cb3446204c6a990d5 elapsed=1.488586333s
    checker_agreement_test.go:409: Go rejected changed hash: elapsed=5.261529958s
    checker_agreement_test.go:415: Rust rejected changed hash: elapsed=1.4883365s
=== RUN   TestCheckerAgreementWithRustCLIConcreteOperations/binding-vc-result.hex
    checker_agreement_test.go:395: Go accepted: certificate=950a59e66e1e50f73fcd34b0d4529236ef1c75c0f635feeb9f03c53045c87185 declarations=268 axioms=0 elapsed=511.09675ms
    checker_agreement_test.go:401: Rust accepted identical bytes and report: export=ba169f40733aec0a9761850eb718c0e4687b2e2e02b7f143f2ae02aa36b73721 axiom_report=0ebc281c3a8d37e2d1a9ce033773e2865f96a13186a6364cb3446204c6a990d5 elapsed=1.023176s
    checker_agreement_test.go:409: Go rejected changed hash: elapsed=464.874584ms
    checker_agreement_test.go:415: Rust rejected changed hash: elapsed=933.56075ms
=== RUN   TestCheckerAgreementWithRustCLIConcreteOperations/binding-vc-transition.hex
    checker_agreement_test.go:395: Go accepted: certificate=c074c584554bb423509d68288ce410cba0af7de342ca06b39b93a9b0c28605e7 declarations=341 axioms=0 elapsed=2.582684334s
    checker_agreement_test.go:401: Rust accepted identical bytes and report: export=655f502c23cfb95b438fc6f16112da81d0f68febf86a67eff8c6af8e6050d40e axiom_report=0ebc281c3a8d37e2d1a9ce033773e2865f96a13186a6364cb3446204c6a990d5 elapsed=1.465004334s
    checker_agreement_test.go:409: Go rejected changed hash: elapsed=2.488242958s
    checker_agreement_test.go:415: Rust rejected changed hash: elapsed=1.488219542s
=== RUN   TestCheckerAgreementWithRustCLIConcreteOperations/binding-vc-validation.hex
    checker_agreement_test.go:395: Go accepted: certificate=5d61936ef1604e6c127530521b915e5a84a3086565c97e768cfb717cb8205b37 declarations=421 axioms=0 elapsed=2.838514s
    checker_agreement_test.go:401: Rust accepted identical bytes and report: export=08fe607283b38a3d5719c30f86948ef08ead1f44212a000df946ddf69a3bf398 axiom_report=0ebc281c3a8d37e2d1a9ce033773e2865f96a13186a6364cb3446204c6a990d5 elapsed=1.532076417s
    checker_agreement_test.go:409: Go rejected changed hash: elapsed=2.798472834s
    checker_agreement_test.go:415: Rust rejected changed hash: elapsed=1.677722417s
=== RUN   TestCheckerAgreementWithRustCLIConcreteOperations/bool-construction.hex
    checker_agreement_test.go:395: Go accepted: certificate=fbf7a7648e80953dfd04a4985b66471d9e01f12cbfe3b970b9fdd6c6dc2bf849 declarations=386 axioms=0 elapsed=2.13678875s
    checker_agreement_test.go:401: Rust accepted identical bytes and report: export=ff1da2b1bf9a8ba75bb411e84777a6c4b579ed0d27dc508d472d36e8bb558469 axiom_report=0ebc281c3a8d37e2d1a9ce033773e2865f96a13186a6364cb3446204c6a990d5 elapsed=1.387859208s
    checker_agreement_test.go:409: Go rejected changed hash: elapsed=2.232210458s
    checker_agreement_test.go:415: Rust rejected changed hash: elapsed=1.650253125s
=== RUN   TestCheckerAgreementWithRustCLIConcreteOperations/bool-float-entry.hex
    checker_agreement_test.go:395: Go accepted: certificate=82bd2943e4233a625f07c8f96f91a2304dbf49fc34b7d0902ad9496be66fb7a3 declarations=179 axioms=0 elapsed=461.64625ms
    checker_agreement_test.go:401: Rust accepted identical bytes and report: export=e95d6e278e6752748471c46efe6ae0488a6a18e485416ba7c8648a181d1eea54 axiom_report=0ebc281c3a8d37e2d1a9ce033773e2865f96a13186a6364cb3446204c6a990d5 elapsed=1.047110625s
    checker_agreement_test.go:409: Go rejected changed hash: elapsed=539.374125ms
    checker_agreement_test.go:415: Rust rejected changed hash: elapsed=976.373583ms
=== RUN   TestCheckerAgreementWithRustCLIConcreteOperations/boundary-exception-empty.hex
    checker_agreement_test.go:395: Go accepted: certificate=07621391a3ccd8eb1577ca56389df3e066069ed483036e74369d604528f26c75 declarations=280 axioms=0 elapsed=613.068167ms
    checker_agreement_test.go:401: Rust accepted identical bytes and report: export=cc7cb27f181d368126f76a4e1ef076cdf44c9de5d490501934a1d2ac4aead562 axiom_report=0ebc281c3a8d37e2d1a9ce033773e2865f96a13186a6364cb3446204c6a990d5 elapsed=1.195187917s
    checker_agreement_test.go:409: Go rejected changed hash: elapsed=638.015541ms
    checker_agreement_test.go:415: Rust rejected changed hash: elapsed=1.046448042s
=== RUN   TestCheckerAgreementWithRustCLIConcreteOperations/boundary-exception-payload.hex
    checker_agreement_test.go:395: Go accepted: certificate=7d38f5326dc6b8bce7313f493d3e8a33d11c1e3e9f62faa784a0359f09f004ab declarations=338 axioms=0 elapsed=937.626625ms
    checker_agreement_test.go:401: Rust accepted identical bytes and report: export=5063bf7bd2e81da935df5c42a45c0f4ab9f91258f77d359691315977a09be234 axiom_report=0ebc281c3a8d37e2d1a9ce033773e2865f96a13186a6364cb3446204c6a990d5 elapsed=1m45.088498541s
    checker_agreement_test.go:409: Go rejected changed hash: elapsed=817.46775ms
    checker_agreement_test.go:415: Rust rejected changed hash: elapsed=14.473897708s
=== RUN   TestCheckerAgreementWithRustCLIConcreteOperations/boundary-map-compound.hex
    checker_agreement_test.go:395: Go accepted: certificate=a88a0151fff47a6ba37e13d2db08ab5a8172c7c1c8393b5a2464790d32938843 declarations=767 axioms=0 elapsed=11.262846625s
    checker_agreement_test.go:401: Rust accepted identical bytes and report: export=c1b0da31d5386b223fa6ad188e9b1bb58965047f431c9754a9259e8b62587c8b axiom_report=0ebc281c3a8d37e2d1a9ce033773e2865f96a13186a6364cb3446204c6a990d5 elapsed=1.859539166s
    checker_agreement_test.go:409: Go rejected changed hash: elapsed=11.910436833s
    checker_agreement_test.go:415: Rust rejected changed hash: elapsed=1.835364958s
=== RUN   TestCheckerAgreementWithRustCLIConcreteOperations/boundary-map-decimal.hex
    checker_agreement_test.go:395: Go accepted: certificate=6ab44f0ac27c990d300e61feef89f08d2d3c8718d79d79ec69b7cdf29ebd34b4 declarations=1010 axioms=0 elapsed=1m8.861495333s
    checker_agreement_test.go:401: Rust accepted identical bytes and report: export=de69e513194e14dcbe36ba45f327a4050bdecf2fcc164597dcd8907c1a1d92a9 axiom_report=0ebc281c3a8d37e2d1a9ce033773e2865f96a13186a6364cb3446204c6a990d5 elapsed=3.516156625s
    checker_agreement_test.go:409: Go rejected changed hash: elapsed=1m10.808047s
    checker_agreement_test.go:415: Rust rejected changed hash: elapsed=3.300733666s
=== RUN   TestCheckerAgreementWithRustCLIConcreteOperations/boundary-map-string.hex
    checker_agreement_test.go:395: Go accepted: certificate=92bfdca8cc798b5cf38a86ed44c20a0ca35873904754adfdc28ffd2fb9353f53 declarations=745 axioms=0 elapsed=10.087236125s
    checker_agreement_test.go:401: Rust accepted identical bytes and report: export=77f3e51f49eff0b0a1a513d1f86f081e6a02a4fce2c1144c8ce2ca2f0f4a032f axiom_report=0ebc281c3a8d37e2d1a9ce033773e2865f96a13186a6364cb3446204c6a990d5 elapsed=1.709249083s
    checker_agreement_test.go:409: Go rejected changed hash: elapsed=10.0015745s
    checker_agreement_test.go:415: Rust rejected changed hash: elapsed=1.723096041s
=== RUN   TestCheckerAgreementWithRustCLIConcreteOperations/boundary-set-decimal.hex
    checker_agreement_test.go:395: Go accepted: certificate=94c4841a08dba153a0fc1b45380a7d56c93d914a2fccccf2c8cb45bca100cbf9 declarations=678 axioms=0 elapsed=1m0.7029535s
    checker_agreement_test.go:401: Rust accepted identical bytes and report: export=64b80ca4bb625aabc35c0370514eb2dfc4a06abaaf3b622535cbf37d09c07dd6 axiom_report=0ebc281c3a8d37e2d1a9ce033773e2865f96a13186a6364cb3446204c6a990d5 elapsed=3.1019965s
    checker_agreement_test.go:409: Go rejected changed hash: elapsed=57.865773167s
    checker_agreement_test.go:415: Rust rejected changed hash: elapsed=3.049176875s
=== RUN   TestCheckerAgreementWithRustCLIConcreteOperations/boundary-total-cells.hex
    checker_agreement_test.go:395: Go accepted: certificate=16344f9649633659bd1671a43e8b8ebdc00c155a451bbfc61f74ae979b6a55e2 declarations=455 axioms=0 elapsed=4.93881175s
    checker_agreement_test.go:401: Rust accepted identical bytes and report: export=8e8c5221a9504f1256db9a04d110c2a5a67e666cd770f8f9d1ef7dee7e0d6ccc axiom_report=0ebc281c3a8d37e2d1a9ce033773e2865f96a13186a6364cb3446204c6a990d5 elapsed=1.229537875s
    checker_agreement_test.go:409: Go rejected changed hash: elapsed=4.934925541s
    checker_agreement_test.go:415: Rust rejected changed hash: elapsed=1.305050042s
=== RUN   TestCheckerAgreementWithRustCLIConcreteOperations/complete-snapshot.hex
    checker_agreement_test.go:395: Go accepted: certificate=7d0a2f565a6938171e84059d718b6455e4ca6a8a276c58a9180be6d1273d8f49 declarations=788 axioms=0 elapsed=46.326130584s
    checker_agreement_test.go:401: Rust accepted identical bytes and report: export=a6d22d259a8e4a0b814b23dc5e144fe9395ffaaa0aefb8054007d273df721f1d axiom_report=0ebc281c3a8d37e2d1a9ce033773e2865f96a13186a6364cb3446204c6a990d5 elapsed=4.06722075s
    checker_agreement_test.go:409: Go rejected changed hash: elapsed=47.49447925s
    checker_agreement_test.go:415: Rust rejected changed hash: elapsed=3.45237275s
=== RUN   TestCheckerAgreementWithRustCLIConcreteOperations/construction-vc-enum_zero.hex
    checker_agreement_test.go:395: Go accepted: certificate=df71e22ce8cbf7f7cb9ddb1934f838e32591fc5dd87b640c485f33962fbb7b1b declarations=87 axioms=0 elapsed=251.172ms
    checker_agreement_test.go:401: Rust accepted identical bytes and report: export=18b592dbf1c833f2f1d526c73879bdaaab1e48e2f9a7d4b31543369c212ec98f axiom_report=0ebc281c3a8d37e2d1a9ce033773e2865f96a13186a6364cb3446204c6a990d5 elapsed=796.738417ms
    checker_agreement_test.go:409: Go rejected changed hash: elapsed=183.291875ms
    checker_agreement_test.go:415: Rust rejected changed hash: elapsed=748.080583ms
=== RUN   TestCheckerAgreementWithRustCLIConcreteOperations/construction-vc-positive_constructor.hex
    checker_agreement_test.go:395: Go accepted: certificate=7b4e26e36b7eafad34e62c6efe39348cc662d8abf490ec15f91093554d229c26 declarations=133 axioms=0 elapsed=170.833042ms
    checker_agreement_test.go:401: Rust accepted identical bytes and report: export=e07975ba65fb287e48fff88ee6204a8a72c18ee5f9972671767e6bc2eb119915 axiom_report=0ebc281c3a8d37e2d1a9ce033773e2865f96a13186a6364cb3446204c6a990d5 elapsed=828.145792ms
    checker_agreement_test.go:409: Go rejected changed hash: elapsed=230.583875ms
    checker_agreement_test.go:415: Rust rejected changed hash: elapsed=902.533291ms
=== RUN   TestCheckerAgreementWithRustCLIConcreteOperations/date.hex
    checker_agreement_test.go:395: Go accepted: certificate=736950e9d1ad2feabfa00bef7ec65f46939f14249e02323092e0427e5f358875 declarations=70 axioms=0 elapsed=225.808542ms
    checker_agreement_test.go:401: Rust accepted identical bytes and report: export=0d92a6ad767306ea90a3201fa1840149d9c68c294dc6bb35254ceabc717a9b4b axiom_report=0ebc281c3a8d37e2d1a9ce033773e2865f96a13186a6364cb3446204c6a990d5 elapsed=822.090042ms
    checker_agreement_test.go:409: Go rejected changed hash: elapsed=208.15925ms
    checker_agreement_test.go:415: Rust rejected changed hash: elapsed=800.438875ms
=== RUN   TestCheckerAgreementWithRustCLIConcreteOperations/enum-construction.hex
    checker_agreement_test.go:395: Go accepted: certificate=dca63c2d59ff95d8d1bc373a4ab22913a6d9172ca0ed7b45206ad829538c251b declarations=398 axioms=0 elapsed=4.568817459s
    checker_agreement_test.go:401: Rust accepted identical bytes and report: export=8e1fefea4221ac9babd87a24422528fbb5fef868e9b64068ea9e6bc1e37afadf axiom_report=0ebc281c3a8d37e2d1a9ce033773e2865f96a13186a6364cb3446204c6a990d5 elapsed=1.339130583s
    checker_agreement_test.go:409: Go rejected changed hash: elapsed=4.575898917s
    checker_agreement_test.go:415: Rust rejected changed hash: elapsed=1.405509s
=== RUN   TestCheckerAgreementWithRustCLIConcreteOperations/exception-vc-allowed.hex
    checker_agreement_test.go:395: Go accepted: certificate=02d845085b60721fe2d043799e9c3987b2cd466600d1786f0cf94c17256d5406 declarations=254 axioms=0 elapsed=522.642209ms
    checker_agreement_test.go:401: Rust accepted identical bytes and report: export=72a65ce818246a5ba9c3e91265a8e707c2a50d0308a25c89c2d4210cce96df68 axiom_report=0ebc281c3a8d37e2d1a9ce033773e2865f96a13186a6364cb3446204c6a990d5 elapsed=929.941417ms
    checker_agreement_test.go:409: Go rejected changed hash: elapsed=548.384209ms
    checker_agreement_test.go:415: Rust rejected changed hash: elapsed=923.508958ms
=== RUN   TestCheckerAgreementWithRustCLIConcreteOperations/extra-bool-float-map.hex
    checker_agreement_test.go:395: Go accepted: certificate=e854f2c550fe530b81617c1768d2b3367b7a58ffafd03adadaf1e781ee8dafab declarations=624 axioms=0 elapsed=7.247640583s
    checker_agreement_test.go:401: Rust accepted identical bytes and report: export=631eaa5992f44b9efc0fa07af63cecc5b5c385168644e6c43f72d6eac26da14e axiom_report=0ebc281c3a8d37e2d1a9ce033773e2865f96a13186a6364cb3446204c6a990d5 elapsed=1.415414208s
    checker_agreement_test.go:409: Go rejected changed hash: elapsed=7.76667325s
    checker_agreement_test.go:415: Rust rejected changed hash: elapsed=1.4247725s
=== RUN   TestCheckerAgreementWithRustCLIConcreteOperations/extra-bool-nullable-map.hex
    checker_agreement_test.go:395: Go accepted: certificate=d68312bee1dd7f7a040d6f5dcac7bb18cddcf1c68f50d4a9bc4b8888a7fddbf3 declarations=803 axioms=0 elapsed=6.443257792s
    checker_agreement_test.go:401: Rust accepted identical bytes and report: export=8423e8224cff998165ff49b1eb08b36acfd3ec78b83d344592a99c6645f2dde5 axiom_report=0ebc281c3a8d37e2d1a9ce033773e2865f96a13186a6364cb3446204c6a990d5 elapsed=1.5447385s
    checker_agreement_test.go:409: Go rejected changed hash: elapsed=6.742564375s
    checker_agreement_test.go:415: Rust rejected changed hash: elapsed=1.46687825s
=== RUN   TestCheckerAgreementWithRustCLIConcreteOperations/extra-lookup-nullable.hex
    checker_agreement_test.go:395: Go accepted: certificate=735408925196678f2e20e8d01e764ca2704cec93732786379cf070c7454448de declarations=373 axioms=0 elapsed=514.16975ms
    checker_agreement_test.go:401: Rust accepted identical bytes and report: export=103f680afbd69636811dd2392237e8f4efe729243189f194f1057a6db7247d93 axiom_report=0ebc281c3a8d37e2d1a9ce033773e2865f96a13186a6364cb3446204c6a990d5 elapsed=925.95225ms
    checker_agreement_test.go:409: Go rejected changed hash: elapsed=552.936208ms
    checker_agreement_test.go:415: Rust rejected changed hash: elapsed=910.983583ms
=== RUN   TestCheckerAgreementWithRustCLIConcreteOperations/extra-shared-lookup-maps.hex
    checker_agreement_test.go:395: Go accepted: certificate=43cd51ab55bf0a3ee3c18863b2918ec24b2386bb3bd3e35d5927e9c0e86651ba declarations=1094 axioms=0 elapsed=7.601843583s
    checker_agreement_test.go:401: Rust accepted identical bytes and report: export=ed42e4a58067b4f208fa4cb355ac38dfcb81e70249ecfde3af2faec520d01040 axiom_report=0ebc281c3a8d37e2d1a9ce033773e2865f96a13186a6364cb3446204c6a990d5 elapsed=1.610949833s
    checker_agreement_test.go:409: Go rejected changed hash: elapsed=7.362652s
    checker_agreement_test.go:415: Rust rejected changed hash: elapsed=1.722042333s
=== RUN   TestCheckerAgreementWithRustCLIConcreteOperations/extra-validation-bool.hex
    checker_agreement_test.go:395: Go accepted: certificate=4a879d76944159b33f377c7a9dcd97fe48e12919e4e24e568ee17f5a02b23d9d declarations=421 axioms=0 elapsed=2.6029095s
    checker_agreement_test.go:401: Rust accepted identical bytes and report: export=31d994e53d38523019f86a15539edefb3fc2ef0d905fb85a6357275754942205 axiom_report=0ebc281c3a8d37e2d1a9ce033773e2865f96a13186a6364cb3446204c6a990d5 elapsed=1.484269417s
    checker_agreement_test.go:409: Go rejected changed hash: elapsed=2.764810084s
    checker_agreement_test.go:415: Rust rejected changed hash: elapsed=1.262259958s
=== RUN   TestCheckerAgreementWithRustCLIConcreteOperations/extra-validation-product.hex
    checker_agreement_test.go:395: Go accepted: certificate=e65cb86f5ab9a47e34d50e573d6443a7cd7e227d60e3e68d0bc27378b99d351d declarations=449 axioms=0 elapsed=2.576554625s
    checker_agreement_test.go:401: Rust accepted identical bytes and report: export=2ae923c31e11a78d329f8b6d46e46b5f14774562cf83749caa2357824f011ef2 axiom_report=0ebc281c3a8d37e2d1a9ce033773e2865f96a13186a6364cb3446204c6a990d5 elapsed=1.438057041s
    checker_agreement_test.go:409: Go rejected changed hash: elapsed=2.605593709s
    checker_agreement_test.go:415: Rust rejected changed hash: elapsed=1.435574083s
=== RUN   TestCheckerAgreementWithRustCLIConcreteOperations/float-make-commutation.hex
    checker_agreement_test.go:395: Go accepted: certificate=0ec9d6494e27c3755b0826881d40da758141c5f41d0cbd4cd6d8928ca7d2e676 declarations=179 axioms=0 elapsed=404.091541ms
    checker_agreement_test.go:401: Rust accepted identical bytes and report: export=c85de7d87cc049585c75aaca16a1985e96563c004794859b4ef7ab407ab69308 axiom_report=0ebc281c3a8d37e2d1a9ce033773e2865f96a13186a6364cb3446204c6a990d5 elapsed=851.647125ms
    checker_agreement_test.go:409: Go rejected changed hash: elapsed=394.666125ms
    checker_agreement_test.go:415: Rust rejected changed hash: elapsed=838.707458ms
=== RUN   TestCheckerAgreementWithRustCLIConcreteOperations/float-sequence.hex
    checker_agreement_test.go:395: Go accepted: certificate=54c2b15bf4f0f9d73645c5195b620b41b931f258ad0455df7468583305e1ee95 declarations=401 axioms=0 elapsed=2.426998959s
    checker_agreement_test.go:401: Rust accepted identical bytes and report: export=8d537589585a4e6da6ef2bc521b4c256183dca94ef9dcc4da8695fb29870d112 axiom_report=0ebc281c3a8d37e2d1a9ce033773e2865f96a13186a6364cb3446204c6a990d5 elapsed=1.446346958s
    checker_agreement_test.go:409: Go rejected changed hash: elapsed=2.229021375s
    checker_agreement_test.go:415: Rust rejected changed hash: elapsed=1.46141225s
=== RUN   TestCheckerAgreementWithRustCLIConcreteOperations/floats.hex
    checker_agreement_test.go:395: Go accepted: certificate=af055c3e1448c67c6f2e656b7d4f6e5944eae8dc56b28336fdc6079c494afdbf declarations=226 axioms=0 elapsed=2.1003s
    checker_agreement_test.go:401: Rust accepted identical bytes and report: export=57a5412f9a7b7455b0cf16a50ff143df90850557b97c4982ddbe2e9289ed379e axiom_report=0ebc281c3a8d37e2d1a9ce033773e2865f96a13186a6364cb3446204c6a990d5 elapsed=1.205559625s
    checker_agreement_test.go:409: Go rejected changed hash: elapsed=2.135916208s
    checker_agreement_test.go:415: Rust rejected changed hash: elapsed=1.6453035s
=== RUN   TestCheckerAgreementWithRustCLIConcreteOperations/guid.hex
    checker_agreement_test.go:395: Go accepted: certificate=4dd196d79decc7b4177ea58533db66f6428fbae72666d01a4f2994199abfa0e3 declarations=145 axioms=0 elapsed=2.24407675s
    checker_agreement_test.go:401: Rust accepted identical bytes and report: export=e8639de4b5c79c31c39a3adaa3ed0766b0df2bacc3d3176ddbf6a46ede1c478b axiom_report=0ebc281c3a8d37e2d1a9ce033773e2865f96a13186a6364cb3446204c6a990d5 elapsed=1.197832125s
    checker_agreement_test.go:409: Go rejected changed hash: elapsed=2.125005042s
    checker_agreement_test.go:415: Rust rejected changed hash: elapsed=1.098206333s
=== RUN   TestCheckerAgreementWithRustCLIConcreteOperations/nested-box.hex
    checker_agreement_test.go:395: Go accepted: certificate=8aa8816e7558798ef8e5c459a9818e8c40cb823c03d4522d885834cdfc5bf330 declarations=559 axioms=0 elapsed=5.454454833s
    checker_agreement_test.go:401: Rust accepted identical bytes and report: export=7e0a41a868d14125ca6e7ab39ba76680483be55aa6893d6e4fc2f81c3ff4ee4c axiom_report=0ebc281c3a8d37e2d1a9ce033773e2865f96a13186a6364cb3446204c6a990d5 elapsed=1.425066667s
    checker_agreement_test.go:409: Go rejected changed hash: elapsed=5.874012375s
    checker_agreement_test.go:415: Rust rejected changed hash: elapsed=1.396504209s
=== RUN   TestCheckerAgreementWithRustCLIConcreteOperations/nullable-float.hex
    checker_agreement_test.go:395: Go accepted: certificate=590c93dd712802a7ad62e4dc1faa59a48a5757d195c4c19858d8034e44eea07a declarations=208 axioms=0 elapsed=496.245542ms
    checker_agreement_test.go:401: Rust accepted identical bytes and report: export=f9bbd70ab428f594851e8afddfef5ffd9f1e34dae107e3d1d79982913300903c axiom_report=0ebc281c3a8d37e2d1a9ce033773e2865f96a13186a6364cb3446204c6a990d5 elapsed=853.491333ms
    checker_agreement_test.go:409: Go rejected changed hash: elapsed=490.5205ms
    checker_agreement_test.go:415: Rust rejected changed hash: elapsed=809.538041ms
=== RUN   TestCheckerAgreementWithRustCLIConcreteOperations/nullable-string-default.hex
    checker_agreement_test.go:395: Go accepted: certificate=c1326e88a4530faf1c2d4b0f5bfa58b72ab4289c3e2b9933b2283b911531e0f2 declarations=607 axioms=0 elapsed=9.351157083s
    checker_agreement_test.go:401: Rust accepted identical bytes and report: export=e398a6ca7a89b479d7b85449b46b6ca6aa24592697d4e68ce7a90a3f35410542 axiom_report=0ebc281c3a8d37e2d1a9ce033773e2865f96a13186a6364cb3446204c6a990d5 elapsed=1.533636459s
    checker_agreement_test.go:409: Go rejected changed hash: elapsed=9.158857042s
    checker_agreement_test.go:415: Rust rejected changed hash: elapsed=1.449347208s
=== RUN   TestCheckerAgreementWithRustCLIConcreteOperations/parse-error-contract.hex
    checker_agreement_test.go:395: Go accepted: certificate=5963e2fc08b5269516ed9129156b2ee66411ebf36bcf5b032b749f9b996b8ce3 declarations=167 axioms=0 elapsed=262.562ms
    checker_agreement_test.go:401: Rust accepted identical bytes and report: export=5f25689c44090f4bce060201e76280453b4657a0405ce50f863dbf327bb808eb axiom_report=0ebc281c3a8d37e2d1a9ce033773e2865f96a13186a6364cb3446204c6a990d5 elapsed=850.695542ms
    checker_agreement_test.go:409: Go rejected changed hash: elapsed=285.648584ms
    checker_agreement_test.go:415: Rust rejected changed hash: elapsed=845.498208ms
=== RUN   TestCheckerAgreementWithRustCLIConcreteOperations/product-construction.hex
    checker_agreement_test.go:395: Go accepted: certificate=d44f91d661c4cc2939e55c3eeddeafd104dbba3202fc6675c3418aa387893bcc declarations=414 axioms=0 elapsed=4.846266s
    checker_agreement_test.go:401: Rust accepted identical bytes and report: export=2037cd1a06d6439a8a80b7153ca428e4377f871db091043c0fa053c9b9f436ae axiom_report=0ebc281c3a8d37e2d1a9ce033773e2865f96a13186a6364cb3446204c6a990d5 elapsed=1.434235583s
    checker_agreement_test.go:409: Go rejected changed hash: elapsed=4.690926084s
    checker_agreement_test.go:415: Rust rejected changed hash: elapsed=1.286632375s
=== RUN   TestCheckerAgreementWithRustCLIConcreteOperations/remapped-boundary-sequence.hex
    checker_agreement_test.go:395: Go accepted: certificate=5217f81ae46fe20162f192b2950aa109564437b10301f0ce69e64f2542072cdb declarations=532 axioms=0 elapsed=6.411345792s
    checker_agreement_test.go:401: Rust accepted identical bytes and report: export=3e9fd91a87d539ac6e98734555583fa07583d1ca8bfa04da2b38a7f5124b0c08 axiom_report=0ebc281c3a8d37e2d1a9ce033773e2865f96a13186a6364cb3446204c6a990d5 elapsed=1.460133708s
    checker_agreement_test.go:409: Go rejected changed hash: elapsed=6.35559725s
    checker_agreement_test.go:415: Rust rejected changed hash: elapsed=1.582571625s
=== RUN   TestCheckerAgreementWithRustCLIConcreteOperations/string.hex
    checker_agreement_test.go:395: Go accepted: certificate=aa96b429c9c1f6cbef323f0e9ce41b2929f9056b3f6992afe3584a31bace4b3d declarations=464 axioms=0 elapsed=2.458485792s
    checker_agreement_test.go:401: Rust accepted identical bytes and report: export=ab0f2199f238be3c5a7070e0bbb52aa9903b46bb495af708a2bd0ed1efa8e98e axiom_report=0ebc281c3a8d37e2d1a9ce033773e2865f96a13186a6364cb3446204c6a990d5 elapsed=1.336530084s
    checker_agreement_test.go:409: Go rejected changed hash: elapsed=2.259574584s
    checker_agreement_test.go:415: Rust rejected changed hash: elapsed=1.398455625s
=== RUN   TestCheckerAgreementWithRustCLIConcreteOperations/unit-void-source.hex
    checker_agreement_test.go:395: Go accepted: certificate=1abf665f29488360f39523f300402586c749f93e7eaf69bd6746d340abbd1a78 declarations=267 axioms=0 elapsed=421.914292ms
    checker_agreement_test.go:401: Rust accepted identical bytes and report: export=f5be9265876ce4bf12f2d2006c6564ff10c7d29797926b851bdfbe609a5d4f21 axiom_report=0ebc281c3a8d37e2d1a9ce033773e2865f96a13186a6364cb3446204c6a990d5 elapsed=907.669083ms
    checker_agreement_test.go:409: Go rejected changed hash: elapsed=434.064334ms
    checker_agreement_test.go:415: Rust rejected changed hash: elapsed=883.084958ms
--- PASS: TestCheckerAgreementWithRustCLIConcreteOperations (1772.13s)
    --- PASS: TestCheckerAgreementWithRustCLIConcreteOperations/binding-vc-boundary_field.hex (145.64s)
    --- PASS: TestCheckerAgreementWithRustCLIConcreteOperations/binding-vc-bounded_sequence.hex (13.59s)
    --- PASS: TestCheckerAgreementWithRustCLIConcreteOperations/binding-vc-instant.hex (4.33s)
    --- PASS: TestCheckerAgreementWithRustCLIConcreteOperations/binding-vc-lookup.hex (4.28s)
    --- PASS: TestCheckerAgreementWithRustCLIConcreteOperations/binding-vc-money.hex (765.96s)
    --- PASS: TestCheckerAgreementWithRustCLIConcreteOperations/binding-vc-option.hex (17.62s)
    --- PASS: TestCheckerAgreementWithRustCLIConcreteOperations/binding-vc-ordered_entry.hex (3.35s)
    --- PASS: TestCheckerAgreementWithRustCLIConcreteOperations/binding-vc-ordered_map.hex (18.10s)
    --- PASS: TestCheckerAgreementWithRustCLIConcreteOperations/binding-vc-ordered_set.hex (13.63s)
    --- PASS: TestCheckerAgreementWithRustCLIConcreteOperations/binding-vc-result.hex (2.95s)
    --- PASS: TestCheckerAgreementWithRustCLIConcreteOperations/binding-vc-transition.hex (8.03s)
    --- PASS: TestCheckerAgreementWithRustCLIConcreteOperations/binding-vc-validation.hex (8.85s)
    --- PASS: TestCheckerAgreementWithRustCLIConcreteOperations/bool-construction.hex (7.41s)
    --- PASS: TestCheckerAgreementWithRustCLIConcreteOperations/bool-float-entry.hex (3.03s)
    --- PASS: TestCheckerAgreementWithRustCLIConcreteOperations/boundary-exception-empty.hex (3.50s)
    --- PASS: TestCheckerAgreementWithRustCLIConcreteOperations/boundary-exception-payload.hex (121.32s)
    --- PASS: TestCheckerAgreementWithRustCLIConcreteOperations/boundary-map-compound.hex (26.89s)
    --- PASS: TestCheckerAgreementWithRustCLIConcreteOperations/boundary-map-decimal.hex (146.51s)
    --- PASS: TestCheckerAgreementWithRustCLIConcreteOperations/boundary-map-string.hex (23.52s)
    --- PASS: TestCheckerAgreementWithRustCLIConcreteOperations/boundary-set-decimal.hex (124.75s)
    --- PASS: TestCheckerAgreementWithRustCLIConcreteOperations/boundary-total-cells.hex (12.42s)
    --- PASS: TestCheckerAgreementWithRustCLIConcreteOperations/complete-snapshot.hex (101.37s)
    --- PASS: TestCheckerAgreementWithRustCLIConcreteOperations/construction-vc-enum_zero.hex (1.98s)
    --- PASS: TestCheckerAgreementWithRustCLIConcreteOperations/construction-vc-positive_constructor.hex (2.16s)
    --- PASS: TestCheckerAgreementWithRustCLIConcreteOperations/date.hex (2.06s)
    --- PASS: TestCheckerAgreementWithRustCLIConcreteOperations/enum-construction.hex (11.89s)
    --- PASS: TestCheckerAgreementWithRustCLIConcreteOperations/exception-vc-allowed.hex (2.93s)
    --- PASS: TestCheckerAgreementWithRustCLIConcreteOperations/extra-bool-float-map.hex (17.86s)
    --- PASS: TestCheckerAgreementWithRustCLIConcreteOperations/extra-bool-nullable-map.hex (16.20s)
    --- PASS: TestCheckerAgreementWithRustCLIConcreteOperations/extra-lookup-nullable.hex (2.91s)
    --- PASS: TestCheckerAgreementWithRustCLIConcreteOperations/extra-shared-lookup-maps.hex (18.30s)
    --- PASS: TestCheckerAgreementWithRustCLIConcreteOperations/extra-validation-bool.hex (8.12s)
    --- PASS: TestCheckerAgreementWithRustCLIConcreteOperations/extra-validation-product.hex (8.06s)
    --- PASS: TestCheckerAgreementWithRustCLIConcreteOperations/float-make-commutation.hex (2.49s)
    --- PASS: TestCheckerAgreementWithRustCLIConcreteOperations/float-sequence.hex (7.57s)
    --- PASS: TestCheckerAgreementWithRustCLIConcreteOperations/floats.hex (7.09s)
    --- PASS: TestCheckerAgreementWithRustCLIConcreteOperations/guid.hex (6.67s)
    --- PASS: TestCheckerAgreementWithRustCLIConcreteOperations/nested-box.hex (14.15s)
    --- PASS: TestCheckerAgreementWithRustCLIConcreteOperations/nullable-float.hex (2.65s)
    --- PASS: TestCheckerAgreementWithRustCLIConcreteOperations/nullable-string-default.hex (21.52s)
    --- PASS: TestCheckerAgreementWithRustCLIConcreteOperations/parse-error-contract.hex (2.25s)
    --- PASS: TestCheckerAgreementWithRustCLIConcreteOperations/product-construction.hex (12.26s)
    --- PASS: TestCheckerAgreementWithRustCLIConcreteOperations/remapped-boundary-sequence.hex (15.82s)
    --- PASS: TestCheckerAgreementWithRustCLIConcreteOperations/string.hex (7.47s)
    --- PASS: TestCheckerAgreementWithRustCLIConcreteOperations/unit-void-source.hex (2.65s)
PASS
ok  	github.com/finitefield-org/mpk/go-tools/mpk-checker-ref	1772.399s
