    Checking mpk-vc v0.1.0 (/Users/kazuyoshitoshiya/mpk/crates/mpk-vc)
error: this loop never actually loops
   --> crates/mpk-vc/tests/support/csharp_practical_ordinary_concrete_operation_tests.rs:154:9
    |
154 | /         for d in rows.iter().filter(|d| d["carrier"]["type_id"] == id) {
155 | |             let field = match suffix {
156 | |                 "equal" => "equality_definition".into(),
157 | |                 other => format!("{other}_definition"),
...   |
185 | |             return;
186 | |         }
    | |_________^
    |
    = help: for further information visit https://rust-lang.github.io/rust-clippy/rust-1.97.0/index.html#never_loop
    = note: `#[deny(clippy::never_loop)]` on by default
help: if you need the first element of the iterator, try writing
    |
154 -         for d in rows.iter().filter(|d| d["carrier"]["type_id"] == id) {
154 +         if let Some(d) = rows.iter().filter(|d| d["carrier"]["type_id"] == id).next() {
    |

error: could not compile `mpk-vc` (test "csharp_practical_vc") due to 1 previous error
