
running 1 test
test ordinary_carriers::projection_tests::binding_relation_tests::concrete_operation_tests::csharp_03_t06_w09_concrete_operations_original_source_certificates ... concrete operation definitions complete binding-vc-boundary_field
concrete operation definitions complete binding-vc-bounded_sequence
concrete operation definitions complete binding-vc-instant
concrete operation definitions complete binding-vc-lookup
concrete operation definitions complete binding-vc-money
concrete operation definitions complete binding-vc-option
concrete operation definitions complete binding-vc-ordered_entry
concrete operation definitions complete binding-vc-ordered_map
concrete operation definitions complete binding-vc-ordered_set
concrete operation definitions complete binding-vc-result
concrete operation definitions complete binding-vc-transition
concrete operation definitions complete binding-vc-validation
concrete operation definitions complete bool-construction
concrete operation definitions complete bool-float-entry
concrete operation definitions complete boundary-exception-empty
concrete operation definitions complete boundary-exception-payload
concrete operation definitions complete boundary-map-compound
concrete operation definitions complete boundary-map-decimal
concrete operation definitions complete boundary-map-string
concrete operation definitions complete boundary-set-decimal
concrete operation definitions complete boundary-total-cells
concrete operation definitions complete complete-snapshot
concrete operation definitions complete construction-vc-enum_zero
concrete operation definitions complete construction-vc-positive_constructor
concrete operation definitions complete date
concrete operation definitions complete enum-construction
concrete operation definitions complete exception-vc-allowed
concrete operation definitions complete extra-bool-float-map
concrete operation definitions complete extra-bool-nullable-map
concrete operation definitions complete extra-lookup-nullable
concrete operation definitions complete extra-shared-lookup-maps
concrete operation definitions complete extra-validation-bool
concrete operation definitions complete extra-validation-product
concrete operation definitions complete float-sequence
concrete operation definitions complete floats
concrete operation definitions complete guid
concrete operation definitions complete nested-box
concrete operation definitions complete nullable-float
concrete operation definitions complete nullable-string-default
concrete operation definitions complete parse-error-contract
concrete operation definitions complete product-construction
concrete operation definitions complete string
concrete operation definitions complete unit-void-source
concrete operation definitions complete remapped-boundary-sequence
concrete operation definitions complete float-make-commutation
ok

test result: ok. 1 passed; 0 failed; 0 ignored; 0 measured; 384 filtered out; finished in 22.22s

