
running 1 test
test ordinary_carriers::projection_tests::binding_relation_tests::concrete_type_tests::csharp_03_t06_w09_concrete_types_original_source_certificates ... concrete type definitions complete binding-vc-boundary_field
concrete type definitions complete binding-vc-bounded_sequence
concrete type definitions complete binding-vc-instant
concrete type definitions complete binding-vc-lookup
concrete type definitions complete binding-vc-money
concrete type definitions complete binding-vc-option
concrete type definitions complete binding-vc-ordered_entry
concrete type definitions complete binding-vc-ordered_map
concrete type definitions complete binding-vc-ordered_set
concrete type definitions complete binding-vc-result
concrete type definitions complete binding-vc-transition
concrete type definitions complete binding-vc-validation
concrete type definitions complete bool-construction
concrete type definitions complete bool-float-entry
concrete type definitions complete boundary-exception-empty
concrete type definitions complete boundary-exception-payload
concrete type definitions complete boundary-map-compound
concrete type definitions complete boundary-map-decimal
concrete type definitions complete boundary-map-string
concrete type definitions complete boundary-set-decimal
concrete type definitions complete boundary-total-cells
concrete type definitions complete complete-snapshot
concrete type definitions complete construction-vc-enum_zero
concrete type definitions complete construction-vc-positive_constructor
concrete type definitions complete date
concrete type definitions complete enum-construction
concrete type definitions complete exception-vc-allowed
concrete type definitions complete extra-bool-float-map
concrete type definitions complete extra-bool-nullable-map
concrete type definitions complete extra-lookup-nullable
concrete type definitions complete extra-shared-lookup-maps
concrete type definitions complete extra-validation-bool
concrete type definitions complete extra-validation-product
concrete type definitions complete float-sequence
concrete type definitions complete floats
concrete type definitions complete guid
concrete type definitions complete nested-box
concrete type definitions complete nullable-float
concrete type definitions complete nullable-string-default
concrete type definitions complete parse-error-contract
concrete type definitions complete product-construction
concrete type definitions complete string
concrete type definitions complete unit-void-source
concrete type definitions complete remapped-boundary-sequence
concrete type definitions complete float-make-commutation
ok

test result: ok. 1 passed; 0 failed; 0 ignored; 0 measured; 384 filtered out; finished in 11.26s

