
running 1 test
test ordinary_carriers::projection_tests::binding_relation_tests::concrete_operation_tests::csharp_03_t06_w09_concrete_operations_ordered_outcomes ... concrete operation routing complete binding-vc-boundary_field
concrete operation routing complete binding-vc-bounded_sequence
concrete operation routing complete binding-vc-instant
concrete operation routing complete binding-vc-lookup
concrete operation routing complete binding-vc-money
concrete operation routing complete binding-vc-option
concrete operation routing complete binding-vc-ordered_entry
concrete operation routing complete binding-vc-ordered_map
concrete operation routing complete binding-vc-ordered_set
concrete operation routing complete binding-vc-result
concrete operation routing complete binding-vc-transition
concrete operation routing complete binding-vc-validation
concrete operation routing complete bool-construction
concrete operation routing complete bool-float-entry
concrete operation routing complete boundary-exception-empty
concrete operation routing complete boundary-exception-payload
concrete operation routing complete boundary-map-compound
concrete operation routing complete boundary-map-decimal
concrete operation routing complete boundary-map-string
concrete operation routing complete boundary-set-decimal
concrete operation routing complete boundary-total-cells
concrete operation routing complete complete-snapshot
concrete operation routing complete construction-vc-enum_zero
concrete operation routing complete construction-vc-positive_constructor
concrete operation routing complete date
concrete operation routing complete enum-construction
concrete operation routing complete exception-vc-allowed
concrete operation routing complete extra-bool-float-map
concrete operation routing complete extra-bool-nullable-map
concrete operation routing complete extra-lookup-nullable
concrete operation routing complete extra-shared-lookup-maps
concrete operation routing complete extra-validation-bool
concrete operation routing complete extra-validation-product
concrete operation routing complete float-sequence
concrete operation routing complete floats
concrete operation routing complete guid
concrete operation routing complete nested-box
concrete operation routing complete nullable-float
concrete operation routing complete nullable-string-default
concrete operation routing complete parse-error-contract
concrete operation routing complete product-construction
concrete operation routing complete string
concrete operation routing complete unit-void-source
concrete operation routing complete remapped-boundary-sequence
concrete operation routing complete float-make-commutation
ordered outcomes: 92 operations, 290 assignments, 566 single-failure changes, 170 correctly masked later changes
ok

test result: ok. 1 passed; 0 failed; 0 ignored; 0 measured; 384 filtered out; finished in 286.33s

