=== RUN   TestCheckerAgreementWithRustCLIDecimalClauses
=== RUN   TestCheckerAgreementWithRustCLIDecimalClauses/add.hex
=== RUN   TestCheckerAgreementWithRustCLIDecimalClauses/comparisons.hex
=== RUN   TestCheckerAgreementWithRustCLIDecimalClauses/conversions.hex
=== RUN   TestCheckerAgreementWithRustCLIDecimalClauses/divide.hex
=== RUN   TestCheckerAgreementWithRustCLIDecimalClauses/multiply.hex
=== RUN   TestCheckerAgreementWithRustCLIDecimalClauses/remainder.hex
=== RUN   TestCheckerAgreementWithRustCLIDecimalClauses/round.hex
=== RUN   TestCheckerAgreementWithRustCLIDecimalClauses/subtract.hex
=== RUN   TestCheckerAgreementWithRustCLIDecimalClauses/unary.hex
--- PASS: TestCheckerAgreementWithRustCLIDecimalClauses (883.52s)
    --- PASS: TestCheckerAgreementWithRustCLIDecimalClauses/add.hex (136.33s)
    --- PASS: TestCheckerAgreementWithRustCLIDecimalClauses/comparisons.hex (59.43s)
    --- PASS: TestCheckerAgreementWithRustCLIDecimalClauses/conversions.hex (73.78s)
    --- PASS: TestCheckerAgreementWithRustCLIDecimalClauses/divide.hex (169.62s)
    --- PASS: TestCheckerAgreementWithRustCLIDecimalClauses/multiply.hex (93.10s)
    --- PASS: TestCheckerAgreementWithRustCLIDecimalClauses/remainder.hex (136.86s)
    --- PASS: TestCheckerAgreementWithRustCLIDecimalClauses/round.hex (47.98s)
    --- PASS: TestCheckerAgreementWithRustCLIDecimalClauses/subtract.hex (127.26s)
    --- PASS: TestCheckerAgreementWithRustCLIDecimalClauses/unary.hex (39.16s)
PASS
ok  	github.com/finitefield-org/mpk/go-tools/mpk-checker-ref	883.971s
