
running 1 test
test ordinary_carriers::public_domain_tests::contract_expression_tests::control_edge_tests::steps::csharp_03_t06_w09_control_source_steps_original_sources ... source steps: 104 complete local relations, 3942 true/4217 false, 3337 shared arguments; pending {"exception_execution_separate": 19, "function_entry_relation_separate": 1, "memory_alias_frames_pending": 1}
control source steps count_fill: 8164 observations
control edges count_fill: generated/imported exact candidate; 0 pending guards
source steps: 16 complete local relations, 143 true/150 false, 89 shared arguments; pending {"exception_execution_separate": 2, "function_entry_relation_separate": 1}
control source steps while: 294 observations
control edges while: generated/imported exact candidate; 0 pending guards
source steps: 38 complete local relations, 415 true/428 false, 225 shared arguments; pending {"exception_execution_separate": 5, "function_entry_relation_separate": 1}
control source steps for: 844 observations
control edges for: generated/imported exact candidate; 0 pending guards
source steps: 29 complete local relations, 320 true/333 false, 186 shared arguments; pending {"exception_execution_separate": 6, "function_entry_relation_separate": 1}
control source steps short_circuit: 655 observations
control edges short_circuit: generated/imported exact candidate; 0 pending guards
source steps: 25 complete local relations, 174 true/174 false, 57 shared arguments; pending {"exception_execution_separate": 2, "function_entry_relation_separate": 1, "unreachable_source_node": 1}
control source steps switch: 348 observations
control edges switch: generated/imported exact candidate; 0 pending guards
source steps: 15 complete local relations, 135 true/133 false, 44 shared arguments; pending {"exception_execution_separate": 1, "function_entry_relation_separate": 1}
control source steps is_binding: 268 observations
control edges is_binding: generated/imported exact candidate; 0 pending guards
source steps: 48 complete local relations, 812 true/829 false, 510 shared arguments; pending {"exception_execution_separate": 7, "function_entry_relation_separate": 1, "unreachable_source_node": 3}
control source steps guard_order: 1643 observations
control edges guard_order: generated/imported exact candidate; 0 pending guards
source steps: 22 complete local relations, 232 true/251 false, 108 shared arguments; pending {"exception_execution_separate": 2, "function_entry_relation_separate": 1, "unreachable_source_node": 3}
control source steps guard_throw: 483 observations
control edges guard_throw: generated/imported exact candidate; 0 pending guards
source steps: 16 complete local relations, 143 true/150 false, 89 shared arguments; pending {"exception_execution_separate": 2, "function_entry_relation_separate": 1}
control source steps total_variable: 294 observations
control edges total_variable: generated/imported exact candidate; 0 pending guards
source steps: 35 complete local relations, 421 true/516 false, 245 shared arguments; pending {"exception_execution_separate": 11, "function_entry_relation_separate": 1, "memory_alias_frames_pending": 1}
control source steps index_update: 940 observations
control edges index_update: generated/imported exact candidate; 0 pending guards
source steps: 31 complete local relations, 488 true/579 false, 423 shared arguments; pending {"exception_execution_separate": 6, "function_entry_relation_separate": 1}
control source steps foreach_string: 1068 observations
control edges foreach_string: generated/imported exact candidate; 0 pending guards
source steps: 31 complete local relations, 488 true/579 false, 423 shared arguments; pending {"exception_execution_separate": 6, "function_entry_relation_separate": 1}
control source steps foreach_string_var: 1068 observations
control edges foreach_string_var: generated/imported exact candidate; 0 pending guards
source steps: 30 complete local relations, 489 true/542 false, 422 shared arguments; pending {"exception_execution_separate": 5, "function_entry_relation_separate": 1}
control source steps foreach_array: 1032 observations
control edges foreach_array: generated/imported exact candidate; 0 pending guards
source steps: 30 complete local relations, 489 true/542 false, 422 shared arguments; pending {"exception_execution_separate": 5, "function_entry_relation_separate": 1}
control source steps foreach_array_var: 1032 observations
control edges foreach_array_var: generated/imported exact candidate; 0 pending guards
source steps: 29 complete local relations, 248 true/283 false, 138 shared arguments; pending {"exception_execution_separate": 6, "function_entry_relation_separate": 1}
control source steps lookup: 532 observations
control edges lookup: generated/imported exact candidate; 0 pending guards
source steps: 19 complete local relations, 161 true/181 false, 72 shared arguments; pending {"exception_execution_separate": 1, "function_entry_relation_separate": 1, "unreachable_source_node": 3}
control source steps governing_throw: 342 observations
control edges governing_throw: generated/imported exact candidate; 0 pending guards
source steps: 40 complete local relations, 554 true/646 false, 313 shared arguments; pending {"exception_execution_separate": 7, "function_entry_relation_separate": 1, "native_call_semantics_pending": 1}
control source steps type: 1200 observations
control edges type: generated/imported exact candidate; 0 pending guards
source steps: 21 complete local relations, 183 true/194 false, 57 shared arguments; pending {"function_entry_relation_separate": 1}
control source steps string_property: 377 observations
control edges string_property: generated/imported exact candidate; 0 pending guards
ok

test result: ok. 1 passed; 0 failed; 0 ignored; 0 measured; 361 filtered out; finished in 8193.41s

