
running 1 test
test ordinary_carriers::public_domain_tests::contract_expression_tests::reference_data_tests::csharp_03_t06_w09_reference_data_original_source ... reference data start: guarded reference.value.mpk.csharp.instance.68630552d3cf32617731c14f77e5039d4c6a1a3c804a96b9cd1734e5bc85e547
reference data end: guarded reference.value.mpk.csharp.instance.68630552d3cf32617731c14f77e5039d4c6a1a3c804a96b9cd1734e5bc85e547 0.000s
reference data context guarded: 1 definitions, 1 SSA points
reference data start: conditional reference.value.mpk.csharp.instance.68630552d3cf32617731c14f77e5039d4c6a1a3c804a96b9cd1734e5bc85e547
reference data end: conditional reference.value.mpk.csharp.instance.68630552d3cf32617731c14f77e5039d4c6a1a3c804a96b9cd1734e5bc85e547 0.000s
reference data context conditional: 1 definitions, 1 SSA points
reference data start: suppressed reference.value.mpk.csharp.instance.68630552d3cf32617731c14f77e5039d4c6a1a3c804a96b9cd1734e5bc85e547
reference data end: suppressed reference.value.mpk.csharp.instance.68630552d3cf32617731c14f77e5039d4c6a1a3c804a96b9cd1734e5bc85e547 0.000s
reference data context suppressed: 1 definitions, 1 SSA points
reference data start: property reference.value.mpk.csharp.instance.68630552d3cf32617731c14f77e5039d4c6a1a3c804a96b9cd1734e5bc85e547
reference data end: property reference.value.mpk.csharp.instance.68630552d3cf32617731c14f77e5039d4c6a1a3c804a96b9cd1734e5bc85e547 0.000s
reference data context property: 1 definitions, 1 SSA points

thread '<unnamed>' (6942674) panicked at crates/mpk-vc/tests/support/csharp_practical_ordinary_reference_data_tests.rs:410:9:
selector matched no reference operation
note: run with `RUST_BACKTRACE=1` environment variable to display a backtrace

thread 'ordinary_carriers::public_domain_tests::contract_expression_tests::reference_data_tests::csharp_03_t06_w09_reference_data_original_source' (6942673) panicked at crates/mpk-vc/tests/support/csharp_practical_ordinary_reference_data_tests.rs:66:10:
called `Result::unwrap()` on an `Err` value: Any { .. }
FAILED

failures:

failures:
    ordinary_carriers::public_domain_tests::contract_expression_tests::reference_data_tests::csharp_03_t06_w09_reference_data_original_source

test result: FAILED. 0 passed; 1 failed; 0 ignored; 0 measured; 316 filtered out; finished in 0.80s

