
running 1 test
test ordinary_carriers::public_domain_tests::contract_expression_tests::reference_data_tests::csharp_03_t06_w09_reference_data_original_source ... reference data start: guarded reference.value.mpk.csharp.instance.68630552d3cf32617731c14f77e5039d4c6a1a3c804a96b9cd1734e5bc85e547
reference case: guarded none
reference data end: guarded reference.value.mpk.csharp.instance.68630552d3cf32617731c14f77e5039d4c6a1a3c804a96b9cd1734e5bc85e547 0.010s
reference data context guarded: 1 definitions, 1 SSA points
reference data start: conditional reference.value.mpk.csharp.instance.68630552d3cf32617731c14f77e5039d4c6a1a3c804a96b9cd1734e5bc85e547
reference case: conditional none
reference data end: conditional reference.value.mpk.csharp.instance.68630552d3cf32617731c14f77e5039d4c6a1a3c804a96b9cd1734e5bc85e547 0.010s
reference data context conditional: 1 definitions, 1 SSA points
reference data start: suppressed reference.value.mpk.csharp.instance.68630552d3cf32617731c14f77e5039d4c6a1a3c804a96b9cd1734e5bc85e547
reference case: suppressed none
reference data end: suppressed reference.value.mpk.csharp.instance.68630552d3cf32617731c14f77e5039d4c6a1a3c804a96b9cd1734e5bc85e547 0.010s
reference data context suppressed: 1 definitions, 1 SSA points
reference data start: property reference.value.mpk.csharp.instance.68630552d3cf32617731c14f77e5039d4c6a1a3c804a96b9cd1734e5bc85e547
reference case: property none
reference data end: property reference.value.mpk.csharp.instance.68630552d3cf32617731c14f77e5039d4c6a1a3c804a96b9cd1734e5bc85e547 0.010s
reference data context property: 1 definitions, 1 SSA points
reference data: 4 contexts, 12 result observations
ok

test result: ok. 1 passed; 0 failed; 0 ignored; 0 measured; 316 filtered out; finished in 0.80s

