    Blocking waiting for file lock on build directory
    Finished `test` profile [unoptimized + debuginfo] target(s) in 7.81s
     Running tests/csharp_practical_vc.rs (target/debug/deps/csharp_practical_vc-dcf715cdb89904aa)

running 1 test
quoted decimal full packet 1
test ordinary_carriers::literal_tests::json_token_tests::csharp_03_t06_w09_json_tokens_quoted_decimals has been running for over 60 seconds
quoted decimal full packet 2
quoted decimal full packet 3
quoted decimal full packet 4
quoted decimal full packet 5
quoted decimal full packet 6
quoted decimal full packet 7
quoted decimal full packet 8
quoted decimal full packet 9
quoted decimal full packet 10
quoted decimal full packet 11
quoted decimal full packet 12
quoted decimal full packet 13
quoted decimal full packet 14
quoted decimal full packet 15
quoted decimal full packet 16
quoted decimal full packet 17
quoted decimal full packet 18
quoted decimal full packet 19
quoted decimal full packet 20
quoted decimal full packet 21
quoted decimal full packet 22
quoted decimal full packet 23
quoted decimal full packet 24
quoted decimal full packet 25
quoted decimal full packet 26
quoted decimal full packet 27
quoted decimal full packet 28
Quoted decimals: 28 all-1024-bit packets
test ordinary_carriers::literal_tests::json_token_tests::csharp_03_t06_w09_json_tokens_quoted_decimals ... ok

test result: ok. 1 passed; 0 failed; 0 ignored; 0 measured; 159 filtered out; finished in 974.98s

