    Blocking waiting for file lock on build directory
   Compiling mpk-vc v0.1.0 (/Users/kazuyoshitoshiya/mpk/crates/mpk-vc)
    Finished `test` profile [unoptimized + debuginfo] target(s) in 57.98s
     Running tests/csharp_practical_vc.rs (target/debug/deps/csharp_practical_vc-dcf715cdb89904aa)

running 1 test
Option JSON core case 0: accepted true
Option JSON core case 1: accepted true
Option JSON core case 2: accepted true
Option JSON core case 3: accepted true
Option JSON core case 4: accepted false
Option JSON core case 5: accepted false
Option JSON core case 6: accepted true
test ordinary_carriers::literal_tests::json_token_tests::product_tests::sum_tests::csharp_03_t06_w09_json_sum_option_actual_core has been running for over 60 seconds
Option JSON core case 7: accepted false
Option JSON core case 8: accepted false
Option JSON core case 9: accepted false
Option JSON core case 10: accepted false
Option JSON core case 11: accepted false
Option JSON core case 12: accepted false
Option JSON core case 13: accepted false
Option JSON core case 14: accepted false
Option JSON core case 15: accepted false
Option JSON core case 16: accepted false
test ordinary_carriers::literal_tests::json_token_tests::product_tests::sum_tests::csharp_03_t06_w09_json_sum_option_actual_core ... ok

test result: ok. 1 passed; 0 failed; 0 ignored; 0 measured; 188 filtered out; finished in 110.61s

