error: no test target named `csharp_practical_data_phase` in `mpk-vc` package
help: available test targets:
    call_wp
    canonical_json
    csharp_practical_inventory
    csharp_practical_registry
    csharp_practical_source_artifacts
    csharp_practical_spec
    csharp_practical_vc
    csharp_practical_vc_model
    csharp_practical_vir_model
    csharp_practical_vir_validation
    csharp_profile_spec
    go_profile_vectors
    go_vir_corpus
    java_profile_spec
    java_profile_vectors
    program_encoding
    program_wp
    release_bundle
    rust_calls
    rust_positive_corpus
    rust_runtime_safety
    safety_profiles
    semantic_profile_registry
    semantic_profile_registry_runtime
    source_manifest
    source_map
    successor_go_migration
    successor_rust_migration
    successor_source_artifacts
    successor_vc
    vc_hash_v1
    vc_skeleton_v1
    vc_v1
    verification_limits
    vir_differential
    vir_hash
    vir_loops
    vir_model
    vir_semantics_gate
    vir_validation
