    Finished `test` profile [unoptimized + debuginfo] target(s) in 0.08s
     Running tests/csharp_practical_vc.rs (target/debug/deps/csharp_practical_vc-dcf715cdb89904aa)

running 1 test
sum JSON "mpk.csharp.semantic.lookup.v1": accepted true,256 complete packet bits
sum JSON "mpk.csharp.semantic.lookup.v1": accepted true,256 complete packet bits
sum JSON "mpk.csharp.semantic.lookup.v1": accepted false,256 complete packet bits
sum JSON "mpk.csharp.semantic.lookup.v1": accepted false,256 complete packet bits
sum JSON "mpk.csharp.semantic.lookup.v1": accepted false,256 complete packet bits
sum JSON "mpk.csharp.semantic.result.v1": accepted true,256 complete packet bits
sum JSON "mpk.csharp.semantic.result.v1": accepted true,256 complete packet bits
sum JSON "mpk.csharp.semantic.result.v1": accepted true,256 complete packet bits
sum JSON "mpk.csharp.semantic.result.v1": accepted false,256 complete packet bits
test ordinary_carriers::literal_tests::json_token_tests::product_tests::sum_tests::runtime::csharp_03_t06_w09_json_sum_roles_actual_core has been running for over 60 seconds
sum JSON "mpk.csharp.semantic.result.v1": accepted false,256 complete packet bits
sum JSON "mpk.csharp.semantic.result.v1": accepted false,256 complete packet bits
sum JSON "mpk.csharp.semantic.boundary_field.v1": accepted true,256 complete packet bits
sum JSON "mpk.csharp.semantic.boundary_field.v1": accepted true,256 complete packet bits
sum JSON "mpk.csharp.semantic.boundary_field.v1": accepted true,256 complete packet bits
sum JSON "mpk.csharp.semantic.boundary_field.v1": accepted true,256 complete packet bits
sum JSON "mpk.csharp.semantic.boundary_field.v1": accepted false,256 complete packet bits
sum JSON "mpk.csharp.semantic.boundary_field.v1": accepted false,256 complete packet bits
sum JSON "mpk.csharp.semantic.boundary_field.v1": accepted false,256 complete packet bits
sum JSON "mpk.csharp.semantic.boundary_field.v1": accepted false,256 complete packet bits
sum JSON "mpk.csharp.semantic.boundary_field.v1": accepted false,256 complete packet bits
sum JSON "mpk.csharp.semantic.result.v1": accepted true,256 complete packet bits
sum JSON "mpk.csharp.semantic.result.v1": accepted true,256 complete packet bits
sum JSON "mpk.csharp.semantic.result.v1": accepted true,256 complete packet bits
sum JSON "mpk.csharp.semantic.result.v1": accepted false,256 complete packet bits
sum JSON "mpk.csharp.semantic.result.v1": accepted false,256 complete packet bits
sum JSON "mpk.csharp.semantic.result.v1": accepted false,256 complete packet bits
test ordinary_carriers::literal_tests::json_token_tests::product_tests::sum_tests::runtime::csharp_03_t06_w09_json_sum_roles_actual_core ... ok

test result: ok. 1 passed; 0 failed; 0 ignored; 0 measured; 193 filtered out; finished in 184.41s

