
running 1 test
test ordinary_carriers::outcome_tests::csharp_03_t06_w09_outcomes_original_source_certificates ... outcome certificate binding-vc-option: 1 instances
outcome certificate binding-vc-lookup: 1 instances
outcome certificate binding-vc-result: 1 instances
outcome certificate binding-vc-validation: 1 instances
outcome certificate binding-vc-boundary_field: 1 instances
outcome certificate binding-vc-ordered_map: 1 instances
outcome certificate nullable-float: 1 instances
outcome certificate nested-box: 1 instances
outcome certificate string: 1 instances
outcome certificate boundary-map-string: 1 instances
outcome certificate boundary-map-decimal: 1 instances
outcome certificate boundary-map-compound: 1 instances
outcome certificate boundary-total-cells: 1 instances
outcome certificate extra-validation-bool: 1 instances
outcome certificate extra-validation-product: 1 instances
outcome certificate extra-lookup-nullable: 2 instances
outcome certificates: 16 actual-source contexts; five template families
ok

test result: ok. 1 passed; 0 failed; 0 ignored; 0 measured; 310 filtered out; finished in 2.07s

