=== RUN   TestCheckerAgreementWithRustCLIJsonEnvelopes
=== RUN   TestCheckerAgreementWithRustCLIJsonEnvelopes/decimal_default.hex
=== RUN   TestCheckerAgreementWithRustCLIJsonEnvelopes/empty-input.hex
=== RUN   TestCheckerAgreementWithRustCLIJsonEnvelopes/enum_default.hex
=== RUN   TestCheckerAgreementWithRustCLIJsonEnvelopes/nullable_default.hex
=== RUN   TestCheckerAgreementWithRustCLIJsonEnvelopes/nullable_nonnull.hex
=== RUN   TestCheckerAgreementWithRustCLIJsonEnvelopes/nullable_required.hex
=== RUN   TestCheckerAgreementWithRustCLIJsonEnvelopes/optional_default.hex
=== RUN   TestCheckerAgreementWithRustCLIJsonEnvelopes/presence_default.hex
=== RUN   TestCheckerAgreementWithRustCLIJsonEnvelopes/presence_exposed.hex
=== RUN   TestCheckerAgreementWithRustCLIJsonEnvelopes/presence_instant.hex
=== RUN   TestCheckerAgreementWithRustCLIJsonEnvelopes/presence_missing_default.hex
=== RUN   TestCheckerAgreementWithRustCLIJsonEnvelopes/presence_nonmissing_zero.hex
=== RUN   TestCheckerAgreementWithRustCLIJsonEnvelopes/presence_required.hex
=== RUN   TestCheckerAgreementWithRustCLIJsonEnvelopes/raw_instant.hex
=== RUN   TestCheckerAgreementWithRustCLIJsonEnvelopes/required.hex
=== RUN   TestCheckerAgreementWithRustCLIJsonEnvelopes/surrogate_name.hex
--- PASS: TestCheckerAgreementWithRustCLIJsonEnvelopes (5344.10s)
    --- PASS: TestCheckerAgreementWithRustCLIJsonEnvelopes/decimal_default.hex (286.22s)
    --- PASS: TestCheckerAgreementWithRustCLIJsonEnvelopes/empty-input.hex (326.34s)
    --- PASS: TestCheckerAgreementWithRustCLIJsonEnvelopes/enum_default.hex (270.57s)
    --- PASS: TestCheckerAgreementWithRustCLIJsonEnvelopes/nullable_default.hex (402.85s)
    --- PASS: TestCheckerAgreementWithRustCLIJsonEnvelopes/nullable_nonnull.hex (340.05s)
    --- PASS: TestCheckerAgreementWithRustCLIJsonEnvelopes/nullable_required.hex (280.51s)
    --- PASS: TestCheckerAgreementWithRustCLIJsonEnvelopes/optional_default.hex (281.78s)
    --- PASS: TestCheckerAgreementWithRustCLIJsonEnvelopes/presence_default.hex (349.09s)
    --- PASS: TestCheckerAgreementWithRustCLIJsonEnvelopes/presence_exposed.hex (319.78s)
    --- PASS: TestCheckerAgreementWithRustCLIJsonEnvelopes/presence_instant.hex (277.66s)
    --- PASS: TestCheckerAgreementWithRustCLIJsonEnvelopes/presence_missing_default.hex (279.72s)
    --- PASS: TestCheckerAgreementWithRustCLIJsonEnvelopes/presence_nonmissing_zero.hex (311.86s)
    --- PASS: TestCheckerAgreementWithRustCLIJsonEnvelopes/presence_required.hex (312.47s)
    --- PASS: TestCheckerAgreementWithRustCLIJsonEnvelopes/raw_instant.hex (447.62s)
    --- PASS: TestCheckerAgreementWithRustCLIJsonEnvelopes/required.hex (316.83s)
    --- PASS: TestCheckerAgreementWithRustCLIJsonEnvelopes/surrogate_name.hex (540.74s)
PASS
ok  	github.com/finitefield-org/mpk/go-tools/mpk-checker-ref	5344.339s
