   Compiling mpk-vc v0.1.0 (/Users/kazuyoshitoshiya/mpk/crates/mpk-vc)
    Finished `release` profile [optimized] target(s) in 28.47s
     Running unittests src/lib.rs (target/release/deps/mpk_vc-4f3748aad12c0f7e)

running 12 tests
test csharp_practical_vir_model::ordinary_carriers::tests::ordinary_core_forced_thunk_releases_obsolete_environment ... ok
evaluated Bool false: cached=test csharp_practical_vir_model::ordinary_carriers::tests::ordinary_core_forced_thunk_preserves_result_closure_environment ... 4, uncached=3206
ok
test csharp_practical_vir_model::ordinary_carriers::observer_tests::ordinary_core_function_result_cache_does_not_create_capture_cycles ... ok
evaluated Bool test csharp_practical_vir_model::ordinary_carriers::observer_tests::ordinary_core_unused_binders_share_closures_and_release_arguments ... ok
true: cached=4, uncached=3206
test csharp_practical_vir_model::ordinary_carriers::observer_tests::ordinary_core_usage_analysis_preserves_lets_and_deep_captures ... ok
test csharp_practical_vir_model::ordinary_carriers::tests::ordinary_core_observer_preserves_unused_arguments ... ok
test csharp_practical_vir_model::ordinary_carriers::tests::ordinary_core_evaluated_boolean_suspension_uses_boolean_cache ... ok
bounded closed-definition cache: repeated work 7428 transitions; 160-entry eviction and cross-certificate cases passed
test csharp_practical_vir_model::ordinary_carriers::observer_tests::ordinary_core_closed_definition_cache_is_bounded_and_local ... ok
unused-argument cache: 92 Boolean/let terms, 736 eager/delayed observations
test csharp_practical_vir_model::ordinary_carriers::observer_tests::ordinary_core_usage_cache_matches_small_boolean_terms ... ok
test csharp_practical_vir_model::ordinary_carriers::observer_tests::ordinary_core_shared_function_arguments_reuse_results_without_retention ... ok
test csharp_practical_vir_model::ordinary_carriers::tests::ordinary_core_sparse_input_matches_dense_selectors ... ok
test csharp_practical_vir_model::ordinary_carriers::tests::ordinary_core_deep_environment_release_uses_a_worklist ... ok

test result: ok. 12 passed; 0 failed; 0 ignored; 0 measured; 132 filtered out; finished in 0.01s

