
running 1 test
test ordinary_carriers::public_domain_tests::contract_expression_tests::lifted_data_tests::csharp_03_t06_w09_lifted_data_original_source ... lifted data bool: 5 definitions, 5 SSA points, 0 observations
lifted data i32-checked: 13 definitions, 13 SSA points, 0 observations
lifted data i32-unchecked: 6 definitions, 6 SSA points, 0 observations
lifted data i64: 5 definitions, 5 SSA points, 0 observations
lifted runtime start: lifted.f32.equal.unchecked
lifted runtime completed: lifted.f32.equal.unchecked in 1.054s
lifted runtime start: lifted.f32.not_equal.unchecked
lifted runtime completed: lifted.f32.not_equal.unchecked in 1.012s
lifted runtime start: lifted.f32.less.unchecked
lifted runtime completed: lifted.f32.less.unchecked in 1.295s
lifted runtime start: lifted.f32.less_equal.unchecked
lifted runtime completed: lifted.f32.less_equal.unchecked in 2.798s
lifted runtime start: lifted.f32.greater.unchecked
lifted runtime completed: lifted.f32.greater.unchecked in 1.313s
lifted runtime start: lifted.f32.greater_equal.unchecked
lifted runtime completed: lifted.f32.greater_equal.unchecked in 2.280s
lifted data f32: 6 definitions, 6 SSA points, 432 observations
lifted data f64: 6 definitions, 6 SSA points, 432 observations
lifted data decimal: 6 definitions, 6 SSA points, 432 observations
ok

test result: ok. 1 passed; 0 failed; 0 ignored; 0 measured; 307 filtered out; finished in 15.38s

