    Finished `test` profile [unoptimized + debuginfo] target(s) in 0.07s
     Running tests/csharp_practical_vc.rs (target/debug/deps/csharp_practical_vc-dcf715cdb89904aa)

running 1 test
JSON enum core 1: "u16" "0", accepted true
JSON enum core 2: "u16" "65535", accepted true
JSON enum core 3: "u16" "0", accepted true
JSON enum core 4: "u16" "1", accepted false
JSON enum core 5: "u16" 0, accepted false
JSON enum core 6: "u16" "-0", accepted false
JSON enum core 7: "u16" "+0", accepted false
JSON enum core 8: "u16" "00", accepted false
JSON enum core 9: "u16" "High", accepted false
JSON enum core 10: "u16" "\u0030", accepted false
JSON enum core 11: "u16" "-1", accepted false
JSON enum core 12: "u16" "65536", accepted false
JSON enum core 13: "u16" x"0",, accepted true
JSON enum core 14: "u16" "0":, accepted false
JSON enum core 15: "i8" "-128", accepted true
JSON enum core 16: "i8" "127", accepted true
JSON enum core 17: "i8" "0", accepted true
JSON enum core 18: "i8" "1", accepted false
test ordinary_carriers::literal_tests::json_token_tests::product_tests::enum_tests::csharp_03_t06_w09_json_enums_actual_core has been running for over 60 seconds
JSON enum core 19: "i8" 0, accepted false
JSON enum core 20: "i8" "-0", accepted false
JSON enum core 21: "i8" "+0", accepted false
JSON enum core 22: "i8" "00", accepted false
JSON enum core 23: "i8" "High", accepted false
JSON enum core 24: "i8" "\u0030", accepted false
JSON enum core 25: "i8" "-129", accepted false
JSON enum core 26: "i8" "128", accepted false
JSON enum core 27: "i8" x"0",, accepted true
JSON enum core 28: "i8" "0":, accepted false
JSON enum core 29: "u32" "0", accepted true
JSON enum core 30: "u32" "4294967295", accepted true
JSON enum core 31: "u32" "0", accepted true
JSON enum core 32: "u32" "1", accepted false
JSON enum core 33: "u32" 0, accepted false
JSON enum core 34: "u32" "-0", accepted false
JSON enum core 35: "u32" "+0", accepted false
JSON enum core 36: "u32" "00", accepted false
JSON enum core 37: "u32" "High", accepted false
JSON enum core 38: "u32" "\u0030", accepted false
JSON enum core 39: "u32" "-1", accepted false
JSON enum core 40: "u32" "4294967296", accepted false
JSON enum core 41: "u32" x"0",, accepted true
JSON enum core 42: "u32" "0":, accepted false
JSON enum core 43: "i16" "-32768", accepted true
JSON enum core 44: "i16" "32767", accepted true
JSON enum core 45: "i16" "0", accepted true
JSON enum core 46: "i16" "1", accepted false
JSON enum core 47: "i16" 0, accepted false
JSON enum core 48: "i16" "-0", accepted false
JSON enum core 49: "i16" "+0", accepted false
JSON enum core 50: "i16" "00", accepted false
JSON enum core 51: "i16" "High", accepted false
JSON enum core 52: "i16" "\u0030", accepted false
JSON enum core 53: "i16" "-32769", accepted false
JSON enum core 54: "i16" "32768", accepted false
JSON enum core 55: "i16" x"0",, accepted true
JSON enum core 56: "i16" "0":, accepted false
JSON enum core 57: "i64" "-9223372036854775808", accepted true
JSON enum core 58: "i64" "9223372036854775807", accepted true
JSON enum core 59: "i64" "0", accepted true
JSON enum core 60: "i64" "1", accepted false
JSON enum core 61: "i64" 0, accepted false
JSON enum core 62: "i64" "-0", accepted false
JSON enum core 63: "i64" "+0", accepted false
JSON enum core 64: "i64" "00", accepted false
JSON enum core 65: "i64" "High", accepted false
JSON enum core 66: "i64" "\u0030", accepted false
JSON enum core 67: "i64" "-9223372036854775809", accepted false
JSON enum core 68: "i64" "9223372036854775808", accepted false
JSON enum core 69: "i64" x"0",, accepted true
JSON enum core 70: "i64" "0":, accepted false
JSON enum core 71: "u8" "0", accepted true
JSON enum core 72: "u8" "255", accepted true
JSON enum core 73: "u8" "0", accepted true
JSON enum core 74: "u8" "1", accepted false
JSON enum core 75: "u8" 0, accepted false
JSON enum core 76: "u8" "-0", accepted false
JSON enum core 77: "u8" "+0", accepted false
JSON enum core 78: "u8" "00", accepted false
JSON enum core 79: "u8" "High", accepted false
JSON enum core 80: "u8" "\u0030", accepted false
JSON enum core 81: "u8" "-1", accepted false
JSON enum core 82: "u8" "256", accepted false
JSON enum core 83: "u8" x"0",, accepted true
JSON enum core 84: "u8" "0":, accepted false
JSON enum core 85: "i32" "-2147483648", accepted true
JSON enum core 86: "i32" "2147483647", accepted true
JSON enum core 87: "i32" "0", accepted true
JSON enum core 88: "i32" "1", accepted false
JSON enum core 89: "i32" 0, accepted false
JSON enum core 90: "i32" "-0", accepted false
JSON enum core 91: "i32" "+0", accepted false
JSON enum core 92: "i32" "00", accepted false
JSON enum core 93: "i32" "High", accepted false
JSON enum core 94: "i32" "\u0030", accepted false
JSON enum core 95: "i32" "-2147483649", accepted false
JSON enum core 96: "i32" "2147483648", accepted false
JSON enum core 97: "i32" x"0",, accepted true
JSON enum core 98: "i32" "0":, accepted false
JSON enum core 99: "u64" "0", accepted true
JSON enum core 100: "u64" "18446744073709551615", accepted true
JSON enum core 101: "u64" "0", accepted true
JSON enum core 102: "u64" "1", accepted false
JSON enum core 103: "u64" 0, accepted false
JSON enum core 104: "u64" "-0", accepted false
JSON enum core 105: "u64" "+0", accepted false
JSON enum core 106: "u64" "00", accepted false
JSON enum core 107: "u64" "High", accepted false
JSON enum core 108: "u64" "\u0030", accepted false
JSON enum core 109: "u64" "-1", accepted false
JSON enum core 110: "u64" "18446744073709551616", accepted false
JSON enum core 111: "u64" x"0",, accepted true
JSON enum core 112: "u64" "0":, accepted false
JSON enum core 113: null {"V0":"-128","V1":"255","V2":"-32768","V3":"65535","V4":"-2147483648","V5":"4294967295","V6":"-9223372036854775808","V7":"18446744073709551615"}, accepted true
JSON enum core 114: null {"V0":"-128","V1":"255","V2":"-32768","V3":"65535","V4":"-2147483648","V5":"4294967295","V6":"-9223372036854775808","V7":"18446744073709551615"}, accepted false
JSON enum core 115: null {"V0":"1","V1":"255","V2":"-32768","V3":"65535","V4":"-2147483648","V5":"4294967295","V6":"-9223372036854775808","V7":"18446744073709551615"}, accepted false
test ordinary_carriers::literal_tests::json_token_tests::product_tests::enum_tests::csharp_03_t06_w09_json_enums_actual_core ... ok

test result: ok. 1 passed; 0 failed; 0 ignored; 0 measured; 177 filtered out; finished in 669.90s

