=== RUN   TestCheckerAgreementWithRustCLISourceClauses
=== RUN   TestCheckerAgreementWithRustCLISourceClauses/broken_constructor.hex
=== RUN   TestCheckerAgreementWithRustCLISourceClauses/broken_default.hex
=== RUN   TestCheckerAgreementWithRustCLISourceClauses/broken_initializer.hex
=== RUN   TestCheckerAgreementWithRustCLISourceClauses/contract-lowering.hex
=== RUN   TestCheckerAgreementWithRustCLISourceClauses/enum_zero.hex
=== RUN   TestCheckerAgreementWithRustCLISourceClauses/positive_constructor.hex
=== RUN   TestCheckerAgreementWithRustCLISourceClauses/positive_default.hex
=== RUN   TestCheckerAgreementWithRustCLISourceClauses/positive_initializer.hex
--- PASS: TestCheckerAgreementWithRustCLISourceClauses (36.65s)
    --- PASS: TestCheckerAgreementWithRustCLISourceClauses/broken_constructor.hex (27.10s)
    --- PASS: TestCheckerAgreementWithRustCLISourceClauses/broken_default.hex (1.37s)
    --- PASS: TestCheckerAgreementWithRustCLISourceClauses/broken_initializer.hex (1.38s)
    --- PASS: TestCheckerAgreementWithRustCLISourceClauses/contract-lowering.hex (1.33s)
    --- PASS: TestCheckerAgreementWithRustCLISourceClauses/enum_zero.hex (1.29s)
    --- PASS: TestCheckerAgreementWithRustCLISourceClauses/positive_constructor.hex (1.36s)
    --- PASS: TestCheckerAgreementWithRustCLISourceClauses/positive_default.hex (1.44s)
    --- PASS: TestCheckerAgreementWithRustCLISourceClauses/positive_initializer.hex (1.37s)
PASS
ok  	github.com/finitefield-org/mpk/go-tools/mpk-checker-ref	37.014s
