
running 1 test
test ordinary_carriers::projection_tests::binding_relation_tests::default_tests::csharp_03_t06_w09_binding_defaults_original_closed_conditions ... binding default observations binding-vc-boundary_field
binding default observations binding-vc-bounded_sequence
binding default observations binding-vc-instant
binding default observations binding-vc-lookup
binding default observations binding-vc-money
binding default observations binding-vc-option
binding default observations binding-vc-ordered_entry
binding default observations binding-vc-ordered_map
binding default observations binding-vc-ordered_set
binding default observations binding-vc-result
binding default observations binding-vc-transition
binding default observations binding-vc-validation
binding default observations bool-construction
binding default observations bool-float-entry
binding default observations boundary-exception-empty
binding default observations boundary-exception-payload
binding default observations boundary-map-compound
binding default observations boundary-map-decimal
binding default observations boundary-map-string
binding default observations boundary-set-decimal
binding default observations boundary-total-cells
binding default observations complete-snapshot
binding default observations construction-vc-enum_zero
binding default observations construction-vc-positive_constructor
binding default observations date
binding default observations enum-construction
binding default observations exception-vc-allowed
binding default observations extra-bool-float-map
binding default observations extra-bool-nullable-map
binding default observations extra-lookup-nullable
binding default observations extra-shared-lookup-maps
binding default observations extra-validation-bool
binding default observations extra-validation-product
binding default observations float-sequence
binding default observations floats
binding default observations guid
binding default observations nested-box
binding default observations nullable-float
binding default observations nullable-string-default
binding default observations parse-error-contract
binding default observations product-construction
binding default observations string
binding default observations unit-void-source
binding default observations remapped-boundary-sequence
binding default observations float-make-commutation
binding default observations: 16 actual defaults, 2368 bits, 3 closed conditions, 3 unproven declaration flags, 157 invalid source with matching arm, 2 valid source with wrong arm
ok

test result: ok. 1 passed; 0 failed; 0 ignored; 0 measured; 378 filtered out; finished in 9.64s

