
running 1 test
test ordinary_carriers::projection_tests::binding_relation_tests::default_tests::csharp_03_t06_w09_binding_defaults_original_source_certificates ... binding defaults start binding-vc-boundary_field
binding defaults complete binding-vc-boundary_field: 0 conditions, 1 defaults unresolved, 23 proofs pending
binding defaults start binding-vc-bounded_sequence
binding defaults complete binding-vc-bounded_sequence: 0 conditions, 1 defaults unresolved, 15 proofs pending
binding defaults start binding-vc-instant
binding defaults complete binding-vc-instant: 0 conditions, 1 defaults unresolved, 9 proofs pending
binding defaults start binding-vc-lookup
binding defaults complete binding-vc-lookup: 1 conditions, 0 defaults unresolved, 21 proofs pending
binding defaults start binding-vc-money
binding defaults complete binding-vc-money: 0 conditions, 1 defaults unresolved, 22 proofs pending
binding defaults start binding-vc-option
binding defaults complete binding-vc-option: 1 conditions, 0 defaults unresolved, 22 proofs pending
binding defaults start binding-vc-ordered_entry
binding defaults complete binding-vc-ordered_entry: 0 conditions, 1 defaults unresolved, 17 proofs pending
binding defaults start binding-vc-ordered_map
binding defaults complete binding-vc-ordered_map: 0 conditions, 2 defaults unresolved, 54 proofs pending
binding defaults start binding-vc-ordered_set
binding defaults complete binding-vc-ordered_set: 0 conditions, 1 defaults unresolved, 23 proofs pending
binding defaults start binding-vc-result
binding defaults complete binding-vc-result: 0 conditions, 1 defaults unresolved, 24 proofs pending
binding defaults start binding-vc-transition
binding defaults complete binding-vc-transition: 0 conditions, 1 defaults unresolved, 26 proofs pending
binding defaults start binding-vc-validation
binding defaults complete binding-vc-validation: 0 conditions, 1 defaults unresolved, 32 proofs pending
binding defaults start bool-construction
binding defaults complete bool-construction: 0 conditions, 0 defaults unresolved, 11 proofs pending
binding defaults start bool-float-entry
binding defaults complete bool-float-entry: 0 conditions, 1 defaults unresolved, 16 proofs pending
binding defaults start boundary-exception-empty
binding defaults complete boundary-exception-empty: 0 conditions, 0 defaults unresolved, 0 proofs pending
binding defaults start boundary-exception-payload
binding defaults complete boundary-exception-payload: 0 conditions, 0 defaults unresolved, 0 proofs pending
binding defaults start boundary-map-compound
binding defaults complete boundary-map-compound: 0 conditions, 2 defaults unresolved, 54 proofs pending
binding defaults start boundary-map-decimal
binding defaults complete boundary-map-decimal: 0 conditions, 2 defaults unresolved, 54 proofs pending
binding defaults start boundary-map-string
binding defaults complete boundary-map-string: 0 conditions, 2 defaults unresolved, 54 proofs pending
binding defaults start boundary-set-decimal
binding defaults complete boundary-set-decimal: 0 conditions, 1 defaults unresolved, 23 proofs pending
binding defaults start boundary-total-cells
binding defaults complete boundary-total-cells: 0 conditions, 0 defaults unresolved, 13 proofs pending
binding defaults start complete-snapshot
binding defaults complete complete-snapshot: 0 conditions, 0 defaults unresolved, 11 proofs pending
binding defaults start construction-vc-enum_zero
binding defaults complete construction-vc-enum_zero: 0 conditions, 0 defaults unresolved, 0 proofs pending
binding defaults start construction-vc-positive_constructor
binding defaults complete construction-vc-positive_constructor: 0 conditions, 0 defaults unresolved, 0 proofs pending
binding defaults start date
binding defaults complete date: 0 conditions, 0 defaults unresolved, 0 proofs pending
binding defaults start enum-construction
binding defaults complete enum-construction: 0 conditions, 0 defaults unresolved, 11 proofs pending
binding defaults start exception-vc-allowed
binding defaults complete exception-vc-allowed: 0 conditions, 0 defaults unresolved, 0 proofs pending
binding defaults start extra-bool-float-map
binding defaults complete extra-bool-float-map: 0 conditions, 2 defaults unresolved, 49 proofs pending
binding defaults start extra-bool-nullable-map
binding defaults complete extra-bool-nullable-map: 0 conditions, 2 defaults unresolved, 62 proofs pending
binding defaults start extra-lookup-nullable
binding defaults complete extra-lookup-nullable: 1 conditions, 0 defaults unresolved, 29 proofs pending
binding defaults start extra-shared-lookup-maps
binding defaults complete extra-shared-lookup-maps: 0 conditions, 4 defaults unresolved, 101 proofs pending
binding defaults start extra-validation-bool
binding defaults complete extra-validation-bool: 0 conditions, 1 defaults unresolved, 32 proofs pending
binding defaults start extra-validation-product
binding defaults complete extra-validation-product: 0 conditions, 1 defaults unresolved, 32 proofs pending
binding defaults start float-sequence
binding defaults complete float-sequence: 0 conditions, 0 defaults unresolved, 10 proofs pending
binding defaults start floats
binding defaults complete floats: 0 conditions, 0 defaults unresolved, 0 proofs pending
binding defaults start guid
binding defaults complete guid: 0 conditions, 0 defaults unresolved, 0 proofs pending
binding defaults start nested-box
binding defaults complete nested-box: 0 conditions, 0 defaults unresolved, 19 proofs pending
binding defaults start nullable-float
binding defaults complete nullable-float: 0 conditions, 0 defaults unresolved, 7 proofs pending
binding defaults start nullable-string-default
binding defaults complete nullable-string-default: 0 conditions, 0 defaults unresolved, 19 proofs pending
binding defaults start parse-error-contract
binding defaults complete parse-error-contract: 0 conditions, 0 defaults unresolved, 0 proofs pending
binding defaults start product-construction
binding defaults complete product-construction: 0 conditions, 0 defaults unresolved, 11 proofs pending
binding defaults start string
binding defaults complete string: 0 conditions, 0 defaults unresolved, 8 proofs pending
binding defaults start unit-void-source
binding defaults complete unit-void-source: 0 conditions, 0 defaults unresolved, 8 proofs pending
binding defaults start remapped-boundary-sequence
binding defaults complete remapped-boundary-sequence: 0 conditions, 2 defaults unresolved, 45 proofs pending
binding defaults start float-make-commutation
binding defaults complete float-make-commutation: 0 conditions, 1 defaults unresolved, 20 proofs pending
ok

test result: ok. 1 passed; 0 failed; 0 ignored; 0 measured; 378 filtered out; finished in 15.84s

