   Compiling mpk-vc v0.1.0 (/Users/kazuyoshitoshiya/mpk/crates/mpk-vc)
    Finished `test` profile [unoptimized + debuginfo] target(s) in 11.25s
     Running tests/csharp_practical_vc.rs (target/debug/deps/csharp_practical_vc-dcf715cdb89904aa)

running 2 tests
test ordinary_carriers::public_domain_tests::definedness_clause_tests::csharp_03_t06_w09_definedness_certificate_compatibility ... ok
test ordinary_carriers::sequence_tests::csharp_03_t06_w09_sequences_original_source_certificates ... sequence source binding-vc-validation: 1 instances
sequence source binding-vc-transition: 1 instances
sequence source binding-vc-bounded_sequence: 1 instances
sequence source binding-vc-ordered_map: 2 instances
sequence source binding-vc-ordered_set: 1 instances
sequence source nested-box: 1 instances
sequence source boundary-map-string: 2 instances
sequence source boundary-map-decimal: 2 instances
sequence source boundary-set-decimal: 1 instances
sequence source boundary-map-compound: 2 instances
sequence source boundary-total-cells: 1 instances
sequence source float-sequence: 1 instances
sequence certificates: 12 source contexts; no value observations in this pass
ok

test result: ok. 2 passed; 0 failed; 0 ignored; 0 measured; 240 filtered out; finished in 37.60s

