=== RUN   TestCheckerAgreementWithRustCLIJsonSequences
=== RUN   TestCheckerAgreementWithRustCLIJsonSequences/source-arrays.hex
panic: test timed out after 10m0s
	running tests:
		TestCheckerAgreementWithRustCLIJsonSequences (10m0s)
		TestCheckerAgreementWithRustCLIJsonSequences/source-arrays.hex (10m0s)

goroutine 49 [running]:
testing.(*M).startAlarm.func1()
	/usr/local/go/src/testing/testing.go:2373 +0x30c
created by time.goFunc
	/usr/local/go/src/time/sleep.go:215 +0x38

goroutine 1 [chan receive, 10 minutes]:
testing.(*T).Run(0x1400010e4e0, {0x104bdadf2?, 0x14000135b48?}, 0x104c5d298)
	/usr/local/go/src/testing/testing.go:1751 +0x328
testing.runTests.func1(0x1400010e4e0)
	/usr/local/go/src/testing/testing.go:2168 +0x40
testing.tRunner(0x1400010e4e0, 0x14000135c68)
	/usr/local/go/src/testing/testing.go:1690 +0xe4
testing.runTests(0x1400000c048, {0x104d741a0, 0x67, 0x67}, {0xe100000000000000?, 0xe1b8b4f50c88b8c5?, 0x104d76740?})
	/usr/local/go/src/testing/testing.go:2166 +0x3ac
testing.(*M).Run(0x1400007a0a0)
	/usr/local/go/src/testing/testing.go:2034 +0x588
main.main()
	_testmain.go:249 +0x90

goroutine 3 [chan receive, 10 minutes]:
testing.(*T).Run(0x1400010e680, {0x140000204bc?, 0x0?}, 0x140001084e0)
	/usr/local/go/src/testing/testing.go:1751 +0x328
github.com/finitefield-org/mpk/go-tools/mpk-checker-ref.checkOrdinaryCertificates(0x1400010e680, {0x104bd04c2, 0xe}, 0x1)
	/Users/kazuyoshitoshiya/mpk/go-tools/mpk-checker-ref/checker_agreement_test.go:385 +0x160
github.com/finitefield-org/mpk/go-tools/mpk-checker-ref.TestCheckerAgreementWithRustCLIJsonSequences(0x1400010e680?)
	/Users/kazuyoshitoshiya/mpk/go-tools/mpk-checker-ref/checker_agreement_test.go:576 +0x2c
testing.tRunner(0x1400010e680, 0x104c5d298)
	/usr/local/go/src/testing/testing.go:1690 +0xe4
created by testing.(*T).Run in goroutine 1
	/usr/local/go/src/testing/testing.go:1743 +0x314

goroutine 4 [runnable]:
github.com/finitefield-org/mpk/go-tools/mpk-checker-ref.(*coreTermArena).intern(0x1400131b7d0, {0x5, 0x2, 0x21631, 0x0, {0x0, 0x0, 0x0}, {0x0, 0x0, ...}})
	/Users/kazuyoshitoshiya/mpk/go-tools/mpk-checker-ref/core_check.go:999 +0x9c
github.com/finitefield-org/mpk/go-tools/mpk-checker-ref.(*coreTermArena).pi(...)
	/Users/kazuyoshitoshiya/mpk/go-tools/mpk-checker-ref/core_check.go:991
github.com/finitefield-org/mpk/go-tools/mpk-checker-ref.(*coreState).openBinderAtDepth(0x1400131b7b8, 0x0?, 0xa1, 0x2)
	/Users/kazuyoshitoshiya/mpk/go-tools/mpk-checker-ref/core_check.go:691 +0x554
github.com/finitefield-org/mpk/go-tools/mpk-checker-ref.(*coreState).openBinderAtDepth(0x1400131b7b8, 0x0?, 0xa1, 0x1)
	/Users/kazuyoshitoshiya/mpk/go-tools/mpk-checker-ref/core_check.go:687 +0x4e4
github.com/finitefield-org/mpk/go-tools/mpk-checker-ref.(*coreState).openBinderAtDepth(0x1400131b7b8, 0xa1?, 0xa1, 0x0)
	/Users/kazuyoshitoshiya/mpk/go-tools/mpk-checker-ref/core_check.go:687 +0x4e4
github.com/finitefield-org/mpk/go-tools/mpk-checker-ref.(*coreState).substituteTop(...)
	/Users/kazuyoshitoshiya/mpk/go-tools/mpk-checker-ref/core_check.go:634
github.com/finitefield-org/mpk/go-tools/mpk-checker-ref.(*coreState).inferApp(0x1400131b7b8, 0x21931, 0x0?, {0x14002a67170, 0x22, 0x14001316fe8?}, {0x14002abcb60, 0x22, 0x22})
	/Users/kazuyoshitoshiya/mpk/go-tools/mpk-checker-ref/core_check.go:478 +0x154
github.com/finitefield-org/mpk/go-tools/mpk-checker-ref.(*coreState).infer(0x22?, 0x2abc9c0?, {0x14002abcb60?, 0x0?, 0x0?})
	/Users/kazuyoshitoshiya/mpk/go-tools/mpk-checker-ref/core_check.go:387 +0x2f4
github.com/finitefield-org/mpk/go-tools/mpk-checker-ref.(*coreState).check(0x1400131b7b8, 0x21931, 0x2, {0x14002abcb60?, 0x0?, 0x0?})
	/Users/kazuyoshitoshiya/mpk/go-tools/mpk-checker-ref/core_check.go:415 +0x2b8
github.com/finitefield-org/mpk/go-tools/mpk-checker-ref.(*coreState).check(0x1400131b7b8, 0x2abe000?, 0x3, {0x14002abc820, 0x21, 0x0?})
	/Users/kazuyoshitoshiya/mpk/go-tools/mpk-checker-ref/core_check.go:412 +0x224
github.com/finitefield-org/mpk/go-tools/mpk-checker-ref.(*coreState).check(0x1400131b7b8, 0x2abbb00?, 0x4, {0x14002abe180, 0x20, 0x0?})
	/Users/kazuyoshitoshiya/mpk/go-tools/mpk-checker-ref/core_check.go:412 +0x224
github.com/finitefield-org/mpk/go-tools/mpk-checker-ref.(*coreState).check(0x1400131b7b8, 0x2abb500?, 0x5, {0x14002abbe00, 0x1f, 0x0?})
	/Users/kazuyoshitoshiya/mpk/go-tools/mpk-checker-ref/core_check.go:412 +0x224
github.com/finitefield-org/mpk/go-tools/mpk-checker-ref.(*coreState).check(0x1400131b7b8, 0x2ab7080?, 0x18, {0x14002abb980, 0x1e, 0x0?})
	/Users/kazuyoshitoshiya/mpk/go-tools/mpk-checker-ref/core_check.go:412 +0x224
github.com/finitefield-org/mpk/go-tools/mpk-checker-ref.(*coreState).check(0x1400131b7b8, 0x2ab6c60?, 0x19, {0x14002ab71e0, 0x1d, 0x0?})
	/Users/kazuyoshitoshiya/mpk/go-tools/mpk-checker-ref/core_check.go:412 +0x224
github.com/finitefield-org/mpk/go-tools/mpk-checker-ref.(*coreState).check(0x1400131b7b8, 0x2ab66e0?, 0x1a, {0x14002ab6f20, 0x1c, 0x0?})
	/Users/kazuyoshitoshiya/mpk/go-tools/mpk-checker-ref/core_check.go:412 +0x224
github.com/finitefield-org/mpk/go-tools/mpk-checker-ref.(*coreState).check(0x1400131b7b8, 0x2aa9cc0?, 0x1b, {0x14002ab6b00, 0x1b, 0x0?})
	/Users/kazuyoshitoshiya/mpk/go-tools/mpk-checker-ref/core_check.go:412 +0x224
github.com/finitefield-org/mpk/go-tools/mpk-checker-ref.(*coreState).check(0x1400131b7b8, 0x2aa9900?, 0x1c, {0x14002aa9e00, 0x1a, 0x0?})
	/Users/kazuyoshitoshiya/mpk/go-tools/mpk-checker-ref/core_check.go:412 +0x224
github.com/finitefield-org/mpk/go-tools/mpk-checker-ref.(*coreState).check(0x1400131b7b8, 0x2ab2b40?, 0x1d, {0x14002aa9b80, 0x19, 0x0?})
	/Users/kazuyoshitoshiya/mpk/go-tools/mpk-checker-ref/core_check.go:412 +0x224
github.com/finitefield-org/mpk/go-tools/mpk-checker-ref.(*coreState).check(0x1400131b7b8, 0x2ab27e0?, 0x1e, {0x14002ab2c60, 0x18, 0x0?})
	/Users/kazuyoshitoshiya/mpk/go-tools/mpk-checker-ref/core_check.go:412 +0x224
github.com/finitefield-org/mpk/go-tools/mpk-checker-ref.(*coreState).check(0x1400131b7b8, 0x2ab2360?, 0x1f, {0x14002ab2a20, 0x17, 0x0?})
	/Users/kazuyoshitoshiya/mpk/go-tools/mpk-checker-ref/core_check.go:412 +0x224
github.com/finitefield-org/mpk/go-tools/mpk-checker-ref.(*coreState).check(0x1400131b7b8, 0x2a7d900?, 0x20, {0x14002ab26c0, 0x16, 0x0?})
	/Users/kazuyoshitoshiya/mpk/go-tools/mpk-checker-ref/core_check.go:412 +0x224
github.com/finitefield-org/mpk/go-tools/mpk-checker-ref.(*coreState).check(0x1400131b7b8, 0x2a97590?, 0x21, {0x14002a7da00, 0x15, 0x0?})
	/Users/kazuyoshitoshiya/mpk/go-tools/mpk-checker-ref/core_check.go:412 +0x224
github.com/finitefield-org/mpk/go-tools/mpk-checker-ref.(*coreState).check(0x1400131b7b8, 0x2a972c0?, 0x22, {0x14002a97680, 0x14, 0x0?})
	/Users/kazuyoshitoshiya/mpk/go-tools/mpk-checker-ref/core_check.go:412 +0x224
github.com/finitefield-org/mpk/go-tools/mpk-checker-ref.(*coreState).check(0x1400131b7b8, 0x0?, 0x23, {0x14002a974a0, 0x13, 0x0?})
	/Users/kazuyoshitoshiya/mpk/go-tools/mpk-checker-ref/core_check.go:412 +0x224
github.com/finitefield-org/mpk/go-tools/mpk-checker-ref.(*coreState).check(0x1400131b7b8, 0x2aa6340?, 0x24, {0x14002ab0000, 0x12, 0x0?})
	/Users/kazuyoshitoshiya/mpk/go-tools/mpk-checker-ref/core_check.go:412 +0x224
github.com/finitefield-org/mpk/go-tools/mpk-checker-ref.(*coreState).check(0x1400131b7b8, 0x2a91080?, 0x25, {0x14002aa6410, 0x11, 0x0?})
	/Users/kazuyoshitoshiya/mpk/go-tools/mpk-checker-ref/core_check.go:412 +0x224
github.com/finitefield-org/mpk/go-tools/mpk-checker-ref.(*coreState).check(0x1400131b7b8, 0x2a90e40?, 0x26, {0x14002a91140, 0x10, 0x0?})
	/Users/kazuyoshitoshiya/mpk/go-tools/mpk-checker-ref/core_check.go:412 +0x224
github.com/finitefield-org/mpk/go-tools/mpk-checker-ref.(*coreState).check(0x1400131b7b8, 0x2a41a20?, 0x27, {0x14002a90fc0, 0xf, 0x0?})
	/Users/kazuyoshitoshiya/mpk/go-tools/mpk-checker-ref/core_check.go:412 +0x224
github.com/finitefield-org/mpk/go-tools/mpk-checker-ref.(*coreState).check(0x1400131b7b8, 0x2a94320?, 0x28, {0x14002a41ad0, 0xe, 0x0?})
	/Users/kazuyoshitoshiya/mpk/go-tools/mpk-checker-ref/core_check.go:412 +0x224
github.com/finitefield-org/mpk/go-tools/mpk-checker-ref.(*coreState).check(0x1400131b7b8, 0x2a982d0?, 0x29, {0x14002a943c0, 0xd, 0x0?})
	/Users/kazuyoshitoshiya/mpk/go-tools/mpk-checker-ref/core_check.go:412 +0x224
github.com/finitefield-org/mpk/go-tools/mpk-checker-ref.(*coreState).check(0x1400131b7b8, 0x2a98120?, 0x2a, {0x14002a98360, 0xc, 0x0?})
	/Users/kazuyoshitoshiya/mpk/go-tools/mpk-checker-ref/core_check.go:412 +0x224
github.com/finitefield-org/mpk/go-tools/mpk-checker-ref.(*coreState).check(0x1400131b7b8, 0x2a01b00?, 0x2b, {0x14002a98240, 0xb, 0x0?})
	/Users/kazuyoshitoshiya/mpk/go-tools/mpk-checker-ref/core_check.go:412 +0x224
github.com/finitefield-org/mpk/go-tools/mpk-checker-ref.(*coreState).check(0x1400131b7b8, 0x2a8e1c0?, 0x2c, {0x14002a01b80, 0xa, 0x0?})
	/Users/kazuyoshitoshiya/mpk/go-tools/mpk-checker-ref/core_check.go:412 +0x224
github.com/finitefield-org/mpk/go-tools/mpk-checker-ref.(*coreState).check(0x1400131b7b8, 0x2a6f440?, 0x2162e, {0x14002a8e230, 0x9, 0x0?})
	/Users/kazuyoshitoshiya/mpk/go-tools/mpk-checker-ref/core_check.go:412 +0x224
github.com/finitefield-org/mpk/go-tools/mpk-checker-ref.(*coreState).check(0x1400131b7b8, 0x2a6f320?, 0x2162f, {0x14002a6f4a0, 0x8, 0x0?})
	/Users/kazuyoshitoshiya/mpk/go-tools/mpk-checker-ref/core_check.go:412 +0x224
github.com/finitefield-org/mpk/go-tools/mpk-checker-ref.(*coreState).check(0x1400131b7b8, 0x2a5eaf0?, 0x21630, {0x14002a6f3e0, 0x7, 0x0?})
	/Users/kazuyoshitoshiya/mpk/go-tools/mpk-checker-ref/core_check.go:412 +0x224
github.com/finitefield-org/mpk/go-tools/mpk-checker-ref.(*coreState).check(0x1400131b7b8, 0x11dd400?, 0x21631, {0x14002a5eb40, 0x6, 0x0?})
	/Users/kazuyoshitoshiya/mpk/go-tools/mpk-checker-ref/core_check.go:412 +0x224
github.com/finitefield-org/mpk/go-tools/mpk-checker-ref.(*coreState).check(0x1400131b7b8, 0x2a60a50?, 0x21632, {0x140011dd440, 0x5, 0x0?})
	/Users/kazuyoshitoshiya/mpk/go-tools/mpk-checker-ref/core_check.go:412 +0x224
github.com/finitefield-org/mpk/go-tools/mpk-checker-ref.(*coreState).check(0x1400131b7b8, 0x2a609c0?, 0x21633, {0x14002a60a80, 0x4, 0x0?})
	/Users/kazuyoshitoshiya/mpk/go-tools/mpk-checker-ref/core_check.go:412 +0x224
github.com/finitefield-org/mpk/go-tools/mpk-checker-ref.(*coreState).check(0x1400131b7b8, 0x13e2d38?, 0x21634, {0x14002a60a20, 0x3, 0x0?})
	/Users/kazuyoshitoshiya/mpk/go-tools/mpk-checker-ref/core_check.go:412 +0x224
github.com/finitefield-org/mpk/go-tools/mpk-checker-ref.(*coreState).check(0x1400131b7b8, 0x2a5d570?, 0x216e9, {0x140013e2d50, 0x2, 0x0?})
	/Users/kazuyoshitoshiya/mpk/go-tools/mpk-checker-ref/core_check.go:412 +0x224
github.com/finitefield-org/mpk/go-tools/mpk-checker-ref.(*coreState).check(0x1400131b7b8, 0x0?, 0x2181e, {0x14002a5d690, 0x1, 0x218ab04ac2005?})
	/Users/kazuyoshitoshiya/mpk/go-tools/mpk-checker-ref/core_check.go:412 +0x224
github.com/finitefield-org/mpk/go-tools/mpk-checker-ref.(*coreState).check(0x1400131b7b8, 0x82b?, 0x21930, {0x0, 0x0, 0x104c4e760?})
	/Users/kazuyoshitoshiya/mpk/go-tools/mpk-checker-ref/core_check.go:412 +0x224
github.com/finitefield-org/mpk/go-tools/mpk-checker-ref.(*coreCheckContext).checkDeclarations(0x1400131b7b0)
	/Users/kazuyoshitoshiya/mpk/go-tools/mpk-checker-ref/core_check.go:110 +0x114
github.com/finitefield-org/mpk/go-tools/mpk-checker-ref.CheckProofNodesWithProfile(0x1400010e000, {0x104bd0460, 0xe})
	/Users/kazuyoshitoshiya/mpk/go-tools/mpk-checker-ref/proof_check.go:49 +0x180
github.com/finitefield-org/mpk/go-tools/mpk-checker-ref.CheckProofNodes(...)
	/Users/kazuyoshitoshiya/mpk/go-tools/mpk-checker-ref/proof_check.go:44
github.com/finitefield-org/mpk/go-tools/mpk-checker-ref.VerifyCertificate(_, {0x79, 0x28, 0xe8, 0xde, 0x21, 0x36, 0xac, 0xdd, 0xd1, ...})
	/Users/kazuyoshitoshiya/mpk/go-tools/mpk-checker-ref/verify.go:60 +0x78
github.com/finitefield-org/mpk/go-tools/mpk-checker-ref.VerifyCertificateBytes({0x1400080e000, 0x187b71, 0x187b71})
	/Users/kazuyoshitoshiya/mpk/go-tools/mpk-checker-ref/verify.go:45 +0x158
github.com/finitefield-org/mpk/go-tools/mpk-checker-ref.checkOrdinaryCertificates.func1(0x1400010e820)
	/Users/kazuyoshitoshiya/mpk/go-tools/mpk-checker-ref/checker_agreement_test.go:397 +0x260
testing.tRunner(0x1400010e820, 0x140001084e0)
	/usr/local/go/src/testing/testing.go:1690 +0xe4
created by testing.(*T).Run in goroutine 3
	/usr/local/go/src/testing/testing.go:1743 +0x314
exit status 2
FAIL	github.com/finitefield-org/mpk/go-tools/mpk-checker-ref	600.418s
