   Compiling mpk-vc v0.1.0 (/Users/kazuyoshitoshiya/mpk/crates/mpk-vc)
    Finished `test` profile [unoptimized + debuginfo] target(s) in 8.40s
     Running tests/csharp_practical_vc.rs (target/debug/deps/csharp_practical_vc-dcf715cdb89904aa)

running 1 test
JSON sequence core 1: 16384 packet bits, valid true
JSON sequence core 2: 16384 packet bits, valid true
JSON sequence core 3: 2270 packet bits, valid false
JSON sequence core 4: 2270 packet bits, valid false
JSON sequence core 5: 2270 packet bits, valid false
JSON sequence core 6: 2270 packet bits, valid false
JSON sequence core 7: 2270 packet bits, valid false
JSON sequence core 8: 2270 packet bits, valid false
JSON sequence core 9: 2270 packet bits, valid false
JSON sequence core 10: 2270 packet bits, valid false
JSON sequence core 11: 2741 packet bits, valid true
test ordinary_carriers::literal_tests::json_token_tests::product_tests::sequence_tests::csharp_03_t06_w09_json_sequence_actual_core has been running for over 60 seconds
JSON sequence core 12: 2406 packet bits, valid false
JSON sequence core 13: 2741 packet bits, valid true
JSON sequence core 14: 3231 packet bits, valid true
JSON sequence core 15: 2295 packet bits, valid false
JSON sequence core 16: 2310 packet bits, valid true
JSON sequence core 17: 4342 packet bits, valid true
JSON sequence core 18: 2297 packet bits, valid false
JSON sequence runtime: 18 cases; two complete C14 packets and explicit wide probes
test ordinary_carriers::literal_tests::json_token_tests::product_tests::sequence_tests::csharp_03_t06_w09_json_sequence_actual_core ... ok

test result: ok. 1 passed; 0 failed; 0 ignored; 0 measured; 187 filtered out; finished in 251.90s

