=== RUN   TestJsonSequenceDebug
    zz_json_sequence_debug_test.go:15: error=not_a_function: application 137039 argument 0 has non-pi function type const checked=2074
    zz_json_sequence_debug_test.go:18: failed declaration Mpk.CSharp.Ordinary.JsonValues.Packet.D32.Project.D7.R0 {Name:2063 Tag:1 Type:73 Value:137097 Proof:0 Inductive:0 Generated:false Reducibility:0}
    zz_json_sequence_debug_test.go:19: original term 137089 {Tag:3 A:109 B:0 C:0 Arguments:[37 110 90 91 92 27 26 25 37 37 37 37 37 37 37 37 37 37 37 37 37 37 37 37 37 37 37 37 37 37 37 37]}
    zz_json_sequence_debug_test.go:21: core term137039 {Tag:3 A:68 B:0 C:0 Levels:[] Arguments:[15 69 46 47 48 9 8 7 15 15 15 15 15 15 15 15 15 15 15 15 15 15 15 15 15 15 15 15 15 15 15 15]}
    zz_json_sequence_debug_test.go:22: core child68 {Tag:1 A:7 B:0 C:0 Levels:[] Arguments:[]}
    zz_json_sequence_debug_test.go:22: core child15 {Tag:2 A:1 B:0 C:0 Levels:[] Arguments:[]}
    zz_json_sequence_debug_test.go:22: core child69 {Tag:1 A:6 B:0 C:0 Levels:[] Arguments:[]}
    zz_json_sequence_debug_test.go:22: core child46 {Tag:1 A:5 B:0 C:0 Levels:[] Arguments:[]}
    zz_json_sequence_debug_test.go:22: core child47 {Tag:1 A:4 B:0 C:0 Levels:[] Arguments:[]}
    zz_json_sequence_debug_test.go:22: core child48 {Tag:1 A:3 B:0 C:0 Levels:[] Arguments:[]}
    zz_json_sequence_debug_test.go:22: core child9 {Tag:1 A:2 B:0 C:0 Levels:[] Arguments:[]}
    zz_json_sequence_debug_test.go:22: core child8 {Tag:1 A:1 B:0 C:0 Levels:[] Arguments:[]}
    zz_json_sequence_debug_test.go:22: core child7 {Tag:1 A:0 B:0 C:0 Levels:[] Arguments:[]}
    zz_json_sequence_debug_test.go:22: core child15 {Tag:2 A:1 B:0 C:0 Levels:[] Arguments:[]}
    zz_json_sequence_debug_test.go:22: core child15 {Tag:2 A:1 B:0 C:0 Levels:[] Arguments:[]}
    zz_json_sequence_debug_test.go:22: core child15 {Tag:2 A:1 B:0 C:0 Levels:[] Arguments:[]}
    zz_json_sequence_debug_test.go:22: core child15 {Tag:2 A:1 B:0 C:0 Levels:[] Arguments:[]}
    zz_json_sequence_debug_test.go:22: core child15 {Tag:2 A:1 B:0 C:0 Levels:[] Arguments:[]}
    zz_json_sequence_debug_test.go:22: core child15 {Tag:2 A:1 B:0 C:0 Levels:[] Arguments:[]}
    zz_json_sequence_debug_test.go:22: core child15 {Tag:2 A:1 B:0 C:0 Levels:[] Arguments:[]}
    zz_json_sequence_debug_test.go:22: core child15 {Tag:2 A:1 B:0 C:0 Levels:[] Arguments:[]}
    zz_json_sequence_debug_test.go:22: core child15 {Tag:2 A:1 B:0 C:0 Levels:[] Arguments:[]}
    zz_json_sequence_debug_test.go:22: core child15 {Tag:2 A:1 B:0 C:0 Levels:[] Arguments:[]}
    zz_json_sequence_debug_test.go:22: core child15 {Tag:2 A:1 B:0 C:0 Levels:[] Arguments:[]}
    zz_json_sequence_debug_test.go:22: core child15 {Tag:2 A:1 B:0 C:0 Levels:[] Arguments:[]}
    zz_json_sequence_debug_test.go:22: core child15 {Tag:2 A:1 B:0 C:0 Levels:[] Arguments:[]}
    zz_json_sequence_debug_test.go:22: core child15 {Tag:2 A:1 B:0 C:0 Levels:[] Arguments:[]}
    zz_json_sequence_debug_test.go:22: core child15 {Tag:2 A:1 B:0 C:0 Levels:[] Arguments:[]}
    zz_json_sequence_debug_test.go:22: core child15 {Tag:2 A:1 B:0 C:0 Levels:[] Arguments:[]}
    zz_json_sequence_debug_test.go:22: core child15 {Tag:2 A:1 B:0 C:0 Levels:[] Arguments:[]}
    zz_json_sequence_debug_test.go:22: core child15 {Tag:2 A:1 B:0 C:0 Levels:[] Arguments:[]}
    zz_json_sequence_debug_test.go:22: core child15 {Tag:2 A:1 B:0 C:0 Levels:[] Arguments:[]}
    zz_json_sequence_debug_test.go:22: core child15 {Tag:2 A:1 B:0 C:0 Levels:[] Arguments:[]}
    zz_json_sequence_debug_test.go:22: core child15 {Tag:2 A:1 B:0 C:0 Levels:[] Arguments:[]}
    zz_json_sequence_debug_test.go:22: core child15 {Tag:2 A:1 B:0 C:0 Levels:[] Arguments:[]}
    zz_json_sequence_debug_test.go:22: core child15 {Tag:2 A:1 B:0 C:0 Levels:[] Arguments:[]}
    zz_json_sequence_debug_test.go:22: core child15 {Tag:2 A:1 B:0 C:0 Levels:[] Arguments:[]}
--- PASS: TestJsonSequenceDebug (137.40s)
PASS
ok  	github.com/finitefield-org/mpk/go-tools/mpk-checker-ref	137.841s
