   Compiling mpk-vc v0.1.0 (/Users/kazuyoshitoshiya/mpk/crates/mpk-vc)
    Finished `test` profile [unoptimized + debuginfo] target(s) in 10.69s
     Running tests/csharp_practical_vc.rs (target/debug/deps/csharp_practical_vc-dcf715cdb89904aa)

running 1 test
owner 2068: Mpk.CSharp.Ordinary.Cube.D32.Compose, type137042,value137040
term 137039: Lam { ty: 137034, body: 137038 }
 term 137034: Pi { ty: 136987, body: 136987 }
  term 136987: Pi { ty: 0, body: 136812 }
   term 0: Const { global: 0, levels: [] }
global0 Std.Bool Inductive { ty: 16 }
   term 136812: Pi { ty: 0, body: 136811 }
  term 136987: Pi { ty: 0, body: 136812 }
   term 0: Const { global: 0, levels: [] }
global0 Std.Bool Inductive { ty: 16 }
   term 136812: Pi { ty: 0, body: 136811 }
 term 137038: Lam { ty: 136987, body: 137037 }
  term 136987: Pi { ty: 0, body: 136812 }
   term 0: Const { global: 0, levels: [] }
global0 Std.Bool Inductive { ty: 16 }
   term 136812: Pi { ty: 0, body: 136811 }
  term 137037: Let { ty: 136987, value: 131, body: 131 }
   term 136987: Pi { ty: 0, body: 136812 }
   term 131: App { function: 27, arguments: [25] }
   term 131: App { function: 27, arguments: [25] }
test ordinary_carriers::literal_tests::json_token_tests::product_tests::sequence_tests::csharp_03_t06_w09_json_sequence_inspect_core_term ... ok

test result: ok. 1 passed; 0 failed; 0 ignored; 0 measured; 188 filtered out; finished in 0.17s

