
running 1 test
test csharp_practical_vir_model::ordinary_carriers::scalar_bits::utf16::construct::tests::string_construction_core_matches_utf16_oracle ... string construction case passed: string.substring.start_length, nullable=false, length=3
string construction case passed: string.substring.start_length, nullable=false, length=0
string construction case passed: string.substring.start_length, nullable=false, length=0
string construction case passed: string.substring.start_length, nullable=false, length=0
string construction case passed: string.substring.start_length, nullable=false, length=0
string construction case passed: string.substring.start_length, nullable=false, length=0
string construction case passed: string.substring.start_length, nullable=false, length=0
string construction case passed: string.substring.start_length, nullable=false, length=8193
string construction case passed: string.concat.string2, nullable=false, length=10
string construction case passed: string.concat.string2, nullable=false, length=16384
string construction case passed: string.concat.string2, nullable=false, length=0
string construction case passed: string.concat.string3, nullable=false, length=10
string construction case passed: string.concat.string4, nullable=false, length=11
string construction case passed: string.concat.operator.string_string, nullable=false, length=5
string construction case passed: string.concat.operator.char_string, nullable=false, length=6
string construction case passed: string.concat.operator.string_char, nullable=false, length=6
string construction case passed: string.interpolation.restricted.cc, nullable=false, length=2
string construction case passed: string.interpolation.restricted.sc, nullable=false, length=6
string construction case passed: string.interpolation.restricted.sscs, nullable=false, length=11
string construction case passed: string.interpolation.restricted.empty, nullable=false, length=0
string construction case passed: string.substring.start_length, nullable=true, length=3
string construction case passed: string.substring.start_length, nullable=true, length=0
string construction case passed: string.substring.start_length, nullable=true, length=0
string construction case passed: string.substring.start_length, nullable=true, length=0
string construction case passed: string.substring.start_length, nullable=true, length=0
string construction case passed: string.substring.start_length, nullable=true, length=0
string construction case passed: string.substring.start_length, nullable=true, length=0
string construction case passed: string.substring.start_length, nullable=true, length=0
string construction case passed: string.substring.start_length, nullable=true, length=8193
string construction case passed: string.concat.string2, nullable=true, length=10

thread 'csharp_practical_vir_model::ordinary_carriers::scalar_bits::utf16::construct::tests::string_construction_core_matches_utf16_oracle' (6285548) panicked at crates/mpk-vc/src/csharp_practical_ordinary_test_eval.rs:509:17:
MPK_CORE_MAX_SECONDS exhausted: ordinary evaluation deadline exceeded; no semantic verdict
note: run with `RUST_BACKTRACE=1` environment variable to display a backtrace
FAILED

failures:

failures:
    csharp_practical_vir_model::ordinary_carriers::scalar_bits::utf16::construct::tests::string_construction_core_matches_utf16_oracle

test result: FAILED. 0 passed; 1 failed; 0 ignored; 0 measured; 161 filtered out; finished in 45.01s

