
running 3 tests
test ordinary_carriers::csharp_03_t06_w09_string_construction_source_linkage_rejects_substitution ... ok
test ordinary_carriers::public_domain_tests::contract_expression_tests::string_clause_tests::csharp_03_t06_w09_string_clauses_candidates ... string source context basic-nonnull aliases/closures passed; runtime=false
string source context basic-nullable aliases/closures passed; runtime=false
string source context construction-nonnull aliases/closures passed; runtime=false
string source context construction-nullable aliases/closures passed; runtime=false
string source context ordinal-nonnull aliases/closures passed; runtime=false
string source context ordinal-nullable aliases/closures passed; runtime=false
string source: 21 operation kinds, 67 attachments, 0 selected observations, 0 definedness rejections
ok
test ordinary_carriers::public_domain_tests::contract_expression_tests::string_data_tests::csharp_03_t06_w09_string_data_candidates ... string data source basic-nonnull: 3 definitions, 3 use points, 0 pending
string data source basic-nullable: 3 definitions, 3 use points, 1 pending
string data source construction-nonnull: 10 definitions, 10 use points, 0 pending
string data source construction-nullable: 10 definitions, 10 use points, 1 pending
string data source ordinal-nonnull: 8 definitions, 8 use points, 0 pending
string data source ordinal-nullable: 8 definitions, 8 use points, 1 pending
string data source native-nonnull: 5 definitions, 5 use points, 0 pending
string data source native-nullable: 5 definitions, 5 use points, 1 pending
string data source: 52 use points, 0 result/guard cases
string data unique observed operations: 0
ok

test result: ok. 3 passed; 0 failed; 0 ignored; 0 measured; 306 filtered out; finished in 12.39s

