
running 1 test
test ordinary_carriers::public_domain_tests::contract_expression_tests::string_data_tests::csharp_03_t06_w09_string_data_original_source ... string data source basic-nonnull: 3 definitions, 3 use points, 0 pending
string data source basic-nullable: 3 definitions, 3 use points, 1 pending
string runtime start: construction-nonnull string.interpolation.restricted.cs
string case start: construction-nonnull string.interpolation.restricted.cs [0]
string case completed: construction-nonnull string.interpolation.restricted.cs [0] in 23.852s
string case start: construction-nonnull string.interpolation.restricted.cs [1]
string case completed: construction-nonnull string.interpolation.restricted.cs [1] in 22.447s
string case start: construction-nonnull string.interpolation.restricted.cs [2]
string data string.interpolation.restricted.cs: Some("obligation.output_bound"), raw conditions [true]
string case completed: construction-nonnull string.interpolation.restricted.cs [2] in 0.073s
string runtime completed: construction-nonnull string.interpolation.restricted.cs in 46.372s
string data source construction-nonnull: 10 definitions, 10 use points, 0 pending
string data source construction-nullable: 10 definitions, 10 use points, 1 pending
string data source ordinal-nonnull: 8 definitions, 8 use points, 0 pending
string data source ordinal-nullable: 8 definitions, 8 use points, 1 pending
string data source native-nonnull: 5 definitions, 5 use points, 0 pending
string data source native-nullable: 5 definitions, 5 use points, 1 pending
string data source: 52 use points, 6 result/guard cases
string data unique observed operations: 1
ok

test result: ok. 1 passed; 0 failed; 0 ignored; 0 measured; 308 filtered out; finished in 51.54s

