=== RUN   TestCheckerAgreementWithRustCLIJsonValues
=== RUN   TestCheckerAgreementWithRustCLIJsonValues/calendar-date-time-decimal.hex
=== RUN   TestCheckerAgreementWithRustCLIJsonValues/calendar-date-time.hex
=== RUN   TestCheckerAgreementWithRustCLIJsonValues/calendar-date.hex
=== RUN   TestCheckerAgreementWithRustCLIJsonValues/calendar-time.hex
=== RUN   TestCheckerAgreementWithRustCLIJsonValues/document-6b96fc4eed95a1d33fa5784b9062f02fa07ac65b6aef2b4100bb91e9c2f1a613.hex
=== RUN   TestCheckerAgreementWithRustCLIJsonValues/document-7a157feb27ed416752b5dde8aa2bf373b9a2c82755d2caa89e955057176ee57b.hex
=== RUN   TestCheckerAgreementWithRustCLIJsonValues/document-decb5507362a7672c711a5befd63efc1038c2c0a86ee20137a1c4c472e0d1684.hex
--- PASS: TestCheckerAgreementWithRustCLIJsonValues (2622.35s)
    --- PASS: TestCheckerAgreementWithRustCLIJsonValues/calendar-date-time-decimal.hex (564.84s)
    --- PASS: TestCheckerAgreementWithRustCLIJsonValues/calendar-date-time.hex (668.46s)
    --- PASS: TestCheckerAgreementWithRustCLIJsonValues/calendar-date.hex (441.44s)
    --- PASS: TestCheckerAgreementWithRustCLIJsonValues/calendar-time.hex (342.46s)
    --- PASS: TestCheckerAgreementWithRustCLIJsonValues/document-6b96fc4eed95a1d33fa5784b9062f02fa07ac65b6aef2b4100bb91e9c2f1a613.hex (194.99s)
    --- PASS: TestCheckerAgreementWithRustCLIJsonValues/document-7a157feb27ed416752b5dde8aa2bf373b9a2c82755d2caa89e955057176ee57b.hex (215.04s)
    --- PASS: TestCheckerAgreementWithRustCLIJsonValues/document-decb5507362a7672c711a5befd63efc1038c2c0a86ee20137a1c4c472e0d1684.hex (195.12s)
=== RUN   TestCheckerAgreementWithRustCLIJsonValuesAllScalars
=== RUN   TestCheckerAgreementWithRustCLIJsonValuesAllScalars/all-scalars.hex
--- PASS: TestCheckerAgreementWithRustCLIJsonValuesAllScalars (580.97s)
    --- PASS: TestCheckerAgreementWithRustCLIJsonValuesAllScalars/all-scalars.hex (580.97s)
PASS
ok  	github.com/finitefield-org/mpk/go-tools/mpk-checker-ref	3203.674s
