   Compiling version_check v0.9.5
   Compiling typenum v1.20.1
   Compiling generic-array v0.14.7
   Compiling proc-macro2 v1.0.106
   Compiling quote v1.0.46
   Compiling unicode-ident v1.0.24
   Compiling serde_core v1.0.228
   Compiling crypto-common v0.1.7
   Compiling block-buffer v0.10.4
   Compiling zmij v1.0.21
   Compiling syn v2.0.118
   Compiling digest v0.10.7
   Compiling cfg-if v1.0.4
   Compiling serde v1.0.228
   Compiling serde_json v1.0.150
   Compiling cpufeatures v0.2.17
   Compiling serde_derive v1.0.228
   Compiling sha2 v0.10.9
   Compiling mpk-core v0.1.0 (/root/mpk-w09-control-predicates/crates/mpk-core)
   Compiling itoa v1.0.18
   Compiling memchr v2.8.2
   Compiling mpk-cert v0.1.0 (/root/mpk-w09-control-predicates/crates/mpk-cert)
   Compiling mpk-vc v0.1.0 (/root/mpk-w09-control-predicates/crates/mpk-vc)
    Finished `test` profile [optimized] target(s) in 2m 26s
     Running unittests src/lib.rs (/root/mpk-w09-control-predicates-target/debug/deps/mpk_vc-4a52d3d7fc00a2f4)

running 2 tests
test csharp_practical_vir_model::ordinary_carriers::structural::source_clauses::control_predicates::tests::ordinary_control_measures_match_mathematical_integer_boundaries ... ok
test csharp_practical_vir_model::ordinary_carriers::structural::source_clauses::control_predicates::tests::ordinary_control_predicate_mapping_preserves_local_binders_and_snapshots ... ok

test result: ok. 2 passed; 0 failed; 0 ignored; 0 measured; 169 filtered out; finished in 0.42s

