
running 1 test
test ordinary_carriers::projection_tests::binding_relation_tests::source_invariant_tests::csharp_03_t06_w09_source_invariants_original_equations ... source invariant observations binding-vc-boundary_field: mpk.csharp.source.4d598580caab300c4353997b50997a36fd7b35e47e29624640abf41337575789
source invariant observations binding-vc-boundary_field: mpk.csharp.source.c912fedec302ca99dfd67280f6d6f74cf7cc8f43afc2a3af788b5ace3fbf1818
source invariant observations binding-vc-bounded_sequence: mpk.csharp.source.c912fedec302ca99dfd67280f6d6f74cf7cc8f43afc2a3af788b5ace3fbf1818
source invariant observations binding-vc-instant: mpk.csharp.source.c912fedec302ca99dfd67280f6d6f74cf7cc8f43afc2a3af788b5ace3fbf1818
source invariant observations binding-vc-lookup: mpk.csharp.source.4d598580caab300c4353997b50997a36fd7b35e47e29624640abf41337575789
source invariant observations binding-vc-lookup: mpk.csharp.source.c912fedec302ca99dfd67280f6d6f74cf7cc8f43afc2a3af788b5ace3fbf1818
source invariant observations binding-vc-money: mpk.csharp.source.c912fedec302ca99dfd67280f6d6f74cf7cc8f43afc2a3af788b5ace3fbf1818
source invariant observations binding-vc-option: mpk.csharp.source.4d598580caab300c4353997b50997a36fd7b35e47e29624640abf41337575789
source invariant observations binding-vc-option: mpk.csharp.source.c912fedec302ca99dfd67280f6d6f74cf7cc8f43afc2a3af788b5ace3fbf1818
source invariant observations binding-vc-ordered_entry: mpk.csharp.source.c912fedec302ca99dfd67280f6d6f74cf7cc8f43afc2a3af788b5ace3fbf1818
source invariant observations binding-vc-ordered_map: mpk.csharp.source.a21b0b484f6daea7c4670cab3eb882c9cb69815fd5cfb04f364a67f8c77c9877
source invariant observations binding-vc-ordered_map: mpk.csharp.source.c912fedec302ca99dfd67280f6d6f74cf7cc8f43afc2a3af788b5ace3fbf1818
source invariant observations binding-vc-ordered_set: mpk.csharp.source.c912fedec302ca99dfd67280f6d6f74cf7cc8f43afc2a3af788b5ace3fbf1818
source invariant observations binding-vc-result: mpk.csharp.source.4d598580caab300c4353997b50997a36fd7b35e47e29624640abf41337575789
source invariant observations binding-vc-result: mpk.csharp.source.c912fedec302ca99dfd67280f6d6f74cf7cc8f43afc2a3af788b5ace3fbf1818
source invariant observations binding-vc-transition: mpk.csharp.source.c912fedec302ca99dfd67280f6d6f74cf7cc8f43afc2a3af788b5ace3fbf1818
source invariant observations binding-vc-validation: mpk.csharp.source.4d598580caab300c4353997b50997a36fd7b35e47e29624640abf41337575789
source invariant observations binding-vc-validation: mpk.csharp.source.c912fedec302ca99dfd67280f6d6f74cf7cc8f43afc2a3af788b5ace3fbf1818
source invariant observations bool-float-entry: mpk.csharp.source.cd5fa1d4ea600175ecbc1152e32c34a1af714f60c10ddeefba3f0128d30eb530
source invariant observations boundary-exception-empty: mpk.csharp.source.c6aa75eff1423d55c51d6a2c0f19482d576c854129384b4e3144f025f99be691
source invariant observations boundary-exception-payload: mpk.csharp.source.c6aa75eff1423d55c51d6a2c0f19482d576c854129384b4e3144f025f99be691
source invariant observations boundary-map-compound: mpk.csharp.source.6086631a38da840563f6f5a8191652c31783722f634ec98ab2038033b0e69ec7
source invariant observations boundary-map-compound: mpk.csharp.source.b0f0f6f19b090dcee1ef060ed4a202bd269baae50cc24ec82299f917ba0fd8f1
