=== RUN   TestCheckerAgreementWithRustCLISourceInvariants
=== RUN   TestCheckerAgreementWithRustCLISourceInvariants/binding-vc-boundary_field.hex
    checker_agreement_test.go:395: Go accepted: certificate=4bd6a72910bf8f035e231b31d0af5750e156709671af08e8b5747d2a44418675 declarations=126 axioms=0 elapsed=375.356959ms
    checker_agreement_test.go:401: Rust accepted identical bytes and report: export=1c6d627eadcce01f5501b1627fd60cdbbbb2f3e1bff76a72c323610d4512facd axiom_report=0ebc281c3a8d37e2d1a9ce033773e2865f96a13186a6364cb3446204c6a990d5 elapsed=6m21.780697708s
    checker_agreement_test.go:409: Go rejected changed hash: elapsed=709.626666ms
    checker_agreement_test.go:415: Rust rejected changed hash: elapsed=15.178216334s
=== RUN   TestCheckerAgreementWithRustCLISourceInvariants/binding-vc-bounded_sequence.hex
    checker_agreement_test.go:395: Go accepted: certificate=df9e3b4725ca44a9407bedb2e4dd0d454c6398d1a8406d520c5a794409d45b51 declarations=105 axioms=0 elapsed=5.80650225s
    checker_agreement_test.go:401: Rust accepted identical bytes and report: export=5ba0b3e113972c8a938bd3606fc19f5d28d81539cefb5b00295e11d44c2a0966 axiom_report=0ebc281c3a8d37e2d1a9ce033773e2865f96a13186a6364cb3446204c6a990d5 elapsed=2.345232833s
    checker_agreement_test.go:409: Go rejected changed hash: elapsed=6.456318666s
    checker_agreement_test.go:415: Rust rejected changed hash: elapsed=2.29168325s
=== RUN   TestCheckerAgreementWithRustCLISourceInvariants/binding-vc-instant.hex
    checker_agreement_test.go:395: Go accepted: certificate=121f3229c06e1549c4b28f263bc90232443756eb3cacb7b361470ade83a840ea declarations=54 axioms=0 elapsed=16.103583ms
    checker_agreement_test.go:401: Rust accepted identical bytes and report: export=accf227b4f04dd85b3bc9f86b28af76f2e70bc788e6431e9e7fa0ba2d53b4273 axiom_report=0ebc281c3a8d37e2d1a9ce033773e2865f96a13186a6364cb3446204c6a990d5 elapsed=732.187ms
    checker_agreement_test.go:409: Go rejected changed hash: elapsed=17.217375ms
    checker_agreement_test.go:415: Rust rejected changed hash: elapsed=754.073958ms
=== RUN   TestCheckerAgreementWithRustCLISourceInvariants/binding-vc-lookup.hex
    checker_agreement_test.go:395: Go accepted: certificate=a7f1395f4ea7104804dc0b964e3614050a7cd6287615d7c81bd6186e9301fa1a declarations=116 axioms=0 elapsed=773.612166ms
    checker_agreement_test.go:401: Rust accepted identical bytes and report: export=1335f99338bc9e6f6b7f1e58811e08b5864fb5e52f5eaf79b8b3201cef598fd1 axiom_report=0ebc281c3a8d37e2d1a9ce033773e2865f96a13186a6364cb3446204c6a990d5 elapsed=1.16367425s
    checker_agreement_test.go:409: Go rejected changed hash: elapsed=677.773958ms
    checker_agreement_test.go:415: Rust rejected changed hash: elapsed=1.071191708s
=== RUN   TestCheckerAgreementWithRustCLISourceInvariants/binding-vc-money.hex
    checker_agreement_test.go:395: Go accepted: certificate=6fb027492f4990c122c4f061d580760fbc8029879973970f624211d4171f42a1 declarations=127 axioms=0 elapsed=9.316518625s
    checker_agreement_test.go:401: Rust accepted identical bytes and report: export=634528b8247f1c7580bffb09cc6fecf653ecdd4966b8513ec26f74e35481d407 axiom_report=0ebc281c3a8d37e2d1a9ce033773e2865f96a13186a6364cb3446204c6a990d5 elapsed=2.151523792s
    checker_agreement_test.go:409: Go rejected changed hash: elapsed=7.640762292s
    checker_agreement_test.go:415: Rust rejected changed hash: elapsed=2.511107167s
=== RUN   TestCheckerAgreementWithRustCLISourceInvariants/binding-vc-option.hex
    checker_agreement_test.go:395: Go accepted: certificate=55be05e056c7f47bfb8b03dad6771356d2069cab8fbf2629a7ca45c6cd2b36c3 declarations=116 axioms=0 elapsed=384.544084ms
    checker_agreement_test.go:401: Rust accepted identical bytes and report: export=6689b77f3955168df864626c0a121e1c3482af3931bad9b6d1c28d2f6267fea2 axiom_report=0ebc281c3a8d37e2d1a9ce033773e2865f96a13186a6364cb3446204c6a990d5 elapsed=895.869792ms
    checker_agreement_test.go:409: Go rejected changed hash: elapsed=451.403041ms
    checker_agreement_test.go:415: Rust rejected changed hash: elapsed=1.005414125s
=== RUN   TestCheckerAgreementWithRustCLISourceInvariants/binding-vc-ordered_entry.hex
    checker_agreement_test.go:395: Go accepted: certificate=8feaaa681621057f394fe74c75e28829e905cb5d385cfb81bdd905f280e1c391 declarations=65 axioms=0 elapsed=21.240167ms
    checker_agreement_test.go:401: Rust accepted identical bytes and report: export=67269eb021006ea9e8f13774ce0c0900d876736cfc40da99fe8b7afbbf66c8da axiom_report=0ebc281c3a8d37e2d1a9ce033773e2865f96a13186a6364cb3446204c6a990d5 elapsed=774.1305ms
    checker_agreement_test.go:409: Go rejected changed hash: elapsed=13.561708ms
    checker_agreement_test.go:415: Rust rejected changed hash: elapsed=763.503167ms
=== RUN   TestCheckerAgreementWithRustCLISourceInvariants/binding-vc-ordered_map.hex
    checker_agreement_test.go:395: Go accepted: certificate=90652b71d12f7fa680e80ffd7563cf17ce3db4e74b738b77ee906ee5c9776c15 declarations=224 axioms=0 elapsed=6.936346917s
    checker_agreement_test.go:401: Rust accepted identical bytes and report: export=b4e93fe4f934f7bcac25fde421dd380e17b406ae97480a41e78c757d30605079 axiom_report=0ebc281c3a8d37e2d1a9ce033773e2865f96a13186a6364cb3446204c6a990d5 elapsed=3m36.765667083s
    checker_agreement_test.go:409: Go rejected changed hash: elapsed=4.663801541s
    checker_agreement_test.go:415: Rust rejected changed hash: elapsed=1.934079167s
=== RUN   TestCheckerAgreementWithRustCLISourceInvariants/binding-vc-ordered_set.hex
    checker_agreement_test.go:395: Go accepted: certificate=71be2e3bc5ee20363f1abc2c25fedae98c582905eec09711162649900250c37d declarations=143 axioms=0 elapsed=5.501463041s
    checker_agreement_test.go:401: Rust accepted identical bytes and report: export=0bdf36e83c979add945b7d5febcb2413f6a916f7f612a7603f456ade27a59cee axiom_report=0ebc281c3a8d37e2d1a9ce033773e2865f96a13186a6364cb3446204c6a990d5 elapsed=1.984130209s
    checker_agreement_test.go:409: Go rejected changed hash: elapsed=4.871137042s
    checker_agreement_test.go:415: Rust rejected changed hash: elapsed=2.107526208s
=== RUN   TestCheckerAgreementWithRustCLISourceInvariants/binding-vc-result.hex
    checker_agreement_test.go:395: Go accepted: certificate=87ad62ae98517fe4a6b0aff4c309a69d6b3b6ec8482c5b4349074de2634ab2e7 declarations=117 axioms=0 elapsed=529.919083ms
    checker_agreement_test.go:401: Rust accepted identical bytes and report: export=4ca6cca168d6b15ec0a3ccbbe1d665e279ac7eaa8ade8f97c4141dfd75b619a0 axiom_report=0ebc281c3a8d37e2d1a9ce033773e2865f96a13186a6364cb3446204c6a990d5 elapsed=946.340208ms
    checker_agreement_test.go:409: Go rejected changed hash: elapsed=438.344875ms
    checker_agreement_test.go:415: Rust rejected changed hash: elapsed=1.370413375s
=== RUN   TestCheckerAgreementWithRustCLISourceInvariants/binding-vc-transition.hex
    checker_agreement_test.go:395: Go accepted: certificate=0c747458de7cf8f02d1d2182c3e763d2a7a3323d1641c48542d38c753733d68b declarations=128 axioms=0 elapsed=4.754720208s
    checker_agreement_test.go:401: Rust accepted identical bytes and report: export=b157abb69a1f371bc2fc6676a71e237bc3464c826daca2a05111d1bc3855a43e axiom_report=0ebc281c3a8d37e2d1a9ce033773e2865f96a13186a6364cb3446204c6a990d5 elapsed=1.774738583s
    checker_agreement_test.go:409: Go rejected changed hash: elapsed=5.414383667s
    checker_agreement_test.go:415: Rust rejected changed hash: elapsed=1.985687792s
=== RUN   TestCheckerAgreementWithRustCLISourceInvariants/binding-vc-validation.hex
    checker_agreement_test.go:395: Go accepted: certificate=c6c9fff841f3938b85b438f1c71f3de5f9dba346efa35483c90aa1d603580f40 declarations=171 axioms=0 elapsed=6.48750325s
    checker_agreement_test.go:401: Rust accepted identical bytes and report: export=3fdf3528875f5100d48a2e44a1c528ff64d33e27d309a9af3e1755b4c0c6c23b axiom_report=0ebc281c3a8d37e2d1a9ce033773e2865f96a13186a6364cb3446204c6a990d5 elapsed=2.145202709s
    checker_agreement_test.go:409: Go rejected changed hash: elapsed=5.377187334s
    checker_agreement_test.go:415: Rust rejected changed hash: elapsed=1.970219833s
=== RUN   TestCheckerAgreementWithRustCLISourceInvariants/bool-construction.hex
    checker_agreement_test.go:395: Go accepted: certificate=32ebac1b96285366a1699339551a64daf4ef6dc09d4a10e5c3507248a9e03568 declarations=165 axioms=0 elapsed=5.017810417s
    checker_agreement_test.go:401: Rust accepted identical bytes and report: export=a8cbeeae6fe5be1e3e1ba2eac6f555958d61780ae4f9a802846a0b4bdc143f6e axiom_report=0ebc281c3a8d37e2d1a9ce033773e2865f96a13186a6364cb3446204c6a990d5 elapsed=1.920416167s
    checker_agreement_test.go:409: Go rejected changed hash: elapsed=4.657702208s
    checker_agreement_test.go:415: Rust rejected changed hash: elapsed=1.9446215s
=== RUN   TestCheckerAgreementWithRustCLISourceInvariants/bool-float-entry.hex
    checker_agreement_test.go:395: Go accepted: certificate=5167453e611680a6ca07ecbe1aab6e1175866ddb470eeb3f40e5047705297efe declarations=70 axioms=0 elapsed=21.358083ms
    checker_agreement_test.go:401: Rust accepted identical bytes and report: export=236e2b712453bb85fd559dbfb7ceca238aea87841bf074f68d5b12d2a25a8c03 axiom_report=0ebc281c3a8d37e2d1a9ce033773e2865f96a13186a6364cb3446204c6a990d5 elapsed=751.776125ms
    checker_agreement_test.go:409: Go rejected changed hash: elapsed=15.33675ms
    checker_agreement_test.go:415: Rust rejected changed hash: elapsed=691.633958ms
=== RUN   TestCheckerAgreementWithRustCLISourceInvariants/boundary-exception-empty.hex
    checker_agreement_test.go:395: Go accepted: certificate=16c39da324522a499f3c5f31dd6328d771cdfee879ae91f6919e729072d5be1c declarations=130 axioms=0 elapsed=619.279334ms
    checker_agreement_test.go:401: Rust accepted identical bytes and report: export=d9255c2abc75367f8c21699546099dd0f87bba207707e33fb049d05baa39cf2b axiom_report=0ebc281c3a8d37e2d1a9ce033773e2865f96a13186a6364cb3446204c6a990d5 elapsed=859.094458ms
    checker_agreement_test.go:409: Go rejected changed hash: elapsed=486.674125ms
    checker_agreement_test.go:415: Rust rejected changed hash: elapsed=881.194334ms
=== RUN   TestCheckerAgreementWithRustCLISourceInvariants/boundary-exception-payload.hex
    checker_agreement_test.go:395: Go accepted: certificate=fb0fe52b23dc93e77b3b0bbe39c296e9de6fc787ac9dce534cee6d56877c9f4f declarations=152 axioms=0 elapsed=541.2685ms
    checker_agreement_test.go:401: Rust accepted identical bytes and report: export=7639bbd6b600fdf7922d8d605d755642cf70e1d6220291dcac7dc2bd2fed5393 axiom_report=0ebc281c3a8d37e2d1a9ce033773e2865f96a13186a6364cb3446204c6a990d5 elapsed=947.439958ms
    checker_agreement_test.go:409: Go rejected changed hash: elapsed=355.556375ms
    checker_agreement_test.go:415: Rust rejected changed hash: elapsed=993.657292ms
=== RUN   TestCheckerAgreementWithRustCLISourceInvariants/boundary-map-compound.hex
    checker_agreement_test.go:395: Go accepted: certificate=376eeb24c108dc6e810ead58a446527671875d3276bc5deb5229db05a2c65b4a declarations=307 axioms=0 elapsed=12.388569125s
    checker_agreement_test.go:401: Rust accepted identical bytes and report: export=122a570ac5d8c5251094e788003fec6479879fbddb5965abf5e1ba030dc1d383 axiom_report=0ebc281c3a8d37e2d1a9ce033773e2865f96a13186a6364cb3446204c6a990d5 elapsed=2.9141285s
    checker_agreement_test.go:409: Go rejected changed hash: elapsed=12.571626041s
    checker_agreement_test.go:415: Rust rejected changed hash: elapsed=3.248244333s
=== RUN   TestCheckerAgreementWithRustCLISourceInvariants/boundary-map-decimal.hex
    checker_agreement_test.go:395: Go accepted: certificate=2d0a12e07ddc0e6d02d0457666dcdbbc05bdc0e182c7f97740a1f3f6429103f7 declarations=531 axioms=0 elapsed=1m13.931730833s
    checker_agreement_test.go:401: Rust accepted identical bytes and report: export=9b52bb177b9d6051b0f9c8285b1585f4fd5028222c5ea66b2a8804415fd7f80f axiom_report=0ebc281c3a8d37e2d1a9ce033773e2865f96a13186a6364cb3446204c6a990d5 elapsed=7.5214505s
    checker_agreement_test.go:409: Go rejected changed hash: elapsed=37.119149625s
    checker_agreement_test.go:415: Rust rejected changed hash: elapsed=3.789014417s
=== RUN   TestCheckerAgreementWithRustCLISourceInvariants/boundary-map-string.hex
    checker_agreement_test.go:395: Go accepted: certificate=7a2522a96a011c7896e5b9b5b02a36c9a99a2ffac98946f91b8341d372ebce7a declarations=268 axioms=0 elapsed=5.949744708s
    checker_agreement_test.go:401: Rust accepted identical bytes and report: export=363aeccdc1ff5d8cbce65d9e48e738e5ec861765e91add273b1a7da28a626d0d axiom_report=0ebc281c3a8d37e2d1a9ce033773e2865f96a13186a6364cb3446204c6a990d5 elapsed=1.605422625s
    checker_agreement_test.go:409: Go rejected changed hash: elapsed=5.426023042s
    checker_agreement_test.go:415: Rust rejected changed hash: elapsed=1.592009166s
=== RUN   TestCheckerAgreementWithRustCLISourceInvariants/boundary-set-decimal.hex
    checker_agreement_test.go:395: Go accepted: certificate=734f01b985b611abf889779c6a6c83f88e9deaf9ebd4caf64b87513297193db2 declarations=446 axioms=0 elapsed=31.223231833s
    checker_agreement_test.go:401: Rust accepted identical bytes and report: export=2e19b33b1fcbbd014d4ec673a19f84991feb22b7a41916b9d4389866524a15ab axiom_report=0ebc281c3a8d37e2d1a9ce033773e2865f96a13186a6364cb3446204c6a990d5 elapsed=3.121454583s
    checker_agreement_test.go:409: Go rejected changed hash: elapsed=27.119463791s
    checker_agreement_test.go:415: Rust rejected changed hash: elapsed=2.877426667s
=== RUN   TestCheckerAgreementWithRustCLISourceInvariants/boundary-total-cells.hex
    checker_agreement_test.go:395: Go accepted: certificate=074287e59db5be2390ea3dfbae8938bca278e9987fb39a072fd9147a313c630c declarations=212 axioms=0 elapsed=4.6490475s
    checker_agreement_test.go:401: Rust accepted identical bytes and report: export=cf261f8611d69af1e801ac0e12a8321e4856b10a337f6f6926190540becd5077 axiom_report=0ebc281c3a8d37e2d1a9ce033773e2865f96a13186a6364cb3446204c6a990d5 elapsed=1.255823625s
    checker_agreement_test.go:409: Go rejected changed hash: elapsed=4.714033916s
    checker_agreement_test.go:415: Rust rejected changed hash: elapsed=1.372510958s
=== RUN   TestCheckerAgreementWithRustCLISourceInvariants/complete-snapshot.hex
    checker_agreement_test.go:395: Go accepted: certificate=462d01249e1e4f161e80ffe7b2e8e34a64b93454b80ab76f40a757f0b6def327 declarations=187 axioms=0 elapsed=5.212728209s
    checker_agreement_test.go:401: Rust accepted identical bytes and report: export=680ddaaf09ecbb7304a759b570d804f82fa69ba091c5e0c882afe67fb922322a axiom_report=0ebc281c3a8d37e2d1a9ce033773e2865f96a13186a6364cb3446204c6a990d5 elapsed=1.273733s
    checker_agreement_test.go:409: Go rejected changed hash: elapsed=5.754997875s
    checker_agreement_test.go:415: Rust rejected changed hash: elapsed=1.272791958s
=== RUN   TestCheckerAgreementWithRustCLISourceInvariants/conditional-clauses-nested-public-clauses.hex
    checker_agreement_test.go:395: Go accepted: certificate=3a19f6dc42b78a6ae9ed563bb58ce17542bb0e2d69630c413103f23a107bed03 declarations=196 axioms=0 elapsed=6.018339375s
    checker_agreement_test.go:401: Rust accepted identical bytes and report: export=aeb9e6c50ee13b359ba08d9a593cb6f0e3df71b594d1bdcba59216b6e902b37f axiom_report=0ebc281c3a8d37e2d1a9ce033773e2865f96a13186a6364cb3446204c6a990d5 elapsed=1.268698875s
    checker_agreement_test.go:409: Go rejected changed hash: elapsed=5.362570625s
    checker_agreement_test.go:415: Rust rejected changed hash: elapsed=1.342995833s
=== RUN   TestCheckerAgreementWithRustCLISourceInvariants/construction-vc-broken_constructor.hex
    checker_agreement_test.go:395: Go accepted: certificate=37557e00aff4fec9293f0e5ead4053d55b81fc0dbb64d368e5470a0f7f59bf14 declarations=145 axioms=0 elapsed=245.416ms
    checker_agreement_test.go:401: Rust accepted identical bytes and report: export=4905a66fa7a85af98d5c62a01bc23622fd562d5fcffc05e2f040d1887da7ca43 axiom_report=0ebc281c3a8d37e2d1a9ce033773e2865f96a13186a6364cb3446204c6a990d5 elapsed=1.072510875s
    checker_agreement_test.go:409: Go rejected changed hash: elapsed=266.266708ms
    checker_agreement_test.go:415: Rust rejected changed hash: elapsed=790.826417ms
=== RUN   TestCheckerAgreementWithRustCLISourceInvariants/construction-vc-broken_default.hex
    checker_agreement_test.go:395: Go accepted: certificate=8927b1046897343c356ec233ae3f9de9a6a9d5d7c9c43a320f935e5b8db412af declarations=72 axioms=0 elapsed=42.713375ms
    checker_agreement_test.go:401: Rust accepted identical bytes and report: export=edc3f0d80584593c190d3d60a946fda856b8b0c9fbbd4092af456a407931cc45 axiom_report=0ebc281c3a8d37e2d1a9ce033773e2865f96a13186a6364cb3446204c6a990d5 elapsed=607.876083ms
    checker_agreement_test.go:409: Go rejected changed hash: elapsed=46.252417ms
    checker_agreement_test.go:415: Rust rejected changed hash: elapsed=616.956958ms
=== RUN   TestCheckerAgreementWithRustCLISourceInvariants/construction-vc-broken_initializer.hex
    checker_agreement_test.go:395: Go accepted: certificate=270a4488b2697c72f9f3f3b76763287d57aa9765f69c1791fbe2bd26b753e3fe declarations=226 axioms=0 elapsed=3.513713959s
    checker_agreement_test.go:401: Rust accepted identical bytes and report: export=e876783670156b2dac4d07c9152dcdeca487acf870ff90c9d18ca251094674e0 axiom_report=0ebc281c3a8d37e2d1a9ce033773e2865f96a13186a6364cb3446204c6a990d5 elapsed=1.397681209s
    checker_agreement_test.go:409: Go rejected changed hash: elapsed=3.837496583s
    checker_agreement_test.go:415: Rust rejected changed hash: elapsed=1.213343958s
=== RUN   TestCheckerAgreementWithRustCLISourceInvariants/construction-vc-enum_zero.hex
    checker_agreement_test.go:395: Go accepted: certificate=3430d20f141cbbbca60003e1903599117eecaa1e51268ffd1057dc0a8c33abfa declarations=51 axioms=0 elapsed=31.703125ms
    checker_agreement_test.go:401: Rust accepted identical bytes and report: export=db3b1ba2574ffa52c8310cb4d0e972137edfad7ce35018e39d00ed7aaff308ef axiom_report=0ebc281c3a8d37e2d1a9ce033773e2865f96a13186a6364cb3446204c6a990d5 elapsed=795.3315ms
    checker_agreement_test.go:409: Go rejected changed hash: elapsed=25.157958ms
    checker_agreement_test.go:415: Rust rejected changed hash: elapsed=784.541ms
=== RUN   TestCheckerAgreementWithRustCLISourceInvariants/construction-vc-positive_constructor.hex
    checker_agreement_test.go:395: Go accepted: certificate=8927b1046897343c356ec233ae3f9de9a6a9d5d7c9c43a320f935e5b8db412af declarations=72 axioms=0 elapsed=58.18975ms
    checker_agreement_test.go:401: Rust accepted identical bytes and report: export=edc3f0d80584593c190d3d60a946fda856b8b0c9fbbd4092af456a407931cc45 axiom_report=0ebc281c3a8d37e2d1a9ce033773e2865f96a13186a6364cb3446204c6a990d5 elapsed=822.678125ms
    checker_agreement_test.go:409: Go rejected changed hash: elapsed=61.647041ms
    checker_agreement_test.go:415: Rust rejected changed hash: elapsed=766.807708ms
=== RUN   TestCheckerAgreementWithRustCLISourceInvariants/construction-vc-positive_default.hex
    checker_agreement_test.go:395: Go accepted: certificate=359c70f01d5884b4df8af42098cddf8aaf4f92ff1469c2938610381359a603f7 declarations=72 axioms=0 elapsed=66.474875ms
    checker_agreement_test.go:401: Rust accepted identical bytes and report: export=73e0afce35153c9440248baaac1c0f7893ef066d102be915138a5748b2d7a90c axiom_report=0ebc281c3a8d37e2d1a9ce033773e2865f96a13186a6364cb3446204c6a990d5 elapsed=809.309583ms
    checker_agreement_test.go:409: Go rejected changed hash: elapsed=57.192125ms
    checker_agreement_test.go:415: Rust rejected changed hash: elapsed=773.023333ms
=== RUN   TestCheckerAgreementWithRustCLISourceInvariants/construction-vc-positive_initializer.hex
    checker_agreement_test.go:395: Go accepted: certificate=270a4488b2697c72f9f3f3b76763287d57aa9765f69c1791fbe2bd26b753e3fe declarations=226 axioms=0 elapsed=2.800298083s
    checker_agreement_test.go:401: Rust accepted identical bytes and report: export=e876783670156b2dac4d07c9152dcdeca487acf870ff90c9d18ca251094674e0 axiom_report=0ebc281c3a8d37e2d1a9ce033773e2865f96a13186a6364cb3446204c6a990d5 elapsed=1.116606917s
    checker_agreement_test.go:409: Go rejected changed hash: elapsed=2.894849958s
    checker_agreement_test.go:415: Rust rejected changed hash: elapsed=1.186765167s
=== RUN   TestCheckerAgreementWithRustCLISourceInvariants/date.hex
    checker_agreement_test.go:395: Go accepted: certificate=4c786e33d5752abdfa3f358a6f2df58aa899a4cc0d81e66e57957f9a565e6339 declarations=43 axioms=0 elapsed=14.631292ms
    checker_agreement_test.go:401: Rust accepted identical bytes and report: export=f89918d3427645c0fc66568cf6fdeea78e5b86d89c2b039f57b3e5c100b69832 axiom_report=0ebc281c3a8d37e2d1a9ce033773e2865f96a13186a6364cb3446204c6a990d5 elapsed=648.179042ms
    checker_agreement_test.go:409: Go rejected changed hash: elapsed=21.631ms
    checker_agreement_test.go:415: Rust rejected changed hash: elapsed=639.096458ms
=== RUN   TestCheckerAgreementWithRustCLISourceInvariants/enum-construction.hex
    checker_agreement_test.go:395: Go accepted: certificate=66c275240e63c71798367cef4ff01c6ef05badbaf48b98cb858834c86580fbec declarations=178 axioms=0 elapsed=2.238196541s
    checker_agreement_test.go:401: Rust accepted identical bytes and report: export=20be3f4073cda71c768085c98286bb0239d9df0aeb7eac0f2bb71152d254cb35 axiom_report=0ebc281c3a8d37e2d1a9ce033773e2865f96a13186a6364cb3446204c6a990d5 elapsed=1.262917792s
    checker_agreement_test.go:409: Go rejected changed hash: elapsed=2.305028916s
    checker_agreement_test.go:415: Rust rejected changed hash: elapsed=1.2440545s
=== RUN   TestCheckerAgreementWithRustCLISourceInvariants/exception-vc-allowed.hex
    checker_agreement_test.go:395: Go accepted: certificate=d7e34fc439b79ae7c2e647e6a4a5d60e67080629a92aef31ab3a2c3c8c96a973 declarations=120 axioms=0 elapsed=341.611084ms
    checker_agreement_test.go:401: Rust accepted identical bytes and report: export=108d3db4baf24e5f679eb6d27a2c8d4d705773aeaa7e2f7aa72cb5b5e5c8a2b0 axiom_report=0ebc281c3a8d37e2d1a9ce033773e2865f96a13186a6364cb3446204c6a990d5 elapsed=918.518333ms
    checker_agreement_test.go:409: Go rejected changed hash: elapsed=584.355459ms
    checker_agreement_test.go:415: Rust rejected changed hash: elapsed=728.0385ms
=== RUN   TestCheckerAgreementWithRustCLISourceInvariants/extra-bool-float-map.hex
    checker_agreement_test.go:395: Go accepted: certificate=c84a05b1b0c198c6c5eb0dfebaad1645bf696dfb99f0fb77870c31dd4e54fa87 declarations=207 axioms=0 elapsed=4.683871583s
    checker_agreement_test.go:401: Rust accepted identical bytes and report: export=3a18751ba9d630567dca30073938ea603a721d9efe2a61ebf16fe582333b9c49 axiom_report=0ebc281c3a8d37e2d1a9ce033773e2865f96a13186a6364cb3446204c6a990d5 elapsed=1.301398334s
    checker_agreement_test.go:409: Go rejected changed hash: elapsed=4.508808292s
    checker_agreement_test.go:415: Rust rejected changed hash: elapsed=1.098325667s
=== RUN   TestCheckerAgreementWithRustCLISourceInvariants/extra-bool-nullable-map.hex
    checker_agreement_test.go:395: Go accepted: certificate=510e46a33f5505c2b18d81aeb9343d285ab4433617038e36bd265c4d8fd67305 declarations=219 axioms=0 elapsed=5.146123375s
    checker_agreement_test.go:401: Rust accepted identical bytes and report: export=95d7f4ba0a9c854565dbc29623e6d21fa80d654ca53af08bbe41716aec87a9e7 axiom_report=0ebc281c3a8d37e2d1a9ce033773e2865f96a13186a6364cb3446204c6a990d5 elapsed=1.192938125s
    checker_agreement_test.go:409: Go rejected changed hash: elapsed=4.859656708s
    checker_agreement_test.go:415: Rust rejected changed hash: elapsed=1.407118959s
=== RUN   TestCheckerAgreementWithRustCLISourceInvariants/extra-lookup-nullable.hex
    checker_agreement_test.go:395: Go accepted: certificate=2d740c2f3df79f13307a320685aa87c4700ec4656fed3c0aef80941375217dab declarations=133 axioms=0 elapsed=345.544583ms
    checker_agreement_test.go:401: Rust accepted identical bytes and report: export=ed909fd820bf90d467b7680fa0f28180b626f02c117ee3116c7a972e98a1ec5a axiom_report=0ebc281c3a8d37e2d1a9ce033773e2865f96a13186a6364cb3446204c6a990d5 elapsed=848.086833ms
    checker_agreement_test.go:409: Go rejected changed hash: elapsed=353.490542ms
    checker_agreement_test.go:415: Rust rejected changed hash: elapsed=795.14375ms
=== RUN   TestCheckerAgreementWithRustCLISourceInvariants/extra-shared-lookup-maps.hex
    checker_agreement_test.go:395: Go accepted: certificate=b714de22d939378b5b474f1c1df617ebb2c9b657e4854bd6f8ef725cd3a710ff declarations=301 axioms=0 elapsed=2.519799583s
    checker_agreement_test.go:401: Rust accepted identical bytes and report: export=3dc901147b280a5e3b754d7b47a4d19ad67770bef900e5a13cb3b24d8d855380 axiom_report=0ebc281c3a8d37e2d1a9ce033773e2865f96a13186a6364cb3446204c6a990d5 elapsed=1.274204584s
    checker_agreement_test.go:409: Go rejected changed hash: elapsed=2.747806375s
    checker_agreement_test.go:415: Rust rejected changed hash: elapsed=1.289679875s
=== RUN   TestCheckerAgreementWithRustCLISourceInvariants/extra-validation-bool.hex
    checker_agreement_test.go:395: Go accepted: certificate=43b49ca44d2a1fcf278a7c229133944cc3100ddf9a38e8083d9027ea715dae49 declarations=171 axioms=0 elapsed=2.30657125s
    checker_agreement_test.go:401: Rust accepted identical bytes and report: export=43e25c1811dd4efd604bcb869d5d6fd62224cd2d8b65868bcb201e5cc1ca21f2 axiom_report=0ebc281c3a8d37e2d1a9ce033773e2865f96a13186a6364cb3446204c6a990d5 elapsed=1.197257667s
    checker_agreement_test.go:409: Go rejected changed hash: elapsed=2.108640708s
    checker_agreement_test.go:415: Rust rejected changed hash: elapsed=1.127776375s
=== RUN   TestCheckerAgreementWithRustCLISourceInvariants/extra-validation-product.hex
    checker_agreement_test.go:395: Go accepted: certificate=e593d29eb76864773fe7696a86ebacb08e8dbe4f3d4e3f813ebaa864b01ebdc0 declarations=189 axioms=0 elapsed=2.813536958s
    checker_agreement_test.go:401: Rust accepted identical bytes and report: export=324acd851f5024945fd8890d9444b5d6e5611b4878435e4a866df4ef13420f2f axiom_report=0ebc281c3a8d37e2d1a9ce033773e2865f96a13186a6364cb3446204c6a990d5 elapsed=1.072211584s
    checker_agreement_test.go:409: Go rejected changed hash: elapsed=2.44412125s
    checker_agreement_test.go:415: Rust rejected changed hash: elapsed=1.184666042s
=== RUN   TestCheckerAgreementWithRustCLISourceInvariants/float-make-commutation.hex
    checker_agreement_test.go:395: Go accepted: certificate=396705f2835b0d3f5da0cdc25ee928a81aa6669968716ad8460f720ee3c48539 declarations=70 axioms=0 elapsed=34.475917ms
    checker_agreement_test.go:401: Rust accepted identical bytes and report: export=b56110190258013eedeb6b3faf61ee6823c8143da517fafe880c1d92bc53bde6 axiom_report=0ebc281c3a8d37e2d1a9ce033773e2865f96a13186a6364cb3446204c6a990d5 elapsed=750.017208ms
    checker_agreement_test.go:409: Go rejected changed hash: elapsed=17.699542ms
    checker_agreement_test.go:415: Rust rejected changed hash: elapsed=730.550709ms
=== RUN   TestCheckerAgreementWithRustCLISourceInvariants/float-sequence.hex
    checker_agreement_test.go:395: Go accepted: certificate=6e7bafffef4912801187987f6ba271980b1eb5510b519b3d5879013e2c31141e declarations=175 axioms=0 elapsed=2.249292083s
    checker_agreement_test.go:401: Rust accepted identical bytes and report: export=54b5dfec253b295b3a6192c04256f5154b16f70a32c056e585195fbeed11c7e6 axiom_report=0ebc281c3a8d37e2d1a9ce033773e2865f96a13186a6364cb3446204c6a990d5 elapsed=1.202475167s
    checker_agreement_test.go:409: Go rejected changed hash: elapsed=2.084093875s
    checker_agreement_test.go:415: Rust rejected changed hash: elapsed=1.08930075s
=== RUN   TestCheckerAgreementWithRustCLISourceInvariants/floats.hex
    checker_agreement_test.go:395: Go accepted: certificate=28a8ed82a40d192c222641700b448a8dd5d32adb917f922f35f9244972a069a5 declarations=53 axioms=0 elapsed=15.528875ms
    checker_agreement_test.go:401: Rust accepted identical bytes and report: export=588bd8a15048440f771999046944c346cfd9eac8c46e1a61fd4d140ae47034eb axiom_report=0ebc281c3a8d37e2d1a9ce033773e2865f96a13186a6364cb3446204c6a990d5 elapsed=674.838292ms
    checker_agreement_test.go:409: Go rejected changed hash: elapsed=33.247042ms
    checker_agreement_test.go:415: Rust rejected changed hash: elapsed=741.054416ms
=== RUN   TestCheckerAgreementWithRustCLISourceInvariants/guid.hex
    checker_agreement_test.go:395: Go accepted: certificate=aa33f9c0b8e72308a84c9bd7b92a79c4a613a1a5a8eea53ce4812a42379abefb declarations=43 axioms=0 elapsed=25.669417ms
    checker_agreement_test.go:401: Rust accepted identical bytes and report: export=faa96cb3e574c00b2fe6f7368e34951e8c8fc7d175f05c4ef4f8905d3903e8d1 axiom_report=0ebc281c3a8d37e2d1a9ce033773e2865f96a13186a6364cb3446204c6a990d5 elapsed=764.343958ms
    checker_agreement_test.go:409: Go rejected changed hash: elapsed=18.074916ms
    checker_agreement_test.go:415: Rust rejected changed hash: elapsed=719.812458ms
=== RUN   TestCheckerAgreementWithRustCLISourceInvariants/nested-box.hex
    checker_agreement_test.go:395: Go accepted: certificate=60782a6b6d172f7e89aedf499dfd7e685e5b1af8afc8ed4dcf9a2faadc0fee82 declarations=211 axioms=0 elapsed=2.239339625s
    checker_agreement_test.go:401: Rust accepted identical bytes and report: export=087158c62da348974794c7fe54f49d816531e5513a691fb6bef8f6a409c4c9bb axiom_report=0ebc281c3a8d37e2d1a9ce033773e2865f96a13186a6364cb3446204c6a990d5 elapsed=1.293384916s
    checker_agreement_test.go:409: Go rejected changed hash: elapsed=2.3699825s
    checker_agreement_test.go:415: Rust rejected changed hash: elapsed=1.281481666s
=== RUN   TestCheckerAgreementWithRustCLISourceInvariants/nullable-float.hex
    checker_agreement_test.go:395: Go accepted: certificate=89c9ebfd3fafda37a35fafe37803698f7135cc8bcbc33a2c7daa36b39f49a6e4 declarations=94 axioms=0 elapsed=257.890167ms
    checker_agreement_test.go:401: Rust accepted identical bytes and report: export=ba98888c6f300e84da4d43a6fa219392d4ee770b84cdb4ffbd569646505b8bfc axiom_report=0ebc281c3a8d37e2d1a9ce033773e2865f96a13186a6364cb3446204c6a990d5 elapsed=883.946709ms
    checker_agreement_test.go:409: Go rejected changed hash: elapsed=412.620584ms
    checker_agreement_test.go:415: Rust rejected changed hash: elapsed=769.626958ms
=== RUN   TestCheckerAgreementWithRustCLISourceInvariants/nullable-string-default.hex
    checker_agreement_test.go:395: Go accepted: certificate=e35d4ff5f1215fcf9058c05b1aea15852b0a25ea063fb268e3d7addc60771313 declarations=244 axioms=0 elapsed=3.525257791s
    checker_agreement_test.go:401: Rust accepted identical bytes and report: export=a2bb266c45f45c79eeabf0b785126bddb4266db1d693b656cb65552f4352b0ea axiom_report=0ebc281c3a8d37e2d1a9ce033773e2865f96a13186a6364cb3446204c6a990d5 elapsed=1.277331083s
    checker_agreement_test.go:409: Go rejected changed hash: elapsed=3.670729583s
    checker_agreement_test.go:415: Rust rejected changed hash: elapsed=1.370816416s
=== RUN   TestCheckerAgreementWithRustCLISourceInvariants/parse-error-contract.hex
    checker_agreement_test.go:395: Go accepted: certificate=bc081bf0b96bbe4c2df222297e400689bd738bcfa61e65d6f17e9661f36f6414 declarations=79 axioms=0 elapsed=46.232042ms
    checker_agreement_test.go:401: Rust accepted identical bytes and report: export=c3205c62f2da29c9b0aa35507cb992a1e1dc95ce39c8393e5696a44046614056 axiom_report=0ebc281c3a8d37e2d1a9ce033773e2865f96a13186a6364cb3446204c6a990d5 elapsed=809.592542ms
    checker_agreement_test.go:409: Go rejected changed hash: elapsed=60.769666ms
    checker_agreement_test.go:415: Rust rejected changed hash: elapsed=762.49925ms
=== RUN   TestCheckerAgreementWithRustCLISourceInvariants/product-construction.hex
    checker_agreement_test.go:395: Go accepted: certificate=208e872ad7a424f14c8ae951a47159d0433b78418887922886a79b024d8b94d9 declarations=183 axioms=0 elapsed=2.336536875s
    checker_agreement_test.go:401: Rust accepted identical bytes and report: export=373f77d2d68ff9c2aa7ba0b4c8dc5315a7206c7aaf6560b2397b80cb6e8f0296 axiom_report=0ebc281c3a8d37e2d1a9ce033773e2865f96a13186a6364cb3446204c6a990d5 elapsed=1.2937065s
    checker_agreement_test.go:409: Go rejected changed hash: elapsed=2.454836625s
    checker_agreement_test.go:415: Rust rejected changed hash: elapsed=1.274386292s
=== RUN   TestCheckerAgreementWithRustCLISourceInvariants/public-domain-sources-nested-public-clauses.hex
    checker_agreement_test.go:395: Go accepted: certificate=758beb410e2afb77201872eb24888c2705beabc090959921836ee6826480391a declarations=185 axioms=0 elapsed=5.622242833s
    checker_agreement_test.go:401: Rust accepted identical bytes and report: export=426c4782ff8a655ddc2346bcf6320b584e4286cdf10973b469d106f3c3d25560 axiom_report=0ebc281c3a8d37e2d1a9ce033773e2865f96a13186a6364cb3446204c6a990d5 elapsed=1.380263875s
    checker_agreement_test.go:409: Go rejected changed hash: elapsed=7.382057625s
    checker_agreement_test.go:415: Rust rejected changed hash: elapsed=1.291703042s
=== RUN   TestCheckerAgreementWithRustCLISourceInvariants/remapped-boundary-sequence.hex
    checker_agreement_test.go:395: Go accepted: certificate=36ba050f6a8ab27db588f118133b318e5a66863462e40b7d07761b0aac1fa464 declarations=213 axioms=0 elapsed=5.86973775s
    checker_agreement_test.go:401: Rust accepted identical bytes and report: export=9e7e474a97e18d25d8a13f48e34bad6c6773d796d6b91f73f4900f6cf77946f2 axiom_report=0ebc281c3a8d37e2d1a9ce033773e2865f96a13186a6364cb3446204c6a990d5 elapsed=1.370165083s
    checker_agreement_test.go:409: Go rejected changed hash: elapsed=6.356070958s
    checker_agreement_test.go:415: Rust rejected changed hash: elapsed=1.274578083s
=== RUN   TestCheckerAgreementWithRustCLISourceInvariants/string.hex
    checker_agreement_test.go:395: Go accepted: certificate=e67ba538a6010405b4de21fccd1befbccd736c5dfb29b2b44d87fe2e0b694bc3 declarations=191 axioms=0 elapsed=2.63331625s
    checker_agreement_test.go:401: Rust accepted identical bytes and report: export=21088d6985cc8ab62ae733de3e05c90e79089c7a8ced4f4ea153f62035b84b2b axiom_report=0ebc281c3a8d37e2d1a9ce033773e2865f96a13186a6364cb3446204c6a990d5 elapsed=1.385857834s
    checker_agreement_test.go:409: Go rejected changed hash: elapsed=3.510226417s
    checker_agreement_test.go:415: Rust rejected changed hash: elapsed=1.31694625s
=== RUN   TestCheckerAgreementWithRustCLISourceInvariants/structural-clauses-nested-public-clauses.hex
    checker_agreement_test.go:395: Go accepted: certificate=ad21cca0f361d42bc31e9e9bd05d706094d39358b9f49d8c3c3b6c4b588ad669 declarations=214 axioms=0 elapsed=5.133930334s
    checker_agreement_test.go:401: Rust accepted identical bytes and report: export=ee6cac6984b308294751f3485c0e568c7229caf51207a908439c1bdc145c6740 axiom_report=0ebc281c3a8d37e2d1a9ce033773e2865f96a13186a6364cb3446204c6a990d5 elapsed=1.441985792s
    checker_agreement_test.go:409: Go rejected changed hash: elapsed=5.386090916s
    checker_agreement_test.go:415: Rust rejected changed hash: elapsed=1.306383917s
=== RUN   TestCheckerAgreementWithRustCLISourceInvariants/unit-void-source.hex
    checker_agreement_test.go:395: Go accepted: certificate=6b8d61fca64a7970594178b3bc4a9eb38cdb189289b180ca7e1f27b4cae6fca3 declarations=108 axioms=0 elapsed=337.416625ms
    checker_agreement_test.go:401: Rust accepted identical bytes and report: export=1c850263f6c9c656a1e3c2cd5fd6210b077d372742a4f04b5528188d2abf926c axiom_report=0ebc281c3a8d37e2d1a9ce033773e2865f96a13186a6364cb3446204c6a990d5 elapsed=818.402667ms
    checker_agreement_test.go:409: Go rejected changed hash: elapsed=339.766458ms
    checker_agreement_test.go:415: Rust rejected changed hash: elapsed=848.057ms
--- PASS: TestCheckerAgreementWithRustCLISourceInvariants (1197.68s)
    --- PASS: TestCheckerAgreementWithRustCLISourceInvariants/binding-vc-boundary_field.hex (398.05s)
    --- PASS: TestCheckerAgreementWithRustCLISourceInvariants/binding-vc-bounded_sequence.hex (16.90s)
    --- PASS: TestCheckerAgreementWithRustCLISourceInvariants/binding-vc-instant.hex (1.52s)
    --- PASS: TestCheckerAgreementWithRustCLISourceInvariants/binding-vc-lookup.hex (3.69s)
    --- PASS: TestCheckerAgreementWithRustCLISourceInvariants/binding-vc-money.hex (21.62s)
    --- PASS: TestCheckerAgreementWithRustCLISourceInvariants/binding-vc-option.hex (2.74s)
    --- PASS: TestCheckerAgreementWithRustCLISourceInvariants/binding-vc-ordered_entry.hex (1.57s)
    --- PASS: TestCheckerAgreementWithRustCLISourceInvariants/binding-vc-ordered_map.hex (230.30s)
    --- PASS: TestCheckerAgreementWithRustCLISourceInvariants/binding-vc-ordered_set.hex (14.47s)
    --- PASS: TestCheckerAgreementWithRustCLISourceInvariants/binding-vc-result.hex (3.29s)
    --- PASS: TestCheckerAgreementWithRustCLISourceInvariants/binding-vc-transition.hex (13.93s)
    --- PASS: TestCheckerAgreementWithRustCLISourceInvariants/binding-vc-validation.hex (15.98s)
    --- PASS: TestCheckerAgreementWithRustCLISourceInvariants/bool-construction.hex (13.54s)
    --- PASS: TestCheckerAgreementWithRustCLISourceInvariants/bool-float-entry.hex (1.48s)
    --- PASS: TestCheckerAgreementWithRustCLISourceInvariants/boundary-exception-empty.hex (2.85s)
    --- PASS: TestCheckerAgreementWithRustCLISourceInvariants/boundary-exception-payload.hex (2.84s)
    --- PASS: TestCheckerAgreementWithRustCLISourceInvariants/boundary-map-compound.hex (31.13s)
    --- PASS: TestCheckerAgreementWithRustCLISourceInvariants/boundary-map-decimal.hex (122.37s)
    --- PASS: TestCheckerAgreementWithRustCLISourceInvariants/boundary-map-string.hex (14.58s)
    --- PASS: TestCheckerAgreementWithRustCLISourceInvariants/boundary-set-decimal.hex (64.35s)
    --- PASS: TestCheckerAgreementWithRustCLISourceInvariants/boundary-total-cells.hex (11.99s)
    --- PASS: TestCheckerAgreementWithRustCLISourceInvariants/complete-snapshot.hex (13.52s)
    --- PASS: TestCheckerAgreementWithRustCLISourceInvariants/conditional-clauses-nested-public-clauses.hex (14.00s)
    --- PASS: TestCheckerAgreementWithRustCLISourceInvariants/construction-vc-broken_constructor.hex (2.38s)
    --- PASS: TestCheckerAgreementWithRustCLISourceInvariants/construction-vc-broken_default.hex (1.32s)
    --- PASS: TestCheckerAgreementWithRustCLISourceInvariants/construction-vc-broken_initializer.hex (9.97s)
    --- PASS: TestCheckerAgreementWithRustCLISourceInvariants/construction-vc-enum_zero.hex (1.64s)
    --- PASS: TestCheckerAgreementWithRustCLISourceInvariants/construction-vc-positive_constructor.hex (1.71s)
    --- PASS: TestCheckerAgreementWithRustCLISourceInvariants/construction-vc-positive_default.hex (1.71s)
    --- PASS: TestCheckerAgreementWithRustCLISourceInvariants/construction-vc-positive_initializer.hex (8.01s)
    --- PASS: TestCheckerAgreementWithRustCLISourceInvariants/date.hex (1.33s)
    --- PASS: TestCheckerAgreementWithRustCLISourceInvariants/enum-construction.hex (7.06s)
    --- PASS: TestCheckerAgreementWithRustCLISourceInvariants/exception-vc-allowed.hex (2.58s)
    --- PASS: TestCheckerAgreementWithRustCLISourceInvariants/extra-bool-float-map.hex (11.60s)
    --- PASS: TestCheckerAgreementWithRustCLISourceInvariants/extra-bool-nullable-map.hex (12.61s)
    --- PASS: TestCheckerAgreementWithRustCLISourceInvariants/extra-lookup-nullable.hex (2.35s)
    --- PASS: TestCheckerAgreementWithRustCLISourceInvariants/extra-shared-lookup-maps.hex (7.84s)
    --- PASS: TestCheckerAgreementWithRustCLISourceInvariants/extra-validation-bool.hex (6.75s)
    --- PASS: TestCheckerAgreementWithRustCLISourceInvariants/extra-validation-product.hex (7.52s)
    --- PASS: TestCheckerAgreementWithRustCLISourceInvariants/float-make-commutation.hex (1.54s)
    --- PASS: TestCheckerAgreementWithRustCLISourceInvariants/float-sequence.hex (6.63s)
    --- PASS: TestCheckerAgreementWithRustCLISourceInvariants/floats.hex (1.47s)
    --- PASS: TestCheckerAgreementWithRustCLISourceInvariants/guid.hex (1.53s)
    --- PASS: TestCheckerAgreementWithRustCLISourceInvariants/nested-box.hex (7.19s)
    --- PASS: TestCheckerAgreementWithRustCLISourceInvariants/nullable-float.hex (2.33s)
    --- PASS: TestCheckerAgreementWithRustCLISourceInvariants/nullable-string-default.hex (9.85s)
    --- PASS: TestCheckerAgreementWithRustCLISourceInvariants/parse-error-contract.hex (1.68s)
    --- PASS: TestCheckerAgreementWithRustCLISourceInvariants/product-construction.hex (7.37s)
    --- PASS: TestCheckerAgreementWithRustCLISourceInvariants/public-domain-sources-nested-public-clauses.hex (15.68s)
    --- PASS: TestCheckerAgreementWithRustCLISourceInvariants/remapped-boundary-sequence.hex (14.87s)
    --- PASS: TestCheckerAgreementWithRustCLISourceInvariants/string.hex (8.85s)
    --- PASS: TestCheckerAgreementWithRustCLISourceInvariants/structural-clauses-nested-public-clauses.hex (13.28s)
    --- PASS: TestCheckerAgreementWithRustCLISourceInvariants/unit-void-source.hex (2.35s)
PASS
ok  	github.com/finitefield-org/mpk/go-tools/mpk-checker-ref	1197.787s
