
running 1 test
test ordinary_carriers::projection_tests::binding_relation_tests::condition_tests::csharp_03_t06_w09_binding_conditions_original_source_certificates ... binding conditions start binding-vc-boundary_field
binding conditions complete binding-vc-boundary_field: 6 conditions, 23 proofs pending
binding conditions start binding-vc-bounded_sequence
binding conditions complete binding-vc-bounded_sequence: 2 conditions, 15 proofs pending
binding conditions start binding-vc-instant
binding conditions complete binding-vc-instant: 1 conditions, 9 proofs pending
binding conditions start binding-vc-lookup
binding conditions complete binding-vc-lookup: 5 conditions, 21 proofs pending
binding conditions start binding-vc-money
binding conditions complete binding-vc-money: 2 conditions, 22 proofs pending
binding conditions start binding-vc-option
binding conditions complete binding-vc-option: 5 conditions, 22 proofs pending
binding conditions start binding-vc-ordered_entry
binding conditions complete binding-vc-ordered_entry: 2 conditions, 17 proofs pending
binding conditions start binding-vc-ordered_map
binding conditions complete binding-vc-ordered_map: 5 conditions, 54 proofs pending
binding conditions start binding-vc-ordered_set
binding conditions complete binding-vc-ordered_set: 3 conditions, 23 proofs pending
binding conditions start binding-vc-result
binding conditions complete binding-vc-result: 6 conditions, 24 proofs pending
binding conditions start binding-vc-transition
binding conditions complete binding-vc-transition: 4 conditions, 26 proofs pending
binding conditions start binding-vc-validation
binding conditions complete binding-vc-validation: 8 conditions, 32 proofs pending
binding conditions start bool-construction
binding conditions complete bool-construction: 0 conditions, 11 proofs pending
binding conditions start bool-float-entry
binding conditions complete bool-float-entry: 2 conditions, 16 proofs pending
binding conditions start boundary-exception-empty
binding conditions complete boundary-exception-empty: 0 conditions, 0 proofs pending
binding conditions start boundary-exception-payload
binding conditions complete boundary-exception-payload: 0 conditions, 0 proofs pending
binding conditions start boundary-map-compound
binding conditions complete boundary-map-compound: 5 conditions, 54 proofs pending
binding conditions start boundary-map-decimal
binding conditions complete boundary-map-decimal: 5 conditions, 54 proofs pending
binding conditions start boundary-map-string
binding conditions complete boundary-map-string: 5 conditions, 54 proofs pending
binding conditions start boundary-set-decimal
binding conditions complete boundary-set-decimal: 3 conditions, 23 proofs pending
binding conditions start boundary-total-cells
binding conditions complete boundary-total-cells: 0 conditions, 13 proofs pending
binding conditions start complete-snapshot
binding conditions complete complete-snapshot: 0 conditions, 11 proofs pending
binding conditions start construction-vc-enum_zero
binding conditions complete construction-vc-enum_zero: 0 conditions, 0 proofs pending
binding conditions start construction-vc-positive_constructor
binding conditions complete construction-vc-positive_constructor: 0 conditions, 0 proofs pending
binding conditions start date
binding conditions complete date: 0 conditions, 0 proofs pending
binding conditions start enum-construction
binding conditions complete enum-construction: 0 conditions, 11 proofs pending
binding conditions start exception-vc-allowed
binding conditions complete exception-vc-allowed: 0 conditions, 0 proofs pending
binding conditions start extra-bool-float-map
binding conditions complete extra-bool-float-map: 5 conditions, 49 proofs pending
binding conditions start extra-bool-nullable-map
binding conditions complete extra-bool-nullable-map: 5 conditions, 62 proofs pending
binding conditions start extra-lookup-nullable
binding conditions complete extra-lookup-nullable: 5 conditions, 29 proofs pending
binding conditions start extra-shared-lookup-maps
binding conditions complete extra-shared-lookup-maps: 10 conditions, 101 proofs pending
binding conditions start extra-validation-bool
binding conditions complete extra-validation-bool: 8 conditions, 32 proofs pending
binding conditions start extra-validation-product
binding conditions complete extra-validation-product: 8 conditions, 32 proofs pending
binding conditions start float-sequence
binding conditions complete float-sequence: 0 conditions, 10 proofs pending
binding conditions start floats
binding conditions complete floats: 0 conditions, 0 proofs pending
binding conditions start guid
binding conditions complete guid: 0 conditions, 0 proofs pending
binding conditions start nested-box
binding conditions complete nested-box: 0 conditions, 19 proofs pending
binding conditions start nullable-float
binding conditions complete nullable-float: 0 conditions, 7 proofs pending
binding conditions start nullable-string-default
binding conditions complete nullable-string-default: 0 conditions, 19 proofs pending
binding conditions start parse-error-contract
binding conditions complete parse-error-contract: 0 conditions, 0 proofs pending
binding conditions start product-construction
binding conditions complete product-construction: 0 conditions, 11 proofs pending
binding conditions start string
binding conditions complete string: 0 conditions, 8 proofs pending
binding conditions start unit-void-source
binding conditions complete unit-void-source: 0 conditions, 8 proofs pending
binding conditions start remapped-boundary-sequence
binding conditions complete remapped-boundary-sequence: 8 conditions, 45 proofs pending
binding conditions start float-make-commutation
binding conditions complete float-make-commutation: 2 conditions, 20 proofs pending
ok

test result: ok. 1 passed; 0 failed; 0 ignored; 0 measured; 376 filtered out; finished in 11.64s

