
running 1 test
test ordinary_carriers::projection_tests::binding_relation_tests::source_invariant_tests::csharp_03_t06_w09_source_invariants_original_equations ... source invariant observations binding-vc-boundary_field: mpk.csharp.source.4d598580caab300c4353997b50997a36fd7b35e47e29624640abf41337575789
source invariant observations binding-vc-boundary_field: mpk.csharp.source.c912fedec302ca99dfd67280f6d6f74cf7cc8f43afc2a3af788b5ace3fbf1818
source invariant observations binding-vc-bounded_sequence: mpk.csharp.source.c912fedec302ca99dfd67280f6d6f74cf7cc8f43afc2a3af788b5ace3fbf1818
source invariant observations binding-vc-instant: mpk.csharp.source.c912fedec302ca99dfd67280f6d6f74cf7cc8f43afc2a3af788b5ace3fbf1818
source invariant observations binding-vc-lookup: mpk.csharp.source.4d598580caab300c4353997b50997a36fd7b35e47e29624640abf41337575789
source invariant observations binding-vc-lookup: mpk.csharp.source.c912fedec302ca99dfd67280f6d6f74cf7cc8f43afc2a3af788b5ace3fbf1818
source invariant observations binding-vc-money: mpk.csharp.source.c912fedec302ca99dfd67280f6d6f74cf7cc8f43afc2a3af788b5ace3fbf1818
source invariant observations binding-vc-option: mpk.csharp.source.4d598580caab300c4353997b50997a36fd7b35e47e29624640abf41337575789
source invariant observations binding-vc-option: mpk.csharp.source.c912fedec302ca99dfd67280f6d6f74cf7cc8f43afc2a3af788b5ace3fbf1818
source invariant observations binding-vc-ordered_entry: mpk.csharp.source.c912fedec302ca99dfd67280f6d6f74cf7cc8f43afc2a3af788b5ace3fbf1818
source invariant observations binding-vc-ordered_map: mpk.csharp.source.a21b0b484f6daea7c4670cab3eb882c9cb69815fd5cfb04f364a67f8c77c9877
source invariant observations binding-vc-ordered_map: mpk.csharp.source.c912fedec302ca99dfd67280f6d6f74cf7cc8f43afc2a3af788b5ace3fbf1818
source invariant observations binding-vc-ordered_set: mpk.csharp.source.c912fedec302ca99dfd67280f6d6f74cf7cc8f43afc2a3af788b5ace3fbf1818
source invariant observations binding-vc-result: mpk.csharp.source.4d598580caab300c4353997b50997a36fd7b35e47e29624640abf41337575789
source invariant observations binding-vc-result: mpk.csharp.source.c912fedec302ca99dfd67280f6d6f74cf7cc8f43afc2a3af788b5ace3fbf1818
source invariant observations binding-vc-transition: mpk.csharp.source.c912fedec302ca99dfd67280f6d6f74cf7cc8f43afc2a3af788b5ace3fbf1818
source invariant observations binding-vc-validation: mpk.csharp.source.4d598580caab300c4353997b50997a36fd7b35e47e29624640abf41337575789
source invariant observations binding-vc-validation: mpk.csharp.source.c912fedec302ca99dfd67280f6d6f74cf7cc8f43afc2a3af788b5ace3fbf1818
source invariant observations bool-float-entry: mpk.csharp.source.cd5fa1d4ea600175ecbc1152e32c34a1af714f60c10ddeefba3f0128d30eb530

thread 'ordinary_carriers::projection_tests::binding_relation_tests::source_invariant_tests::csharp_03_t06_w09_source_invariants_original_equations' (12094582) panicked at crates/mpk-vc/tests/support/../../src/csharp_practical_ordinary_test_eval.rs:775:25:
non-Bool major
note: run with `RUST_BACKTRACE=1` environment variable to display a backtrace
FAILED

failures:

failures:
    ordinary_carriers::projection_tests::binding_relation_tests::source_invariant_tests::csharp_03_t06_w09_source_invariants_original_equations

test result: FAILED. 0 passed; 1 failed; 0 ignored; 0 measured; 376 filtered out; finished in 284.31s

