   Compiling version_check v0.9.5
   Compiling typenum v1.20.1
   Compiling generic-array v0.14.7
   Compiling proc-macro2 v1.0.106
   Compiling unicode-ident v1.0.24
   Compiling quote v1.0.46
   Compiling serde_core v1.0.228
   Compiling crypto-common v0.1.7
   Compiling block-buffer v0.10.4
   Compiling zmij v1.0.21
   Compiling digest v0.10.7
   Compiling syn v2.0.118
   Compiling serde v1.0.228
   Compiling cfg-if v1.0.4
   Compiling cpufeatures v0.2.17
   Compiling serde_json v1.0.150
   Compiling sha2 v0.10.9
   Compiling serde_derive v1.0.228
   Compiling itoa v1.0.18
   Compiling mpk-core v0.1.0 (/root/mpk-w09-pattern-routes-a9d2e6fe/crates/mpk-core)
   Compiling memchr v2.8.2
   Compiling mpk-cert v0.1.0 (/root/mpk-w09-pattern-routes-a9d2e6fe/crates/mpk-cert)
   Compiling mpk-vc v0.1.0 (/root/mpk-w09-pattern-routes-a9d2e6fe/crates/mpk-vc)
    Finished `test` profile [optimized] target(s) in 6m 53s
     Running tests/csharp_practical_vc.rs (/root/mpk-w09-pattern-routes-a9d2e6fe-target/debug/deps/csharp_practical_vc-bb5f372f714b0f03)

running 1 test
test ordinary_carriers::public_domain_tests::contract_expression_tests::control_edge_tests::predicates::source_relations::routes::csharp_03_t06_w09_pattern_routes_original_conditions ... original pattern routes: 102 defined conditions, 21 control conditions, 32 route bindings, 88 branch states, 54 route transports, 1 literal transport; application proofs pending
ok

test result: ok. 1 passed; 0 failed; 0 ignored; 0 measured; 393 filtered out; finished in 18.50s

