    Blocking waiting for file lock on build directory
   Compiling libc v0.2.186
   Compiling generic-array v0.14.7
   Compiling typenum v1.20.1
   Compiling serde_core v1.0.228
   Compiling zmij v1.0.21
   Compiling cfg-if v1.0.4
   Compiling serde_json v1.0.150
   Compiling serde v1.0.228
   Compiling memchr v2.8.2
   Compiling mpk-core v0.1.0 (/Users/kazuyoshitoshiya/mpk/crates/mpk-core)
   Compiling itoa v1.0.18
   Compiling getrandom v0.4.3
   Compiling rustix v1.1.4
   Compiling bitflags v2.13.1
   Compiling mpk-theory v0.1.0 (/Users/kazuyoshitoshiya/mpk/crates/mpk-theory)
   Compiling fastrand v2.5.0
   Compiling cpufeatures v0.2.17
   Compiling errno v0.3.14
   Compiling crypto-common v0.1.7
   Compiling block-buffer v0.10.4
   Compiling sha2 v0.10.9
   Compiling digest v0.10.7
   Compiling once_cell v1.21.4
   Compiling unicode-width v0.2.2
   Compiling pulldown-cmark v0.13.4
   Compiling mpk-cert v0.1.0 (/Users/kazuyoshitoshiya/mpk/crates/mpk-cert)
   Compiling pulldown-cmark-escape v0.11.0
   Compiling getopts v0.2.24
   Compiling unicase v2.9.0
   Compiling mpk-vc v0.1.0 (/Users/kazuyoshitoshiya/mpk/crates/mpk-vc)
   Compiling mpk-kernel v0.1.0 (/Users/kazuyoshitoshiya/mpk/crates/mpk-kernel)
   Compiling tempfile v3.27.0
   Compiling mpk-cli v0.1.0 (/Users/kazuyoshitoshiya/mpk/crates/mpk-cli)
   Compiling mpk-api v0.1.0 (/Users/kazuyoshitoshiya/mpk/crates/mpk-api)
    Finished `release` profile [optimized] target(s) in 1m 42s
     Running tests/csharp_practical_control.rs (target/release/deps/csharp_practical_control-51e8df4eaf893c21)

running 1 test
test emission::csharp_03_t04_w06_importer_checks_construction_loop_fixed_point ... ok

test result: ok. 1 passed; 0 failed; 0 ignored; 0 measured; 50 filtered out; finished in 0.04s

