RETAINED 44 NEW 28
PASS switch-positive-rust 0.116
PASS switch-hash-go 7.33
PASS switch-positive-go 7.482
PASS switch-hash-rust 0.122
PASS is_binding-positive-rust 0.093
PASS is_binding-positive-go 4.598
PASS is_binding-hash-go 4.442
PASS is_binding-hash-rust 0.082
PASS guard_order-positive-rust 2.155
PASS guard_order-positive-go 439.4
PASS guard_order-hash-rust 1.555
PASS guard_order-hash-go 442.486
PASS guard_throw-positive-rust 0.297
PASS guard_throw-positive-go 76.304
PASS guard_throw-hash-rust 0.284
PASS guard_throw-hash-go 75.847
PASS governing_throw-positive-rust 0.153
PASS governing_throw-positive-go 13.353
PASS governing_throw-hash-rust 0.155
PASS governing_throw-hash-go 13.653
PASS type-positive-rust 0.868
PASS type-positive-go 63.417
PASS type-hash-rust 0.57
PASS type-hash-go 63.546
PASS string_property-positive-rust 0.151
PASS string_property-positive-go 8.346
PASS string_property-hash-rust 0.17
PASS string_property-hash-go 8.006
COMPLETE 72
