    Finished `test` profile [unoptimized + debuginfo] target(s) in 0.09s
     Running tests/csharp_practical_vc.rs (target/debug/deps/csharp_practical_vc-dcf715cdb89904aa)

running 1 test
ordered integer ordered_set: empty,ascending,descending,duplicate,syntax and absolute ending
ordered JSON depth0: accepted true,807 selected wide packet bits
ordered JSON depth0: accepted true,807 selected wide packet bits
ordered JSON depth0: accepted false,807 selected wide packet bits
ordered JSON depth0: accepted false,807 selected wide packet bits
ordered JSON depth0: accepted false,807 selected wide packet bits
ordered JSON depth0: accepted true,807 selected wide packet bits
test ordinary_carriers::literal_tests::json_token_tests::product_tests::ordered_tests::runtime::csharp_03_t06_w09_json_ordered_actual_core has been running for over 60 seconds
ordered JSON depth31: accepted true,807 selected wide packet bits
ordered JSON depth32: accepted false,807 selected wide packet bits
ordered integer ordered_map: empty,ascending,descending,duplicate,syntax and absolute ending
ordered JSON depth0: accepted true,936 selected wide packet bits
ordered JSON depth0: accepted true,936 selected wide packet bits
ordered JSON depth0: accepted false,936 selected wide packet bits
ordered JSON depth0: accepted false,936 selected wide packet bits
ordered JSON depth0: accepted false,936 selected wide packet bits
ordered JSON depth0: accepted true,936 selected wide packet bits
ordered JSON depth30: accepted true,936 selected wide packet bits
ordered JSON depth31: accepted false,936 selected wide packet bits
ordered decimal ordered_set: empty,ascending,descending,duplicate,syntax and absolute ending
ordered JSON depth0: accepted true,1195 selected wide packet bits
ordered JSON depth0: accepted true,1211 selected wide packet bits
ordered JSON depth0: accepted false,1211 selected wide packet bits
ordered JSON depth0: accepted false,1203 selected wide packet bits
ordered JSON depth0: accepted false,1195 selected wide packet bits
ordered JSON depth0: accepted true,1211 selected wide packet bits
ordered decimal ordered_map: empty,ascending,descending,duplicate,syntax and absolute ending
ordered JSON depth0: accepted true,1196 selected wide packet bits
ordered JSON depth0: accepted true,1232 selected wide packet bits
ordered JSON depth0: accepted false,1232 selected wide packet bits
ordered JSON depth0: accepted false,1220 selected wide packet bits
ordered JSON depth0: accepted false,1196 selected wide packet bits
ordered JSON depth0: accepted true,1232 selected wide packet bits
ordered string ordered_set: empty,ascending,descending,duplicate,syntax and absolute ending
ordered JSON depth0: accepted true,1205 selected wide packet bits
ordered JSON depth0: accepted true,1681 selected wide packet bits
ordered JSON depth0: accepted false,1681 selected wide packet bits
ordered JSON depth0: accepted false,1441 selected wide packet bits
ordered JSON depth0: accepted false,1205 selected wide packet bits
ordered JSON depth0: accepted true,1681 selected wide packet bits
ordered string ordered_map: empty,ascending,descending,duplicate,syntax and absolute ending
ordered JSON depth0: accepted true,1206 selected wide packet bits
ordered JSON depth0: accepted true,1762 selected wide packet bits
ordered JSON depth0: accepted false,1762 selected wide packet bits
ordered JSON depth0: accepted false,1510 selected wide packet bits
ordered JSON depth0: accepted false,1206 selected wide packet bits
ordered JSON depth0: accepted true,1762 selected wide packet bits
ordered compound ordered_set: empty,ascending,descending,duplicate,syntax and absolute ending
ordered JSON depth0: accepted true,1206 selected wide packet bits
ordered JSON depth0: accepted true,1610 selected wide packet bits
ordered JSON depth0: accepted false,1610 selected wide packet bits
ordered JSON depth0: accepted false,1534 selected wide packet bits
ordered JSON depth0: accepted false,1206 selected wide packet bits
ordered JSON depth0: accepted true,1610 selected wide packet bits
ordered compound ordered_map: empty,ascending,descending,duplicate,syntax and absolute ending
ordered JSON depth0: accepted true,1207 selected wide packet bits
ordered JSON depth0: accepted true,1691 selected wide packet bits
ordered JSON depth0: accepted false,1691 selected wide packet bits
ordered JSON depth0: accepted false,1611 selected wide packet bits
ordered JSON depth0: accepted false,1207 selected wide packet bits
ordered JSON depth0: accepted true,1691 selected wide packet bits
test ordinary_carriers::literal_tests::json_token_tests::product_tests::ordered_tests::runtime::csharp_03_t06_w09_json_ordered_actual_core ... ok

test result: ok. 1 passed; 0 failed; 0 ignored; 0 measured; 196 filtered out; finished in 2669.43s

