
running 4 tests
test csharp_practical_vir_model::ordinary_carriers::structural::relations::domains::tests::recursive_domain_sparse_zero_tail_work_is_bounded ... zero tail I14 D4 length 0 active: 18615 core transitions
zero tail I14 D4 length 0 first inactive: 9872 core transitions
zero tail I14 D4 length 0 last physical: 28576 core transitions
zero tail I14 D4 length 1 active: 54378 core transitions
zero tail I14 D4 length 1 first inactive: 55609 core transitions
zero tail I14 D4 length 1 last physical: 63540 core transitions
zero tail I14 D4 length 2 active: 113395 core transitions
zero tail I14 D4 length 2 first inactive: 52746 core transitions
zero tail I14 D4 length 2 last physical: 122557 core transitions
zero tail I14 D4 length 3 active: 107381 core transitions
zero tail I14 D4 length 3 first inactive: 114865 core transitions
zero tail I14 D4 length 3 last physical: 129151 core transitions
zero tail I14 D4 length 8192 active: 167203 core transitions
zero tail I14 D4 length 8192 first inactive: 31300 core transitions
zero tail I14 D4 length 8192 last physical: 168072 core transitions
zero tail I14 D4 length 16383 active: 19570 core transitions
zero tail I14 D4 length 16383 first inactive: 112495 core transitions
zero tail I14 D4 length 16383 last physical: 112495 core transitions
zero tail I14 D4 length 16384 active: 9681 core transitions
zero tail I12 D20 length 0 active: 33501 core transitions
zero tail I12 D20 length 0 first inactive: 32940 core transitions
zero tail I12 D20 length 0 last physical: 57168 core transitions
zero tail I12 D20 length 1 active: 71729 core transitions
zero tail I12 D20 length 1 first inactive: 83217 core transitions
zero tail I12 D20 length 1 last physical: 94261 core transitions
zero tail I12 D20 length 2 active: 244534 core transitions
zero tail I12 D20 length 2 first inactive: 79872 core transitions
zero tail I12 D20 length 2 last physical: 267066 core transitions
zero tail I12 D20 length 3 active: 227635 core transitions
zero tail I12 D20 length 3 first inactive: 256715 core transitions
zero tail I12 D20 length 3 last physical: 276555 core transitions
zero tail I12 D20 length 2048 active: 302650 core transitions
zero tail I12 D20 length 2048 first inactive: 57532 core transitions
zero tail I12 D20 length 2048 last physical: 314281 core transitions
zero tail I12 D20 length 4095 active: 34552 core transitions
zero tail I12 D20 length 4095 first inactive: 266873 core transitions
zero tail I12 D20 length 4095 last physical: 266873 core transitions
zero tail I12 D20 length 4096 active: 9793 core transitions
ok
test csharp_practical_vir_model::ordinary_carriers::structural::relations::domains::tests::recursive_domain_sparse_zero_work_is_bounded ... C31 complete zero-region predicate: 24856 core transitions
C31 nonzero address 0: 1603 core transitions
C31 nonzero address 1073741824: 2547 core transitions
C31 nonzero address 2147483647: 47388 core transitions
ok
test csharp_practical_vir_model::ordinary_carriers::structural::relations::domains::tests::recursive_domain_zero_regions_and_padding ... ok
test csharp_practical_vir_model::ordinary_carriers::structural::relations::domains::tests::recursive_domain_zero_tail_matches_physical_addresses ... ok

test result: ok. 4 passed; 0 failed; 0 ignored; 0 measured; 164 filtered out; finished in 14.60s

