
running 1 test
test ordinary_carriers::projection_tests::binding_relation_tests::guard_tests::csharp_03_t06_w09_binding_guards_original_source_certificates ... binding guards binding-vc-boundary_field: 19 predicates; 37 pending
binding guards binding-vc-bounded_sequence: 9 predicates; 26 pending
binding guards binding-vc-instant: 6 predicates; 9 pending
binding guards binding-vc-lookup: 15 predicates; 34 pending
binding guards binding-vc-money: 11 predicates; 62 pending
binding guards binding-vc-option: 15 predicates; 37 pending
binding guards binding-vc-ordered_entry: 9 predicates; 29 pending
binding guards binding-vc-ordered_map: 18 predicates; 118 pending
binding guards binding-vc-ordered_set: 9 predicates; 50 pending
binding guards binding-vc-result: 17 predicates; 39 pending
binding guards binding-vc-transition: 14 predicates; 49 pending
binding guards binding-vc-validation: 21 predicates; 60 pending
binding guards bool-construction: 4 predicates; 53 pending
binding guards bool-float-entry: 9 predicates; 27 pending
binding guards boundary-exception-empty: 1 predicates; 0 pending
binding guards boundary-exception-payload: 1 predicates; 0 pending
binding guards boundary-map-compound: 19 predicates; 119 pending
binding guards boundary-map-decimal: 19 predicates; 119 pending
binding guards boundary-map-string: 19 predicates; 119 pending
binding guards boundary-set-decimal: 10 predicates; 51 pending
binding guards boundary-total-cells: 5 predicates; 44 pending
binding guards complete-snapshot: 4 predicates; 38 pending
binding guards construction-vc-enum_zero: 1 predicates; 0 pending
binding guards construction-vc-positive_constructor: 1 predicates; 0 pending
binding guards date: 1 predicates; 0 pending
binding guards enum-construction: 5 predicates; 54 pending
binding guards exception-vc-allowed: 1 predicates; 0 pending
binding guards extra-bool-float-map: 18 predicates; 105 pending
binding guards extra-bool-nullable-map: 19 predicates; 143 pending
binding guards extra-lookup-nullable: 16 predicates; 58 pending
binding guards extra-shared-lookup-maps: 32 predicates; 211 pending
binding guards extra-validation-bool: 21 predicates; 60 pending
binding guards extra-validation-product: 22 predicates; 60 pending
binding guards float-sequence: 4 predicates; 51 pending
binding guards floats: 1 predicates; 0 pending
binding guards guid: 1 predicates; 0 pending
binding guards nested-box: 6 predicates; 78 pending
binding guards nullable-float: 3 predicates; 25 pending
binding guards nullable-string-default: 7 predicates; 79 pending
binding guards parse-error-contract: 1 predicates; 0 pending
binding guards product-construction: 5 predicates; 54 pending
binding guards string: 4 predicates; 28 pending
binding guards unit-void-source: 4 predicates; 28 pending
binding guards remapped-boundary-sequence: 28 predicates; 75 pending
binding guards float-make-commutation: 11 predicates; 31 pending
ok

test result: ok. 1 passed; 0 failed; 0 ignored; 0 measured; 368 filtered out; finished in 16.00s

