=== RUN   TestCheckerAgreementWithRustCLIJsonBoundaryFields
=== RUN   TestCheckerAgreementWithRustCLIJsonBoundaryFields/optional_default.hex
    checker_agreement_test.go:395: Go accepted: certificate=2bf10a1007d1661ea291b7ba744c8cc385b1739467dd0cf093329dc21b2c129a declarations=1987 axioms=0 elapsed=2m40.551945125s
    checker_agreement_test.go:397: Rust checker execution/protocol failure: Rust checker did not return a verifier report: unexpected end of JSON input
        stdout:
        
        stderr:
        error[E0560]: struct `csharp_practical_vir_model::TypedValueRef` has no field named `value_id`
           --> crates/mpk-vc/src/csharp_practical_ordinary_source_invariants.rs:233:13
            |
        233 |             value_id: "source_invariant.receiver".into(),
            |             ^^^^^^^^ `csharp_practical_vir_model::TypedValueRef` does not have this field
            |
            = note: available fields are: `id`
        
        For more information about this error, try `rustc --explain E0560`.
        error: could not compile `mpk-vc` (lib) due to 1 previous error
        error: could not compile `mpk-vc` (lib) due to 1 previous error
--- FAIL: TestCheckerAgreementWithRustCLIJsonBoundaryFields (183.72s)
    --- FAIL: TestCheckerAgreementWithRustCLIJsonBoundaryFields/optional_default.hex (183.72s)
FAIL
FAIL	github.com/finitefield-org/mpk/go-tools/mpk-checker-ref	183.811s
FAIL
