=== RUN   TestCheckerAgreementWithRustCLIJsonLimitsGuardedEnvelopes
=== RUN   TestCheckerAgreementWithRustCLIJsonLimitsGuardedEnvelopes/json-depth-compound-ordered-decimal.hex
    checker_agreement_test.go:395: Go accepted: certificate=8e2b472b974050c92b5fad9f02e31158590f73a80391fe8518f8ab03b10b93c3 declarations=2918 axioms=0 elapsed=19m20.343918375s
    checker_agreement_test.go:401: Rust accepted identical bytes and report: export=f91f19aea3ec0970e19ed7060face77d8712449a8b7c535f9c47744bba0b4f59 axiom_report=0ebc281c3a8d37e2d1a9ce033773e2865f96a13186a6364cb3446204c6a990d5 elapsed=11.922105792s
    checker_agreement_test.go:409: Go rejected changed hash: elapsed=18m21.132083709s
    checker_agreement_test.go:411: Rust checker execution/protocol failure: Rust checker did not return a verifier report: unexpected end of JSON input
        stdout:
        
        stderr:
        warning: unused imports: `StructuralDefinitionRefs` and `extend_structural_public`
         --> crates/mpk-vc/src/csharp_practical_ordinary_domains.rs:6:41
          |
        6 | pub(super) use structural_foundations::{extend_structural_public, StructuralDefinitionRefs};
          |                                         ^^^^^^^^^^^^^^^^^^^^^^^^  ^^^^^^^^^^^^^^^^^^^^^^^^
          |
          = note: `#[warn(unused_imports)]` (part of `#[warn(unused)]`) on by default
        
        error[E0308]: mismatched types
           --> crates/mpk-vc/src/csharp_practical_ordinary_binding_conditions.rs:107:51
            |
        107 |                 b.var(subjects.len() as u32 - 1 - index)
            |                                                   ^^^^^ expected `u32`, found `usize`
        
        error[E0277]: cannot subtract `&usize` from `u32`
           --> crates/mpk-vc/src/csharp_practical_ordinary_binding_conditions.rs:107:49
            |
        107 |                 b.var(subjects.len() as u32 - 1 - index)
            |                                                 ^ no implementation for `u32 - &usize`
            |
            = help: the trait `Sub<&usize>` is not implemented for `u32`
        help: the following other types implement trait `Sub<Rhs>`
           --> /rustc/8bab26f4f68e0e26f0bb7960be334d5b520ea452/library/core/src/ops/arith.rs:210:8
            |
            = note: `u32` implements `Sub`
           ::: /rustc/8bab26f4f68e0e26f0bb7960be334d5b520ea452/library/core/src/ops/arith.rs:225:0
            |
            = note: in this macro invocation
           --> /rustc/8bab26f4f68e0e26f0bb7960be334d5b520ea452/library/core/src/internal_macros.rs:22:8
            |
            = note: `&u32` implements `Sub<u32>`
           ::: /rustc/8bab26f4f68e0e26f0bb7960be334d5b520ea452/library/core/src/internal_macros.rs:33:8
            |
            = note: `u32` implements `Sub<&u32>`
           ::: /rustc/8bab26f4f68e0e26f0bb7960be334d5b520ea452/library/core/src/internal_macros.rs:44:8
            |
            = note: `&u32` implements `Sub`
            = note: this error originates in the macro `sub_impl` (in Nightly builds, run with -Z macro-backtrace for more info)
        
        Some errors have detailed explanations: E0277, E0308.
        For more information about an error, try `rustc --explain E0277`.
        error: could not compile `mpk-vc` (lib) due to 2 previous errors; 1 warning emitted
        error: could not compile `mpk-vc` (lib) due to 2 previous errors; 1 warning emitted
--- FAIL: TestCheckerAgreementWithRustCLIJsonLimitsGuardedEnvelopes (2287.04s)
    --- FAIL: TestCheckerAgreementWithRustCLIJsonLimitsGuardedEnvelopes/json-depth-compound-ordered-decimal.hex (2287.04s)
FAIL
FAIL	github.com/finitefield-org/mpk/go-tools/mpk-checker-ref	2287.161s
FAIL
