=== RUN   TestCheckerAgreementWithRustCLIJsonEnvelopes
=== RUN   TestCheckerAgreementWithRustCLIJsonEnvelopes/presence_required.hex
    checker_agreement_test.go:395: Go accepted: certificate=270019c8f7d1b76cfb39ae4c26d285a6f9cb61507182703d79fcdb3682ca1947 declarations=2073 axioms=0 elapsed=3m15.498993041s
    checker_agreement_test.go:397: Rust checker execution/protocol failure: Rust checker did not return a verifier report: unexpected end of JSON input
        stdout:
        
        stderr:
        error[E0308]: mismatched types
           --> crates/mpk-vc/src/csharp_practical_ordinary_binding_conditions.rs:107:51
            |
        107 |                 b.var(subjects.len() as u32 - 1 - *index)
            |                                                   ^^^^^^ expected `u32`, found `usize`
        
        error[E0277]: cannot subtract `usize` from `u32`
           --> crates/mpk-vc/src/csharp_practical_ordinary_binding_conditions.rs:107:49
            |
        107 |                 b.var(subjects.len() as u32 - 1 - *index)
            |                                                 ^ no implementation for `u32 - usize`
            |
            = help: the trait `Sub<usize>` is not implemented for `u32`
        help: the following other types implement trait `Sub<Rhs>`
           --> /rustc/8bab26f4f68e0e26f0bb7960be334d5b520ea452/library/core/src/internal_macros.rs:22:8
            |
            = note: `&u32` implements `Sub<u32>`
           ::: /rustc/8bab26f4f68e0e26f0bb7960be334d5b520ea452/library/core/src/internal_macros.rs:33:8
            |
            = note: `u32` implements `Sub<&u32>`
           ::: /rustc/8bab26f4f68e0e26f0bb7960be334d5b520ea452/library/core/src/internal_macros.rs:44:8
            |
            = note: `&u32` implements `Sub`
           --> /rustc/8bab26f4f68e0e26f0bb7960be334d5b520ea452/library/core/src/ops/arith.rs:210:8
            |
            = note: `u32` implements `Sub`
           ::: /rustc/8bab26f4f68e0e26f0bb7960be334d5b520ea452/library/core/src/ops/arith.rs:225:0
            |
            = note: in this macro invocation
            = note: this error originates in the macro `forward_ref_binop` which comes from the expansion of the macro `sub_impl` (in Nightly builds, run with -Z macro-backtrace for more info)
        
        Some errors have detailed explanations: E0277, E0308.
        For more information about an error, try `rustc --explain E0277`.
        error: could not compile `mpk-vc` (lib) due to 2 previous errors
        error: could not compile `mpk-vc` (lib) due to 2 previous errors
--- FAIL: TestCheckerAgreementWithRustCLIJsonEnvelopes (224.08s)
    --- FAIL: TestCheckerAgreementWithRustCLIJsonEnvelopes/presence_required.hex (224.08s)
FAIL
FAIL	github.com/finitefield-org/mpk/go-tools/mpk-checker-ref	224.426s
FAIL
