=== RUN   TestCheckerAgreementWithRustCLIJsonEnvelopes
=== RUN   TestCheckerAgreementWithRustCLIJsonEnvelopes/presence_instant.hex
    checker_agreement_test.go:395: Go accepted: certificate=e41c8e0411f0ad3ea9bd3467de320ace1325a85f5ecc84dc9a791dfd147e3b0a declarations=2091 axioms=0 elapsed=4m3.48050125s
    checker_agreement_test.go:397: Rust checker execution/protocol failure: Rust checker did not return a verifier report: unexpected end of JSON input
        stdout:
        
        stderr:
        warning: unused imports: `StructuralDefinitionRefs` and `extend_structural_public`
         --> crates/mpk-vc/src/csharp_practical_ordinary_domains.rs:6:41
          |
        6 | pub(super) use structural_foundations::{extend_structural_public, StructuralDefinitionRefs};
          |                                         ^^^^^^^^^^^^^^^^^^^^^^^^  ^^^^^^^^^^^^^^^^^^^^^^^^
          |
          = note: `#[warn(unused_imports)]` (part of `#[warn(unused)]`) on by default
        
        error[E0308]: mismatched types
           --> crates/mpk-vc/src/csharp_practical_ordinary_binding_conditions.rs:107:51
            |
        107 |                 b.var(subjects.len() as u32 - 1 - index)
            |                                                   ^^^^^ expected `u32`, found `usize`
        
        error[E0277]: cannot subtract `&usize` from `u32`
           --> crates/mpk-vc/src/csharp_practical_ordinary_binding_conditions.rs:107:49
            |
        107 |                 b.var(subjects.len() as u32 - 1 - index)
            |                                                 ^ no implementation for `u32 - &usize`
            |
            = help: the trait `Sub<&usize>` is not implemented for `u32`
        help: the following other types implement trait `Sub<Rhs>`
           --> /rustc/8bab26f4f68e0e26f0bb7960be334d5b520ea452/library/core/src/ops/arith.rs:210:8
            |
            = note: `u32` implements `Sub`
           ::: /rustc/8bab26f4f68e0e26f0bb7960be334d5b520ea452/library/core/src/ops/arith.rs:225:0
            |
            = note: in this macro invocation
           --> /rustc/8bab26f4f68e0e26f0bb7960be334d5b520ea452/library/core/src/internal_macros.rs:22:8
            |
            = note: `&u32` implements `Sub<u32>`
           ::: /rustc/8bab26f4f68e0e26f0bb7960be334d5b520ea452/library/core/src/internal_macros.rs:33:8
            |
            = note: `u32` implements `Sub<&u32>`
           ::: /rustc/8bab26f4f68e0e26f0bb7960be334d5b520ea452/library/core/src/internal_macros.rs:44:8
            |
            = note: `&u32` implements `Sub`
            = note: this error originates in the macro `sub_impl` (in Nightly builds, run with -Z macro-backtrace for more info)
        
        Some errors have detailed explanations: E0277, E0308.
        For more information about an error, try `rustc --explain E0277`.
        error: could not compile `mpk-vc` (lib) due to 2 previous errors; 1 warning emitted
        error: could not compile `mpk-vc` (lib) due to 2 previous errors; 1 warning emitted
--- FAIL: TestCheckerAgreementWithRustCLIJsonEnvelopes (258.01s)
    --- FAIL: TestCheckerAgreementWithRustCLIJsonEnvelopes/presence_instant.hex (258.01s)
FAIL
FAIL	github.com/finitefield-org/mpk/go-tools/mpk-checker-ref	258.286s
FAIL
