generated "integer-parsers/binding-vc-option.hex"
generated "integer-parsers/binding-vc-lookup.hex"
generated "integer-parsers/binding-vc-result.hex"
generated "integer-parsers/binding-vc-validation.hex"
generated "integer-parsers/binding-vc-boundary_field.hex"
generated "integer-parsers/binding-vc-transition.hex"
generated "integer-parsers/binding-vc-instant.hex"
generated "integer-parsers/binding-vc-money.hex"
generated "decimal-parsers/binding-vc-money.hex"
generated "integer-parsers/binding-vc-bounded_sequence.hex"
generated "integer-parsers/binding-vc-ordered_entry.hex"
generated "integer-parsers/binding-vc-ordered_map.hex"
generated "integer-parsers/binding-vc-ordered_set.hex"
generated "json-depth-guarded-envelopes/required.hex"
generated "json-limits-guarded-envelopes/required.hex"
generated "json-boundary-fields/required.hex"
generated "json-envelopes/required.hex"
generated "json-typed-guarded-envelopes/required.hex"
generated "json-depth-guarded-envelopes/decimal_default.hex"
generated "json-boundary-fields/decimal_default.hex"
generated "json-envelopes/decimal_default.hex"
generated "json-typed-guarded-envelopes/decimal_default.hex"
generated "json-depth-guarded-envelopes/enum_default.hex"
generated "json-boundary-fields/enum_default.hex"
generated "json-envelopes/enum_default.hex"
generated "json-typed-guarded-envelopes/enum_default.hex"
generated "json-depth-guarded-envelopes/nullable_nonnull.hex"
generated "json-boundary-fields/nullable_nonnull.hex"
generated "json-envelopes/nullable_nonnull.hex"
generated "json-typed-guarded-envelopes/nullable_nonnull.hex"
generated "json-depth-guarded-envelopes/surrogate_name.hex"
generated "json-boundary-fields/surrogate_name.hex"
generated "json-envelopes/surrogate_name.hex"
generated "json-typed-guarded-envelopes/surrogate_name.hex"
generated "json-depth-guarded-envelopes/optional_default.hex"
generated "json-boundary-fields/optional_default.hex"
generated "json-envelopes/optional_default.hex"
generated "json-typed-guarded-envelopes/optional_default.hex"
generated "json-depth-guarded-envelopes/raw_instant.hex"
generated "json-boundary-fields/raw_instant.hex"
generated "json-envelopes/raw_instant.hex"
generated "json-typed-guarded-envelopes/raw_instant.hex"
generated "json-depth-guarded-envelopes/nullable_required.hex"
generated "json-boundary-fields/nullable_required.hex"
generated "json-envelopes/nullable_required.hex"
generated "json-typed-guarded-envelopes/nullable_required.hex"
generated "json-depth-guarded-envelopes/nullable_default.hex"
generated "json-limits-guarded-envelopes/nullable_default.hex"
generated "json-boundary-fields/nullable_default.hex"
generated "json-envelopes/nullable_default.hex"
generated "json-typed-guarded-envelopes/nullable_default.hex"
generated "json-depth-guarded-envelopes/presence_exposed.hex"
generated "json-boundary-fields/presence_exposed.hex"
generated "json-envelopes/presence_exposed.hex"
generated "json-typed-guarded-envelopes/presence_exposed.hex"
generated "json-depth-guarded-envelopes/presence_required.hex"
generated "json-boundary-fields/presence_required.hex"
generated "json-envelopes/presence_required.hex"
generated "json-typed-guarded-envelopes/presence_required.hex"
generated "json-depth-guarded-envelopes/presence_instant.hex"
generated "json-boundary-fields/presence_instant.hex"
generated "json-envelopes/presence_instant.hex"
generated "json-typed-guarded-envelopes/presence_instant.hex"
generated "json-depth-guarded-envelopes/presence_nonmissing_zero.hex"
generated "json-boundary-fields/presence_nonmissing_zero.hex"
generated "json-envelopes/presence_nonmissing_zero.hex"
generated "json-typed-guarded-envelopes/presence_nonmissing_zero.hex"
generated "json-depth-guarded-envelopes/presence_default.hex"
generated "json-boundary-fields/presence_default.hex"
generated "json-envelopes/presence_default.hex"
generated "json-typed-guarded-envelopes/presence_default.hex"
generated "json-depth-guarded-envelopes/presence_missing_default.hex"
generated "json-limits-guarded-envelopes/presence_missing_default.hex"
generated "json-boundary-fields/presence_missing_default.hex"
generated "json-envelopes/presence_missing_default.hex"
generated "json-typed-guarded-envelopes/presence_missing_default.hex"
generated "json-values/document-7a157feb27ed416752b5dde8aa2bf373b9a2c82755d2caa89e955057176ee57b.hex"
generated "json-tokens/document-7a157feb27ed416752b5dde8aa2bf373b9a2c82755d2caa89e955057176ee57b.hex"
generated "json-products/document-7a157feb27ed416752b5dde8aa2bf373b9a2c82755d2caa89e955057176ee57b.hex"
generated "json-values/document-decb5507362a7672c711a5befd63efc1038c2c0a86ee20137a1c4c472e0d1684.hex"
generated "json-tokens/document-decb5507362a7672c711a5befd63efc1038c2c0a86ee20137a1c4c472e0d1684.hex"
generated "json-products/document-decb5507362a7672c711a5befd63efc1038c2c0a86ee20137a1c4c472e0d1684.hex"
generated "json-values/document-6b96fc4eed95a1d33fa5784b9062f02fa07ac65b6aef2b4100bb91e9c2f1a613.hex"
generated "json-depth-guarded-envelopes/empty-input.hex"
generated "json-limits-guarded-envelopes/empty-input.hex"
generated "json-tokens/document-6b96fc4eed95a1d33fa5784b9062f02fa07ac65b6aef2b4100bb91e9c2f1a613.hex"
generated "json-envelopes/empty-input.hex"
generated "json-typed-guarded-envelopes/empty-input.hex"
generated "json-products/document-6b96fc4eed95a1d33fa5784b9062f02fa07ac65b6aef2b4100bb91e9c2f1a613.hex"
generated "integer-parsers/construction-vc-positive_constructor.hex"
generated "integer-parsers/construction-vc-enum_zero.hex"
generated "integer-parsers/exception-vc-allowed.hex"
generated "binding-clauses/binding-vc-bounded_sequence.hex"
generated "binding-clauses/binding-vc-money.hex"
generated "binding-clauses/binding-vc-ordered_map.hex"
generated "binding-clauses/binding-vc-ordered_set.hex"
generated "binding-clauses/binding-vc-transition.hex"
generated "binding-clauses/binding-vc-validation.hex"
generated "binding-clauses/extra-bool-float-map.hex"
generated "binding-clauses/extra-bool-nullable-map.hex"
generated "binding-clauses/remapped-boundary-sequence.hex"
generated "collection-clauses/binding-vc-ordered_map.hex"
generated "collection-clauses/binding-vc-ordered_set.hex"
generated "collection-clauses/boundary-map-string.hex"
generated "collection-clauses/boundary-map-decimal.hex"
generated "collection-clauses/boundary-set-decimal.hex"
generated "collection-clauses/boundary-map-compound.hex"
generated "collection-clauses/extra-bool-float-map.hex"
generated "collection-clauses/extra-bool-nullable-map.hex"
generated "collection-clauses/extra-shared-lookup-maps.hex"
generated "integer-parsers/extra-bool-float-map.hex"
generated "integer-parsers/extra-bool-nullable-map.hex"
generated "integer-parsers/extra-shared-lookup-maps.hex"
generated "conditional-clauses/conditional-integrated.hex"
generated "integer-parsers/bool-construction.hex"
generated "integer-parsers/product-construction.hex"
generated "integer-parsers/enum-construction.hex"
generated "contract-expressions/multiowner-total-integrated.hex"
generated "decimal-codec-clauses/normalized.hex"
generated "decimal-codec-clauses/ToEven.hex"
generated "decimal-codec-clauses/AwayFromZero.hex"
generated "decimal-codec-clauses/ToZero.hex"
generated "decimal-codec-clauses/ToNegativeInfinity.hex"
generated "decimal-codec-clauses/ToPositiveInfinity.hex"
generated "integer-parsers/boundary-map-string.hex"
generated "integer-parsers/boundary-map-decimal.hex"
generated "decimal-parsers/boundary-map-decimal.hex"
generated "integer-parsers/boundary-set-decimal.hex"
generated "decimal-parsers/boundary-set-decimal.hex"
generated "integer-parsers/boundary-map-compound.hex"
generated "integer-parsers/boundary-total-cells.hex"
generated "integer-parsers/boundary-exception-empty.hex"
generated "integer-parsers/boundary-exception-payload.hex"
generated "integer-parsers/parse-error-contract.hex"
generated "integer-codec-clauses/integer.i8.hex"
generated "integer-codec-clauses/integer.u8.hex"
generated "integer-codec-clauses/integer.i16.hex"
generated "integer-codec-clauses/integer.u16.hex"
generated "integer-codec-clauses/integer.i32.hex"
generated "integer-codec-clauses/integer.u32.hex"
generated "integer-codec-clauses/integer.i64.hex"
generated "integer-codec-clauses/integer.u64.hex"
generated "integer-codec-clauses/duration_ticks.hex"
generated "integer-codec-clauses/unix_milliseconds.hex"
generated "json-builtins/day-error.hex"
generated "json-values/calendar-date.hex"
generated "json-products/calendar-date.hex"
generated "json-calendar/date-structural.hex"
generated "json-calendar/date-tokens.hex"
generated "json-values/calendar-time.hex"
generated "json-products/calendar-time.hex"
generated "json-calendar/time-structural.hex"
generated "json-calendar/time-tokens.hex"
generated "json-values/calendar-date-time.hex"
generated "json-products/calendar-date-time.hex"
generated "json-calendar/date-time-tokens.hex"
generated "json-calendar/date-time-structural.hex"
generated "json-values/calendar-date-time-decimal.hex"
generated "json-products/calendar-date-time-decimal.hex"
generated "json-calendar/date-time-decimal-tokens.hex"
generated "json-calendar/date-time-decimal-structural.hex"
generated "json-enums/all-underlying.hex"
generated "json-ordered/integer.hex"
generated "json-limits-guarded-envelopes/json-depth-compound-ordered-integer.hex"
generated "json-typed-nodes/json-depth-compound-ordered-integer.hex"
generated "json-depth-compound/ordered-integer.hex"
generated "json-typed-guarded-envelopes/json-depth-compound-ordered-integer.hex"
generated "json-ordered/decimal.hex"
generated "json-limits-guarded-envelopes/json-depth-compound-ordered-decimal.hex"
generated "json-typed-nodes/json-depth-compound-ordered-decimal.hex"
generated "json-depth-compound/ordered-decimal.hex"
generated "json-typed-guarded-envelopes/json-depth-compound-ordered-decimal.hex"
generated "json-ordered/string.hex"
generated "json-limits-guarded-envelopes/json-depth-compound-ordered-string.hex"
generated "json-typed-nodes/json-depth-compound-ordered-string.hex"
generated "json-depth-compound/ordered-string.hex"
generated "json-typed-guarded-envelopes/json-depth-compound-ordered-string.hex"
generated "json-ordered/compound.hex"
generated "json-limits-guarded-envelopes/json-depth-compound-ordered-compound.hex"
generated "json-typed-nodes/json-depth-compound-ordered-compound.hex"
generated "json-depth-compound/ordered-compound.hex"
generated "json-typed-guarded-envelopes/json-depth-compound-ordered-compound.hex"
generated "json-limits-guarded-envelopes/json-depth-compound-product-nested.hex"
generated "json-depth-compound/product-nested.hex"
generated "json-product-nested/nested.hex"
generated "json-typed-guarded-envelopes/json-depth-compound-product-nested.hex"
generated "json-limits-guarded-envelopes/json-depth-compound-product-empty.hex"
generated "json-depth-compound/product-empty.hex"
generated "json-product-nested/empty.hex"
generated "json-typed-guarded-envelopes/json-depth-compound-product-empty.hex"
generated "json-semantic-products/money-entry.hex"
generated "json-limits-guarded-envelopes/json-depth-compound-semantic-product-money-entry.hex"
generated "json-depth-compound/semantic-product-money-entry.hex"
generated "json-typed-guarded-envelopes/json-depth-compound-semantic-product-money-entry.hex"
generated "json-limits-guarded-envelopes/json-semantic-root-money.hex"
generated "json-typed-guarded-envelopes/json-semantic-root-money.hex"
generated "json-semantic-root/money.hex"
generated "json-limits-guarded-envelopes/json-semantic-root-ordered_entry.hex"
generated "json-typed-guarded-envelopes/json-semantic-root-ordered_entry.hex"
generated "json-semantic-root/ordered_entry.hex"
generated "json-limits-guarded-envelopes/json-semantic-root-ordered_set.hex"
generated "json-typed-nodes/json-semantic-root-ordered_set.hex"
generated "json-typed-guarded-envelopes/json-semantic-root-ordered_set.hex"
generated "json-semantic-root/ordered_set.hex"
generated "json-limits-guarded-envelopes/json-semantic-root-ordered_map.hex"
generated "json-typed-nodes/json-semantic-root-ordered_map.hex"
generated "json-typed-guarded-envelopes/json-semantic-root-ordered_map.hex"
generated "json-semantic-root/ordered_map.hex"
generated "json-limits-guarded-envelopes/json-semantic-root-transition.hex"
generated "json-typed-nodes/json-semantic-root-transition.hex"
generated "json-typed-guarded-envelopes/json-semantic-root-transition.hex"
generated "json-semantic-root/transition.hex"
generated "json-limits-guarded-envelopes/json-depth-compound-sequence-source-arrays.hex"
generated "json-typed-nodes/json-depth-compound-sequence-source-arrays.hex"
generated "json-depth-compound/sequence-source-arrays.hex"
generated "json-typed-guarded-envelopes/json-depth-compound-sequence-source-arrays.hex"
generated "json-sequences/source-arrays.hex"
generated "json-limits-guarded-envelopes/json-depth-compound-sum-all-sums.hex"
generated "json-typed-nodes/json-depth-compound-sum-all-sums.hex"
generated "json-depth-compound/sum-all-sums.hex"
generated "json-typed-guarded-envelopes/json-depth-compound-sum-all-sums.hex"
generated "json-sums/all-sums.hex"
generated "json-limits-guarded-envelopes/json-depth-compound-transition-scalar-map.hex"
generated "json-typed-nodes/json-depth-compound-transition-scalar-map.hex"
generated "json-depth-compound/transition-scalar-map.hex"
generated "json-typed-guarded-envelopes/json-depth-compound-transition-scalar-map.hex"
generated "json-transition/scalar-map.hex"
generated "json-limits-guarded-envelopes/json-depth-compound-transition-compound.hex"
generated "json-typed-nodes/json-depth-compound-transition-compound.hex"
generated "json-depth-compound/transition-compound.hex"
generated "json-typed-guarded-envelopes/json-depth-compound-transition-compound.hex"
generated "json-transition/compound.hex"
generated "literal-clauses/literal-integrated.hex"
generated "literal-clauses/literal-source.hex"
generated "integer-parsers/literal-i8.hex"
generated "integer-parsers/literal-u8.hex"
generated "integer-parsers/literal-i16.hex"
generated "integer-parsers/literal-u16.hex"
generated "integer-parsers/literal-i32.hex"
generated "integer-parsers/literal-u32.hex"
generated "integer-parsers/literal-i64.hex"
generated "integer-parsers/literal-u64.hex"
generated "integer-parsers/literal-string.hex"
generated "decimal-parsers/literal-decimal.hex"
generated "integer-parsers/literal-nullable-none.hex"
generated "integer-parsers/literal-nullable-some.hex"
generated "integer-parsers/literal-array.hex"
generated "integer-parsers/literal-product.hex"
generated "decimal-parsers/literal-product.hex"
generated "integer-parsers/complete-snapshot.hex"
generated "decimal-parsers/complete-snapshot.hex"
generated "integer-parsers/extra-validation-bool.hex"
generated "integer-parsers/extra-validation-product.hex"
generated "integer-parsers/extra-lookup-nullable.hex"
generated "partial-read-clauses/partial-reads.hex"
generated "integer-parsers/float-sequence.hex"
generated "structural-clauses/structural-integrated.hex"
generated "total-clauses/total-source.hex"
generated "total-clauses/total-integrated.hex"
generated "transition-clauses/scalar-map.hex"
generated "transition-clauses/compound.hex"

thread 'main' (11562166) panicked at /tmp/mpk-w09-regenerate-count-consumers.rs:103:5:
7 original contexts were not found
note: run with `RUST_BACKTRACE=1` environment variable to display a backtrace
