   Compiling mpk-vc v0.1.0 (/Users/kazuyoshitoshiya/mpk/crates/mpk-vc)
    Finished `release` profile [optimized] target(s) in 1m 29s
     Running tests/csharp_practical_vc.rs (target/release/deps/csharp_practical_vc-0951b3e219e92435)

running 5 tests
test ordinary_carriers::public_domain_tests::contract_expression_tests::control_edge_tests::csharp_03_t06_w09_control_edge_collection_candidates ... control edges foreach_string: generated/imported exact candidate; 0 pending guards
control edges foreach_string_var: generated/imported exact candidate; 0 pending guards
control edges foreach_array: generated/imported exact candidate; 0 pending guards
control edges foreach_array_var: generated/imported exact candidate; 0 pending guards
control edges lookup: generated/imported exact candidate; 0 pending guards
control edges governing_throw: generated/imported exact candidate; 0 pending guards
control edges type: generated/imported exact candidate; 1 pending guards
control edges string_property: generated/imported exact candidate; 0 pending guards
ok
test ordinary_carriers::public_domain_tests::contract_expression_tests::control_edge_tests::csharp_03_t06_w09_control_edge_other_sources_unchanged ... control edges while: generated/imported exact candidate; 0 pending guards
control edges for: generated/imported exact candidate; 0 pending guards
control edges short_circuit: generated/imported exact candidate; 0 pending guards
control edges switch: generated/imported exact candidate; 0 pending guards
control edges is_binding: generated/imported exact candidate; 0 pending guards
control edges guard_order: generated/imported exact candidate; 0 pending guards
control edges guard_throw: generated/imported exact candidate; 0 pending guards
control edges total_variable: generated/imported exact candidate; 0 pending guards
control edges index_update: generated/imported exact candidate; 0 pending guards
ok
test ordinary_carriers::public_domain_tests::contract_expression_tests::control_slot_tests::csharp_03_t06_w09_control_slot_array_snapshots ... snapshot mpk.csharp.source.88c1e21725003ed574525e5cae27a2f1dfc1261331198e916f90c93ddbcaece8.node.000004 length 0 complete true
snapshot mpk.csharp.source.88c1e21725003ed574525e5cae27a2f1dfc1261331198e916f90c93ddbcaece8.node.000004 length 1 complete true
snapshot mpk.csharp.source.88c1e21725003ed574525e5cae27a2f1dfc1261331198e916f90c93ddbcaece8.node.000004 length 4095 complete true
snapshot mpk.csharp.source.88c1e21725003ed574525e5cae27a2f1dfc1261331198e916f90c93ddbcaece8.node.000004 length 4096 complete true
snapshot mpk.csharp.source.88c1e21725003ed574525e5cae27a2f1dfc1261331198e916f90c93ddbcaece8.node.000004 length 4097 complete true
snapshot mpk.csharp.source.88c1e21725003ed574525e5cae27a2f1dfc1261331198e916f90c93ddbcaece8.node.000004 length 16384 complete true
snapshot mpk.csharp.source.88c1e21725003ed574525e5cae27a2f1dfc1261331198e916f90c93ddbcaece8.node.000004 length 16385 complete true
snapshot mpk.csharp.source.88c1e21725003ed574525e5cae27a2f1dfc1261331198e916f90c93ddbcaece8.node.000004 length 4294967295 complete true
snapshot mpk.csharp.source.88c1e21725003ed574525e5cae27a2f1dfc1261331198e916f90c93ddbcaece8.node.000004 length 1 complete false
snapshot mpk.csharp.source.88c1e21725003ed574525e5cae27a2f1dfc1261331198e916f90c93ddbcaece8.node.000004 length 4096 complete false
snapshot mpk.csharp.source.88c1e21725003ed574525e5cae27a2f1dfc1261331198e916f90c93ddbcaece8.node.000019 length 0 complete true
snapshot mpk.csharp.source.88c1e21725003ed574525e5cae27a2f1dfc1261331198e916f90c93ddbcaece8.node.000019 length 1 complete true
snapshot mpk.csharp.source.88c1e21725003ed574525e5cae27a2f1dfc1261331198e916f90c93ddbcaece8.node.000019 length 4095 complete true
snapshot mpk.csharp.source.88c1e21725003ed574525e5cae27a2f1dfc1261331198e916f90c93ddbcaece8.node.000019 length 4096 complete true
snapshot mpk.csharp.source.88c1e21725003ed574525e5cae27a2f1dfc1261331198e916f90c93ddbcaece8.node.000019 length 4097 complete true
snapshot mpk.csharp.source.88c1e21725003ed574525e5cae27a2f1dfc1261331198e916f90c93ddbcaece8.node.000019 length 16384 complete true
snapshot mpk.csharp.source.88c1e21725003ed574525e5cae27a2f1dfc1261331198e916f90c93ddbcaece8.node.000019 length 16385 complete true
snapshot mpk.csharp.source.88c1e21725003ed574525e5cae27a2f1dfc1261331198e916f90c93ddbcaece8.node.000019 length 4294967295 complete true
snapshot mpk.csharp.source.88c1e21725003ed574525e5cae27a2f1dfc1261331198e916f90c93ddbcaece8.node.000019 length 1 complete false
snapshot mpk.csharp.source.88c1e21725003ed574525e5cae27a2f1dfc1261331198e916f90c93ddbcaece8.node.000019 length 4096 complete false
snapshot mpk.csharp.source.88c1e21725003ed574525e5cae27a2f1dfc1261331198e916f90c93ddbcaece8.node.000034 length 0 complete true
snapshot mpk.csharp.source.88c1e21725003ed574525e5cae27a2f1dfc1261331198e916f90c93ddbcaece8.node.000034 length 1 complete true
snapshot mpk.csharp.source.88c1e21725003ed574525e5cae27a2f1dfc1261331198e916f90c93ddbcaece8.node.000034 length 4095 complete true
snapshot mpk.csharp.source.88c1e21725003ed574525e5cae27a2f1dfc1261331198e916f90c93ddbcaece8.node.000034 length 4096 complete true
snapshot mpk.csharp.source.88c1e21725003ed574525e5cae27a2f1dfc1261331198e916f90c93ddbcaece8.node.000034 length 4097 complete true
snapshot mpk.csharp.source.88c1e21725003ed574525e5cae27a2f1dfc1261331198e916f90c93ddbcaece8.node.000034 length 16384 complete true
snapshot mpk.csharp.source.88c1e21725003ed574525e5cae27a2f1dfc1261331198e916f90c93ddbcaece8.node.000034 length 16385 complete true
snapshot mpk.csharp.source.88c1e21725003ed574525e5cae27a2f1dfc1261331198e916f90c93ddbcaece8.node.000034 length 4294967295 complete true
snapshot mpk.csharp.source.88c1e21725003ed574525e5cae27a2f1dfc1261331198e916f90c93ddbcaece8.node.000034 length 1 complete false
snapshot mpk.csharp.source.88c1e21725003ed574525e5cae27a2f1dfc1261331198e916f90c93ddbcaece8.node.000034 length 4096 complete false
snapshot mpk.csharp.source.88c1e21725003ed574525e5cae27a2f1dfc1261331198e916f90c93ddbcaece8.node.000041 length 0 complete true
snapshot mpk.csharp.source.88c1e21725003ed574525e5cae27a2f1dfc1261331198e916f90c93ddbcaece8.node.000041 length 1 complete true
snapshot mpk.csharp.source.88c1e21725003ed574525e5cae27a2f1dfc1261331198e916f90c93ddbcaece8.node.000041 length 4095 complete true
snapshot mpk.csharp.source.88c1e21725003ed574525e5cae27a2f1dfc1261331198e916f90c93ddbcaece8.node.000041 length 4096 complete true
snapshot mpk.csharp.source.88c1e21725003ed574525e5cae27a2f1dfc1261331198e916f90c93ddbcaece8.node.000041 length 4097 complete true
snapshot mpk.csharp.source.88c1e21725003ed574525e5cae27a2f1dfc1261331198e916f90c93ddbcaece8.node.000041 length 16384 complete true
snapshot mpk.csharp.source.88c1e21725003ed574525e5cae27a2f1dfc1261331198e916f90c93ddbcaece8.node.000041 length 16385 complete true
snapshot mpk.csharp.source.88c1e21725003ed574525e5cae27a2f1dfc1261331198e916f90c93ddbcaece8.node.000041 length 4294967295 complete true
snapshot mpk.csharp.source.88c1e21725003ed574525e5cae27a2f1dfc1261331198e916f90c93ddbcaece8.node.000041 length 1 complete false
snapshot mpk.csharp.source.88c1e21725003ed574525e5cae27a2f1dfc1261331198e916f90c93ddbcaece8.node.000041 length 4096 complete false
source array snapshots: 4 transfers, 144 observations
ok
test ordinary_carriers::public_domain_tests::contract_expression_tests::control_slot_tests::csharp_03_t06_w09_control_slot_count_fill_candidate ... count/fill source slots: 46 relations, 4 memory bindings, 1 native temporary bindings
ok
test ordinary_carriers::public_domain_tests::contract_expression_tests::control_slot_tests::csharp_03_t06_w09_control_slot_source_relations ... control slots while: runtime start
control slots while: 1 functions, 132 cumulative observations
control slots for: runtime start
control slots for: 1 functions, 434 cumulative observations
control slots short_circuit: runtime start
control slots short_circuit: 1 functions, 688 cumulative observations
control slots switch: runtime start
control slots switch: 1 functions, 778 cumulative observations
control slots is_binding: runtime start
control slots is_binding: 1 functions, 850 cumulative observations
control slots guard_order: runtime start
control slots guard_order: 1 functions, 1482 cumulative observations
ok

test result: ok. 5 passed; 0 failed; 0 ignored; 0 measured; 332 filtered out; finished in 6.24s

