=== RUN   TestCheckerAgreementWithRustCLIBindingReconstruction
=== RUN   TestCheckerAgreementWithRustCLIBindingReconstruction/binding-vc-boundary_field.hex
    checker_agreement_test.go:395: Go accepted: certificate=a120c9911a52a618df75143594a91d0828e7ea704ac24aacfd46e05ffe2b4ed5 declarations=178 axioms=0 elapsed=365.262042ms
    checker_agreement_test.go:401: Rust accepted identical bytes and report: export=7dc339b54f4717ebbed4c7b4c3c72ec4cc610e83caaf0353411cc548787adfc0 axiom_report=0ebc281c3a8d37e2d1a9ce033773e2865f96a13186a6364cb3446204c6a990d5 elapsed=797.133833ms
    checker_agreement_test.go:409: Go rejected changed hash: elapsed=492.346334ms
    checker_agreement_test.go:415: Rust rejected changed hash: elapsed=877.870709ms
=== RUN   TestCheckerAgreementWithRustCLIBindingReconstruction/binding-vc-bounded_sequence.hex
    checker_agreement_test.go:395: Go accepted: certificate=2c5d2feaf8b5ec48e249f86d2cc5f9975f920ac22450b5dc557538e4753acc71 declarations=176 axioms=0 elapsed=2.442425958s
    checker_agreement_test.go:401: Rust accepted identical bytes and report: export=c63b0e1f0f5bd1d1dc8f98be9e521090852fedc0a848cd603d0c4dbb58e0038f axiom_report=0ebc281c3a8d37e2d1a9ce033773e2865f96a13186a6364cb3446204c6a990d5 elapsed=1.221271292s
    checker_agreement_test.go:409: Go rejected changed hash: elapsed=1.978701125s
    checker_agreement_test.go:415: Rust rejected changed hash: elapsed=1.207552583s
=== RUN   TestCheckerAgreementWithRustCLIBindingReconstruction/binding-vc-instant.hex
    checker_agreement_test.go:395: Go accepted: certificate=b7594a1d1026b5fab5ff4032916221b186d4a820f5008917c5b8b421f13a8892 declarations=140 axioms=0 elapsed=739.515625ms
    checker_agreement_test.go:401: Rust accepted identical bytes and report: export=a91d813dd0a32a21021dcfaf41e6dc1d5ed4db2a9b799ec4c752e0cb45932652 axiom_report=0ebc281c3a8d37e2d1a9ce033773e2865f96a13186a6364cb3446204c6a990d5 elapsed=856.972583ms
    checker_agreement_test.go:409: Go rejected changed hash: elapsed=833.057292ms
    checker_agreement_test.go:415: Rust rejected changed hash: elapsed=825.158542ms
=== RUN   TestCheckerAgreementWithRustCLIBindingReconstruction/binding-vc-lookup.hex
    checker_agreement_test.go:395: Go accepted: certificate=b1e07e68c7bd5fa53fe02eb8271c4abfcbda2ac6c0878b680438239accd71c7f declarations=167 axioms=0 elapsed=376.440666ms
    checker_agreement_test.go:401: Rust accepted identical bytes and report: export=3693d9dca77fe4e3d0100a1f8507c941726deb73c6f1223efea3d5001841a1b9 axiom_report=0ebc281c3a8d37e2d1a9ce033773e2865f96a13186a6364cb3446204c6a990d5 elapsed=761.30025ms
    checker_agreement_test.go:409: Go rejected changed hash: elapsed=390.989917ms
    checker_agreement_test.go:415: Rust rejected changed hash: elapsed=789.858333ms
=== RUN   TestCheckerAgreementWithRustCLIBindingReconstruction/binding-vc-money.hex
    checker_agreement_test.go:395: Go accepted: certificate=7ac5956dce4934a076f3ea37c3355faa27e5c900494f280d44fc686492a86dee declarations=546 axioms=0 elapsed=27.246009584s
    checker_agreement_test.go:401: Rust accepted identical bytes and report: export=d479670820b76ee84ea2aae7bac82bffc326f3c655012569b57417dbfb8ecb7e axiom_report=0ebc281c3a8d37e2d1a9ce033773e2865f96a13186a6364cb3446204c6a990d5 elapsed=2.408399292s
    checker_agreement_test.go:409: Go rejected changed hash: elapsed=25.331701958s
    checker_agreement_test.go:415: Rust rejected changed hash: elapsed=2.920664834s
=== RUN   TestCheckerAgreementWithRustCLIBindingReconstruction/binding-vc-option.hex
    checker_agreement_test.go:395: Go accepted: certificate=bb80b4061b321b5e144d275c09081a4069b32f5b8b4f5c3ae65bfd8feb771294 declarations=167 axioms=0 elapsed=398.93175ms
    checker_agreement_test.go:401: Rust accepted identical bytes and report: export=ebb870a7a8c49ea7f28762022c1eacc70e86453bc013cf062dc2fe75c321d523 axiom_report=0ebc281c3a8d37e2d1a9ce033773e2865f96a13186a6364cb3446204c6a990d5 elapsed=896.994ms
    checker_agreement_test.go:409: Go rejected changed hash: elapsed=407.517958ms
    checker_agreement_test.go:415: Rust rejected changed hash: elapsed=981.764333ms
=== RUN   TestCheckerAgreementWithRustCLIBindingReconstruction/binding-vc-ordered_entry.hex
    checker_agreement_test.go:395: Go accepted: certificate=6f0fa1e5b5d07112b911b8ac3517764ecb8a52b08a408be666699f207ed15003 declarations=141 axioms=0 elapsed=295.560083ms
    checker_agreement_test.go:401: Rust accepted identical bytes and report: export=0df9ce3a515b7ec21d5301cba41a3adfd2fca53dc504643c0736ffae46cc9d9f axiom_report=0ebc281c3a8d37e2d1a9ce033773e2865f96a13186a6364cb3446204c6a990d5 elapsed=799.153042ms
    checker_agreement_test.go:409: Go rejected changed hash: elapsed=293.869708ms
    checker_agreement_test.go:415: Rust rejected changed hash: elapsed=733.495625ms
=== RUN   TestCheckerAgreementWithRustCLIBindingReconstruction/binding-vc-ordered_map.hex
    checker_agreement_test.go:395: Go accepted: certificate=1381980be656a31052227022acb28cad47ba114800f9c6117f11d22e3c3bb568 declarations=279 axioms=0 elapsed=1.876593125s
    checker_agreement_test.go:401: Rust accepted identical bytes and report: export=f600ff1cb68732602fecf2ea02b78cf6393ea4194240e218c4a49b76b6b76ef5 axiom_report=0ebc281c3a8d37e2d1a9ce033773e2865f96a13186a6364cb3446204c6a990d5 elapsed=1.372067166s
    checker_agreement_test.go:409: Go rejected changed hash: elapsed=2.273233083s
    checker_agreement_test.go:415: Rust rejected changed hash: elapsed=1.144039625s
=== RUN   TestCheckerAgreementWithRustCLIBindingReconstruction/binding-vc-ordered_set.hex
    checker_agreement_test.go:395: Go accepted: certificate=6718ab22e376cbe2d579e7d61c8d81478ce72fcd82c1bd9606f2d4c69644d549 declarations=192 axioms=0 elapsed=2.303358209s
    checker_agreement_test.go:401: Rust accepted identical bytes and report: export=6d4f4a2e2fd36caa212d9b7da7437dbf51303937bc79488b024c4de06ca46c64 axiom_report=0ebc281c3a8d37e2d1a9ce033773e2865f96a13186a6364cb3446204c6a990d5 elapsed=1.321491625s
    checker_agreement_test.go:409: Go rejected changed hash: elapsed=2.462438375s
    checker_agreement_test.go:415: Rust rejected changed hash: elapsed=1.522048083s
=== RUN   TestCheckerAgreementWithRustCLIBindingReconstruction/binding-vc-result.hex
    checker_agreement_test.go:395: Go accepted: certificate=d13a5e4b88a74c54ad48ff005d0b96a6bcb652940e361ed800b105bfb9d986de declarations=173 axioms=0 elapsed=392.124292ms
    checker_agreement_test.go:401: Rust accepted identical bytes and report: export=00aab1160d9481092e34128449abc026c1de3ebc4f6c1892e8455f870e8e4401 axiom_report=0ebc281c3a8d37e2d1a9ce033773e2865f96a13186a6364cb3446204c6a990d5 elapsed=925.098417ms
    checker_agreement_test.go:409: Go rejected changed hash: elapsed=376.515125ms
    checker_agreement_test.go:415: Rust rejected changed hash: elapsed=779.443167ms
=== RUN   TestCheckerAgreementWithRustCLIBindingReconstruction/binding-vc-transition.hex
    checker_agreement_test.go:395: Go accepted: certificate=83c4d492ab4c2d09dccd13c6fab14e95b4b75182184ef9b20aa44b403792b0cd declarations=212 axioms=0 elapsed=1.903892541s
    checker_agreement_test.go:401: Rust accepted identical bytes and report: export=fd9d395350e905e6fe96edcea185895fb48ad363ba8d73093c98eb6f6f0952d8 axiom_report=0ebc281c3a8d37e2d1a9ce033773e2865f96a13186a6364cb3446204c6a990d5 elapsed=1.493378208s
    checker_agreement_test.go:409: Go rejected changed hash: elapsed=1.816749375s
    checker_agreement_test.go:415: Rust rejected changed hash: elapsed=1.090309875s
=== RUN   TestCheckerAgreementWithRustCLIBindingReconstruction/binding-vc-validation.hex
    checker_agreement_test.go:395: Go accepted: certificate=24116b25097f4228b188588d1758b391eb4b349cdb37c59604823bbc63828a39 declarations=234 axioms=0 elapsed=1.991707333s
    checker_agreement_test.go:401: Rust accepted identical bytes and report: export=fe856c0cd86599c9f637904faa2c25602dd39508ab4ea9ab56d187141700e894 axiom_report=0ebc281c3a8d37e2d1a9ce033773e2865f96a13186a6364cb3446204c6a990d5 elapsed=1.125202042s
    checker_agreement_test.go:409: Go rejected changed hash: elapsed=2.409196709s
    checker_agreement_test.go:415: Rust rejected changed hash: elapsed=1.208405292s
=== RUN   TestCheckerAgreementWithRustCLIBindingReconstruction/bool-construction.hex
    checker_agreement_test.go:395: Go accepted: certificate=90e543c50f74c9859f8594a9a269ae628ecb36bb29cf75d0d2a3be722ba4143c declarations=160 axioms=0 elapsed=1.88072025s
    checker_agreement_test.go:401: Rust accepted identical bytes and report: export=ea69dee3887c789ef2af5d6aa36f0bec0bd687a72a9cf347d01df53c4f958bf5 axiom_report=0ebc281c3a8d37e2d1a9ce033773e2865f96a13186a6364cb3446204c6a990d5 elapsed=1.178535917s
    checker_agreement_test.go:409: Go rejected changed hash: elapsed=1.814595s
    checker_agreement_test.go:415: Rust rejected changed hash: elapsed=1.049442167s
=== RUN   TestCheckerAgreementWithRustCLIBindingReconstruction/bool-float-entry.hex
    checker_agreement_test.go:395: Go accepted: certificate=3e031b463dd4f2484fcd65ebf7a5287f5e4975e83cab8950cc671cdc46fc43d7 declarations=125 axioms=0 elapsed=189.265417ms
    checker_agreement_test.go:401: Rust accepted identical bytes and report: export=676c661fb8214042f8a49941d1a6bb35962908576b45f74d2dc11a74cefc4626 axiom_report=0ebc281c3a8d37e2d1a9ce033773e2865f96a13186a6364cb3446204c6a990d5 elapsed=715.278833ms
    checker_agreement_test.go:409: Go rejected changed hash: elapsed=204.646625ms
    checker_agreement_test.go:415: Rust rejected changed hash: elapsed=707.114833ms
=== RUN   TestCheckerAgreementWithRustCLIBindingReconstruction/boundary-exception-empty.hex
    checker_agreement_test.go:395: Go accepted: certificate=6898dd17bb8ddd72fc78b657ae7d195372868c75b0f97804f8d19f595bbf9da2 declarations=99 axioms=0 elapsed=247.151083ms
    checker_agreement_test.go:401: Rust accepted identical bytes and report: export=ce614795756fa9b3ad06ee315d597fbe401a73e454d1bdbf26acc571138ab944 axiom_report=0ebc281c3a8d37e2d1a9ce033773e2865f96a13186a6364cb3446204c6a990d5 elapsed=750.697375ms
    checker_agreement_test.go:409: Go rejected changed hash: elapsed=226.602166ms
    checker_agreement_test.go:415: Rust rejected changed hash: elapsed=729.828792ms
=== RUN   TestCheckerAgreementWithRustCLIBindingReconstruction/boundary-exception-payload.hex
    checker_agreement_test.go:395: Go accepted: certificate=41124360a7212f163829f30915d12ab084333d53e299ba9947b069c1a07b7af7 declarations=110 axioms=0 elapsed=270.111291ms
    checker_agreement_test.go:401: Rust accepted identical bytes and report: export=6d21938983e3108babbfa99b0cac0d5851841b93c8538afaa192b81dcd97bb1f axiom_report=0ebc281c3a8d37e2d1a9ce033773e2865f96a13186a6364cb3446204c6a990d5 elapsed=724.9595ms
    checker_agreement_test.go:409: Go rejected changed hash: elapsed=273.268833ms
    checker_agreement_test.go:415: Rust rejected changed hash: elapsed=782.405042ms
=== RUN   TestCheckerAgreementWithRustCLIBindingReconstruction/boundary-map-compound.hex
    checker_agreement_test.go:395: Go accepted: certificate=62db64c8dc74a4d02d024a40c70780ecdab98f4d838d5b81a7642194c802d6a9 declarations=370 axioms=0 elapsed=2.861404375s
    checker_agreement_test.go:401: Rust accepted identical bytes and report: export=3c39547225c9c22fa7f89b9cfc9f7cdd76fae3318786972b5532e6dbd8e1428a axiom_report=0ebc281c3a8d37e2d1a9ce033773e2865f96a13186a6364cb3446204c6a990d5 elapsed=1.39182025s
    checker_agreement_test.go:409: Go rejected changed hash: elapsed=3.087039958s
    checker_agreement_test.go:415: Rust rejected changed hash: elapsed=1.204837834s
=== RUN   TestCheckerAgreementWithRustCLIBindingReconstruction/boundary-map-decimal.hex
    checker_agreement_test.go:395: Go accepted: certificate=c2a6dcfa835038cee009807ed8047c8067968a8e98b5729092df98db91da6439 declarations=618 axioms=0 elapsed=23.978163709s
    checker_agreement_test.go:401: Rust accepted identical bytes and report: export=bf3ff374ca124e063f5f7c43ddc5ebebf3b6fe43480d7fc61901b2574ac69de6 axiom_report=0ebc281c3a8d37e2d1a9ce033773e2865f96a13186a6364cb3446204c6a990d5 elapsed=2.522419541s
    checker_agreement_test.go:409: Go rejected changed hash: elapsed=28.014324667s
    checker_agreement_test.go:415: Rust rejected changed hash: elapsed=2.98064325s
=== RUN   TestCheckerAgreementWithRustCLIBindingReconstruction/boundary-map-string.hex
    checker_agreement_test.go:395: Go accepted: certificate=c15c191e3a7b6ece35b94f5892abd23926d22af7376583a339b5511a51da84fc declarations=354 axioms=0 elapsed=2.825754s
    checker_agreement_test.go:401: Rust accepted identical bytes and report: export=a013db0ef0565e6c495105ca39d9211312f0d852a66ccec5e1278c22a09ca992 axiom_report=0ebc281c3a8d37e2d1a9ce033773e2865f96a13186a6364cb3446204c6a990d5 elapsed=1.289253375s
    checker_agreement_test.go:409: Go rejected changed hash: elapsed=2.569783792s
    checker_agreement_test.go:415: Rust rejected changed hash: elapsed=1.264882041s
=== RUN   TestCheckerAgreementWithRustCLIBindingReconstruction/boundary-set-decimal.hex
    checker_agreement_test.go:395: Go accepted: certificate=48140f75176ffad6c2fa950994607ecdf63744541a1b8370979a54a8d21d6b41 declarations=524 axioms=0 elapsed=26.623843833s
    checker_agreement_test.go:401: Rust accepted identical bytes and report: export=e360acba2a6bba1ef4d40f20eb4a0889e3c79e8506cb4bd07f573e657cc2f11e axiom_report=0ebc281c3a8d37e2d1a9ce033773e2865f96a13186a6364cb3446204c6a990d5 elapsed=2.863898125s
    checker_agreement_test.go:409: Go rejected changed hash: elapsed=29.283352875s
    checker_agreement_test.go:415: Rust rejected changed hash: elapsed=2.568562917s
=== RUN   TestCheckerAgreementWithRustCLIBindingReconstruction/boundary-total-cells.hex
    checker_agreement_test.go:395: Go accepted: certificate=8a06bb148e72264048f0a3b2253b273dddd23c76819720415a61ee619ff0176d declarations=202 axioms=0 elapsed=3.758562458s
    checker_agreement_test.go:401: Rust accepted identical bytes and report: export=075d827158238b6c03d6c07c23eb7e5f2065b9897391ad4d551d34bd37b4fbcc axiom_report=0ebc281c3a8d37e2d1a9ce033773e2865f96a13186a6364cb3446204c6a990d5 elapsed=1.009525167s
    checker_agreement_test.go:409: Go rejected changed hash: elapsed=3.999121416s
    checker_agreement_test.go:415: Rust rejected changed hash: elapsed=1.119311333s
=== RUN   TestCheckerAgreementWithRustCLIBindingReconstruction/complete-snapshot.hex
    checker_agreement_test.go:395: Go accepted: certificate=900a5b116d0b6745b2768f2e15f040be48fea1601cb8e08e16be95ca438c0890 declarations=153 axioms=0 elapsed=4.365777625s
    checker_agreement_test.go:401: Rust accepted identical bytes and report: export=0f6e4b781ceed72e16eb32299e856b64826ddcfffaba9269990e1eecd2bf4e44 axiom_report=0ebc281c3a8d37e2d1a9ce033773e2865f96a13186a6364cb3446204c6a990d5 elapsed=1.098601125s
    checker_agreement_test.go:409: Go rejected changed hash: elapsed=4.558855834s
    checker_agreement_test.go:415: Rust rejected changed hash: elapsed=1.166507292s
=== RUN   TestCheckerAgreementWithRustCLIBindingReconstruction/construction-vc-enum_zero.hex
    checker_agreement_test.go:395: Go accepted: certificate=660d462114fdf9ae070ffc2206f11ba2539aeddc888a231035836b06717e03b2 declarations=42 axioms=0 elapsed=16.135958ms
    checker_agreement_test.go:401: Rust accepted identical bytes and report: export=ee358b744a18b591913cba1e3d61dbf7424ef2143008f9e330b20f0efe7f18e7 axiom_report=0ebc281c3a8d37e2d1a9ce033773e2865f96a13186a6364cb3446204c6a990d5 elapsed=658.590125ms
    checker_agreement_test.go:409: Go rejected changed hash: elapsed=13.917166ms
    checker_agreement_test.go:415: Rust rejected changed hash: elapsed=832.592292ms
=== RUN   TestCheckerAgreementWithRustCLIBindingReconstruction/construction-vc-positive_constructor.hex
    checker_agreement_test.go:395: Go accepted: certificate=3f07f2f2b1de7c0706620bb3bf1190047883f13a32a68bd037c4d06d47e7876d declarations=64 axioms=0 elapsed=46.753333ms
    checker_agreement_test.go:401: Rust accepted identical bytes and report: export=503907385f625862c20a8b468f98b824387f937eea5729a1c2e85e15ddd5a783 axiom_report=0ebc281c3a8d37e2d1a9ce033773e2865f96a13186a6364cb3446204c6a990d5 elapsed=709.97525ms
    checker_agreement_test.go:409: Go rejected changed hash: elapsed=49.102125ms
    checker_agreement_test.go:415: Rust rejected changed hash: elapsed=747.92625ms
=== RUN   TestCheckerAgreementWithRustCLIBindingReconstruction/date.hex
    checker_agreement_test.go:395: Go accepted: certificate=ddf370940e02b3e5cd441bc0712f00f6a45865ce124fa0952902760e61db0ffb declarations=39 axioms=0 elapsed=15.91925ms
    checker_agreement_test.go:401: Rust accepted identical bytes and report: export=62e136ee7b0791bd58c2f2b72f6e4ac16efbcb9f4bcd38f1ce99e801c98111ba axiom_report=0ebc281c3a8d37e2d1a9ce033773e2865f96a13186a6364cb3446204c6a990d5 elapsed=741.624416ms
    checker_agreement_test.go:409: Go rejected changed hash: elapsed=14.332375ms
    checker_agreement_test.go:415: Rust rejected changed hash: elapsed=769.005291ms
=== RUN   TestCheckerAgreementWithRustCLIBindingReconstruction/enum-construction.hex
    checker_agreement_test.go:395: Go accepted: certificate=533fae5647cf344793d436512d05e39bf40ab337e59ff93f7819cd06ff4b5806 declarations=168 axioms=0 elapsed=3.866304083s
    checker_agreement_test.go:401: Rust accepted identical bytes and report: export=2314ea356f9eadfbb30c448b86513a9afb39523bc134ec7ff51e3f5dae01411a axiom_report=0ebc281c3a8d37e2d1a9ce033773e2865f96a13186a6364cb3446204c6a990d5 elapsed=1.144449625s
    checker_agreement_test.go:409: Go rejected changed hash: elapsed=3.75235775s
    checker_agreement_test.go:415: Rust rejected changed hash: elapsed=1.127756458s
=== RUN   TestCheckerAgreementWithRustCLIBindingReconstruction/exception-vc-allowed.hex
    checker_agreement_test.go:395: Go accepted: certificate=fe22ca0a9069fea79dee6cc1863ee0c8de23ff89169f73e97898ce8dd622f4ab declarations=95 axioms=0 elapsed=245.436333ms
    checker_agreement_test.go:401: Rust accepted identical bytes and report: export=54eeda334508e61038f57e042ae3d96f398301e39f3dda0da0f16f0fe65a9e96 axiom_report=0ebc281c3a8d37e2d1a9ce033773e2865f96a13186a6364cb3446204c6a990d5 elapsed=720.525375ms
    checker_agreement_test.go:409: Go rejected changed hash: elapsed=221.694708ms
    checker_agreement_test.go:415: Rust rejected changed hash: elapsed=555.970458ms
=== RUN   TestCheckerAgreementWithRustCLIBindingReconstruction/extra-bool-float-map.hex
    checker_agreement_test.go:395: Go accepted: certificate=8accb15184346167f35d927fee9c114cecc25ee823879b93d010bc11734ce30e declarations=256 axioms=0 elapsed=1.697743375s
    checker_agreement_test.go:401: Rust accepted identical bytes and report: export=56d52c73903a812bc26f50fc60f708e15efa84556a0c6f6775d409256f36ada3 axiom_report=0ebc281c3a8d37e2d1a9ce033773e2865f96a13186a6364cb3446204c6a990d5 elapsed=1.0718585s
    checker_agreement_test.go:409: Go rejected changed hash: elapsed=1.771573s
    checker_agreement_test.go:415: Rust rejected changed hash: elapsed=1.051085584s
=== RUN   TestCheckerAgreementWithRustCLIBindingReconstruction/extra-bool-nullable-map.hex
    checker_agreement_test.go:395: Go accepted: certificate=8da2e1c25564902c5c8cb5eb8884744eeedf67f175ef014f53ee91142a93a413 declarations=308 axioms=0 elapsed=1.915697667s
    checker_agreement_test.go:401: Rust accepted identical bytes and report: export=3161349fa4a00b7ee86aef21c50ca7d7874da59844f216523df3f94cfbcbb40b axiom_report=0ebc281c3a8d37e2d1a9ce033773e2865f96a13186a6364cb3446204c6a990d5 elapsed=1.182278833s
    checker_agreement_test.go:409: Go rejected changed hash: elapsed=1.931754833s
    checker_agreement_test.go:415: Rust rejected changed hash: elapsed=1.244142083s
=== RUN   TestCheckerAgreementWithRustCLIBindingReconstruction/extra-lookup-nullable.hex
    checker_agreement_test.go:395: Go accepted: certificate=551551de80112cc55232a4ce74a122c11654ca27dc6b51faa5470644f2685bd0 declarations=188 axioms=0 elapsed=377.534125ms
    checker_agreement_test.go:401: Rust accepted identical bytes and report: export=e3e9b30458131e592925ae37cb10c9575a3242d05ea87fb634cae75c1f5da8fc axiom_report=0ebc281c3a8d37e2d1a9ce033773e2865f96a13186a6364cb3446204c6a990d5 elapsed=827.941958ms
    checker_agreement_test.go:409: Go rejected changed hash: elapsed=385.993542ms
    checker_agreement_test.go:415: Rust rejected changed hash: elapsed=788.556583ms
=== RUN   TestCheckerAgreementWithRustCLIBindingReconstruction/extra-shared-lookup-maps.hex
    checker_agreement_test.go:395: Go accepted: certificate=6835b7385e507d0f997182b25bdfd32c73812df483770183b3c27fe8ba1b1eb4 declarations=404 axioms=0 elapsed=2.203475833s
    checker_agreement_test.go:401: Rust accepted identical bytes and report: export=f57bddad50645c89b197ae357a25e9efd55247010f0af9e59dadda6ee66eb18e axiom_report=0ebc281c3a8d37e2d1a9ce033773e2865f96a13186a6364cb3446204c6a990d5 elapsed=1.313987208s
    checker_agreement_test.go:409: Go rejected changed hash: elapsed=2.515684125s
    checker_agreement_test.go:415: Rust rejected changed hash: elapsed=1.326861s
=== RUN   TestCheckerAgreementWithRustCLIBindingReconstruction/extra-validation-bool.hex
    checker_agreement_test.go:395: Go accepted: certificate=9feb5403cb9ef32bae798dc17ac034d48a2d84ca6ee8fbb9a03f2e02f1ce41d2 declarations=235 axioms=0 elapsed=2.821272583s
    checker_agreement_test.go:401: Rust accepted identical bytes and report: export=756866db818e4b19ae11da3012a057f60d4cbc71a234a86a8a667fa0ebd6a19d axiom_report=0ebc281c3a8d37e2d1a9ce033773e2865f96a13186a6364cb3446204c6a990d5 elapsed=1.268201375s
    checker_agreement_test.go:409: Go rejected changed hash: elapsed=2.8358755s
    checker_agreement_test.go:415: Rust rejected changed hash: elapsed=1.219229667s
=== RUN   TestCheckerAgreementWithRustCLIBindingReconstruction/extra-validation-product.hex
    checker_agreement_test.go:395: Go accepted: certificate=66152cd4d62b27cdd0e3ff7fbbe90d04ecfb6ae3f36d1f74f7d81913ae941694 declarations=252 axioms=0 elapsed=2.074720834s
    checker_agreement_test.go:401: Rust accepted identical bytes and report: export=fbce515859d647000aa05fadda55f3b14fba64253d90754639ccc6f8e79ca227 axiom_report=0ebc281c3a8d37e2d1a9ce033773e2865f96a13186a6364cb3446204c6a990d5 elapsed=1.069542958s
    checker_agreement_test.go:409: Go rejected changed hash: elapsed=1.929621709s
    checker_agreement_test.go:415: Rust rejected changed hash: elapsed=1.072601542s
=== RUN   TestCheckerAgreementWithRustCLIBindingReconstruction/float-make-commutation.hex
    checker_agreement_test.go:395: Go accepted: certificate=05163a2e5ca11aa1e159095a8b56d0c34fa4646a6dc82cfcf9cdca77c5ad695d declarations=135 axioms=0 elapsed=184.940208ms
    checker_agreement_test.go:401: Rust accepted identical bytes and report: export=33e7aaab8ea053abdaec3c9a6fe97bc46f9b942f22afe23ae7212cc876d4a3ee axiom_report=0ebc281c3a8d37e2d1a9ce033773e2865f96a13186a6364cb3446204c6a990d5 elapsed=677.394333ms
    checker_agreement_test.go:409: Go rejected changed hash: elapsed=192.543958ms
    checker_agreement_test.go:415: Rust rejected changed hash: elapsed=770.187291ms
=== RUN   TestCheckerAgreementWithRustCLIBindingReconstruction/float-sequence.hex
    checker_agreement_test.go:395: Go accepted: certificate=1f35b54bdb858a4d263c0f8c046b55993321258e7893a99a8f4648482dbb3069 declarations=145 axioms=0 elapsed=3.5720855s
    checker_agreement_test.go:401: Rust accepted identical bytes and report: export=476f1774885ce5e2feb40297aa846fe12ec86d8259973cbf4038a00aaa8c7d32 axiom_report=0ebc281c3a8d37e2d1a9ce033773e2865f96a13186a6364cb3446204c6a990d5 elapsed=995.38575ms
    checker_agreement_test.go:409: Go rejected changed hash: elapsed=4.399874667s
    checker_agreement_test.go:415: Rust rejected changed hash: elapsed=1.528136625s
=== RUN   TestCheckerAgreementWithRustCLIBindingReconstruction/floats.hex
    checker_agreement_test.go:395: Go accepted: certificate=ffafa599fc66104cb452e4b8839089fc511817c903ef2c22c1b92fc4d105cf7b declarations=45 axioms=0 elapsed=18.643291ms
    checker_agreement_test.go:401: Rust accepted identical bytes and report: export=41080176c40bea412f64924acf1f634ef190516c1fa9d1ceb11d28d00aec8f76 axiom_report=0ebc281c3a8d37e2d1a9ce033773e2865f96a13186a6364cb3446204c6a990d5 elapsed=741.814958ms
    checker_agreement_test.go:409: Go rejected changed hash: elapsed=19.099625ms
    checker_agreement_test.go:415: Rust rejected changed hash: elapsed=827.822416ms
=== RUN   TestCheckerAgreementWithRustCLIBindingReconstruction/guid.hex
    checker_agreement_test.go:395: Go accepted: certificate=55b2f2a5cee0137a110cd1433b5f8c0d8824cc6a4c502a5ae714e6dbd6680628 declarations=39 axioms=0 elapsed=18.927791ms
    checker_agreement_test.go:401: Rust accepted identical bytes and report: export=ebb4755ac260753d40ab7f8d0c6b1e3f7e554c24e128c8417570cb6aa4170511 axiom_report=0ebc281c3a8d37e2d1a9ce033773e2865f96a13186a6364cb3446204c6a990d5 elapsed=791.983167ms
    checker_agreement_test.go:409: Go rejected changed hash: elapsed=25.656833ms
    checker_agreement_test.go:415: Rust rejected changed hash: elapsed=1.011167166s
=== RUN   TestCheckerAgreementWithRustCLIBindingReconstruction/nested-box.hex
    checker_agreement_test.go:395: Go accepted: certificate=c7a58772ec6ea9a9f6654a4a9eb6567bd9056259d19fea0fe270cad7d26c67cb declarations=196 axioms=0 elapsed=4.815167583s
    checker_agreement_test.go:401: Rust accepted identical bytes and report: export=b8e25f0281d6e8f3273ef52ff58cab2738af6740cd233b0a4097567e7df8e19e axiom_report=0ebc281c3a8d37e2d1a9ce033773e2865f96a13186a6364cb3446204c6a990d5 elapsed=1.304511334s
    checker_agreement_test.go:409: Go rejected changed hash: elapsed=5.060656333s
    checker_agreement_test.go:415: Rust rejected changed hash: elapsed=1.732429625s
=== RUN   TestCheckerAgreementWithRustCLIBindingReconstruction/nullable-float.hex
    checker_agreement_test.go:395: Go accepted: certificate=bd1246fff9219f5f56cf61d026db9c92c72210f58d43bf184a37d334abd0b189 declarations=90 axioms=0 elapsed=322.338375ms
    checker_agreement_test.go:401: Rust accepted identical bytes and report: export=8910d368b68685d0d888d3b27a608812665c321717864f05cae1ceb69d035007 axiom_report=0ebc281c3a8d37e2d1a9ce033773e2865f96a13186a6364cb3446204c6a990d5 elapsed=906.50425ms
    checker_agreement_test.go:409: Go rejected changed hash: elapsed=248.940625ms
    checker_agreement_test.go:415: Rust rejected changed hash: elapsed=915.960791ms
=== RUN   TestCheckerAgreementWithRustCLIBindingReconstruction/nullable-string-default.hex
    checker_agreement_test.go:395: Go accepted: certificate=cddf7270dc9ac4a66364fd0b55e04e76cd7ec3f8fdee379682d6b4e97b7da6db declarations=254 axioms=0 elapsed=7.731561292s
    checker_agreement_test.go:401: Rust accepted identical bytes and report: export=90b0567c541c2325ef85da563c17dcb68ba7ddd12777f08771d2b75b7c455010 axiom_report=0ebc281c3a8d37e2d1a9ce033773e2865f96a13186a6364cb3446204c6a990d5 elapsed=1.430639291s
    checker_agreement_test.go:409: Go rejected changed hash: elapsed=6.892039625s
    checker_agreement_test.go:415: Rust rejected changed hash: elapsed=1.152122625s
=== RUN   TestCheckerAgreementWithRustCLIBindingReconstruction/parse-error-contract.hex
    checker_agreement_test.go:395: Go accepted: certificate=46c99e3f4521c6064ab79bdcd7b0ff5d06b5eb3fb0fa96707f7817ba8d79eb52 declarations=65 axioms=0 elapsed=41.696958ms
    checker_agreement_test.go:401: Rust accepted identical bytes and report: export=7cc6c2932f20d0b30b0b745acc67bf9de84a0167a758834872a7c41e4be532ab axiom_report=0ebc281c3a8d37e2d1a9ce033773e2865f96a13186a6364cb3446204c6a990d5 elapsed=643.902875ms
    checker_agreement_test.go:409: Go rejected changed hash: elapsed=42.462292ms
    checker_agreement_test.go:415: Rust rejected changed hash: elapsed=643.675167ms
=== RUN   TestCheckerAgreementWithRustCLIBindingReconstruction/product-construction.hex
    checker_agreement_test.go:395: Go accepted: certificate=14bd581c0d6e06fefaedf57498eff2122feb45f10f6e790371c9493b40854e74 declarations=174 axioms=0 elapsed=3.84012175s
    checker_agreement_test.go:401: Rust accepted identical bytes and report: export=266c5b9486df032559146fcf0462c09a5fa0d7904c676c920c66b823430719ce axiom_report=0ebc281c3a8d37e2d1a9ce033773e2865f96a13186a6364cb3446204c6a990d5 elapsed=1.069971833s
    checker_agreement_test.go:409: Go rejected changed hash: elapsed=3.796085s
    checker_agreement_test.go:415: Rust rejected changed hash: elapsed=1.09844525s
=== RUN   TestCheckerAgreementWithRustCLIBindingReconstruction/remapped-boundary-sequence.hex
    checker_agreement_test.go:395: Go accepted: certificate=e0204487388ae805b9f3b13217ee27d097e04d816ee18404188f46a427e8b39c declarations=352 axioms=0 elapsed=3.275837666s
    checker_agreement_test.go:401: Rust accepted identical bytes and report: export=b80cb3ed59e9f25655b174ab7e6dc644007ad730c801b10977aaf05b5a1bfbe8 axiom_report=0ebc281c3a8d37e2d1a9ce033773e2865f96a13186a6364cb3446204c6a990d5 elapsed=1.400208292s
    checker_agreement_test.go:409: Go rejected changed hash: elapsed=3.8418355s
    checker_agreement_test.go:415: Rust rejected changed hash: elapsed=1.606682833s
=== RUN   TestCheckerAgreementWithRustCLIBindingReconstruction/string.hex
    checker_agreement_test.go:395: Go accepted: certificate=add3f98e1fb8712b773a35c2d0c13942d1946426db9a30a984aef60e521ea0a0 declarations=205 axioms=0 elapsed=4.082538791s
    checker_agreement_test.go:401: Rust accepted identical bytes and report: export=f5f9fb51aca60c3c25e3fa0e70850c154e2f28a576d74266cb50a2949ca61348 axiom_report=0ebc281c3a8d37e2d1a9ce033773e2865f96a13186a6364cb3446204c6a990d5 elapsed=1.294207084s
    checker_agreement_test.go:409: Go rejected changed hash: elapsed=4.483902583s
    checker_agreement_test.go:415: Rust rejected changed hash: elapsed=1.314968458s
=== RUN   TestCheckerAgreementWithRustCLIBindingReconstruction/unit-void-source.hex
    checker_agreement_test.go:395: Go accepted: certificate=3f3050164747b5760f1c296dd4d4ac598d46df1cc7ad83b376d2afa9ea384f0d declarations=123 axioms=0 elapsed=348.946875ms
    checker_agreement_test.go:401: Rust accepted identical bytes and report: export=52d777d56428cf452103a028aac1f63819872505cacdcff095c218d32cbfe81e axiom_report=0ebc281c3a8d37e2d1a9ce033773e2865f96a13186a6364cb3446204c6a990d5 elapsed=901.651208ms
    checker_agreement_test.go:409: Go rejected changed hash: elapsed=330.230166ms
    checker_agreement_test.go:415: Rust rejected changed hash: elapsed=763.221458ms
--- PASS: TestCheckerAgreementWithRustCLIBindingReconstruction (411.04s)
    --- PASS: TestCheckerAgreementWithRustCLIBindingReconstruction/binding-vc-boundary_field.hex (2.53s)
    --- PASS: TestCheckerAgreementWithRustCLIBindingReconstruction/binding-vc-bounded_sequence.hex (6.85s)
    --- PASS: TestCheckerAgreementWithRustCLIBindingReconstruction/binding-vc-instant.hex (3.26s)
    --- PASS: TestCheckerAgreementWithRustCLIBindingReconstruction/binding-vc-lookup.hex (2.32s)
    --- PASS: TestCheckerAgreementWithRustCLIBindingReconstruction/binding-vc-money.hex (57.92s)
    --- PASS: TestCheckerAgreementWithRustCLIBindingReconstruction/binding-vc-option.hex (2.69s)
    --- PASS: TestCheckerAgreementWithRustCLIBindingReconstruction/binding-vc-ordered_entry.hex (2.12s)
    --- PASS: TestCheckerAgreementWithRustCLIBindingReconstruction/binding-vc-ordered_map.hex (6.67s)
    --- PASS: TestCheckerAgreementWithRustCLIBindingReconstruction/binding-vc-ordered_set.hex (7.61s)
    --- PASS: TestCheckerAgreementWithRustCLIBindingReconstruction/binding-vc-result.hex (2.48s)
    --- PASS: TestCheckerAgreementWithRustCLIBindingReconstruction/binding-vc-transition.hex (6.31s)
    --- PASS: TestCheckerAgreementWithRustCLIBindingReconstruction/binding-vc-validation.hex (6.74s)
    --- PASS: TestCheckerAgreementWithRustCLIBindingReconstruction/bool-construction.hex (5.93s)
    --- PASS: TestCheckerAgreementWithRustCLIBindingReconstruction/bool-float-entry.hex (1.82s)
    --- PASS: TestCheckerAgreementWithRustCLIBindingReconstruction/boundary-exception-empty.hex (1.96s)
    --- PASS: TestCheckerAgreementWithRustCLIBindingReconstruction/boundary-exception-payload.hex (2.05s)
    --- PASS: TestCheckerAgreementWithRustCLIBindingReconstruction/boundary-map-compound.hex (8.55s)
    --- PASS: TestCheckerAgreementWithRustCLIBindingReconstruction/boundary-map-decimal.hex (57.50s)
    --- PASS: TestCheckerAgreementWithRustCLIBindingReconstruction/boundary-map-string.hex (7.96s)
    --- PASS: TestCheckerAgreementWithRustCLIBindingReconstruction/boundary-set-decimal.hex (61.35s)
    --- PASS: TestCheckerAgreementWithRustCLIBindingReconstruction/boundary-total-cells.hex (9.89s)
    --- PASS: TestCheckerAgreementWithRustCLIBindingReconstruction/complete-snapshot.hex (11.19s)
    --- PASS: TestCheckerAgreementWithRustCLIBindingReconstruction/construction-vc-enum_zero.hex (1.52s)
    --- PASS: TestCheckerAgreementWithRustCLIBindingReconstruction/construction-vc-positive_constructor.hex (1.56s)
    --- PASS: TestCheckerAgreementWithRustCLIBindingReconstruction/date.hex (1.54s)
    --- PASS: TestCheckerAgreementWithRustCLIBindingReconstruction/enum-construction.hex (9.89s)
    --- PASS: TestCheckerAgreementWithRustCLIBindingReconstruction/exception-vc-allowed.hex (1.75s)
    --- PASS: TestCheckerAgreementWithRustCLIBindingReconstruction/extra-bool-float-map.hex (5.60s)
    --- PASS: TestCheckerAgreementWithRustCLIBindingReconstruction/extra-bool-nullable-map.hex (6.28s)
    --- PASS: TestCheckerAgreementWithRustCLIBindingReconstruction/extra-lookup-nullable.hex (2.38s)
    --- PASS: TestCheckerAgreementWithRustCLIBindingReconstruction/extra-shared-lookup-maps.hex (7.36s)
    --- PASS: TestCheckerAgreementWithRustCLIBindingReconstruction/extra-validation-bool.hex (8.15s)
    --- PASS: TestCheckerAgreementWithRustCLIBindingReconstruction/extra-validation-product.hex (6.15s)
    --- PASS: TestCheckerAgreementWithRustCLIBindingReconstruction/float-make-commutation.hex (1.83s)
    --- PASS: TestCheckerAgreementWithRustCLIBindingReconstruction/float-sequence.hex (10.50s)
    --- PASS: TestCheckerAgreementWithRustCLIBindingReconstruction/floats.hex (1.61s)
    --- PASS: TestCheckerAgreementWithRustCLIBindingReconstruction/guid.hex (1.85s)
    --- PASS: TestCheckerAgreementWithRustCLIBindingReconstruction/nested-box.hex (12.92s)
    --- PASS: TestCheckerAgreementWithRustCLIBindingReconstruction/nullable-float.hex (2.40s)
    --- PASS: TestCheckerAgreementWithRustCLIBindingReconstruction/nullable-string-default.hex (17.21s)
    --- PASS: TestCheckerAgreementWithRustCLIBindingReconstruction/parse-error-contract.hex (1.38s)
    --- PASS: TestCheckerAgreementWithRustCLIBindingReconstruction/product-construction.hex (9.81s)
    --- PASS: TestCheckerAgreementWithRustCLIBindingReconstruction/remapped-boundary-sequence.hex (10.13s)
    --- PASS: TestCheckerAgreementWithRustCLIBindingReconstruction/string.hex (11.18s)
    --- PASS: TestCheckerAgreementWithRustCLIBindingReconstruction/unit-void-source.hex (2.35s)
PASS
ok  	github.com/finitefield-org/mpk/go-tools/mpk-checker-ref	411.111s
