
running 1 test
test ordinary_carriers::projection_tests::binding_relation_tests::reconstruction_tests::csharp_03_t06_w09_binding_reconstruction_original_sources ... binding reconstruction start binding-vc-boundary_field
binding reconstruction complete binding-vc-boundary_field: 1 candidates, 6 obligations
binding reconstruction start binding-vc-bounded_sequence
binding reconstruction complete binding-vc-bounded_sequence: 1 candidates, 5 obligations
binding reconstruction start binding-vc-instant
binding reconstruction complete binding-vc-instant: 1 candidates, 5 obligations
binding reconstruction start binding-vc-lookup
binding reconstruction complete binding-vc-lookup: 1 candidates, 6 obligations
binding reconstruction start binding-vc-money
binding reconstruction complete binding-vc-money: 1 candidates, 6 obligations
binding reconstruction start binding-vc-option
binding reconstruction complete binding-vc-option: 1 candidates, 6 obligations
binding reconstruction start binding-vc-ordered_entry
binding reconstruction complete binding-vc-ordered_entry: 1 candidates, 6 obligations
binding reconstruction start binding-vc-ordered_map
binding reconstruction complete binding-vc-ordered_map: 2 candidates, 11 obligations
binding reconstruction start binding-vc-ordered_set
binding reconstruction complete binding-vc-ordered_set: 1 candidates, 5 obligations
binding reconstruction start binding-vc-result
binding reconstruction complete binding-vc-result: 1 candidates, 7 obligations
binding reconstruction start binding-vc-transition
binding reconstruction complete binding-vc-transition: 1 candidates, 7 obligations
binding reconstruction start binding-vc-validation
binding reconstruction complete binding-vc-validation: 1 candidates, 7 obligations
binding reconstruction start bool-construction
binding reconstruction complete bool-construction: 0 candidates, 0 obligations
binding reconstruction start bool-float-entry
binding reconstruction complete bool-float-entry: 1 candidates, 6 obligations
binding reconstruction start boundary-exception-empty
binding reconstruction complete boundary-exception-empty: 0 candidates, 0 obligations
binding reconstruction start boundary-exception-payload
binding reconstruction complete boundary-exception-payload: 0 candidates, 0 obligations
binding reconstruction start boundary-map-compound
binding reconstruction complete boundary-map-compound: 2 candidates, 11 obligations
binding reconstruction start boundary-map-decimal
