=== RUN   TestCheckerAgreementWithRustCLIJsonEnums
=== RUN   TestCheckerAgreementWithRustCLIJsonEnums/all-underlying.hex
    checker_agreement_test.go:401: Rust checker execution/protocol failure: Rust checker did not return a verifier report: unexpected end of JSON input
        stdout:
        
        stderr:
        error: this file contains an unclosed delimiter
           --> crates/mpk-vc/src/csharp_practical_ordinary_json_raw_limits.rs:412:3
            |
        369 | mod tests {
            |           - unclosed delimiter
        ...
        373 |     fn observed(c:&Certificate,value:V)->u64 {
            |                                              - this delimiter might not be properly closed...
        ...
        412 | }
            | -^
            | |
            | ...as it matches this but it has different indentation
        
        error: could not compile `mpk-vc` (lib) due to 1 previous error
        error: could not compile `mpk-vc` (lib) due to 1 previous error
--- FAIL: TestCheckerAgreementWithRustCLIJsonEnums (313.30s)
    --- FAIL: TestCheckerAgreementWithRustCLIJsonEnums/all-underlying.hex (313.30s)
FAIL
exit status 1
FAIL	github.com/finitefield-org/mpk/go-tools/mpk-checker-ref	313.813s
