   Compiling mpk-vc v0.1.0 (/Users/kazuyoshitoshiya/mpk/crates/mpk-vc)
    Finished `test` profile [unoptimized + debuginfo] target(s) in 22.50s
     Running tests/csharp_practical_vc.rs (target/debug/deps/csharp_practical_vc-dcf715cdb89904aa)

running 10 tests
test ordinary_carriers::literal_tests::json_token_tests::product_tests::builtin_tests::csharp_03_t06_w09_json_builtins_original_source ... JSON builtins: day, five errors and source product; 141867 terms, 2046 declarations
ok
test ordinary_carriers::literal_tests::json_token_tests::product_tests::csharp_03_t06_w09_json_products_sources_and_dependency_preservation ... JSON products document-7a157feb27ed416752b5dde8aa2bf373b9a2c82755d2caa89e955057176ee57b: 1 source products, 144442 terms, 2236 declarations
JSON products document-decb5507362a7672c711a5befd63efc1038c2c0a86ee20137a1c4c472e0d1684: 1 source products, 142001 terms, 2287 declarations
JSON products document-6b96fc4eed95a1d33fa5784b9062f02fa07ac65b6aef2b4100bb91e9c2f1a613: 0 source products, 133397 terms, 1971 declarations
JSON products calendar-date: 1 source products, 187577 terms, 2507 declarations
JSON products calendar-time: 1 source products, 177690 terms, 2395 declarations
JSON products calendar-date-time: 1 source products, 226933 terms, 2920 declarations
JSON products calendar-date-time-decimal: 1 source products, 233680 terms, 3084 declarations
ok
test ordinary_carriers::literal_tests::json_token_tests::product_tests::enum_tests::csharp_03_t06_w09_json_enums_original_source ... JSON enums: eight underlying types and source product, 146033 terms, 2102 declarations
ok
test ordinary_carriers::literal_tests::json_token_tests::product_tests::ordered_tests::csharp_03_t06_w09_json_ordered_sources ... JSON ordered integer: 143421 terms,2198 declarations,8410 static transformers
JSON ordered decimal: 180339 terms,2644 declarations,8743 static transformers
JSON ordered string: 146118 terms,2241 declarations,8420 static transformers
JSON ordered compound: 146671 terms,2284 declarations,8438 static transformers
ok
test ordinary_carriers::literal_tests::json_token_tests::product_tests::semantic_tests::csharp_03_t06_w09_json_semantic_product_source ... JSON semantic products: two Money, one ordered entry and four source products; 147427 terms, 2266 declarations
ok
test ordinary_carriers::literal_tests::json_token_tests::product_tests::sequence_tests::csharp_03_t06_w09_json_sequence_source ... JSON arrays: three sequences and two source products; 137611 terms, 2092 declarations
ok
test ordinary_carriers::literal_tests::json_token_tests::product_tests::source_tests::csharp_03_t06_w09_json_product_nested_source_replay ... JSON product nested source nested: 2 products, 134725 terms, 1998 declarations
JSON product nested source empty: 1 products, 133404 terms, 1978 declarations
ok
test ordinary_carriers::literal_tests::json_token_tests::product_tests::sum_tests::source_tests::csharp_03_t06_w09_json_sum_source ... JSON sums: six sums,five templates,one sequence,seven source products;145429 terms,2295 declarations
ok
test ordinary_carriers::literal_tests::json_token_tests::product_tests::transition_tests::csharp_03_t06_w09_json_transition_sources ... Transition scalar-map: 144997 terms,2234 declarations,8418 static transformers
Transition compound: 143276 terms,2165 declarations,7878 static transformers
ok
test ordinary_carriers::literal_tests::json_token_tests::value_tests::csharp_03_t06_w09_json_values_original_sources_and_token_preservation ... Typed JSON document-7a157feb27ed416752b5dde8aa2bf373b9a2c82755d2caa89e955057176ee57b: 149 adapters, 124031 terms, 2040 declarations
Typed JSON document-decb5507362a7672c711a5befd63efc1038c2c0a86ee20137a1c4c472e0d1684: 5 adapters, 117799 terms, 1891 declarations
Typed JSON document-6b96fc4eed95a1d33fa5784b9062f02fa07ac65b6aef2b4100bb91e9c2f1a613: 1 adapters, 115358 terms, 1865 declarations
Typed JSON calendar-date: 1 adapters, 169168 terms, 2382 declarations
Typed JSON calendar-time: 1 adapters, 159145 terms, 2270 declarations
Typed JSON calendar-date-time: 2 adapters, 208457 terms, 2788 declarations
Typed JSON calendar-date-time-decimal: 148 adapters, 215151 terms, 2945 declarations
Typed JSON: 72 source contexts, seven complete programs; all prior token definitions/dependencies unchanged
ok

test result: ok. 10 passed; 0 failed; 0 ignored; 0 measured; 192 filtered out; finished in 687.69s

