    Blocking waiting for file lock on build directory
    Finished `test` profile [unoptimized + debuginfo] target(s) in 10.20s
     Running tests/csharp_practical_vc.rs (target/debug/deps/csharp_practical_vc-dcf715cdb89904aa)

running 1 test
ordered string ordered_set: empty,ascending,descending,duplicate,syntax and absolute ending
ordered JSON depth0: accepted true,1205 selected wide packet bits
ordered JSON depth0: accepted true,1681 selected wide packet bits
ordered JSON depth0: accepted false,1681 selected wide packet bits
ordered JSON depth0: accepted false,1441 selected wide packet bits
ordered JSON depth0: accepted false,1205 selected wide packet bits
test ordinary_carriers::literal_tests::json_token_tests::product_tests::ordered_tests::runtime::csharp_03_t06_w09_json_ordered_actual_core has been running for over 60 seconds
ordered JSON depth0: accepted true,1681 selected wide packet bits
ordered string ordered_map: empty,ascending,descending,duplicate,syntax and absolute ending
ordered JSON depth0: accepted true,1206 selected wide packet bits
ordered JSON depth0: accepted true,1762 selected wide packet bits
ordered JSON depth0: accepted false,1762 selected wide packet bits
ordered JSON depth0: accepted false,1510 selected wide packet bits
ordered JSON depth0: accepted false,1206 selected wide packet bits
ordered JSON depth0: accepted true,1762 selected wide packet bits
test ordinary_carriers::literal_tests::json_token_tests::product_tests::ordered_tests::runtime::csharp_03_t06_w09_json_ordered_actual_core ... ok

test result: ok. 1 passed; 0 failed; 0 ignored; 0 measured; 201 filtered out; finished in 268.44s

