    Blocking waiting for file lock on build directory
    Finished `test` profile [unoptimized + debuginfo] target(s) in 9.04s
     Running tests/csharp_practical_vc.rs (target/debug/deps/csharp_practical_vc-dcf715cdb89904aa)

running 1 test
ordered compound ordered_set: empty,ascending,descending,duplicate,syntax and absolute ending
ordered JSON depth0: accepted true,1206 selected wide packet bits
ordered JSON depth0: accepted true,1610 selected wide packet bits
test ordinary_carriers::literal_tests::json_token_tests::product_tests::ordered_tests::runtime::csharp_03_t06_w09_json_ordered_actual_core has been running for over 60 seconds
ordered JSON depth0: accepted false,1610 selected wide packet bits
ordered JSON depth0: accepted false,1534 selected wide packet bits
ordered JSON depth0: accepted false,1206 selected wide packet bits
ordered JSON depth0: accepted true,1610 selected wide packet bits
ordered compound ordered_map: empty,ascending,descending,duplicate,syntax and absolute ending
ordered JSON depth0: accepted true,1207 selected wide packet bits
ordered JSON depth0: accepted true,1691 selected wide packet bits
ordered JSON depth0: accepted false,1691 selected wide packet bits
ordered JSON depth0: accepted false,1611 selected wide packet bits
ordered JSON depth0: accepted false,1207 selected wide packet bits
ordered JSON depth0: accepted true,1691 selected wide packet bits
test ordinary_carriers::literal_tests::json_token_tests::product_tests::ordered_tests::runtime::csharp_03_t06_w09_json_ordered_actual_core ... ok

test result: ok. 1 passed; 0 failed; 0 ignored; 0 measured; 201 filtered out; finished in 463.86s

