    Blocking waiting for file lock on build directory
    Finished `test` profile [unoptimized + debuginfo] target(s) in 5.82s
     Running tests/csharp_practical_vc.rs (target/debug/deps/csharp_practical_vc-dcf715cdb89904aa)

running 1 test
decimal codec clause normalized passed
decimal source condition ToEven:fixed1
test ordinary_carriers::public_domain_tests::contract_expression_tests::decimal_codec_clause_tests::csharp_03_t06_w09_decimal_codec_clauses_original_source has been running for over 60 seconds
decimal source condition ToEven:maximum
decimal source condition ToEven:range
decimal codec clause ToEven passed
decimal source condition AwayFromZero:fixed1
decimal codec clause AwayFromZero passed
decimal source condition ToZero:fixed1
decimal codec clause ToZero passed
decimal source condition ToNegativeInfinity:fixed1
decimal codec clause ToNegativeInfinity passed
decimal source condition ToPositiveInfinity:fixed1
decimal codec clause ToPositiveInfinity passed
decimal codec clauses: 292 aliases, 177 attachments, 7 selected source conditions
test ordinary_carriers::public_domain_tests::contract_expression_tests::decimal_codec_clause_tests::csharp_03_t06_w09_decimal_codec_clauses_original_source ... ok

test result: ok. 1 passed; 0 failed; 0 ignored; 0 measured; 271 filtered out; finished in 1393.52s

