
running 1 test
test ordinary_carriers::public_domain_tests::contract_expression_tests::sequence_data_tests::csharp_03_t06_w09_sequence_data_original_source ... sequence data start: i32-length mpk.csharp.instance.ed1833d7de995f851050cda920877e4f114c8ceedd7ad25010205e5238bc76c3.length
sequence data end: i32-length mpk.csharp.instance.ed1833d7de995f851050cda920877e4f114c8ceedd7ad25010205e5238bc76c3.length 0.007s
sequence data context i32-length: 1 definitions, 1 SSA points
sequence data start: i32-read mpk.csharp.instance.ed1833d7de995f851050cda920877e4f114c8ceedd7ad25010205e5238bc76c3.read
sequence data end: i32-read mpk.csharp.instance.ed1833d7de995f851050cda920877e4f114c8ceedd7ad25010205e5238bc76c3.read 0.359s
sequence data context i32-read: 1 definitions, 1 SSA points
sequence data start: nullable-length mpk.csharp.instance.843217918599e241428282800dc9eafcd5203c2bccdf5ef4da8d19b56648066b.length
sequence data end: nullable-length mpk.csharp.instance.843217918599e241428282800dc9eafcd5203c2bccdf5ef4da8d19b56648066b.length 0.004s
sequence data context nullable-length: 1 definitions, 1 SSA points
sequence data start: product-length mpk.csharp.instance.4cac0be04b1b7b464b43fa5db913d1f4967b028959c09c724dc31ce6e57f8578.length
sequence data end: product-length mpk.csharp.instance.4cac0be04b1b7b464b43fa5db913d1f4967b028959c09c724dc31ce6e57f8578.length 0.003s
sequence data context product-length: 1 definitions, 1 SSA points
sequence data start: string-length mpk.csharp.instance.e4dff6ec465182c3a7fd017aecba96736ab9578005dd8ad2c80ebf80b5ec9f71.length
sequence data end: string-length mpk.csharp.instance.e4dff6ec465182c3a7fd017aecba96736ab9578005dd8ad2c80ebf80b5ec9f71.length 0.006s
sequence data context string-length: 1 definitions, 1 SSA points
sequence data start: field-read mpk.csharp.instance.ed1833d7de995f851050cda920877e4f114c8ceedd7ad25010205e5238bc76c3.read
sequence data end: field-read mpk.csharp.instance.ed1833d7de995f851050cda920877e4f114c8ceedd7ad25010205e5238bc76c3.read 0.363s
sequence data context field-read: 1 definitions, 1 SSA points
sequence data start: property-read mpk.csharp.instance.ed1833d7de995f851050cda920877e4f114c8ceedd7ad25010205e5238bc76c3.read
sequence data end: property-read mpk.csharp.instance.ed1833d7de995f851050cda920877e4f114c8ceedd7ad25010205e5238bc76c3.read 0.363s
sequence data context property-read: 1 definitions, 1 SSA points
sequence data: 7 contexts, 411 result observations
ok

test result: ok. 1 passed; 0 failed; 0 ignored; 0 measured; 314 filtered out; finished in 2.25s

