START for-positive-go
END for-positive-go PASS 0.826
START for-positive-rust
END for-positive-rust PASS 0.078
START for-hash-go
END for-hash-go PASS 0.559
START for-hash-rust
END for-hash-rust PASS 0.078
DONE for.hex both checkers and hash checks
START foreach_array-positive-go
END foreach_array-positive-go PASS 3.376
START foreach_array-positive-rust
END foreach_array-positive-rust PASS 0.126
START foreach_array-hash-go
END foreach_array-hash-go PASS 3.335
START foreach_array-hash-rust
END foreach_array-hash-rust PASS 0.131
DONE foreach_array.hex both checkers and hash checks
START foreach_string-positive-go
END foreach_string-positive-go PASS 6.001
START foreach_string-positive-rust
END foreach_string-positive-rust PASS 0.128
START foreach_string-hash-go
END foreach_string-hash-go PASS 5.98
START foreach_string-hash-rust
END foreach_string-hash-rust PASS 0.13
DONE foreach_string.hex both checkers and hash checks
START governing_throw-positive-go
END governing_throw-positive-go PASS 2.5
START governing_throw-positive-rust
END governing_throw-positive-rust PASS 0.075
START governing_throw-hash-go
END governing_throw-hash-go PASS 2.541
START governing_throw-hash-rust
END governing_throw-hash-rust PASS 0.077
DONE governing_throw.hex both checkers and hash checks
START guard_order-positive-go
END guard_order-positive-go PASS 10.011
START guard_order-positive-rust
END guard_order-positive-rust PASS 0.185
START guard_order-hash-go
END guard_order-hash-go PASS 10.186
START guard_order-hash-rust
END guard_order-hash-rust PASS 0.179
DONE guard_order.hex both checkers and hash checks
START guard_throw-positive-go
END guard_throw-positive-go PASS 5.963
START guard_throw-positive-rust
END guard_throw-positive-rust PASS 0.124
START guard_throw-hash-go
END guard_throw-hash-go PASS 5.834
START guard_throw-hash-rust
END guard_throw-hash-rust PASS 0.133
DONE guard_throw.hex both checkers and hash checks
START index_update-positive-go
END index_update-positive-go PASS 160.388
START index_update-positive-rust
END index_update-positive-rust PASS 0.396
START index_update-hash-go
END index_update-hash-go PASS 165.259
START index_update-hash-rust
END index_update-hash-rust PASS 0.401
DONE index_update.hex both checkers and hash checks
START is_binding-positive-go
END is_binding-positive-go PASS 0.179
START is_binding-positive-rust
END is_binding-positive-rust PASS 0.021
START is_binding-hash-go
END is_binding-hash-go PASS 0.19
START is_binding-hash-rust
END is_binding-hash-rust PASS 0.021
DONE is_binding.hex both checkers and hash checks
START lookup-positive-go
END lookup-positive-go PASS 2.937
START lookup-positive-rust
END lookup-positive-rust PASS 0.076
START lookup-hash-go
END lookup-hash-go PASS 2.941
START lookup-hash-rust
END lookup-hash-rust PASS 0.075
DONE lookup.hex both checkers and hash checks
START short_circuit-positive-go
END short_circuit-positive-go PASS 7.792
START short_circuit-positive-rust
END short_circuit-positive-rust PASS 0.132
START short_circuit-hash-go
END short_circuit-hash-go PASS 8.619
START short_circuit-hash-rust
END short_circuit-hash-rust PASS 0.181
DONE short_circuit.hex both checkers and hash checks
START string_property-positive-go
END string_property-positive-go PASS 2.828
START string_property-positive-rust
END string_property-positive-rust PASS 0.077
START string_property-hash-go
END string_property-hash-go PASS 2.657
START string_property-hash-rust
END string_property-hash-rust PASS 0.088
DONE string_property.hex both checkers and hash checks
START switch-positive-go
END switch-positive-go PASS 0.346
START switch-positive-rust
END switch-positive-rust PASS 0.042
START switch-hash-go
END switch-hash-go PASS 0.348
START switch-hash-rust
END switch-hash-rust PASS 0.042
DONE switch.hex both checkers and hash checks
START total_variable-positive-go
END total_variable-positive-go PASS 0.24
START total_variable-positive-rust
END total_variable-positive-rust PASS 0.022
START total_variable-hash-go
END total_variable-hash-go PASS 0.232
START total_variable-hash-rust
END total_variable-hash-rust PASS 0.042
DONE total_variable.hex both checkers and hash checks
START type-positive-go
END type-positive-go PASS 4.379
START type-positive-rust
END type-positive-rust PASS 0.129
START type-hash-go
END type-hash-go PASS 4.36
START type-hash-rust
END type-hash-rust PASS 0.132
DONE type.hex both checkers and hash checks
