   Compiling mpk-vc v0.1.0 (/Users/kazuyoshitoshiya/mpk/crates/mpk-vc)
    Finished `release` profile [optimized] target(s) in 2m 36s
     Running tests/csharp_practical_vc.rs (target/release/deps/csharp_practical_vc-0951b3e219e92435)

running 1 test
test ordinary_carriers::public_domain_tests::contract_expression_tests::control_edge_tests::native_literals::csharp_03_t06_w09_control_native_literals_original_sources ... checked 17 exact source literal bindings
control native literals count_fill: 488 observations
control edges count_fill: generated/imported exact candidate; 0 pending guards
checked 3 exact source literal bindings
control native literals while: 77 observations
control edges while: generated/imported exact candidate; 0 pending guards
checked 6 exact source literal bindings
control native literals for: 185 observations
control edges for: generated/imported exact candidate; 0 pending guards
checked 7 exact source literal bindings
control native literals short_circuit: 221 observations
control edges short_circuit: generated/imported exact candidate; 0 pending guards
checked 4 exact source literal bindings
control native literals switch: 113 observations
control edges switch: generated/imported exact candidate; 0 pending guards
checked 2 exact source literal bindings
control native literals is_binding: 72 observations
control edges is_binding: generated/imported exact candidate; 0 pending guards
checked 9 exact source literal bindings
control native literals guard_order: 324 observations
control edges guard_order: generated/imported exact candidate; 0 pending guards
checked 4 exact source literal bindings
control native literals guard_throw: 144 observations
control edges guard_throw: generated/imported exact candidate; 0 pending guards
checked 3 exact source literal bindings
control native literals total_variable: 77 observations
control edges total_variable: generated/imported exact candidate; 0 pending guards
checked 12 exact source literal bindings
control native literals index_update: 370 observations
control edges index_update: generated/imported exact candidate; 0 pending guards
checked 4 exact source literal bindings
control native literals foreach_string: 113 observations
control edges foreach_string: generated/imported exact candidate; 0 pending guards
checked 4 exact source literal bindings
control native literals foreach_string_var: 113 observations
control edges foreach_string_var: generated/imported exact candidate; 0 pending guards
checked 4 exact source literal bindings
control native literals foreach_array: 113 observations
control edges foreach_array: generated/imported exact candidate; 0 pending guards
checked 4 exact source literal bindings
control native literals foreach_array_var: 113 observations
control edges foreach_array_var: generated/imported exact candidate; 0 pending guards
checked 4 exact source literal bindings
control native literals lookup: 113 observations
control edges lookup: generated/imported exact candidate; 0 pending guards
checked 3 exact source literal bindings
control native literals governing_throw: 108 observations
control edges governing_throw: generated/imported exact candidate; 0 pending guards
checked 7 exact source literal bindings
control native literals type: 286 observations
control edges type: generated/imported exact candidate; 0 pending guards
checked 4 exact source literal bindings
control native literals string_property: 113 observations
control edges string_property: generated/imported exact candidate; 0 pending guards
ok

test result: ok. 1 passed; 0 failed; 0 ignored; 0 measured; 358 filtered out; finished in 15.23s

