    Blocking waiting for file lock on build directory
   Compiling mpk-vc v0.1.0 (/Users/kazuyoshitoshiya/mpk/crates/mpk-vc)
error[E0425]: cannot find type `ValidatedPracticalVir` in this scope
   --> crates/mpk-vc/tests/support/csharp_practical_ordinary_json_calendar_tests.rs:184:41
    |
184 | fn each_source(mut f: impl FnMut(&str, &ValidatedPracticalVir)) {
    |                                         ^^^^^^^^^^^^^^^^^^^^^
    |
   ::: crates/mpk-vc/src/csharp_practical_vc_model.rs:463:1
    |
463 | pub struct ValidatedPracticalVc {
    | ------------------------------- similarly named struct `ValidatedPracticalVc` defined here
    |
help: a struct with a similar name exists
    |
184 - fn each_source(mut f: impl FnMut(&str, &ValidatedPracticalVir)) {
184 + fn each_source(mut f: impl FnMut(&str, &ValidatedPracticalVc)) {
    |

For more information about this error, try `rustc --explain E0425`.
error: could not compile `mpk-vc` (test "csharp_practical_vc") due to 1 previous error
