   Compiling mpk-vc v0.1.0 (/Users/kazuyoshitoshiya/mpk/crates/mpk-vc)
    Finished `test` profile [unoptimized + debuginfo] target(s) in 10.70s
     Running unittests src/lib.rs (target/debug/deps/mpk_vc-6886378f36ee4600)

running 1 test
[
  {
    "certificate_sha256": "f7eb1fe0b44ccf0ec0a0016f9b5fd26c28420b6faaa36cd4f6878cd828500b06",
    "declarations": 2627,
    "static_transformers": 7994,
    "terms": 181949,
    "tokens": [
      "date"
    ]
  },
  {
    "certificate_sha256": "89a87c44e0a11c9cfcda108fe8d3b8a087383b729161f6519bc99888f01b47ea",
    "declarations": 2522,
    "static_transformers": 7889,
    "terms": 173602,
    "tokens": [
      "time"
    ]
  },
  {
    "certificate_sha256": "2be9d24f94b452582113153c549b423609b2a373d8b3827f37484295e658b1af",
    "declarations": 3286,
    "static_transformers": 8622,
    "terms": 231144,
    "tokens": [
      "date",
      "time"
    ]
  }
]
test csharp_practical_vir_model::ordinary_carriers::scalar_bits::calendar_codecs::integration_tests::calendar_json_cumulative_environment_limits ... ok

test result: ok. 1 passed; 0 failed; 0 ignored; 0 measured; 96 filtered out; finished in 16.28s

