    Blocking waiting for file lock on build directory
    Finished `test` profile [unoptimized + debuginfo] target(s) in 9.94s
     Running tests/csharp_practical_vc.rs (target/debug/deps/csharp_practical_vc-dcf715cdb89904aa)

running 1 test
calendar packet 1: date "\"0001-01-01\""
calendar packet 2: date "\"1970-01-01\""
test ordinary_carriers::literal_tests::json_token_tests::calendar_tests::csharp_03_t06_w09_json_calendar_runtime has been running for over 60 seconds
calendar packet 3: date "\"2000-02-29\""
calendar packet 4: date "\"9999-12-31\""
calendar packet 5: time "\"00:00:00.0000000\""
calendar packet 6: time "\"12:34:56.1234567\""
calendar packet 7: time "\"23:59:59.9999999\""
calendar packet 8: date "[\"1970-01-01\","
calendar packet 9: date "[\"1970-01-01\"]"
calendar packet 10: date "[\"1970-01-01\"}"
calendar packet 11: date "\"1900-02-29\""
calendar packet 12: date "\"2001-02-29\""
calendar packet 13: date "\"0000-01-01\""
calendar packet 14: date "\"10000-01-01\""
calendar packet 15: date "\"2020-04-31\""
calendar packet 16: date "\"2020-13-01\""
calendar packet 17: date "\"2020-1-01\""
calendar packet 18: time "\"24:00:00.0000000\""
calendar packet 19: time "\"23:60:00.0000000\""
calendar packet 20: time "\"23:59:60.0000000\""
calendar packet 21: time "\"00:00:00.000000\""
calendar packet 22: time "\"00:00:00.00000000\""
calendar packet 23: date "\"1970-01-01\":"
calendar packet 24: date "\"1970-01-01\""
calendar packet 25: date "\"1970-01-01\" "
calendar packet 26: date "\"1970-01-01"
calendar packet 27: date "\"1970-01-01\""
calendar packet 28: date "\"1970-01-01\""
calendar packet 29: date "\"1970-01-01\"]"
calendar packet 30: date "\"1970-01-01\\u0030\""
test ordinary_carriers::literal_tests::json_token_tests::calendar_tests::csharp_03_t06_w09_json_calendar_runtime ... ok

test result: ok. 1 passed; 0 failed; 0 ignored; 0 measured; 164 filtered out; finished in 502.34s

