   Compiling mpk-vc v0.1.0 (/Users/kazuyoshitoshiya/mpk/crates/mpk-vc)
    Finished `test` profile [unoptimized + debuginfo] target(s) in 10.83s
     Running unittests src/lib.rs (target/debug/deps/mpk_vc-6886378f36ee4600)

running 1 test
[
  {
    "certificate_sha256": "7a94221a3a3b63edc5a086306f676d2d8ca8e5f9378db67d30650d593d3f6698",
    "declarations": 2573,
    "format_gate_blocks": {
      "date": 277
    },
    "static_transformers": 7940,
    "terms": 177667,
    "tokens": [
      "date"
    ]
  },
  {
    "certificate_sha256": "fbfb6ec51785ebb6bed8e1ce6a4788a3466d8c1aacd49d7eeba43456a0fc1776",
    "declarations": 2457,
    "format_gate_blocks": {
      "time": 272
    },
    "static_transformers": 7824,
    "terms": 168096,
    "tokens": [
      "time"
    ]
  },
  {
    "certificate_sha256": "2577b8c2925744ccecab997dff18dc7378661da8d249583e0dcee4d249506b79",
    "declarations": 3167,
    "format_gate_blocks": {
      "date": 277,
      "time": 272
    },
    "static_transformers": 8503,
    "terms": 222695,
    "tokens": [
      "date",
      "time"
    ]
  }
]
test csharp_practical_vir_model::ordinary_carriers::scalar_bits::calendar_codecs::integration_tests::calendar_json_cumulative_environment_limits ... ok

test result: ok. 1 passed; 0 failed; 0 ignored; 0 measured; 99 filtered out; finished in 15.66s

