   Compiling mpk-vc v0.1.0 (/Users/kazuyoshitoshiya/mpk/crates/mpk-vc)
    Finished `test` profile [unoptimized + debuginfo] target(s) in 19.70s
     Running tests/csharp_practical_vc.rs (target/debug/deps/csharp_practical_vc-dcf715cdb89904aa)

running 1 test
calendar date/tokens: 182078 terms, 2634 declarations
calendar date/structural: 183432 terms, 2673 declarations
calendar time/tokens: 172650 terms, 2522 declarations
calendar time/structural: 176961 terms, 2597 declarations
test ordinary_carriers::literal_tests::json_token_tests::calendar_tests::csharp_03_t06_w09_json_calendar_programs has been running for over 60 seconds
calendar date-time/tokens: 230719 terms, 3293 declarations
calendar date-time/structural: 235177 terms, 3378 declarations

thread 'ordinary_carriers::literal_tests::json_token_tests::calendar_tests::csharp_03_t06_w09_json_calendar_programs' (657081) panicked at crates/mpk-vc/tests/support/csharp_practical_ordinary_json_calendar_tests.rs:225:33:
date-time-decimal: combined generation Limit
note: run with `RUST_BACKTRACE=1` environment variable to display a backtrace
test ordinary_carriers::literal_tests::json_token_tests::calendar_tests::csharp_03_t06_w09_json_calendar_programs ... FAILED

failures:

failures:
    ordinary_carriers::literal_tests::json_token_tests::calendar_tests::csharp_03_t06_w09_json_calendar_programs

test result: FAILED. 0 passed; 1 failed; 0 ignored; 0 measured; 165 filtered out; finished in 89.45s

error: test failed, to rerun pass `-p mpk-vc --test csharp_practical_vc`
