RETAINED 44 NEW 28
PASS switch-positive-rust 0.179
PASS switch-positive-go 10.654
PASS switch-hash-rust 0.193
PASS switch-hash-go 10.842
PASS is_binding-positive-rust 0.149
PASS is_binding-positive-go 6.853
PASS is_binding-hash-rust 0.148
PASS is_binding-hash-go 6.954
PASS guard_order-positive-rust 2.467
PASS guard_order-positive-go 570.771
PASS guard_order-hash-rust 1.95
PASS guard_order-hash-go 572.608
PASS guard_throw-positive-rust 0.507
PASS guard_throw-positive-go 145.132
PASS guard_throw-hash-rust 0.697
PASS guard_throw-hash-go 146.266
PASS governing_throw-positive-rust 0.376
PASS governing_throw-positive-go 32.591
PASS governing_throw-hash-rust 0.33
PASS governing_throw-hash-go 31.342
PASS type-positive-rust 1.553
PASS type-positive-go 152.254
PASS type-hash-rust 1.407
PASS type-hash-go 149.894
PASS string_property-positive-rust 0.257
PASS string_property-positive-go 14.334
PASS string_property-hash-rust 0.301
PASS string_property-hash-go 14.482
COMPLETE 72
