     Locking 23 packages to latest compatible versions
      Adding generic-array v0.14.7 (available: v0.14.9)
   Compiling version_check v0.9.5
   Compiling typenum v1.20.1
   Compiling libc v0.2.189
   Compiling serde_core v1.0.229
   Compiling zmij v1.0.23
   Compiling cfg-if v1.0.4
   Compiling serde_json v1.0.151
   Compiling itoa v1.0.18
   Compiling memchr v2.8.3
   Compiling mpk-core v0.1.0 (/Users/kazuyoshitoshiya/mpk/crates/mpk-core)
   Compiling generic-array v0.14.7
   Compiling cpufeatures v0.2.17
   Compiling block-buffer v0.10.4
   Compiling crypto-common v0.1.7
   Compiling digest v0.10.7
   Compiling sha2 v0.10.9
   Compiling mpk-cert v0.1.0 (/Users/kazuyoshitoshiya/mpk/crates/mpk-cert)
   Compiling mpk-source-invariant-diagnostic v0.0.0 (/tmp/mpk-source-invariant-diagnostic)
    Finished `dev` profile [optimized] target(s) in 15.12s
