   Compiling version_check v0.9.5
   Compiling proc-macro2 v1.0.106
   Compiling typenum v1.20.1
   Compiling unicode-ident v1.0.24
   Compiling libc v0.2.186
   Compiling quote v1.0.46
   Compiling serde_core v1.0.228
   Compiling zmij v1.0.21
   Compiling serde_json v1.0.150
   Compiling cfg-if v1.0.4
   Compiling serde v1.0.228
   Compiling memchr v2.8.2
   Compiling generic-array v0.14.7
   Compiling mpk-core v0.1.0 (/Users/kazuyoshitoshiya/mpk/crates/mpk-core)
   Compiling itoa v1.0.18
   Compiling cpufeatures v0.2.17
   Compiling block-buffer v0.10.4
   Compiling crypto-common v0.1.7
   Compiling digest v0.10.7
   Compiling syn v2.0.118
   Compiling sha2 v0.10.9
   Compiling mpk-cert v0.1.0 (/Users/kazuyoshitoshiya/mpk/crates/mpk-cert)
   Compiling serde_derive v1.0.228
   Compiling mpk-vc v0.1.0 (/Users/kazuyoshitoshiya/mpk/crates/mpk-vc)
    Finished `test` profile [optimized] target(s) in 1m 39s
  Executable tests/csharp_practical_vc.rs (/tmp/mpk-w09-optimized-target/debug/deps/csharp_practical_vc-9eed0564ce83fca4)
