
running 1 test
test ordinary_carriers::projection_tests::binding_relation_tests::concrete_operation_tests::csharp_03_t06_w09_concrete_operations_real_values_and_guards ... concrete operation real value start binding-vc-money: mpk.csharp.instance.cb9225bd77630716243d687750efcb08868c0728f3d9d8d2b8dbcb7610fac95b.multiply
concrete operation real value passed binding-vc-money: mpk.csharp.instance.cb9225bd77630716243d687750efcb08868c0728f3d9d8d2b8dbcb7610fac95b.multiply
concrete operation real value start binding-vc-money: mpk.csharp.instance.cb9225bd77630716243d687750efcb08868c0728f3d9d8d2b8dbcb7610fac95b.divide
concrete operation real value passed binding-vc-money: mpk.csharp.instance.cb9225bd77630716243d687750efcb08868c0728f3d9d8d2b8dbcb7610fac95b.divide
concrete operation real values complete binding-vc-money
concrete operation real value start binding-vc-option: mpk.csharp.instance.9f7acdcf062807a2fd9542fe16184fa682ff33a6e64bd43974b14953447f7338.none
concrete operation real value passed binding-vc-option: mpk.csharp.instance.9f7acdcf062807a2fd9542fe16184fa682ff33a6e64bd43974b14953447f7338.none
concrete operation real value start binding-vc-option: mpk.csharp.instance.9f7acdcf062807a2fd9542fe16184fa682ff33a6e64bd43974b14953447f7338.value
concrete operation real value passed binding-vc-option: mpk.csharp.instance.9f7acdcf062807a2fd9542fe16184fa682ff33a6e64bd43974b14953447f7338.value
concrete operation real values complete binding-vc-option
concrete operation real value start binding-vc-transition: mpk.csharp.instance.720010bcf87f03772a036f777722e45b1930ec91c9f10be452202bf88ca2befb.make
concrete operation real value passed binding-vc-transition: mpk.csharp.instance.720010bcf87f03772a036f777722e45b1930ec91c9f10be452202bf88ca2befb.make
concrete operation real values complete binding-vc-transition
concrete operation real value start float-make-commutation: mpk.csharp.instance.dca4a21eb9e67a296f0124db40a107faeca8b1b67230881e79d5cc4d65f9acd1.make
concrete operation real value passed float-make-commutation: mpk.csharp.instance.dca4a21eb9e67a296f0124db40a107faeca8b1b67230881e79d5cc4d65f9acd1.make
concrete operation real values complete float-make-commutation
real operation values: 6 normal observations, 1 closed operations, 1 NaN observation, 5 rejected-input guards
ok

test result: ok. 1 passed; 0 failed; 0 ignored; 0 measured; 385 filtered out; finished in 6146.32s

