
running 1 test
test ordinary_carriers::public_domain_tests::contract_expression_tests::decimal_data_tests::csharp_03_t06_w09_decimal_data_memory_probe ... memory probe allocation layouts: [("Rc<Env>", 64), ("Rc<RefCell<LambdaMemo>>", 200), ("Rc<RefCell<Suspension>>", 64)]
memory probe phase=source context=add
memory probe phase=evaluate context=add operation=decimal.add case=0 role=success_relation wrong=false expected=true inputs=[DecimalBits { type_id: "mpk.csharp.value.decimal.v1", negative: false, scale: 0, coefficient: "1" }, DecimalBits { type_id: "mpk.csharp.value.decimal.v1", negative: false, scale: 0, coefficient: "2" }]
memory probe phase=evaluate-complete
ok

test result: ok. 1 passed; 0 failed; 0 ignored; 0 measured; 304 filtered out; finished in 127.57s

      127.58 real       126.62 user         0.25 sys
           262684672  maximum resident set size
                   0  average shared memory size
                   0  average unshared data size
                   0  average unshared stack size
               16251  page reclaims
                   0  page faults
                   0  swaps
                   0  block input operations
                   0  block output operations
                   0  messages sent
                   0  messages received
                   0  signals received
                   3  voluntary context switches
               29365  involuntary context switches
       1686256488993  instructions retired
        396730026041  cycles elapsed
           255066688  peak memory footprint
