
running 1 test
test ordinary_carriers::public_domain_tests::contract_expression_tests::decimal_data_tests::csharp_03_t06_w09_decimal_data_memory_probe ... memory probe allocation layouts: [("Rc<Env>", 64), ("Rc<RefCell<LambdaMemo>>", 200), ("Rc<RefCell<Suspension>>", 64)]
memory probe phase=source context=add
memory probe phase=evaluate context=add operation=decimal.conversion.int32_to_decimal case=0 role=success_relation wrong=false expected=true inputs=[Signed { type_id: "mpk.csharp.value.i32.v1", value: "0" }]
memory probe phase=evaluate-complete
ok

test result: ok. 1 passed; 0 failed; 0 ignored; 0 measured; 304 filtered out; finished in 0.05s

        0.05 real         0.04 user         0.00 sys
            27475968  maximum resident set size
                   0  average shared memory size
                   0  average unshared data size
                   0  average unshared stack size
                1884  page reclaims
                   0  page faults
                   0  swaps
                   0  block input operations
                   0  block output operations
                   0  messages sent
                   0  messages received
                   0  signals received
                   5  voluntary context switches
                  31  involuntary context switches
           725508724  instructions retired
           163108539  cycles elapsed
            19726768  peak memory footprint
