
running 1 test
test ordinary_carriers::public_domain_tests::contract_expression_tests::lifted_data_tests::csharp_03_t06_w09_lifted_data_original_source ... lifted runtime start: lifted.bool.not.unchecked
lifted case start: lifted.bool.not.unchecked [0,0]
lifted case completed: lifted.bool.not.unchecked [0,0] in 0.002s
lifted case start: lifted.bool.not.unchecked [1,0]
lifted case completed: lifted.bool.not.unchecked [1,0] in 0.003s
lifted case start: lifted.bool.not.unchecked [2,0]
lifted case completed: lifted.bool.not.unchecked [2,0] in 0.003s
lifted runtime completed: lifted.bool.not.unchecked in 0.009s
lifted runtime start: lifted.bool.and.unchecked
lifted case start: lifted.bool.and.unchecked [0,0]
lifted case completed: lifted.bool.and.unchecked [0,0] in 0.002s
lifted case start: lifted.bool.and.unchecked [0,1]
lifted case completed: lifted.bool.and.unchecked [0,1] in 0.003s
lifted case start: lifted.bool.and.unchecked [0,2]
lifted case completed: lifted.bool.and.unchecked [0,2] in 0.003s
lifted case start: lifted.bool.and.unchecked [1,0]
lifted case completed: lifted.bool.and.unchecked [1,0] in 0.003s
lifted case start: lifted.bool.and.unchecked [1,1]
lifted case completed: lifted.bool.and.unchecked [1,1] in 0.004s
lifted case start: lifted.bool.and.unchecked [1,2]
lifted case completed: lifted.bool.and.unchecked [1,2] in 0.004s
lifted case start: lifted.bool.and.unchecked [2,0]
lifted case completed: lifted.bool.and.unchecked [2,0] in 0.003s
lifted case start: lifted.bool.and.unchecked [2,1]
lifted case completed: lifted.bool.and.unchecked [2,1] in 0.003s
lifted case start: lifted.bool.and.unchecked [2,2]
lifted case completed: lifted.bool.and.unchecked [2,2] in 0.004s
lifted runtime completed: lifted.bool.and.unchecked in 0.029s
lifted runtime start: lifted.bool.or.unchecked
lifted case start: lifted.bool.or.unchecked [0,0]
lifted case completed: lifted.bool.or.unchecked [0,0] in 0.002s
lifted case start: lifted.bool.or.unchecked [0,1]
lifted case completed: lifted.bool.or.unchecked [0,1] in 0.003s
lifted case start: lifted.bool.or.unchecked [0,2]
lifted case completed: lifted.bool.or.unchecked [0,2] in 0.004s
lifted case start: lifted.bool.or.unchecked [1,0]
lifted case completed: lifted.bool.or.unchecked [1,0] in 0.003s
lifted case start: lifted.bool.or.unchecked [1,1]
lifted case completed: lifted.bool.or.unchecked [1,1] in 0.004s
lifted case start: lifted.bool.or.unchecked [1,2]
lifted case completed: lifted.bool.or.unchecked [1,2] in 0.003s
lifted case start: lifted.bool.or.unchecked [2,0]
lifted case completed: lifted.bool.or.unchecked [2,0] in 0.003s
lifted case start: lifted.bool.or.unchecked [2,1]
lifted case completed: lifted.bool.or.unchecked [2,1] in 0.004s
lifted case start: lifted.bool.or.unchecked [2,2]
lifted case completed: lifted.bool.or.unchecked [2,2] in 0.004s
lifted runtime completed: lifted.bool.or.unchecked in 0.029s
lifted runtime start: lifted.bool.equal.unchecked
lifted case start: lifted.bool.equal.unchecked [0,0]
lifted case completed: lifted.bool.equal.unchecked [0,0] in 0.000s
lifted case start: lifted.bool.equal.unchecked [0,1]
lifted case completed: lifted.bool.equal.unchecked [0,1] in 0.001s
lifted case start: lifted.bool.equal.unchecked [0,2]
lifted case completed: lifted.bool.equal.unchecked [0,2] in 0.001s
lifted case start: lifted.bool.equal.unchecked [1,0]
lifted case completed: lifted.bool.equal.unchecked [1,0] in 0.001s
lifted case start: lifted.bool.equal.unchecked [1,1]
lifted case completed: lifted.bool.equal.unchecked [1,1] in 0.001s
lifted case start: lifted.bool.equal.unchecked [1,2]
lifted case completed: lifted.bool.equal.unchecked [1,2] in 0.001s
lifted case start: lifted.bool.equal.unchecked [2,0]
lifted case completed: lifted.bool.equal.unchecked [2,0] in 0.001s
lifted case start: lifted.bool.equal.unchecked [2,1]
lifted case completed: lifted.bool.equal.unchecked [2,1] in 0.001s
lifted case start: lifted.bool.equal.unchecked [2,2]
lifted case completed: lifted.bool.equal.unchecked [2,2] in 0.001s
lifted runtime completed: lifted.bool.equal.unchecked in 0.007s
lifted runtime start: lifted.bool.not_equal.unchecked
lifted case start: lifted.bool.not_equal.unchecked [0,0]
lifted case completed: lifted.bool.not_equal.unchecked [0,0] in 0.000s
lifted case start: lifted.bool.not_equal.unchecked [0,1]
lifted case completed: lifted.bool.not_equal.unchecked [0,1] in 0.001s
lifted case start: lifted.bool.not_equal.unchecked [0,2]
lifted case completed: lifted.bool.not_equal.unchecked [0,2] in 0.001s
lifted case start: lifted.bool.not_equal.unchecked [1,0]
lifted case completed: lifted.bool.not_equal.unchecked [1,0] in 0.001s
lifted case start: lifted.bool.not_equal.unchecked [1,1]
lifted case completed: lifted.bool.not_equal.unchecked [1,1] in 0.001s
lifted case start: lifted.bool.not_equal.unchecked [1,2]
lifted case completed: lifted.bool.not_equal.unchecked [1,2] in 0.001s
lifted case start: lifted.bool.not_equal.unchecked [2,0]
lifted case completed: lifted.bool.not_equal.unchecked [2,0] in 0.001s
lifted case start: lifted.bool.not_equal.unchecked [2,1]
lifted case completed: lifted.bool.not_equal.unchecked [2,1] in 0.001s
lifted case start: lifted.bool.not_equal.unchecked [2,2]
lifted case completed: lifted.bool.not_equal.unchecked [2,2] in 0.001s
lifted runtime completed: lifted.bool.not_equal.unchecked in 0.007s
lifted data bool: 5 definitions, 5 SSA points, 78 observations
lifted data i32-checked: 13 definitions, 13 SSA points, 78 observations
lifted data i32-unchecked: 6 definitions, 6 SSA points, 78 observations
lifted data i64: 5 definitions, 5 SSA points, 78 observations
lifted data f32: 6 definitions, 6 SSA points, 78 observations
lifted data f64: 6 definitions, 6 SSA points, 78 observations
lifted data decimal: 6 definitions, 6 SSA points, 78 observations
ok

test result: ok. 1 passed; 0 failed; 0 ignored; 0 measured; 308 filtered out; finished in 2.97s

