
running 1 test
test ordinary_carriers::public_domain_tests::contract_expression_tests::lifted_data_tests::csharp_03_t06_w09_lifted_data_original_source ... lifted data bool: 5 definitions, 5 SSA points, 0 observations
lifted runtime start: lifted.i32.multiply.checked
lifted case start: lifted.i32.multiply.checked [4,3]
lifted case completed: lifted.i32.multiply.checked [4,3] in 4.010s
lifted runtime completed: lifted.i32.multiply.checked in 4.010s
lifted data i32-checked: 13 definitions, 13 SSA points, 2 observations
lifted data i32-unchecked: 6 definitions, 6 SSA points, 2 observations
lifted data i64: 5 definitions, 5 SSA points, 2 observations
lifted data f32: 6 definitions, 6 SSA points, 2 observations
lifted data f64: 6 definitions, 6 SSA points, 2 observations
lifted data decimal: 6 definitions, 6 SSA points, 2 observations
ok

test result: ok. 1 passed; 0 failed; 0 ignored; 0 measured; 308 filtered out; finished in 7.19s

        7.19 real         6.92 user         0.03 sys
            68403200  maximum resident set size
                   0  average shared memory size
                   0  average unshared data size
                   0  average unshared stack size
                4680  page reclaims
                   0  page faults
                   0  swaps
                   0  block input operations
                   0  block output operations
                   0  messages sent
                   0  messages received
                   0  signals received
                   0  voluntary context switches
                2811  involuntary context switches
         93502909445  instructions retired
         21502760431  cycles elapsed
            43188680  peak memory footprint
