    Finished `test` profile [unoptimized + debuginfo] target(s) in 0.04s
     Running tests/csharp_practical_vc.rs (target/debug/deps/csharp_practical_vc-dcf715cdb89904aa)

running 1 test
JSON semantic core 1: depth6, 256 packet probes, accepted true
JSON semantic core 2: depth6, 256 packet probes, accepted true
JSON semantic core 3: depth6, 256 packet probes, accepted false
JSON semantic core 4: depth6, 256 packet probes, accepted false
JSON semantic core 5: depth6, 256 packet probes, accepted false
test ordinary_carriers::literal_tests::json_token_tests::product_tests::semantic_tests::runtime::csharp_03_t06_w09_json_semantic_products_actual_core has been running for over 60 seconds
JSON semantic core 6: depth10, 2048 packet probes, accepted true
JSON semantic core 7: depth10, 2048 packet probes, accepted false
JSON semantic core 8: depth10, 2048 packet probes, accepted false
JSON semantic core 9: depth10, 2048 packet probes, accepted false
JSON semantic core 10: depth10, 2048 packet probes, accepted false
JSON semantic core 11: depth10, 2048 packet probes, accepted false
JSON semantic core 12: depth20, 3204 packet probes, accepted true
JSON semantic core 13: depth20, 3204 packet probes, accepted true
JSON semantic core 14: depth20, 3204 packet probes, accepted false
JSON semantic core 15: depth22, 3582 packet probes, accepted true
JSON semantic core 16: depth22, 3582 packet probes, accepted false
test ordinary_carriers::literal_tests::json_token_tests::product_tests::semantic_tests::runtime::csharp_03_t06_w09_json_semantic_products_actual_core ... ok

test result: ok. 1 passed; 0 failed; 0 ignored; 0 measured; 183 filtered out; finished in 669.67s

