=== RUN   TestCheckerAgreementWithRustCLISourceInvariants
=== RUN   TestCheckerAgreementWithRustCLISourceInvariants/binding-vc-boundary_field.hex
    checker_agreement_test.go:395: Go accepted: certificate=43665fbe5436dd2dcf499e2c78c8194232671996820a70baeb5d5beefec3cdc7 declarations=125 axioms=0 elapsed=805.899542ms
    checker_agreement_test.go:401: Rust accepted identical bytes and report: export=39297886e0224d471b92fe7cb7eb4bd99aa7abfef67f2a33f20c4a00e53a1e69 axiom_report=0ebc281c3a8d37e2d1a9ce033773e2865f96a13186a6364cb3446204c6a990d5 elapsed=2m37.35476575s
    checker_agreement_test.go:409: Go rejected changed hash: elapsed=335.514542ms
    checker_agreement_test.go:415: Rust rejected changed hash: elapsed=929.936ms
=== RUN   TestCheckerAgreementWithRustCLISourceInvariants/binding-vc-bounded_sequence.hex
    checker_agreement_test.go:395: Go accepted: certificate=c4967a846eccfcbe3d6913461ee54acaf81fd235e89abfdde5d9536636e3d794 declarations=104 axioms=0 elapsed=1.938504167s
    checker_agreement_test.go:401: Rust accepted identical bytes and report: export=9951c60c435c794c74b0532db00490a13a22a0e19a23cf998a856462af12f62c axiom_report=0ebc281c3a8d37e2d1a9ce033773e2865f96a13186a6364cb3446204c6a990d5 elapsed=1.180736333s
    checker_agreement_test.go:409: Go rejected changed hash: elapsed=2.19496325s
    checker_agreement_test.go:415: Rust rejected changed hash: elapsed=1.269164042s
=== RUN   TestCheckerAgreementWithRustCLISourceInvariants/binding-vc-instant.hex
    checker_agreement_test.go:395: Go accepted: certificate=27c15e46735b11d143f4858630a51dbfd77383ff6522e92623ec95fd299bedf0 declarations=53 axioms=0 elapsed=19.333125ms
    checker_agreement_test.go:401: Rust accepted identical bytes and report: export=180a815b0f8c0502e42cc5a190f68b440a4e61d2ff83cc8d38a3439c5c3f7b44 axiom_report=0ebc281c3a8d37e2d1a9ce033773e2865f96a13186a6364cb3446204c6a990d5 elapsed=853.502208ms
    checker_agreement_test.go:409: Go rejected changed hash: elapsed=13.7435ms
    checker_agreement_test.go:415: Rust rejected changed hash: elapsed=703.630333ms
=== RUN   TestCheckerAgreementWithRustCLISourceInvariants/binding-vc-lookup.hex
    checker_agreement_test.go:395: Go accepted: certificate=e386e1b600165fc954c7f22c9df6f0e2576aa6070f6ad333b3a16de71c614a2b declarations=115 axioms=0 elapsed=329.063583ms
    checker_agreement_test.go:401: Rust accepted identical bytes and report: export=2b2914dbbcf70916bec499030c6c31a799470afc7aa7f7e9d70af44d83edd499 axiom_report=0ebc281c3a8d37e2d1a9ce033773e2865f96a13186a6364cb3446204c6a990d5 elapsed=793.29325ms
    checker_agreement_test.go:409: Go rejected changed hash: elapsed=357.206292ms
    checker_agreement_test.go:415: Rust rejected changed hash: elapsed=782.736583ms
=== RUN   TestCheckerAgreementWithRustCLISourceInvariants/binding-vc-money.hex
    checker_agreement_test.go:395: Go accepted: certificate=262ac55dd01184b4b1236e70c1f54e9402743a2fd05e613d0b943d72cdb78046 declarations=126 axioms=0 elapsed=3.477353334s
    checker_agreement_test.go:401: Rust accepted identical bytes and report: export=90844218260e3b4b7e2b94325a5ffa0c67ab2a3f777c233a3ea7bbcc09069b15 axiom_report=0ebc281c3a8d37e2d1a9ce033773e2865f96a13186a6364cb3446204c6a990d5 elapsed=1.579463833s
    checker_agreement_test.go:409: Go rejected changed hash: elapsed=3.221413042s
    checker_agreement_test.go:415: Rust rejected changed hash: elapsed=1.12473025s
=== RUN   TestCheckerAgreementWithRustCLISourceInvariants/binding-vc-option.hex
    checker_agreement_test.go:395: Go accepted: certificate=7a38995173b3a57e6f7a550a4ceec5cdec7aa71ac6e591494f064eaa41db0fdb declarations=115 axioms=0 elapsed=290.754667ms
    checker_agreement_test.go:401: Rust accepted identical bytes and report: export=597fa25ce35571e55b4859fa610b5ccb67d04bc5cc77b2d61300aa6acf4dc905 axiom_report=0ebc281c3a8d37e2d1a9ce033773e2865f96a13186a6364cb3446204c6a990d5 elapsed=774.707625ms
    checker_agreement_test.go:409: Go rejected changed hash: elapsed=305.5435ms
    checker_agreement_test.go:415: Rust rejected changed hash: elapsed=860.949333ms
=== RUN   TestCheckerAgreementWithRustCLISourceInvariants/binding-vc-ordered_entry.hex
    checker_agreement_test.go:395: Go accepted: certificate=9f56ac29f9b58939f3e7bbd716434132324a293523379e7d3ad77dc79631fdb2 declarations=64 axioms=0 elapsed=18.345666ms
    checker_agreement_test.go:401: Rust accepted identical bytes and report: export=d1d6b882e4d497b8c8d6e8033bc1da419ab7c32422a9ecde45e9fd3a706e21b3 axiom_report=0ebc281c3a8d37e2d1a9ce033773e2865f96a13186a6364cb3446204c6a990d5 elapsed=681.692208ms
    checker_agreement_test.go:409: Go rejected changed hash: elapsed=16.671542ms
    checker_agreement_test.go:415: Rust rejected changed hash: elapsed=767.2145ms
=== RUN   TestCheckerAgreementWithRustCLISourceInvariants/binding-vc-ordered_map.hex
    checker_agreement_test.go:395: Go accepted: certificate=7c56781a539aa9a653bd0bbbc919b2e2a27e59ac645526af962e424e8575183b declarations=222 axioms=0 elapsed=2.447436375s
    checker_agreement_test.go:401: Rust accepted identical bytes and report: export=8ae0f0d52714ff0d8859034cac549009c5e298d0a76570fd4899c013c91111ca axiom_report=0ebc281c3a8d37e2d1a9ce033773e2865f96a13186a6364cb3446204c6a990d5 elapsed=1.273776625s
    checker_agreement_test.go:409: Go rejected changed hash: elapsed=2.432129542s
    checker_agreement_test.go:415: Rust rejected changed hash: elapsed=1.210528375s
=== RUN   TestCheckerAgreementWithRustCLISourceInvariants/binding-vc-ordered_set.hex
    checker_agreement_test.go:395: Go accepted: certificate=7028956a3260a542afdb2ae9099ca30a8862079fe502d8976650e2b85ebdf686 declarations=142 axioms=0 elapsed=2.129528167s
    checker_agreement_test.go:401: Rust accepted identical bytes and report: export=9a585cd0fed7bbd3b308b43f1f723f7181e74c2d4bcb1924397e582a1bbfc9ef axiom_report=0ebc281c3a8d37e2d1a9ce033773e2865f96a13186a6364cb3446204c6a990d5 elapsed=1.175051s
    checker_agreement_test.go:409: Go rejected changed hash: elapsed=2.149990459s
    checker_agreement_test.go:415: Rust rejected changed hash: elapsed=1.188663833s
=== RUN   TestCheckerAgreementWithRustCLISourceInvariants/binding-vc-result.hex
    checker_agreement_test.go:395: Go accepted: certificate=f8d6960917acf62fdf2ee09d620e051c92aaa726a4367fa6eebf7dee885d2bb5 declarations=116 axioms=0 elapsed=295.092417ms
    checker_agreement_test.go:401: Rust accepted identical bytes and report: export=731c90e29a16ad8573c13f0ee4dbeada54da44a5558dec4e761bdc36ca36c481 axiom_report=0ebc281c3a8d37e2d1a9ce033773e2865f96a13186a6364cb3446204c6a990d5 elapsed=866.019084ms
    checker_agreement_test.go:409: Go rejected changed hash: elapsed=563.915167ms
    checker_agreement_test.go:415: Rust rejected changed hash: elapsed=866.331833ms
=== RUN   TestCheckerAgreementWithRustCLISourceInvariants/binding-vc-transition.hex
    checker_agreement_test.go:395: Go accepted: certificate=5f66edb0126d6c8e80d230a8a3e704ce0bb1286c22a29452e9d01036306c0f5c declarations=127 axioms=0 elapsed=2.464464375s
    checker_agreement_test.go:401: Rust accepted identical bytes and report: export=a27b22862bc72ff54cae70f57156bee84d712042dce874ca583a126d71cc9470 axiom_report=0ebc281c3a8d37e2d1a9ce033773e2865f96a13186a6364cb3446204c6a990d5 elapsed=1.393950375s
    checker_agreement_test.go:409: Go rejected changed hash: elapsed=2.537518667s
    checker_agreement_test.go:415: Rust rejected changed hash: elapsed=1.228601917s
=== RUN   TestCheckerAgreementWithRustCLISourceInvariants/binding-vc-validation.hex
    checker_agreement_test.go:395: Go accepted: certificate=a7bf9c323d7f0e7ef10d94b7e04d47f5a62098a5fb57045ce76395ec92bbb195 declarations=170 axioms=0 elapsed=2.771611459s
    checker_agreement_test.go:401: Rust accepted identical bytes and report: export=4f36ed7827b77397646078888a146a63135373e45823be086f773d0c5a3c2d04 axiom_report=0ebc281c3a8d37e2d1a9ce033773e2865f96a13186a6364cb3446204c6a990d5 elapsed=1.2890485s
    checker_agreement_test.go:409: Go rejected changed hash: elapsed=2.404689583s
    checker_agreement_test.go:415: Rust rejected changed hash: elapsed=1.338682208s
=== RUN   TestCheckerAgreementWithRustCLISourceInvariants/bool-construction.hex
    checker_agreement_test.go:395: Go accepted: certificate=32ebac1b96285366a1699339551a64daf4ef6dc09d4a10e5c3507248a9e03568 declarations=165 axioms=0 elapsed=2.068304958s
    checker_agreement_test.go:401: Rust accepted identical bytes and report: export=a8cbeeae6fe5be1e3e1ba2eac6f555958d61780ae4f9a802846a0b4bdc143f6e axiom_report=0ebc281c3a8d37e2d1a9ce033773e2865f96a13186a6364cb3446204c6a990d5 elapsed=1.230235917s
    checker_agreement_test.go:409: Go rejected changed hash: elapsed=2.165673792s
    checker_agreement_test.go:415: Rust rejected changed hash: elapsed=1.298276916s
=== RUN   TestCheckerAgreementWithRustCLISourceInvariants/bool-float-entry.hex
    checker_agreement_test.go:395: Go accepted: certificate=b4902fdeb123a5eb2e228d79a5714ee78af6a51f4b6371c0f9d12c0cf1cebc84 declarations=69 axioms=0 elapsed=29.140708ms
    checker_agreement_test.go:401: Rust accepted identical bytes and report: export=be175bd4a5f690a8ad89b235c8301baaa7f0734149cd27df1794c4c1a65dcd54 axiom_report=0ebc281c3a8d37e2d1a9ce033773e2865f96a13186a6364cb3446204c6a990d5 elapsed=786.955417ms
    checker_agreement_test.go:409: Go rejected changed hash: elapsed=21.093ms
    checker_agreement_test.go:415: Rust rejected changed hash: elapsed=829.029792ms
=== RUN   TestCheckerAgreementWithRustCLISourceInvariants/boundary-exception-empty.hex
    checker_agreement_test.go:395: Go accepted: certificate=6ec3e0824ea18824bf6b8adc24362205eae0ccdb53887219b38f48340cb4e289 declarations=129 axioms=0 elapsed=381.229375ms
    checker_agreement_test.go:401: Rust accepted identical bytes and report: export=572fd0bcafc7c668d2f1510e5e90377023773a2393bcfeac3ec84718506d6c56 axiom_report=0ebc281c3a8d37e2d1a9ce033773e2865f96a13186a6364cb3446204c6a990d5 elapsed=963.179167ms
    checker_agreement_test.go:409: Go rejected changed hash: elapsed=379.585042ms
    checker_agreement_test.go:415: Rust rejected changed hash: elapsed=912.461209ms
=== RUN   TestCheckerAgreementWithRustCLISourceInvariants/boundary-exception-payload.hex
    checker_agreement_test.go:395: Go accepted: certificate=6b561d5bc0e4ccea4dbdfc8473d8ca925676710dc570bea6cf20f891d6cc5ed2 declarations=151 axioms=0 elapsed=379.220667ms
    checker_agreement_test.go:401: Rust accepted identical bytes and report: export=ee9bc0694af496ef8d6cd08c3425945965ff4520ec9d7cf83c32555690e2b59f axiom_report=0ebc281c3a8d37e2d1a9ce033773e2865f96a13186a6364cb3446204c6a990d5 elapsed=894.285125ms
    checker_agreement_test.go:409: Go rejected changed hash: elapsed=319.0195ms
    checker_agreement_test.go:415: Rust rejected changed hash: elapsed=971.617209ms
=== RUN   TestCheckerAgreementWithRustCLISourceInvariants/boundary-map-compound.hex
    checker_agreement_test.go:395: Go accepted: certificate=ff18140939cb3b76ca1725f0193d71c4679047ced4d981c4612224adbae54a48 declarations=304 axioms=0 elapsed=6.031650333s
    checker_agreement_test.go:401: Rust accepted identical bytes and report: export=0d825a8e4789cded74f15ba74d2b3bd8c5501ac204149f5f8456ee1307a97df2 axiom_report=0ebc281c3a8d37e2d1a9ce033773e2865f96a13186a6364cb3446204c6a990d5 elapsed=1.456024125s
    checker_agreement_test.go:409: Go rejected changed hash: elapsed=9.073831541s
    checker_agreement_test.go:415: Rust rejected changed hash: elapsed=1.921227042s
=== RUN   TestCheckerAgreementWithRustCLISourceInvariants/boundary-map-decimal.hex
    checker_agreement_test.go:395: Go accepted: certificate=29bea689bfa413c244198f3cd501493196d87b52943771c6674ae6706a05ace4 declarations=529 axioms=0 elapsed=32.126479917s
    checker_agreement_test.go:401: Rust accepted identical bytes and report: export=0cdcce5ebc7a50116cd2b9724d4c4c48dc6496d36f04bde8edb44ca6bdd66b6c axiom_report=0ebc281c3a8d37e2d1a9ce033773e2865f96a13186a6364cb3446204c6a990d5 elapsed=3.531351166s
    checker_agreement_test.go:409: Go rejected changed hash: elapsed=32.622739458s
    checker_agreement_test.go:415: Rust rejected changed hash: elapsed=3.074638042s
=== RUN   TestCheckerAgreementWithRustCLISourceInvariants/boundary-map-string.hex
    checker_agreement_test.go:395: Go accepted: certificate=bbe656b618c134c38842a23724802cf947403f2450f93f32c11e6cbdd3b67562 declarations=266 axioms=0 elapsed=4.571343708s
    checker_agreement_test.go:401: Rust accepted identical bytes and report: export=026e17388e3b42954dcc25f31d0fca4b650575a65cd8c787ca9ca495b19e510f axiom_report=0ebc281c3a8d37e2d1a9ce033773e2865f96a13186a6364cb3446204c6a990d5 elapsed=1.363845292s
    checker_agreement_test.go:409: Go rejected changed hash: elapsed=4.561425083s
    checker_agreement_test.go:415: Rust rejected changed hash: elapsed=1.624407667s
=== RUN   TestCheckerAgreementWithRustCLISourceInvariants/boundary-set-decimal.hex
    checker_agreement_test.go:395: Go accepted: certificate=31cda7a0c556daaecafeeff0f9986b7968ae42daaebb8403c1e86592cbb3d723 declarations=445 axioms=0 elapsed=29.740455166s
    checker_agreement_test.go:401: Rust accepted identical bytes and report: export=e5f73b7a1d71f2adf0deac99983faa5daeef15d400ac7fea2f93160ba7b8c119 axiom_report=0ebc281c3a8d37e2d1a9ce033773e2865f96a13186a6364cb3446204c6a990d5 elapsed=1m53.818448208s
    checker_agreement_test.go:409: Go rejected changed hash: elapsed=29.878235s
    checker_agreement_test.go:415: Rust rejected changed hash: elapsed=2.974667916s
=== RUN   TestCheckerAgreementWithRustCLISourceInvariants/boundary-total-cells.hex
    checker_agreement_test.go:395: Go accepted: certificate=2b7e5a108cc0616f8e0a50a807ce08ac09286198e878a78b5b5e9fda07f73f99 declarations=210 axioms=0 elapsed=5.256814375s
    checker_agreement_test.go:401: Rust accepted identical bytes and report: export=bb4593bf1e7b6600abe6ec01fd51af3f3d98bc73727f2bfa10cfc53adde8df37 axiom_report=0ebc281c3a8d37e2d1a9ce033773e2865f96a13186a6364cb3446204c6a990d5 elapsed=1.202413875s
    checker_agreement_test.go:409: Go rejected changed hash: elapsed=4.885033875s
    checker_agreement_test.go:415: Rust rejected changed hash: elapsed=1.196129459s
=== RUN   TestCheckerAgreementWithRustCLISourceInvariants/complete-snapshot.hex
    checker_agreement_test.go:395: Go accepted: certificate=d6c127c9fb936e22d63341ae9b73a2140e2ff628a6464fb73a10a7aab07c6ded declarations=186 axioms=0 elapsed=5.953193s
    checker_agreement_test.go:401: Rust accepted identical bytes and report: export=d560c27dcee54df08effce149741fd8ed802fa998d26b3e1b1905648a88f6f0b axiom_report=0ebc281c3a8d37e2d1a9ce033773e2865f96a13186a6364cb3446204c6a990d5 elapsed=1.283445042s
    checker_agreement_test.go:409: Go rejected changed hash: elapsed=5.750088125s
    checker_agreement_test.go:415: Rust rejected changed hash: elapsed=1.24256725s
=== RUN   TestCheckerAgreementWithRustCLISourceInvariants/conditional-clauses-nested-public-clauses.hex
    checker_agreement_test.go:395: Go accepted: certificate=c7fa73617111de6a0e300020ef2dd0c95bd56a8e5d2c795be4b493c2ee09d76a declarations=196 axioms=0 elapsed=6.296574625s
    checker_agreement_test.go:401: Rust accepted identical bytes and report: export=fd89a379e2f8a3fb721b7c9c2bf73ff3f9436b20e6e64c3c3216c181783be686 axiom_report=0ebc281c3a8d37e2d1a9ce033773e2865f96a13186a6364cb3446204c6a990d5 elapsed=1.272566708s
    checker_agreement_test.go:409: Go rejected changed hash: elapsed=6.024601083s
    checker_agreement_test.go:415: Rust rejected changed hash: elapsed=1.19745275s
=== RUN   TestCheckerAgreementWithRustCLISourceInvariants/construction-vc-broken_constructor.hex
    checker_agreement_test.go:395: Go accepted: certificate=c511a39cc743eb737e28a2c4b8c00fdf36321b9f14d54f0b8e6672ea384f6473 declarations=146 axioms=0 elapsed=237.543542ms
    checker_agreement_test.go:401: Rust accepted identical bytes and report: export=609d7efbb716aca1b8015899554ae02bc5fb277ea31a4b0317950ebedb1e1ea2 axiom_report=0ebc281c3a8d37e2d1a9ce033773e2865f96a13186a6364cb3446204c6a990d5 elapsed=866.320417ms
    checker_agreement_test.go:409: Go rejected changed hash: elapsed=239.732375ms
    checker_agreement_test.go:415: Rust rejected changed hash: elapsed=808.713833ms
=== RUN   TestCheckerAgreementWithRustCLISourceInvariants/construction-vc-broken_default.hex
    checker_agreement_test.go:395: Go accepted: certificate=3f6dc4f2710ab54ac948f5aefd2ae2b89cdca177a4af2dc5e1cbd044c06b1a9b declarations=73 axioms=0 elapsed=56.676667ms
    checker_agreement_test.go:401: Rust accepted identical bytes and report: export=a090a87be23fad7741c887acf3685afbc5dc0883136be9811d3d405b7c3d7dfe axiom_report=0ebc281c3a8d37e2d1a9ce033773e2865f96a13186a6364cb3446204c6a990d5 elapsed=747.511458ms
    checker_agreement_test.go:409: Go rejected changed hash: elapsed=55.783834ms
    checker_agreement_test.go:415: Rust rejected changed hash: elapsed=723.31525ms
=== RUN   TestCheckerAgreementWithRustCLISourceInvariants/construction-vc-broken_initializer.hex
    checker_agreement_test.go:395: Go accepted: certificate=ca5c5634d2c392c57a54f97035af2805935187315fd1eba92dffc0c8a6477b47 declarations=228 axioms=0 elapsed=2.740501541s
    checker_agreement_test.go:401: Rust accepted identical bytes and report: export=9adc62a08ecfccf8b322b1934031a9601accb0bef793c3f8fd29c81d0cac5e65 axiom_report=0ebc281c3a8d37e2d1a9ce033773e2865f96a13186a6364cb3446204c6a990d5 elapsed=1.450051291s
    checker_agreement_test.go:409: Go rejected changed hash: elapsed=2.841475666s
    checker_agreement_test.go:415: Rust rejected changed hash: elapsed=1.226018417s
=== RUN   TestCheckerAgreementWithRustCLISourceInvariants/construction-vc-enum_zero.hex
    checker_agreement_test.go:395: Go accepted: certificate=3430d20f141cbbbca60003e1903599117eecaa1e51268ffd1057dc0a8c33abfa declarations=51 axioms=0 elapsed=23.740333ms
    checker_agreement_test.go:401: Rust accepted identical bytes and report: export=db3b1ba2574ffa52c8310cb4d0e972137edfad7ce35018e39d00ed7aaff308ef axiom_report=0ebc281c3a8d37e2d1a9ce033773e2865f96a13186a6364cb3446204c6a990d5 elapsed=707.861125ms
    checker_agreement_test.go:409: Go rejected changed hash: elapsed=19.662833ms
    checker_agreement_test.go:415: Rust rejected changed hash: elapsed=704.675792ms
=== RUN   TestCheckerAgreementWithRustCLISourceInvariants/construction-vc-positive_constructor.hex
    checker_agreement_test.go:395: Go accepted: certificate=3f6dc4f2710ab54ac948f5aefd2ae2b89cdca177a4af2dc5e1cbd044c06b1a9b declarations=73 axioms=0 elapsed=63.339625ms
    checker_agreement_test.go:401: Rust accepted identical bytes and report: export=a090a87be23fad7741c887acf3685afbc5dc0883136be9811d3d405b7c3d7dfe axiom_report=0ebc281c3a8d37e2d1a9ce033773e2865f96a13186a6364cb3446204c6a990d5 elapsed=795.655666ms
    checker_agreement_test.go:409: Go rejected changed hash: elapsed=51.323792ms
    checker_agreement_test.go:415: Rust rejected changed hash: elapsed=779.010833ms
=== RUN   TestCheckerAgreementWithRustCLISourceInvariants/construction-vc-positive_default.hex
    checker_agreement_test.go:395: Go accepted: certificate=2f46cfe32a81d0a87622e523cbb51b54bb2e0c4e365e41bdef7dda132be731f4 declarations=73 axioms=0 elapsed=61.743458ms
    checker_agreement_test.go:401: Rust accepted identical bytes and report: export=9d8bc7adf9b557a54424192970055cb9bc60a41ac65036cc3ee9eb94b0aa6382 axiom_report=0ebc281c3a8d37e2d1a9ce033773e2865f96a13186a6364cb3446204c6a990d5 elapsed=749.666583ms
    checker_agreement_test.go:409: Go rejected changed hash: elapsed=59.900792ms
    checker_agreement_test.go:415: Rust rejected changed hash: elapsed=800.297375ms
=== RUN   TestCheckerAgreementWithRustCLISourceInvariants/construction-vc-positive_initializer.hex
    checker_agreement_test.go:395: Go accepted: certificate=ca5c5634d2c392c57a54f97035af2805935187315fd1eba92dffc0c8a6477b47 declarations=228 axioms=0 elapsed=2.692566792s
    checker_agreement_test.go:401: Rust accepted identical bytes and report: export=9adc62a08ecfccf8b322b1934031a9601accb0bef793c3f8fd29c81d0cac5e65 axiom_report=0ebc281c3a8d37e2d1a9ce033773e2865f96a13186a6364cb3446204c6a990d5 elapsed=1.3387355s
    checker_agreement_test.go:409: Go rejected changed hash: elapsed=2.512828083s
    checker_agreement_test.go:415: Rust rejected changed hash: elapsed=1.119029208s
=== RUN   TestCheckerAgreementWithRustCLISourceInvariants/date.hex
    checker_agreement_test.go:395: Go accepted: certificate=4c786e33d5752abdfa3f358a6f2df58aa899a4cc0d81e66e57957f9a565e6339 declarations=43 axioms=0 elapsed=16.232125ms
    checker_agreement_test.go:401: Rust accepted identical bytes and report: export=f89918d3427645c0fc66568cf6fdeea78e5b86d89c2b039f57b3e5c100b69832 axiom_report=0ebc281c3a8d37e2d1a9ce033773e2865f96a13186a6364cb3446204c6a990d5 elapsed=640.233709ms
    checker_agreement_test.go:409: Go rejected changed hash: elapsed=17.926125ms
    checker_agreement_test.go:415: Rust rejected changed hash: elapsed=635.426416ms
=== RUN   TestCheckerAgreementWithRustCLISourceInvariants/enum-construction.hex
    checker_agreement_test.go:395: Go accepted: certificate=66c275240e63c71798367cef4ff01c6ef05badbaf48b98cb858834c86580fbec declarations=178 axioms=0 elapsed=2.051183s
    checker_agreement_test.go:401: Rust accepted identical bytes and report: export=20be3f4073cda71c768085c98286bb0239d9df0aeb7eac0f2bb71152d254cb35 axiom_report=0ebc281c3a8d37e2d1a9ce033773e2865f96a13186a6364cb3446204c6a990d5 elapsed=1.217355625s
    checker_agreement_test.go:409: Go rejected changed hash: elapsed=2.210686083s
    checker_agreement_test.go:415: Rust rejected changed hash: elapsed=1.083672s
=== RUN   TestCheckerAgreementWithRustCLISourceInvariants/exception-vc-allowed.hex
    checker_agreement_test.go:395: Go accepted: certificate=d7e34fc439b79ae7c2e647e6a4a5d60e67080629a92aef31ab3a2c3c8c96a973 declarations=120 axioms=0 elapsed=281.121834ms
    checker_agreement_test.go:401: Rust accepted identical bytes and report: export=108d3db4baf24e5f679eb6d27a2c8d4d705773aeaa7e2f7aa72cb5b5e5c8a2b0 axiom_report=0ebc281c3a8d37e2d1a9ce033773e2865f96a13186a6364cb3446204c6a990d5 elapsed=726.809ms
    checker_agreement_test.go:409: Go rejected changed hash: elapsed=317.668666ms
    checker_agreement_test.go:415: Rust rejected changed hash: elapsed=745.345167ms
=== RUN   TestCheckerAgreementWithRustCLISourceInvariants/extra-bool-float-map.hex
    checker_agreement_test.go:395: Go accepted: certificate=0c86af5266d114da938cc3e135f23a58b265e2b1c989b79a48ae5248fe767d53 declarations=205 axioms=0 elapsed=4.47216225s
    checker_agreement_test.go:401: Rust accepted identical bytes and report: export=69e312fb1df6181465e9e04d9ff1a74cb86477131efd29e91292c65121435864 axiom_report=0ebc281c3a8d37e2d1a9ce033773e2865f96a13186a6364cb3446204c6a990d5 elapsed=1.075015917s
    checker_agreement_test.go:409: Go rejected changed hash: elapsed=4.250950416s
    checker_agreement_test.go:415: Rust rejected changed hash: elapsed=1.003630292s
=== RUN   TestCheckerAgreementWithRustCLISourceInvariants/extra-bool-nullable-map.hex
    checker_agreement_test.go:395: Go accepted: certificate=f023d3e9b9b11457bbff77065d3a2cd80a70e9c257323a224718dd40e04361d6 declarations=217 axioms=0 elapsed=4.470434458s
    checker_agreement_test.go:401: Rust accepted identical bytes and report: export=b8db2a00b63f6c967b6696a5f009ad418df7410df699ba9a0db0d06af82a4c52 axiom_report=0ebc281c3a8d37e2d1a9ce033773e2865f96a13186a6364cb3446204c6a990d5 elapsed=1.048634334s
    checker_agreement_test.go:409: Go rejected changed hash: elapsed=4.593262083s
    checker_agreement_test.go:415: Rust rejected changed hash: elapsed=1.070339416s
=== RUN   TestCheckerAgreementWithRustCLISourceInvariants/extra-lookup-nullable.hex
    checker_agreement_test.go:395: Go accepted: certificate=9f169d58dcdfceec0f70426688814a8e2affa815ab94b76f89d0f86d7d2aa164 declarations=132 axioms=0 elapsed=294.14875ms
    checker_agreement_test.go:401: Rust accepted identical bytes and report: export=84c3422112e2bf9efa24872704053367da9e699f303a48120dc7ef3c40dae83e axiom_report=0ebc281c3a8d37e2d1a9ce033773e2865f96a13186a6364cb3446204c6a990d5 elapsed=764.766583ms
    checker_agreement_test.go:409: Go rejected changed hash: elapsed=290.39275ms
    checker_agreement_test.go:415: Rust rejected changed hash: elapsed=740.780459ms
=== RUN   TestCheckerAgreementWithRustCLISourceInvariants/extra-shared-lookup-maps.hex
    checker_agreement_test.go:395: Go accepted: certificate=f370b9a1aaa739603468026f010515f447b7df1f592704f5e5f40f7ba0c2d1a0 declarations=296 axioms=0 elapsed=2.38102675s
    checker_agreement_test.go:401: Rust accepted identical bytes and report: export=8b0694401157df524bfdb78c2892a29260ab5e786a902cf8ff4f2633da3c7ddc axiom_report=0ebc281c3a8d37e2d1a9ce033773e2865f96a13186a6364cb3446204c6a990d5 elapsed=1.203191333s
    checker_agreement_test.go:409: Go rejected changed hash: elapsed=2.458167375s
    checker_agreement_test.go:415: Rust rejected changed hash: elapsed=1.21853525s
=== RUN   TestCheckerAgreementWithRustCLISourceInvariants/extra-validation-bool.hex
    checker_agreement_test.go:395: Go accepted: certificate=4a3863452cd592e589582dc7365980438bdcb130ed8367e0c3eef5fda30581ae declarations=170 axioms=0 elapsed=1.992971667s
    checker_agreement_test.go:401: Rust accepted identical bytes and report: export=7e4c2cdae5d852e97c972f6668f763ee102d1a1c746c85a2c5b0c61b45979844 axiom_report=0ebc281c3a8d37e2d1a9ce033773e2865f96a13186a6364cb3446204c6a990d5 elapsed=1.006846792s
    checker_agreement_test.go:409: Go rejected changed hash: elapsed=1.937385833s
    checker_agreement_test.go:415: Rust rejected changed hash: elapsed=1.024305s
=== RUN   TestCheckerAgreementWithRustCLISourceInvariants/extra-validation-product.hex
    checker_agreement_test.go:395: Go accepted: certificate=0fd0f3307754e366c22ce025bc4d05e572ce2a31c1c73d9962ceaf267d09eac6 declarations=187 axioms=0 elapsed=2.248923042s
    checker_agreement_test.go:401: Rust accepted identical bytes and report: export=f0090d08f0ad94016fedb4538ead9ac7857307e0a5c4631536af711b2498cca9 axiom_report=0ebc281c3a8d37e2d1a9ce033773e2865f96a13186a6364cb3446204c6a990d5 elapsed=1.100635459s
    checker_agreement_test.go:409: Go rejected changed hash: elapsed=2.191513s
    checker_agreement_test.go:415: Rust rejected changed hash: elapsed=1.1100565s
=== RUN   TestCheckerAgreementWithRustCLISourceInvariants/float-make-commutation.hex
    checker_agreement_test.go:395: Go accepted: certificate=70e1d60d7747643c62cd35a9077ad0241498ea3729d2269a90bfa4c54a19ba1c declarations=69 axioms=0 elapsed=18.356333ms
    checker_agreement_test.go:401: Rust accepted identical bytes and report: export=c4c74f3e8151ea2f0ae3aa848f061b0806646892f12293294425328b4774f899 axiom_report=0ebc281c3a8d37e2d1a9ce033773e2865f96a13186a6364cb3446204c6a990d5 elapsed=710.451042ms
    checker_agreement_test.go:409: Go rejected changed hash: elapsed=25.138ms
    checker_agreement_test.go:415: Rust rejected changed hash: elapsed=683.943084ms
=== RUN   TestCheckerAgreementWithRustCLISourceInvariants/float-sequence.hex
    checker_agreement_test.go:395: Go accepted: certificate=6e7bafffef4912801187987f6ba271980b1eb5510b519b3d5879013e2c31141e declarations=175 axioms=0 elapsed=2.194716s
    checker_agreement_test.go:401: Rust accepted identical bytes and report: export=54b5dfec253b295b3a6192c04256f5154b16f70a32c056e585195fbeed11c7e6 axiom_report=0ebc281c3a8d37e2d1a9ce033773e2865f96a13186a6364cb3446204c6a990d5 elapsed=1.297844709s
    checker_agreement_test.go:409: Go rejected changed hash: elapsed=2.152044333s
    checker_agreement_test.go:415: Rust rejected changed hash: elapsed=1.208475291s
=== RUN   TestCheckerAgreementWithRustCLISourceInvariants/floats.hex
    checker_agreement_test.go:395: Go accepted: certificate=28a8ed82a40d192c222641700b448a8dd5d32adb917f922f35f9244972a069a5 declarations=53 axioms=0 elapsed=16.363ms
    checker_agreement_test.go:401: Rust accepted identical bytes and report: export=588bd8a15048440f771999046944c346cfd9eac8c46e1a61fd4d140ae47034eb axiom_report=0ebc281c3a8d37e2d1a9ce033773e2865f96a13186a6364cb3446204c6a990d5 elapsed=664.932416ms
    checker_agreement_test.go:409: Go rejected changed hash: elapsed=23.060667ms
    checker_agreement_test.go:415: Rust rejected changed hash: elapsed=653.820459ms
=== RUN   TestCheckerAgreementWithRustCLISourceInvariants/guid.hex
    checker_agreement_test.go:395: Go accepted: certificate=aa33f9c0b8e72308a84c9bd7b92a79c4a613a1a5a8eea53ce4812a42379abefb declarations=43 axioms=0 elapsed=13.396541ms
    checker_agreement_test.go:401: Rust accepted identical bytes and report: export=faa96cb3e574c00b2fe6f7368e34951e8c8fc7d175f05c4ef4f8905d3903e8d1 axiom_report=0ebc281c3a8d37e2d1a9ce033773e2865f96a13186a6364cb3446204c6a990d5 elapsed=671.429ms
    checker_agreement_test.go:409: Go rejected changed hash: elapsed=17.528084ms
    checker_agreement_test.go:415: Rust rejected changed hash: elapsed=660.750292ms
=== RUN   TestCheckerAgreementWithRustCLISourceInvariants/nested-box.hex
    checker_agreement_test.go:395: Go accepted: certificate=7d8e1a223d2502e329249731b5abde437837662b401bcfcda70e38332b955530 declarations=209 axioms=0 elapsed=2.235400291s
    checker_agreement_test.go:401: Rust accepted identical bytes and report: export=07c999529dd26921a6683444aa60e5aaf4ba5a90204291b0be73a5baaac82b83 axiom_report=0ebc281c3a8d37e2d1a9ce033773e2865f96a13186a6364cb3446204c6a990d5 elapsed=1.233151917s
    checker_agreement_test.go:409: Go rejected changed hash: elapsed=2.773424042s
    checker_agreement_test.go:415: Rust rejected changed hash: elapsed=1.4309815s
=== RUN   TestCheckerAgreementWithRustCLISourceInvariants/nullable-float.hex
    checker_agreement_test.go:395: Go accepted: certificate=89c9ebfd3fafda37a35fafe37803698f7135cc8bcbc33a2c7daa36b39f49a6e4 declarations=94 axioms=0 elapsed=335.078917ms
    checker_agreement_test.go:401: Rust accepted identical bytes and report: export=ba98888c6f300e84da4d43a6fa219392d4ee770b84cdb4ffbd569646505b8bfc axiom_report=0ebc281c3a8d37e2d1a9ce033773e2865f96a13186a6364cb3446204c6a990d5 elapsed=840.301917ms
    checker_agreement_test.go:409: Go rejected changed hash: elapsed=284.146292ms
    checker_agreement_test.go:415: Rust rejected changed hash: elapsed=1.013482041s
=== RUN   TestCheckerAgreementWithRustCLISourceInvariants/nullable-string-default.hex
    checker_agreement_test.go:395: Go accepted: certificate=6b5135e34f7adf363f5b03f80fe28a82cb4f7941a366e8f3a0d9a7c67bf79ecc declarations=243 axioms=0 elapsed=3.876009208s
    checker_agreement_test.go:401: Rust accepted identical bytes and report: export=171df9765a8b1c51e08af7e96bde86a47ce89316641d1fa1dedbc25f65eb6187 axiom_report=0ebc281c3a8d37e2d1a9ce033773e2865f96a13186a6364cb3446204c6a990d5 elapsed=1.208948792s
    checker_agreement_test.go:409: Go rejected changed hash: elapsed=3.403246458s
    checker_agreement_test.go:415: Rust rejected changed hash: elapsed=1.24406825s
=== RUN   TestCheckerAgreementWithRustCLISourceInvariants/parse-error-contract.hex
    checker_agreement_test.go:395: Go accepted: certificate=7024d38a23e8f9e70ea9ac60ea19298aa2ab2968d03470f7b0b7ff75fe2de25e declarations=78 axioms=0 elapsed=46.817792ms
    checker_agreement_test.go:401: Rust accepted identical bytes and report: export=c55ce4b9e872c9d92fdafb9c8ef8fc952bfe7ee43cde716a73d6e8e8276a6e0d axiom_report=0ebc281c3a8d37e2d1a9ce033773e2865f96a13186a6364cb3446204c6a990d5 elapsed=706.525375ms
    checker_agreement_test.go:409: Go rejected changed hash: elapsed=49.281542ms
    checker_agreement_test.go:415: Rust rejected changed hash: elapsed=826.777625ms
=== RUN   TestCheckerAgreementWithRustCLISourceInvariants/product-construction.hex
    checker_agreement_test.go:395: Go accepted: certificate=1c838cc583764536e38ce9206cd1d33fe82b4e3807dd7f165652bf08f3e6ff85 declarations=182 axioms=0 elapsed=2.435525667s
    checker_agreement_test.go:401: Rust accepted identical bytes and report: export=559c1a03610d24cd771a2460b6a553a4db3f7b82fc322aa046d142d5cb78abd1 axiom_report=0ebc281c3a8d37e2d1a9ce033773e2865f96a13186a6364cb3446204c6a990d5 elapsed=1.158062125s
    checker_agreement_test.go:409: Go rejected changed hash: elapsed=2.137934375s
    checker_agreement_test.go:415: Rust rejected changed hash: elapsed=1.120547292s
=== RUN   TestCheckerAgreementWithRustCLISourceInvariants/public-domain-sources-nested-public-clauses.hex
    checker_agreement_test.go:395: Go accepted: certificate=efc3ac284975e9b053aaf26759fbe9c6ad994351475d8a8c82111712b90c9927 declarations=185 axioms=0 elapsed=5.237547208s
    checker_agreement_test.go:401: Rust accepted identical bytes and report: export=ba34ce9a2f763ee65ef73afd59560fcc48f32cc99459325382f0ca58929e5667 axiom_report=0ebc281c3a8d37e2d1a9ce033773e2865f96a13186a6364cb3446204c6a990d5 elapsed=1.493303167s
    checker_agreement_test.go:409: Go rejected changed hash: elapsed=5.41315325s
    checker_agreement_test.go:415: Rust rejected changed hash: elapsed=1.18794925s
=== RUN   TestCheckerAgreementWithRustCLISourceInvariants/remapped-boundary-sequence.hex
    checker_agreement_test.go:395: Go accepted: certificate=829088636356b348aad13c6906973eddce7d3606d2e1ccad4ce69593787f31af declarations=211 axioms=0 elapsed=4.737152417s
    checker_agreement_test.go:401: Rust accepted identical bytes and report: export=4e6ba2734edc236f2573f3bf3840d7d52dff5d97f28eb562369c794be5888e65 axiom_report=0ebc281c3a8d37e2d1a9ce033773e2865f96a13186a6364cb3446204c6a990d5 elapsed=1.204600416s
    checker_agreement_test.go:409: Go rejected changed hash: elapsed=4.654536875s
    checker_agreement_test.go:415: Rust rejected changed hash: elapsed=1.120485375s
=== RUN   TestCheckerAgreementWithRustCLISourceInvariants/string.hex
    checker_agreement_test.go:395: Go accepted: certificate=e67ba538a6010405b4de21fccd1befbccd736c5dfb29b2b44d87fe2e0b694bc3 declarations=191 axioms=0 elapsed=2.4178385s
    checker_agreement_test.go:401: Rust accepted identical bytes and report: export=21088d6985cc8ab62ae733de3e05c90e79089c7a8ced4f4ea153f62035b84b2b axiom_report=0ebc281c3a8d37e2d1a9ce033773e2865f96a13186a6364cb3446204c6a990d5 elapsed=1.182619541s
    checker_agreement_test.go:409: Go rejected changed hash: elapsed=2.230932292s
    checker_agreement_test.go:415: Rust rejected changed hash: elapsed=1.159240417s
=== RUN   TestCheckerAgreementWithRustCLISourceInvariants/structural-clauses-nested-public-clauses.hex
    checker_agreement_test.go:395: Go accepted: certificate=a7734253604afb73b10cef8183d9415fdd3e87333a8e061955aba95649a2e297 declarations=214 axioms=0 elapsed=4.860308s
    checker_agreement_test.go:401: Rust accepted identical bytes and report: export=4261433e95285c93642cf1636405d2cf0c4b5a66a3ad9a088cf3bf114a695c6d axiom_report=0ebc281c3a8d37e2d1a9ce033773e2865f96a13186a6364cb3446204c6a990d5 elapsed=1.254960458s
    checker_agreement_test.go:409: Go rejected changed hash: elapsed=4.713118541s
    checker_agreement_test.go:415: Rust rejected changed hash: elapsed=1.188043959s
=== RUN   TestCheckerAgreementWithRustCLISourceInvariants/unit-void-source.hex
    checker_agreement_test.go:395: Go accepted: certificate=b7320937881042e8330087452e7b5d2ef19726c979241918ef87466c32e2339f declarations=107 axioms=0 elapsed=281.807625ms
    checker_agreement_test.go:401: Rust accepted identical bytes and report: export=fd5889cf483c22b3e7e7f36374b67629caabd7845b7bd79f0d296a0beeeccf6a axiom_report=0ebc281c3a8d37e2d1a9ce033773e2865f96a13186a6364cb3446204c6a990d5 elapsed=740.442291ms
    checker_agreement_test.go:409: Go rejected changed hash: elapsed=285.644042ms
    checker_agreement_test.go:415: Rust rejected changed hash: elapsed=730.17425ms
--- PASS: TestCheckerAgreementWithRustCLISourceInvariants (712.58s)
    --- PASS: TestCheckerAgreementWithRustCLISourceInvariants/binding-vc-boundary_field.hex (159.43s)
    --- PASS: TestCheckerAgreementWithRustCLISourceInvariants/binding-vc-bounded_sequence.hex (6.59s)
    --- PASS: TestCheckerAgreementWithRustCLISourceInvariants/binding-vc-instant.hex (1.59s)
    --- PASS: TestCheckerAgreementWithRustCLISourceInvariants/binding-vc-lookup.hex (2.26s)
    --- PASS: TestCheckerAgreementWithRustCLISourceInvariants/binding-vc-money.hex (9.40s)
    --- PASS: TestCheckerAgreementWithRustCLISourceInvariants/binding-vc-option.hex (2.23s)
    --- PASS: TestCheckerAgreementWithRustCLISourceInvariants/binding-vc-ordered_entry.hex (1.49s)
    --- PASS: TestCheckerAgreementWithRustCLISourceInvariants/binding-vc-ordered_map.hex (7.37s)
    --- PASS: TestCheckerAgreementWithRustCLISourceInvariants/binding-vc-ordered_set.hex (6.64s)
    --- PASS: TestCheckerAgreementWithRustCLISourceInvariants/binding-vc-result.hex (2.59s)
    --- PASS: TestCheckerAgreementWithRustCLISourceInvariants/binding-vc-transition.hex (7.63s)
    --- PASS: TestCheckerAgreementWithRustCLISourceInvariants/binding-vc-validation.hex (7.81s)
    --- PASS: TestCheckerAgreementWithRustCLISourceInvariants/bool-construction.hex (6.77s)
    --- PASS: TestCheckerAgreementWithRustCLISourceInvariants/bool-float-entry.hex (1.67s)
    --- PASS: TestCheckerAgreementWithRustCLISourceInvariants/boundary-exception-empty.hex (2.64s)
    --- PASS: TestCheckerAgreementWithRustCLISourceInvariants/boundary-exception-payload.hex (2.57s)
    --- PASS: TestCheckerAgreementWithRustCLISourceInvariants/boundary-map-compound.hex (18.48s)
    --- PASS: TestCheckerAgreementWithRustCLISourceInvariants/boundary-map-decimal.hex (71.36s)
    --- PASS: TestCheckerAgreementWithRustCLISourceInvariants/boundary-map-string.hex (12.12s)
    --- PASS: TestCheckerAgreementWithRustCLISourceInvariants/boundary-set-decimal.hex (176.43s)
    --- PASS: TestCheckerAgreementWithRustCLISourceInvariants/boundary-total-cells.hex (12.54s)
    --- PASS: TestCheckerAgreementWithRustCLISourceInvariants/complete-snapshot.hex (14.23s)
    --- PASS: TestCheckerAgreementWithRustCLISourceInvariants/conditional-clauses-nested-public-clauses.hex (14.79s)
    --- PASS: TestCheckerAgreementWithRustCLISourceInvariants/construction-vc-broken_constructor.hex (2.15s)
    --- PASS: TestCheckerAgreementWithRustCLISourceInvariants/construction-vc-broken_default.hex (1.58s)
    --- PASS: TestCheckerAgreementWithRustCLISourceInvariants/construction-vc-broken_initializer.hex (8.26s)
    --- PASS: TestCheckerAgreementWithRustCLISourceInvariants/construction-vc-enum_zero.hex (1.46s)
    --- PASS: TestCheckerAgreementWithRustCLISourceInvariants/construction-vc-positive_constructor.hex (1.69s)
    --- PASS: TestCheckerAgreementWithRustCLISourceInvariants/construction-vc-positive_default.hex (1.67s)
    --- PASS: TestCheckerAgreementWithRustCLISourceInvariants/construction-vc-positive_initializer.hex (7.67s)
    --- PASS: TestCheckerAgreementWithRustCLISourceInvariants/date.hex (1.31s)
    --- PASS: TestCheckerAgreementWithRustCLISourceInvariants/enum-construction.hex (6.57s)
    --- PASS: TestCheckerAgreementWithRustCLISourceInvariants/exception-vc-allowed.hex (2.07s)
    --- PASS: TestCheckerAgreementWithRustCLISourceInvariants/extra-bool-float-map.hex (10.80s)
    --- PASS: TestCheckerAgreementWithRustCLISourceInvariants/extra-bool-nullable-map.hex (11.18s)
    --- PASS: TestCheckerAgreementWithRustCLISourceInvariants/extra-lookup-nullable.hex (2.09s)
    --- PASS: TestCheckerAgreementWithRustCLISourceInvariants/extra-shared-lookup-maps.hex (7.26s)
    --- PASS: TestCheckerAgreementWithRustCLISourceInvariants/extra-validation-bool.hex (5.96s)
    --- PASS: TestCheckerAgreementWithRustCLISourceInvariants/extra-validation-product.hex (6.65s)
    --- PASS: TestCheckerAgreementWithRustCLISourceInvariants/float-make-commutation.hex (1.44s)
    --- PASS: TestCheckerAgreementWithRustCLISourceInvariants/float-sequence.hex (6.85s)
    --- PASS: TestCheckerAgreementWithRustCLISourceInvariants/floats.hex (1.36s)
    --- PASS: TestCheckerAgreementWithRustCLISourceInvariants/guid.hex (1.36s)
    --- PASS: TestCheckerAgreementWithRustCLISourceInvariants/nested-box.hex (7.67s)
    --- PASS: TestCheckerAgreementWithRustCLISourceInvariants/nullable-float.hex (2.48s)
    --- PASS: TestCheckerAgreementWithRustCLISourceInvariants/nullable-string-default.hex (9.73s)
    --- PASS: TestCheckerAgreementWithRustCLISourceInvariants/parse-error-contract.hex (1.64s)
    --- PASS: TestCheckerAgreementWithRustCLISourceInvariants/product-construction.hex (6.86s)
    --- PASS: TestCheckerAgreementWithRustCLISourceInvariants/public-domain-sources-nested-public-clauses.hex (13.33s)
    --- PASS: TestCheckerAgreementWithRustCLISourceInvariants/remapped-boundary-sequence.hex (11.72s)
    --- PASS: TestCheckerAgreementWithRustCLISourceInvariants/string.hex (6.99s)
    --- PASS: TestCheckerAgreementWithRustCLISourceInvariants/structural-clauses-nested-public-clauses.hex (12.03s)
    --- PASS: TestCheckerAgreementWithRustCLISourceInvariants/unit-void-source.hex (2.04s)
PASS
ok  	github.com/finitefield-org/mpk/go-tools/mpk-checker-ref	712.933s
