
running 1 test
test ordinary_carriers::projection_tests::binding_relation_tests::source_invariant_tests::csharp_03_t06_w09_source_invariants_original_source_certificates ... source invariant definitions start binding-vc-boundary_field
source invariant definitions complete binding-vc-boundary_field
source invariant definitions start binding-vc-bounded_sequence
source invariant definitions complete binding-vc-bounded_sequence
source invariant definitions start binding-vc-instant
source invariant definitions complete binding-vc-instant
source invariant definitions start binding-vc-lookup
source invariant definitions complete binding-vc-lookup
source invariant definitions start binding-vc-money
source invariant definitions complete binding-vc-money
source invariant definitions start binding-vc-option
source invariant definitions complete binding-vc-option
source invariant definitions start binding-vc-ordered_entry
source invariant definitions complete binding-vc-ordered_entry
source invariant definitions start binding-vc-ordered_map
source invariant definitions complete binding-vc-ordered_map
source invariant definitions start binding-vc-ordered_set
source invariant definitions complete binding-vc-ordered_set
source invariant definitions start binding-vc-result
source invariant definitions complete binding-vc-result
source invariant definitions start binding-vc-transition
source invariant definitions complete binding-vc-transition
source invariant definitions start binding-vc-validation
source invariant definitions complete binding-vc-validation
source invariant definitions start bool-construction
source invariant definitions complete bool-construction
source invariant definitions start bool-float-entry
source invariant definitions complete bool-float-entry
source invariant definitions start boundary-exception-empty
source invariant definitions complete boundary-exception-empty
source invariant definitions start boundary-exception-payload
source invariant definitions complete boundary-exception-payload
source invariant definitions start boundary-map-compound
source invariant definitions complete boundary-map-compound
source invariant definitions start boundary-map-decimal
source invariant definitions complete boundary-map-decimal
source invariant definitions start boundary-map-string
source invariant definitions complete boundary-map-string
source invariant definitions start boundary-set-decimal
source invariant definitions complete boundary-set-decimal
source invariant definitions start boundary-total-cells
source invariant definitions complete boundary-total-cells
source invariant definitions start complete-snapshot
source invariant definitions complete complete-snapshot
source invariant definitions start construction-vc-enum_zero
source invariant definitions complete construction-vc-enum_zero
source invariant definitions start construction-vc-positive_constructor
source invariant definitions complete construction-vc-positive_constructor
source invariant definitions start date
source invariant definitions complete date
source invariant definitions start enum-construction
source invariant definitions complete enum-construction
source invariant definitions start exception-vc-allowed
source invariant definitions complete exception-vc-allowed
source invariant definitions start extra-bool-float-map
source invariant definitions complete extra-bool-float-map
source invariant definitions start extra-bool-nullable-map
source invariant definitions complete extra-bool-nullable-map
source invariant definitions start extra-lookup-nullable
source invariant definitions complete extra-lookup-nullable
source invariant definitions start extra-shared-lookup-maps
source invariant definitions complete extra-shared-lookup-maps
source invariant definitions start extra-validation-bool
source invariant definitions complete extra-validation-bool
source invariant definitions start extra-validation-product
source invariant definitions complete extra-validation-product
source invariant definitions start float-sequence
source invariant definitions complete float-sequence
source invariant definitions start floats
source invariant definitions complete floats
source invariant definitions start guid
source invariant definitions complete guid
source invariant definitions start nested-box
source invariant definitions complete nested-box
source invariant definitions start nullable-float
source invariant definitions complete nullable-float
source invariant definitions start nullable-string-default
source invariant definitions complete nullable-string-default
source invariant definitions start parse-error-contract
source invariant definitions complete parse-error-contract
source invariant definitions start product-construction
source invariant definitions complete product-construction
source invariant definitions start string
source invariant definitions complete string
source invariant definitions start unit-void-source
source invariant definitions complete unit-void-source
source invariant definitions start remapped-boundary-sequence
source invariant definitions complete remapped-boundary-sequence
source invariant definitions start float-make-commutation
source invariant definitions complete float-make-commutation
source invariant definitions start construction-vc-broken_constructor
source invariant definitions complete construction-vc-broken_constructor
source invariant definitions start construction-vc-broken_default
source invariant definitions complete construction-vc-broken_default
source invariant definitions start construction-vc-positive_default
source invariant definitions complete construction-vc-positive_default
source invariant definitions start construction-vc-positive_initializer
source invariant definitions complete construction-vc-positive_initializer
source invariant definitions start construction-vc-broken_initializer
source invariant definitions complete construction-vc-broken_initializer
source invariant definitions start public-domain-sources-nested-public-clauses
source invariant definitions complete public-domain-sources-nested-public-clauses
source invariant definitions start conditional-clauses-nested-public-clauses
source invariant definitions complete conditional-clauses-nested-public-clauses
source invariant definitions start structural-clauses-nested-public-clauses
source invariant definitions complete structural-clauses-nested-public-clauses
ok

test result: ok. 1 passed; 0 failed; 0 ignored; 0 measured; 379 filtered out; finished in 29.87s

