    Finished `release` profile [optimized] target(s) in 0.04s
     Running tests/csharp_practical_vc.rs (target/release/deps/csharp_practical_vc-0951b3e219e92435)

running 1 test
test ordinary_carriers::public_domain_tests::contract_expression_tests::string_data_tests::csharp_03_t06_w09_string_data_original_source ... string data source basic-nonnull: 3 definitions, 3 use points, 0 pending
string data source basic-nullable: 3 definitions, 3 use points, 1 pending
string data source construction-nonnull: 10 definitions, 10 use points, 0 pending
string runtime start: construction-nullable string.concat.string2
string case start: construction-nullable string.concat.string2 [0]
string case completed: construction-nullable string.concat.string2 [0] in 22.347s
string case start: construction-nullable string.concat.string2 [1]
string case completed: construction-nullable string.concat.string2 [1] in 32.625s
string case start: construction-nullable string.concat.string2 [2]
string case completed: construction-nullable string.concat.string2 [2] in 38.781s
string case start: construction-nullable string.concat.string2 [3]
string case completed: construction-nullable string.concat.string2 [3] in 44.835s
string case start: construction-nullable string.concat.string2 [4]
string data string.concat.string2: Some("obligation.output_bound"), raw conditions [true]
string case completed: construction-nullable string.concat.string2 [4] in 0.142s
string runtime completed: construction-nullable string.concat.string2 in 138.730s
string data source construction-nullable: 10 definitions, 10 use points, 1 pending
string data source ordinal-nonnull: 8 definitions, 8 use points, 0 pending
string data source ordinal-nullable: 8 definitions, 8 use points, 1 pending
string data source native-nonnull: 5 definitions, 5 use points, 0 pending
string data source native-nullable: 5 definitions, 5 use points, 1 pending
string data source: 52 use points, 10 result/guard cases
string data unique observed operations: 1
ok

test result: ok. 1 passed; 0 failed; 0 ignored; 0 measured; 308 filtered out; finished in 145.78s

