    Finished `release` profile [optimized] target(s) in 0.04s
     Running tests/csharp_practical_vc.rs (target/release/deps/csharp_practical_vc-0951b3e219e92435)

running 1 test
test ordinary_carriers::public_domain_tests::contract_expression_tests::string_data_tests::csharp_03_t06_w09_string_data_original_source ... string data source basic-nonnull: 3 definitions, 3 use points, 0 pending
string data source basic-nullable: 3 definitions, 3 use points, 1 pending
string runtime start: construction-nonnull string.concat.operator.string_string
string case start: construction-nonnull string.concat.operator.string_string [0]
string case completed: construction-nonnull string.concat.operator.string_string [0] in 21.501s
string case start: construction-nonnull string.concat.operator.string_string [1]
string case completed: construction-nonnull string.concat.operator.string_string [1] in 19.668s
string case start: construction-nonnull string.concat.operator.string_string [2]
string data string.concat.operator.string_string: Some("obligation.output_bound"), raw conditions [true]
string case completed: construction-nonnull string.concat.operator.string_string [2] in 0.069s
string runtime completed: construction-nonnull string.concat.operator.string_string in 41.238s
string data source construction-nonnull: 10 definitions, 10 use points, 0 pending
string data source construction-nullable: 10 definitions, 10 use points, 1 pending
string data source ordinal-nonnull: 8 definitions, 8 use points, 0 pending
string data source ordinal-nullable: 8 definitions, 8 use points, 1 pending
string data source native-nonnull: 5 definitions, 5 use points, 0 pending
string data source native-nullable: 5 definitions, 5 use points, 1 pending
string data source: 52 use points, 6 result/guard cases
string data unique observed operations: 1
ok

test result: ok. 1 passed; 0 failed; 0 ignored; 0 measured; 308 filtered out; finished in 46.13s

