    Finished `release` profile [optimized] target(s) in 0.09s
     Running tests/csharp_practical_vc.rs (target/release/deps/csharp_practical_vc-0951b3e219e92435)

running 1 test
test ordinary_carriers::public_domain_tests::contract_expression_tests::string_data_tests::csharp_03_t06_w09_string_data_original_source ... string data source basic-nonnull: 3 definitions, 3 use points, 0 pending
string data source basic-nullable: 3 definitions, 3 use points, 1 pending
string data source construction-nonnull: 10 definitions, 10 use points, 0 pending
string runtime start: construction-nullable string.concat.operator.string_char
string case start: construction-nullable string.concat.operator.string_char [0]
string case completed: construction-nullable string.concat.operator.string_char [0] in 36.529s
string case start: construction-nullable string.concat.operator.string_char [1]
string case completed: construction-nullable string.concat.operator.string_char [1] in 43.315s
string case start: construction-nullable string.concat.operator.string_char [2]
string case completed: construction-nullable string.concat.operator.string_char [2] in 30.557s
string case start: construction-nullable string.concat.operator.string_char [3]
string data string.concat.operator.string_char: Some("obligation.output_bound"), raw conditions [true]
string case completed: construction-nullable string.concat.operator.string_char [3] in 0.069s
string runtime completed: construction-nullable string.concat.operator.string_char in 110.470s
string data source construction-nullable: 10 definitions, 10 use points, 1 pending
string data source ordinal-nonnull: 8 definitions, 8 use points, 0 pending
string data source ordinal-nullable: 8 definitions, 8 use points, 1 pending
string data source native-nonnull: 5 definitions, 5 use points, 0 pending
string data source native-nullable: 5 definitions, 5 use points, 1 pending
string data source: 52 use points, 8 result/guard cases
string data unique observed operations: 1
ok

test result: ok. 1 passed; 0 failed; 0 ignored; 0 measured; 308 filtered out; finished in 117.20s

