    Finished `release` profile [optimized] target(s) in 0.04s
     Running tests/csharp_practical_vc.rs (target/release/deps/csharp_practical_vc-0951b3e219e92435)

running 1 test
test ordinary_carriers::public_domain_tests::contract_expression_tests::string_data_tests::csharp_03_t06_w09_string_data_original_source ... string data source basic-nonnull: 3 definitions, 3 use points, 0 pending
string data source basic-nullable: 3 definitions, 3 use points, 1 pending
string data source construction-nonnull: 10 definitions, 10 use points, 0 pending
string data source construction-nullable: 10 definitions, 10 use points, 1 pending
string data source ordinal-nonnull: 8 definitions, 8 use points, 0 pending
string data source ordinal-nullable: 8 definitions, 8 use points, 1 pending
string data source native-nonnull: 5 definitions, 5 use points, 0 pending
string runtime start: native-nullable string.interpolation.restricted.scs
string case start: native-nullable string.interpolation.restricted.scs [0]
string case completed: native-nullable string.interpolation.restricted.scs [0] in 25.126s
string case start: native-nullable string.interpolation.restricted.scs [1]
string case completed: native-nullable string.interpolation.restricted.scs [1] in 24.138s
string case start: native-nullable string.interpolation.restricted.scs [2]
string case completed: native-nullable string.interpolation.restricted.scs [2] in 25.002s
string case start: native-nullable string.interpolation.restricted.scs [3]
string case completed: native-nullable string.interpolation.restricted.scs [3] in 21.221s
string case start: native-nullable string.interpolation.restricted.scs [4]
string data string.interpolation.restricted.scs: Some("obligation.output_bound"), raw conditions [true]
string case completed: native-nullable string.interpolation.restricted.scs [4] in 0.101s
string runtime completed: native-nullable string.interpolation.restricted.scs in 95.588s
string data source native-nullable: 5 definitions, 5 use points, 1 pending
string data source: 52 use points, 10 result/guard cases
string data unique observed operations: 1
ok

test result: ok. 1 passed; 0 failed; 0 ignored; 0 measured; 308 filtered out; finished in 100.71s

