    Finished `release` profile [optimized] target(s) in 0.10s
     Running tests/csharp_practical_vc.rs (target/release/deps/csharp_practical_vc-0951b3e219e92435)

running 1 test
test ordinary_carriers::public_domain_tests::contract_expression_tests::string_data_tests::csharp_03_t06_w09_string_data_original_source ... string data source basic-nonnull: 3 definitions, 3 use points, 0 pending
string data source basic-nullable: 3 definitions, 3 use points, 1 pending
string data source construction-nonnull: 10 definitions, 10 use points, 0 pending
string data source construction-nullable: 10 definitions, 10 use points, 1 pending
string data source ordinal-nonnull: 8 definitions, 8 use points, 0 pending
string data source ordinal-nullable: 8 definitions, 8 use points, 1 pending
string runtime start: native-nonnull string.concat.string3
string case start: native-nonnull string.concat.string3 [0]
string case completed: native-nonnull string.concat.string3 [0] in 26.667s
string case start: native-nonnull string.concat.string3 [1]
string case completed: native-nonnull string.concat.string3 [1] in 20.490s
string case start: native-nonnull string.concat.string3 [2]
string data string.concat.string3: Some("obligation.output_bound"), raw conditions [true]
string case completed: native-nonnull string.concat.string3 [2] in 0.100s
string runtime completed: native-nonnull string.concat.string3 in 47.258s
string data source native-nonnull: 5 definitions, 5 use points, 0 pending
string data source native-nullable: 5 definitions, 5 use points, 1 pending
string data source: 52 use points, 6 result/guard cases
string data unique observed operations: 1
ok

test result: ok. 1 passed; 0 failed; 0 ignored; 0 measured; 308 filtered out; finished in 52.54s

