    Finished `release` profile [optimized] target(s) in 0.04s
     Running tests/csharp_practical_vc.rs (target/release/deps/csharp_practical_vc-0951b3e219e92435)

running 1 test
test ordinary_carriers::public_domain_tests::contract_expression_tests::string_data_tests::csharp_03_t06_w09_string_data_original_source ... string data source basic-nonnull: 3 definitions, 3 use points, 0 pending
string data source basic-nullable: 3 definitions, 3 use points, 1 pending
string data source construction-nonnull: 10 definitions, 10 use points, 0 pending
string data source construction-nullable: 10 definitions, 10 use points, 1 pending
string data source ordinal-nonnull: 8 definitions, 8 use points, 0 pending
string data source ordinal-nullable: 8 definitions, 8 use points, 1 pending
string data source native-nonnull: 5 definitions, 5 use points, 0 pending
string runtime start: native-nullable string.concat.string4
string case start: native-nullable string.concat.string4 [0]
string case completed: native-nullable string.concat.string4 [0] in 31.123s
string case start: native-nullable string.concat.string4 [1]
string case completed: native-nullable string.concat.string4 [1] in 22.337s
string case start: native-nullable string.concat.string4 [2]
string case completed: native-nullable string.concat.string4 [2] in 31.582s
string case start: native-nullable string.concat.string4 [3]
string case completed: native-nullable string.concat.string4 [3] in 29.092s
string case start: native-nullable string.concat.string4 [4]
string case completed: native-nullable string.concat.string4 [4] in 27.088s
string case start: native-nullable string.concat.string4 [5]
string case completed: native-nullable string.concat.string4 [5] in 26.128s
string case start: native-nullable string.concat.string4 [6]
string data string.concat.string4: Some("obligation.output_bound"), raw conditions [true]
string case completed: native-nullable string.concat.string4 [6] in 0.140s
string runtime completed: native-nullable string.concat.string4 in 167.489s
string data source native-nullable: 5 definitions, 5 use points, 1 pending
string data source: 52 use points, 14 result/guard cases
string data unique observed operations: 1
ok

test result: ok. 1 passed; 0 failed; 0 ignored; 0 measured; 308 filtered out; finished in 172.49s

