    Finished `release` profile [optimized] target(s) in 0.04s
     Running tests/csharp_practical_vc.rs (target/release/deps/csharp_practical_vc-0951b3e219e92435)

running 1 test
test ordinary_carriers::public_domain_tests::contract_expression_tests::lifted_data_tests::csharp_03_t06_w09_lifted_data_original_source ... lifted data bool: 5 definitions, 5 SSA points, 0 observations
lifted runtime start: lifted.i32.multiply.checked
lifted case start: lifted.i32.multiply.checked [0,0]
lifted case completed: lifted.i32.multiply.checked [0,0] in 0.004s
lifted case start: lifted.i32.multiply.checked [0,1]
lifted case completed: lifted.i32.multiply.checked [0,1] in 0.002s
lifted case start: lifted.i32.multiply.checked [0,2]
lifted case completed: lifted.i32.multiply.checked [0,2] in 0.002s
lifted case start: lifted.i32.multiply.checked [0,3]
lifted case completed: lifted.i32.multiply.checked [0,3] in 0.002s
lifted case start: lifted.i32.multiply.checked [0,4]
lifted case completed: lifted.i32.multiply.checked [0,4] in 0.002s
lifted case start: lifted.i32.multiply.checked [0,5]
lifted case completed: lifted.i32.multiply.checked [0,5] in 0.002s
lifted case start: lifted.i32.multiply.checked [1,0]
lifted case completed: lifted.i32.multiply.checked [1,0] in 0.003s
lifted case start: lifted.i32.multiply.checked [1,1]
lifted case completed: lifted.i32.multiply.checked [1,1] in 3.996s
lifted case start: lifted.i32.multiply.checked [1,2]
lifted case completed: lifted.i32.multiply.checked [1,2] in 3.818s
lifted case start: lifted.i32.multiply.checked [1,3]
lifted case completed: lifted.i32.multiply.checked [1,3] in 3.914s
lifted case start: lifted.i32.multiply.checked [1,4]
lifted case completed: lifted.i32.multiply.checked [1,4] in 3.951s
lifted case start: lifted.i32.multiply.checked [1,5]
lifted case completed: lifted.i32.multiply.checked [1,5] in 4.010s
lifted case start: lifted.i32.multiply.checked [2,0]
lifted case completed: lifted.i32.multiply.checked [2,0] in 0.003s
lifted case start: lifted.i32.multiply.checked [2,1]
lifted case completed: lifted.i32.multiply.checked [2,1] in 5.210s
lifted case start: lifted.i32.multiply.checked [2,2]
lifted case completed: lifted.i32.multiply.checked [2,2] in 4.357s
lifted case start: lifted.i32.multiply.checked [2,3]
lifted case completed: lifted.i32.multiply.checked [2,3] in 4.834s
lifted case start: lifted.i32.multiply.checked [2,4]
lifted case completed: lifted.i32.multiply.checked [2,4] in 5.148s
lifted case start: lifted.i32.multiply.checked [2,5]
lifted case completed: lifted.i32.multiply.checked [2,5] in 4.737s
lifted case start: lifted.i32.multiply.checked [3,0]
lifted case completed: lifted.i32.multiply.checked [3,0] in 0.011s
lifted case start: lifted.i32.multiply.checked [3,1]
lifted case completed: lifted.i32.multiply.checked [3,1] in 9.069s
lifted case start: lifted.i32.multiply.checked [3,2]
lifted case completed: lifted.i32.multiply.checked [3,2] in 8.322s
lifted case start: lifted.i32.multiply.checked [3,3]
lifted case completed: lifted.i32.multiply.checked [3,3] in 8.874s
lifted case start: lifted.i32.multiply.checked [3,4]
lifted case completed: lifted.i32.multiply.checked [3,4] in 5.970s
lifted case start: lifted.i32.multiply.checked [3,5]
lifted case completed: lifted.i32.multiply.checked [3,5] in 9.006s
lifted case start: lifted.i32.multiply.checked [4,0]
lifted case completed: lifted.i32.multiply.checked [4,0] in 0.014s
lifted case start: lifted.i32.multiply.checked [4,1]
lifted case completed: lifted.i32.multiply.checked [4,1] in 8.774s
lifted case start: lifted.i32.multiply.checked [4,2]
lifted case completed: lifted.i32.multiply.checked [4,2] in 10.178s
lifted case start: lifted.i32.multiply.checked [4,3]
lifted case completed: lifted.i32.multiply.checked [4,3] in 6.797s
lifted case start: lifted.i32.multiply.checked [4,4]
lifted case completed: lifted.i32.multiply.checked [4,4] in 6.563s
lifted case start: lifted.i32.multiply.checked [4,5]
lifted case completed: lifted.i32.multiply.checked [4,5] in 6.202s
lifted case start: lifted.i32.multiply.checked [5,0]
lifted case completed: lifted.i32.multiply.checked [5,0] in 0.007s
lifted case start: lifted.i32.multiply.checked [5,1]
lifted case completed: lifted.i32.multiply.checked [5,1] in 9.756s
lifted case start: lifted.i32.multiply.checked [5,2]
lifted case completed: lifted.i32.multiply.checked [5,2] in 7.549s
lifted case start: lifted.i32.multiply.checked [5,3]
lifted case completed: lifted.i32.multiply.checked [5,3] in 7.713s
lifted case start: lifted.i32.multiply.checked [5,4]
lifted case completed: lifted.i32.multiply.checked [5,4] in 5.108s
lifted case start: lifted.i32.multiply.checked [5,5]
lifted case completed: lifted.i32.multiply.checked [5,5] in 5.074s
lifted runtime completed: lifted.i32.multiply.checked in 159.006s
lifted data i32-checked: 13 definitions, 13 SSA points, 72 observations
lifted data i32-unchecked: 6 definitions, 6 SSA points, 72 observations
lifted data i64: 5 definitions, 5 SSA points, 72 observations
lifted data f32: 6 definitions, 6 SSA points, 72 observations
lifted data f64: 6 definitions, 6 SSA points, 72 observations
lifted data decimal: 6 definitions, 6 SSA points, 72 observations
ok

test result: ok. 1 passed; 0 failed; 0 ignored; 0 measured; 308 filtered out; finished in 163.15s

