    Finished `release` profile [optimized] target(s) in 0.07s
     Running tests/csharp_practical_vc.rs (target/release/deps/csharp_practical_vc-0951b3e219e92435)

running 1 test
test ordinary_carriers::public_domain_tests::contract_expression_tests::lifted_data_tests::csharp_03_t06_w09_lifted_data_original_source ... lifted data bool: 5 definitions, 5 SSA points, 0 observations
lifted runtime start: lifted.i32.remainder.unchecked
lifted case start: lifted.i32.remainder.unchecked [0,0]
lifted case completed: lifted.i32.remainder.unchecked [0,0] in 0.003s
lifted case start: lifted.i32.remainder.unchecked [0,1]
lifted case completed: lifted.i32.remainder.unchecked [0,1] in 0.003s
lifted case start: lifted.i32.remainder.unchecked [0,2]
lifted case completed: lifted.i32.remainder.unchecked [0,2] in 0.003s
lifted case start: lifted.i32.remainder.unchecked [0,3]
lifted case completed: lifted.i32.remainder.unchecked [0,3] in 0.003s
lifted case start: lifted.i32.remainder.unchecked [0,4]
lifted case completed: lifted.i32.remainder.unchecked [0,4] in 0.003s
lifted case start: lifted.i32.remainder.unchecked [0,5]
lifted case completed: lifted.i32.remainder.unchecked [0,5] in 0.003s
lifted case start: lifted.i32.remainder.unchecked [1,0]
lifted case completed: lifted.i32.remainder.unchecked [1,0] in 0.004s
lifted case start: lifted.i32.remainder.unchecked [1,1]
lifted case completed: lifted.i32.remainder.unchecked [1,1] in 0.169s
lifted case start: lifted.i32.remainder.unchecked [1,2]
lifted case completed: lifted.i32.remainder.unchecked [1,2] in 2.513s
lifted case start: lifted.i32.remainder.unchecked [1,3]
lifted case completed: lifted.i32.remainder.unchecked [1,3] in 2.770s
lifted case start: lifted.i32.remainder.unchecked [1,4]
lifted case completed: lifted.i32.remainder.unchecked [1,4] in 2.933s
lifted case start: lifted.i32.remainder.unchecked [1,5]
lifted case completed: lifted.i32.remainder.unchecked [1,5] in 2.800s
lifted case start: lifted.i32.remainder.unchecked [2,0]
lifted case completed: lifted.i32.remainder.unchecked [2,0] in 0.004s
lifted case start: lifted.i32.remainder.unchecked [2,1]
lifted case completed: lifted.i32.remainder.unchecked [2,1] in 0.174s
lifted case start: lifted.i32.remainder.unchecked [2,2]
lifted case completed: lifted.i32.remainder.unchecked [2,2] in 2.718s
lifted case start: lifted.i32.remainder.unchecked [2,3]
lifted case completed: lifted.i32.remainder.unchecked [2,3] in 2.612s
lifted case start: lifted.i32.remainder.unchecked [2,4]
lifted case completed: lifted.i32.remainder.unchecked [2,4] in 2.667s
lifted case start: lifted.i32.remainder.unchecked [2,5]
lifted case completed: lifted.i32.remainder.unchecked [2,5] in 2.443s
lifted case start: lifted.i32.remainder.unchecked [3,0]
lifted case completed: lifted.i32.remainder.unchecked [3,0] in 0.004s
lifted case start: lifted.i32.remainder.unchecked [3,1]
lifted case completed: lifted.i32.remainder.unchecked [3,1] in 0.165s
lifted case start: lifted.i32.remainder.unchecked [3,2]
lifted case completed: lifted.i32.remainder.unchecked [3,2] in 2.425s
lifted case start: lifted.i32.remainder.unchecked [3,3]
lifted case completed: lifted.i32.remainder.unchecked [3,3] in 2.455s
lifted case start: lifted.i32.remainder.unchecked [3,4]
lifted case completed: lifted.i32.remainder.unchecked [3,4] in 2.519s
lifted case start: lifted.i32.remainder.unchecked [3,5]
lifted case completed: lifted.i32.remainder.unchecked [3,5] in 2.479s
lifted case start: lifted.i32.remainder.unchecked [4,0]
lifted case completed: lifted.i32.remainder.unchecked [4,0] in 0.004s
lifted case start: lifted.i32.remainder.unchecked [4,1]
lifted case completed: lifted.i32.remainder.unchecked [4,1] in 0.164s
lifted case start: lifted.i32.remainder.unchecked [4,2]
lifted case completed: lifted.i32.remainder.unchecked [4,2] in 3.618s
lifted case start: lifted.i32.remainder.unchecked [4,3]
lifted case completed: lifted.i32.remainder.unchecked [4,3] in 1.894s
lifted case start: lifted.i32.remainder.unchecked [4,4]
lifted case completed: lifted.i32.remainder.unchecked [4,4] in 3.627s
lifted case start: lifted.i32.remainder.unchecked [4,5]
lifted case completed: lifted.i32.remainder.unchecked [4,5] in 3.611s
lifted case start: lifted.i32.remainder.unchecked [5,0]
lifted case completed: lifted.i32.remainder.unchecked [5,0] in 0.004s
lifted case start: lifted.i32.remainder.unchecked [5,1]
lifted case completed: lifted.i32.remainder.unchecked [5,1] in 0.162s
lifted case start: lifted.i32.remainder.unchecked [5,2]
lifted case completed: lifted.i32.remainder.unchecked [5,2] in 2.513s
lifted case start: lifted.i32.remainder.unchecked [5,3]
lifted case completed: lifted.i32.remainder.unchecked [5,3] in 2.925s
lifted case start: lifted.i32.remainder.unchecked [5,4]
lifted case completed: lifted.i32.remainder.unchecked [5,4] in 2.425s
lifted case start: lifted.i32.remainder.unchecked [5,5]
lifted case completed: lifted.i32.remainder.unchecked [5,5] in 2.370s
lifted runtime completed: lifted.i32.remainder.unchecked in 55.192s
lifted data i32-checked: 13 definitions, 13 SSA points, 72 observations
lifted data i32-unchecked: 6 definitions, 6 SSA points, 72 observations
lifted data i64: 5 definitions, 5 SSA points, 72 observations
lifted data f32: 6 definitions, 6 SSA points, 72 observations
lifted data f64: 6 definitions, 6 SSA points, 72 observations
lifted data decimal: 6 definitions, 6 SSA points, 72 observations
ok

test result: ok. 1 passed; 0 failed; 0 ignored; 0 measured; 308 filtered out; finished in 57.94s

