    Finished `release` profile [optimized] target(s) in 0.04s
     Running tests/csharp_practical_vc.rs (target/release/deps/csharp_practical_vc-0951b3e219e92435)

running 1 test
test ordinary_carriers::public_domain_tests::contract_expression_tests::lifted_data_tests::csharp_03_t06_w09_lifted_data_original_source ... lifted data bool: 5 definitions, 5 SSA points, 0 observations
lifted data i32-checked: 13 definitions, 13 SSA points, 0 observations
lifted data i32-unchecked: 6 definitions, 6 SSA points, 0 observations
lifted runtime start: lifted.i64.divide.checked
lifted case start: lifted.i64.divide.checked [0,0]
lifted case completed: lifted.i64.divide.checked [0,0] in 0.005s
lifted case start: lifted.i64.divide.checked [0,1]
lifted case completed: lifted.i64.divide.checked [0,1] in 0.005s
lifted case start: lifted.i64.divide.checked [0,2]
lifted case completed: lifted.i64.divide.checked [0,2] in 0.005s
lifted case start: lifted.i64.divide.checked [0,3]
lifted case completed: lifted.i64.divide.checked [0,3] in 0.005s
lifted case start: lifted.i64.divide.checked [0,4]
lifted case completed: lifted.i64.divide.checked [0,4] in 0.005s
lifted case start: lifted.i64.divide.checked [0,5]
lifted case completed: lifted.i64.divide.checked [0,5] in 0.005s
lifted case start: lifted.i64.divide.checked [1,0]
lifted case completed: lifted.i64.divide.checked [1,0] in 0.007s
lifted case start: lifted.i64.divide.checked [1,1]
lifted case completed: lifted.i64.divide.checked [1,1] in 0.666s
lifted case start: lifted.i64.divide.checked [1,2]
lifted case completed: lifted.i64.divide.checked [1,2] in 25.494s
lifted case start: lifted.i64.divide.checked [1,3]
lifted case completed: lifted.i64.divide.checked [1,3] in 24.574s
lifted case start: lifted.i64.divide.checked [1,4]
lifted case completed: lifted.i64.divide.checked [1,4] in 23.862s
lifted case start: lifted.i64.divide.checked [1,5]
lifted case completed: lifted.i64.divide.checked [1,5] in 22.163s
lifted case start: lifted.i64.divide.checked [2,0]
lifted case completed: lifted.i64.divide.checked [2,0] in 0.006s
lifted case start: lifted.i64.divide.checked [2,1]
lifted case completed: lifted.i64.divide.checked [2,1] in 0.629s
lifted case start: lifted.i64.divide.checked [2,2]
lifted case completed: lifted.i64.divide.checked [2,2] in 23.431s
lifted case start: lifted.i64.divide.checked [2,3]
lifted case completed: lifted.i64.divide.checked [2,3] in 23.139s
lifted case start: lifted.i64.divide.checked [2,4]
lifted case completed: lifted.i64.divide.checked [2,4] in 23.618s
lifted case start: lifted.i64.divide.checked [2,5]
lifted case completed: lifted.i64.divide.checked [2,5] in 21.855s
lifted case start: lifted.i64.divide.checked [3,0]
lifted case completed: lifted.i64.divide.checked [3,0] in 0.006s
lifted case start: lifted.i64.divide.checked [3,1]
lifted case completed: lifted.i64.divide.checked [3,1] in 0.625s
lifted case start: lifted.i64.divide.checked [3,2]
lifted case completed: lifted.i64.divide.checked [3,2] in 23.437s
lifted case start: lifted.i64.divide.checked [3,3]
lifted case completed: lifted.i64.divide.checked [3,3] in 23.129s
lifted case start: lifted.i64.divide.checked [3,4]
lifted case completed: lifted.i64.divide.checked [3,4] in 23.558s
lifted case start: lifted.i64.divide.checked [3,5]
lifted case completed: lifted.i64.divide.checked [3,5] in 21.064s
lifted case start: lifted.i64.divide.checked [4,0]
lifted case completed: lifted.i64.divide.checked [4,0] in 0.006s
lifted case start: lifted.i64.divide.checked [4,1]
lifted case completed: lifted.i64.divide.checked [4,1] in 0.620s
lifted case start: lifted.i64.divide.checked [4,2]
lifted case completed: lifted.i64.divide.checked [4,2] in 34.317s
lifted case start: lifted.i64.divide.checked [4,3]
lifted case completed: lifted.i64.divide.checked [4,3] in 16.905s
lifted case start: lifted.i64.divide.checked [4,4]
lifted case completed: lifted.i64.divide.checked [4,4] in 36.917s
lifted case start: lifted.i64.divide.checked [4,5]
lifted case completed: lifted.i64.divide.checked [4,5] in 36.539s
lifted case start: lifted.i64.divide.checked [5,0]
lifted case completed: lifted.i64.divide.checked [5,0] in 0.006s
lifted case start: lifted.i64.divide.checked [5,1]
lifted case completed: lifted.i64.divide.checked [5,1] in 0.643s
lifted case start: lifted.i64.divide.checked [5,2]
lifted case completed: lifted.i64.divide.checked [5,2] in 24.480s
lifted case start: lifted.i64.divide.checked [5,3]
lifted case completed: lifted.i64.divide.checked [5,3] in 26.763s
lifted case start: lifted.i64.divide.checked [5,4]
lifted case completed: lifted.i64.divide.checked [5,4] in 28.358s
lifted case start: lifted.i64.divide.checked [5,5]
lifted case completed: lifted.i64.divide.checked [5,5] in 26.899s
lifted runtime completed: lifted.i64.divide.checked in 513.746s
lifted data i64: 5 definitions, 5 SSA points, 72 observations
lifted data f32: 6 definitions, 6 SSA points, 72 observations
lifted data f64: 6 definitions, 6 SSA points, 72 observations
lifted data decimal: 6 definitions, 6 SSA points, 72 observations
ok

test result: ok. 1 passed; 0 failed; 0 ignored; 0 measured; 308 filtered out; finished in 516.56s

