    Finished `release` profile [optimized] target(s) in 0.04s
     Running tests/csharp_practical_vc.rs (target/release/deps/csharp_practical_vc-0951b3e219e92435)

running 1 test
test ordinary_carriers::public_domain_tests::contract_expression_tests::lifted_data_tests::csharp_03_t06_w09_lifted_data_original_source ... lifted data bool: 5 definitions, 5 SSA points, 0 observations
lifted data i32-checked: 13 definitions, 13 SSA points, 0 observations
lifted runtime start: lifted.i32.divide.unchecked
lifted case start: lifted.i32.divide.unchecked [0,0]
lifted case completed: lifted.i32.divide.unchecked [0,0] in 0.003s
lifted case start: lifted.i32.divide.unchecked [0,1]
lifted case completed: lifted.i32.divide.unchecked [0,1] in 0.003s
lifted case start: lifted.i32.divide.unchecked [0,2]
lifted case completed: lifted.i32.divide.unchecked [0,2] in 0.003s
lifted case start: lifted.i32.divide.unchecked [0,3]
lifted case completed: lifted.i32.divide.unchecked [0,3] in 0.003s
lifted case start: lifted.i32.divide.unchecked [0,4]
lifted case completed: lifted.i32.divide.unchecked [0,4] in 0.003s
lifted case start: lifted.i32.divide.unchecked [0,5]
lifted case completed: lifted.i32.divide.unchecked [0,5] in 0.003s
lifted case start: lifted.i32.divide.unchecked [1,0]
lifted case completed: lifted.i32.divide.unchecked [1,0] in 0.004s
lifted case start: lifted.i32.divide.unchecked [1,1]
lifted case completed: lifted.i32.divide.unchecked [1,1] in 0.159s
lifted case start: lifted.i32.divide.unchecked [1,2]
lifted case completed: lifted.i32.divide.unchecked [1,2] in 2.519s
lifted case start: lifted.i32.divide.unchecked [1,3]
lifted case completed: lifted.i32.divide.unchecked [1,3] in 2.608s
lifted case start: lifted.i32.divide.unchecked [1,4]
lifted case completed: lifted.i32.divide.unchecked [1,4] in 2.792s
lifted case start: lifted.i32.divide.unchecked [1,5]
lifted case completed: lifted.i32.divide.unchecked [1,5] in 2.491s
lifted case start: lifted.i32.divide.unchecked [2,0]
lifted case completed: lifted.i32.divide.unchecked [2,0] in 0.004s
lifted case start: lifted.i32.divide.unchecked [2,1]
lifted case completed: lifted.i32.divide.unchecked [2,1] in 0.163s
lifted case start: lifted.i32.divide.unchecked [2,2]
lifted case completed: lifted.i32.divide.unchecked [2,2] in 2.784s
lifted case start: lifted.i32.divide.unchecked [2,3]
lifted case completed: lifted.i32.divide.unchecked [2,3] in 2.623s
lifted case start: lifted.i32.divide.unchecked [2,4]
lifted case completed: lifted.i32.divide.unchecked [2,4] in 2.671s
lifted case start: lifted.i32.divide.unchecked [2,5]
lifted case completed: lifted.i32.divide.unchecked [2,5] in 2.489s
lifted case start: lifted.i32.divide.unchecked [3,0]
lifted case completed: lifted.i32.divide.unchecked [3,0] in 0.004s
lifted case start: lifted.i32.divide.unchecked [3,1]
lifted case completed: lifted.i32.divide.unchecked [3,1] in 0.162s
lifted case start: lifted.i32.divide.unchecked [3,2]
lifted case completed: lifted.i32.divide.unchecked [3,2] in 2.639s
lifted case start: lifted.i32.divide.unchecked [3,3]
lifted case completed: lifted.i32.divide.unchecked [3,3] in 3.103s
lifted case start: lifted.i32.divide.unchecked [3,4]
lifted case completed: lifted.i32.divide.unchecked [3,4] in 3.040s
lifted case start: lifted.i32.divide.unchecked [3,5]
lifted case completed: lifted.i32.divide.unchecked [3,5] in 2.591s
lifted case start: lifted.i32.divide.unchecked [4,0]
lifted case completed: lifted.i32.divide.unchecked [4,0] in 0.016s
lifted case start: lifted.i32.divide.unchecked [4,1]
lifted case completed: lifted.i32.divide.unchecked [4,1] in 0.249s
lifted case start: lifted.i32.divide.unchecked [4,2]
lifted case completed: lifted.i32.divide.unchecked [4,2] in 4.273s
lifted case start: lifted.i32.divide.unchecked [4,3]
lifted case completed: lifted.i32.divide.unchecked [4,3] in 2.041s
lifted case start: lifted.i32.divide.unchecked [4,4]
lifted case completed: lifted.i32.divide.unchecked [4,4] in 4.098s
lifted case start: lifted.i32.divide.unchecked [4,5]
lifted case completed: lifted.i32.divide.unchecked [4,5] in 3.890s
lifted case start: lifted.i32.divide.unchecked [5,0]
lifted case completed: lifted.i32.divide.unchecked [5,0] in 0.005s
lifted case start: lifted.i32.divide.unchecked [5,1]
lifted case completed: lifted.i32.divide.unchecked [5,1] in 0.169s
lifted case start: lifted.i32.divide.unchecked [5,2]
lifted case completed: lifted.i32.divide.unchecked [5,2] in 2.776s
lifted case start: lifted.i32.divide.unchecked [5,3]
lifted case completed: lifted.i32.divide.unchecked [5,3] in 2.773s
lifted case start: lifted.i32.divide.unchecked [5,4]
lifted case completed: lifted.i32.divide.unchecked [5,4] in 2.884s
lifted case start: lifted.i32.divide.unchecked [5,5]
lifted case completed: lifted.i32.divide.unchecked [5,5] in 3.250s
lifted runtime completed: lifted.i32.divide.unchecked in 59.288s
lifted data i32-unchecked: 6 definitions, 6 SSA points, 72 observations
lifted data i64: 5 definitions, 5 SSA points, 72 observations
lifted data f32: 6 definitions, 6 SSA points, 72 observations
lifted data f64: 6 definitions, 6 SSA points, 72 observations
lifted data decimal: 6 definitions, 6 SSA points, 72 observations
ok

test result: ok. 1 passed; 0 failed; 0 ignored; 0 measured; 308 filtered out; finished in 62.17s

