    Finished `release` profile [optimized] target(s) in 0.04s
     Running tests/csharp_practical_vc.rs (target/release/deps/csharp_practical_vc-0951b3e219e92435)

running 1 test
test ordinary_carriers::public_domain_tests::contract_expression_tests::lifted_data_tests::csharp_03_t06_w09_lifted_data_original_source ... lifted data bool: 5 definitions, 5 SSA points, 0 observations
lifted data i32-checked: 13 definitions, 13 SSA points, 0 observations
lifted data i32-unchecked: 6 definitions, 6 SSA points, 0 observations
lifted data i64: 5 definitions, 5 SSA points, 0 observations
lifted data f32: 6 definitions, 6 SSA points, 0 observations
lifted data f64: 6 definitions, 6 SSA points, 0 observations
lifted runtime start: lifted.decimal.less_equal.unchecked
lifted case start: lifted.decimal.less_equal.unchecked [0,0]
lifted case completed: lifted.decimal.less_equal.unchecked [0,0] in 0.000s
lifted case start: lifted.decimal.less_equal.unchecked [0,1]
lifted case completed: lifted.decimal.less_equal.unchecked [0,1] in 0.000s
lifted case start: lifted.decimal.less_equal.unchecked [0,2]
lifted case completed: lifted.decimal.less_equal.unchecked [0,2] in 0.000s
lifted case start: lifted.decimal.less_equal.unchecked [0,3]
lifted case completed: lifted.decimal.less_equal.unchecked [0,3] in 0.000s
lifted case start: lifted.decimal.less_equal.unchecked [1,0]
lifted case completed: lifted.decimal.less_equal.unchecked [1,0] in 0.001s
lifted case start: lifted.decimal.less_equal.unchecked [1,1]
lifted case completed: lifted.decimal.less_equal.unchecked [1,1] in 49.181s
lifted case start: lifted.decimal.less_equal.unchecked [1,2]
lifted case completed: lifted.decimal.less_equal.unchecked [1,2] in 45.151s
lifted case start: lifted.decimal.less_equal.unchecked [1,3]
lifted case completed: lifted.decimal.less_equal.unchecked [1,3] in 48.035s
lifted case start: lifted.decimal.less_equal.unchecked [2,0]
lifted case completed: lifted.decimal.less_equal.unchecked [2,0] in 0.001s
lifted case start: lifted.decimal.less_equal.unchecked [2,1]
lifted case completed: lifted.decimal.less_equal.unchecked [2,1] in 45.357s
lifted case start: lifted.decimal.less_equal.unchecked [2,2]
lifted case completed: lifted.decimal.less_equal.unchecked [2,2] in 43.015s
lifted case start: lifted.decimal.less_equal.unchecked [2,3]
lifted case completed: lifted.decimal.less_equal.unchecked [2,3] in 43.313s
lifted case start: lifted.decimal.less_equal.unchecked [3,0]
lifted case completed: lifted.decimal.less_equal.unchecked [3,0] in 0.001s
lifted case start: lifted.decimal.less_equal.unchecked [3,1]
lifted case completed: lifted.decimal.less_equal.unchecked [3,1] in 43.913s
lifted case start: lifted.decimal.less_equal.unchecked [3,2]
lifted case completed: lifted.decimal.less_equal.unchecked [3,2] in 43.142s
lifted case start: lifted.decimal.less_equal.unchecked [3,3]
lifted case completed: lifted.decimal.less_equal.unchecked [3,3] in 43.835s
lifted runtime completed: lifted.decimal.less_equal.unchecked in 404.945s
lifted data decimal: 6 definitions, 6 SSA points, 32 observations
ok

test result: ok. 1 passed; 0 failed; 0 ignored; 0 measured; 308 filtered out; finished in 408.29s

