
running 1 test
test ordinary_carriers::public_domain_tests::contract_expression_tests::string_data_tests::csharp_03_t06_w09_string_data_original_source ... string runtime start: basic-nonnull string.length
string case start: basic-nonnull string.length [0]
string case completed: basic-nonnull string.length [0] in 0.004s
string case start: basic-nonnull string.length [1]
string case completed: basic-nonnull string.length [1] in 0.003s
string runtime completed: basic-nonnull string.length in 0.007s
string runtime start: basic-nonnull string.index
string case start: basic-nonnull string.index [0]
string case completed: basic-nonnull string.index [0] in 0.021s
string case start: basic-nonnull string.index [1]
string data string.index: Some("index_range"), raw conditions [false, true]
string case completed: basic-nonnull string.index [1] in 0.024s
string case start: basic-nonnull string.index [2]
string data string.index: Some("index_range"), raw conditions [false, true]
string case completed: basic-nonnull string.index [2] in 0.025s
string runtime completed: basic-nonnull string.index in 0.069s
string runtime start: basic-nonnull string.is_null_or_empty
string case start: basic-nonnull string.is_null_or_empty [0]
string case completed: basic-nonnull string.is_null_or_empty [0] in 0.004s
string case start: basic-nonnull string.is_null_or_empty [1]
string case completed: basic-nonnull string.is_null_or_empty [1] in 0.004s
string runtime completed: basic-nonnull string.is_null_or_empty in 0.008s
string data source basic-nonnull: 3 definitions, 3 use points, 0 pending
string runtime start: basic-nullable string.length
string case start: basic-nullable string.length [0]
string case completed: basic-nullable string.length [0] in 0.006s
string case start: basic-nullable string.length [1]
string case completed: basic-nullable string.length [1] in 0.006s
string case start: basic-nullable string.length [2]
string data string.length: Some("exception.null_receiver"), raw conditions [true]
string case completed: basic-nullable string.length [2] in 0.004s
string runtime completed: basic-nullable string.length in 0.016s
string runtime start: basic-nullable string.index
string case start: basic-nullable string.index [0]
string case completed: basic-nullable string.index [0] in 0.024s
string case start: basic-nullable string.index [1]
string data string.index: Some("index_range"), raw conditions [false, true]
string case completed: basic-nullable string.index [1] in 0.027s
string case start: basic-nullable string.index [2]
string data string.index: Some("exception.null_receiver"), raw conditions [true, true]
string case completed: basic-nullable string.index [2] in 0.014s
string case start: basic-nullable string.index [3]
string data string.index: Some("index_range"), raw conditions [false, true]
string case completed: basic-nullable string.index [3] in 0.028s
string runtime completed: basic-nullable string.index in 0.094s
string runtime start: basic-nullable string.is_null_or_empty
string case start: basic-nullable string.is_null_or_empty [0]
string case completed: basic-nullable string.is_null_or_empty [0] in 0.005s
string case start: basic-nullable string.is_null_or_empty [1]
string case completed: basic-nullable string.is_null_or_empty [1] in 0.005s
string case start: basic-nullable string.is_null_or_empty [2]
string case completed: basic-nullable string.is_null_or_empty [2] in 0.002s
string runtime completed: basic-nullable string.is_null_or_empty in 0.012s
string data source basic-nullable: 3 definitions, 3 use points, 1 pending
string data source construction-nonnull: 10 definitions, 10 use points, 0 pending
string data source construction-nullable: 10 definitions, 10 use points, 1 pending
string data source ordinal-nonnull: 8 definitions, 8 use points, 0 pending
string data source ordinal-nullable: 8 definitions, 8 use points, 1 pending
string data source native-nonnull: 5 definitions, 5 use points, 0 pending
string data source native-nullable: 5 definitions, 5 use points, 1 pending
string data source: 52 use points, 34 result/guard cases
string data unique observed operations: 6
ok

test result: ok. 1 passed; 0 failed; 0 ignored; 0 measured; 308 filtered out; finished in 1.18s

