
running 1 test
test ordinary_carriers::public_domain_tests::contract_expression_tests::string_data_tests::csharp_03_t06_w09_string_data_original_source ... string data source basic-nonnull: 3 definitions, 3 use points, 0 pending
string runtime start: basic-nullable string.index
string case start: basic-nullable string.index [0]
string case completed: basic-nullable string.index [0] in 0.028s
string case start: basic-nullable string.index [1]
string data string.index: Some("index_range"), raw conditions [false, true]
string case completed: basic-nullable string.index [1] in 0.030s
string case start: basic-nullable string.index [2]
string data string.index: Some("exception.null_receiver"), raw conditions [true, true]
string case completed: basic-nullable string.index [2] in 0.016s
string case start: basic-nullable string.index [3]
string data string.index: Some("index_range"), raw conditions [false, true]
string case completed: basic-nullable string.index [3] in 0.033s
string runtime completed: basic-nullable string.index in 0.106s
string data source basic-nullable: 3 definitions, 3 use points, 1 pending
string data source construction-nonnull: 10 definitions, 10 use points, 0 pending
string data source construction-nullable: 10 definitions, 10 use points, 1 pending
string data source ordinal-nonnull: 8 definitions, 8 use points, 0 pending
string data source ordinal-nullable: 8 definitions, 8 use points, 1 pending
string data source native-nonnull: 5 definitions, 5 use points, 0 pending
string data source native-nullable: 5 definitions, 5 use points, 1 pending
string data source: 52 use points, 8 result/guard cases
string data unique observed operations: 1
ok

test result: ok. 1 passed; 0 failed; 0 ignored; 0 measured; 308 filtered out; finished in 1.18s

