
running 1 test
test ordinary_carriers::public_domain_tests::contract_expression_tests::string_data_tests::csharp_03_t06_w09_string_data_original_source ... string data source basic-nonnull: 3 definitions, 3 use points, 0 pending
string data source basic-nullable: 3 definitions, 3 use points, 1 pending
string data source construction-nonnull: 10 definitions, 10 use points, 0 pending
string data source construction-nullable: 10 definitions, 10 use points, 1 pending
string runtime start: ordinal-nonnull string.equality.operator
string case start: ordinal-nonnull string.equality.operator [0]
string case completed: ordinal-nonnull string.equality.operator [0] in 0.007s
string case start: ordinal-nonnull string.equality.operator [1]
string case completed: ordinal-nonnull string.equality.operator [1] in 0.161s
string runtime completed: ordinal-nonnull string.equality.operator in 0.168s
string runtime start: ordinal-nonnull string.inequality.operator
string case start: ordinal-nonnull string.inequality.operator [0]
string case completed: ordinal-nonnull string.inequality.operator [0] in 0.007s
string case start: ordinal-nonnull string.inequality.operator [1]
string case completed: ordinal-nonnull string.inequality.operator [1] in 0.161s
string runtime completed: ordinal-nonnull string.inequality.operator in 0.168s
string runtime start: ordinal-nonnull string.equals.ordinal
string case start: ordinal-nonnull string.equals.ordinal [0]
string case completed: ordinal-nonnull string.equals.ordinal [0] in 0.007s
string case start: ordinal-nonnull string.equals.ordinal [1]
string case completed: ordinal-nonnull string.equals.ordinal [1] in 0.162s
string runtime completed: ordinal-nonnull string.equals.ordinal in 0.169s
string runtime start: ordinal-nonnull string.equals.instance.ordinal
string case start: ordinal-nonnull string.equals.instance.ordinal [0]
string case completed: ordinal-nonnull string.equals.instance.ordinal [0] in 0.009s
string case start: ordinal-nonnull string.equals.instance.ordinal [1]
string case completed: ordinal-nonnull string.equals.instance.ordinal [1] in 0.165s
string runtime completed: ordinal-nonnull string.equals.instance.ordinal in 0.175s
string runtime start: ordinal-nonnull string.compare.ordinal
string case start: ordinal-nonnull string.compare.ordinal [0]
string case completed: ordinal-nonnull string.compare.ordinal [0] in 0.736s
string case start: ordinal-nonnull string.compare.ordinal [1]
string case completed: ordinal-nonnull string.compare.ordinal [1] in 0.172s
string runtime completed: ordinal-nonnull string.compare.ordinal in 0.908s
string runtime start: ordinal-nonnull string.contains.ordinal
string case start: ordinal-nonnull string.contains.ordinal [0]
string case completed: ordinal-nonnull string.contains.ordinal [0] in 1.699s
string case start: ordinal-nonnull string.contains.ordinal [1]
string case completed: ordinal-nonnull string.contains.ordinal [1] in 0.023s
string runtime completed: ordinal-nonnull string.contains.ordinal in 1.723s
string runtime start: ordinal-nonnull string.starts_with.ordinal
string case start: ordinal-nonnull string.starts_with.ordinal [0]
string case completed: ordinal-nonnull string.starts_with.ordinal [0] in 0.814s
string case start: ordinal-nonnull string.starts_with.ordinal [1]
string case completed: ordinal-nonnull string.starts_with.ordinal [1] in 0.022s
string runtime completed: ordinal-nonnull string.starts_with.ordinal in 0.836s
string runtime start: ordinal-nonnull string.ends_with.ordinal
string case start: ordinal-nonnull string.ends_with.ordinal [0]
string case completed: ordinal-nonnull string.ends_with.ordinal [0] in 0.698s
string case start: ordinal-nonnull string.ends_with.ordinal [1]
string case completed: ordinal-nonnull string.ends_with.ordinal [1] in 0.019s
string runtime completed: ordinal-nonnull string.ends_with.ordinal in 0.717s
string data source ordinal-nonnull: 8 definitions, 8 use points, 0 pending
string runtime start: ordinal-nullable string.equality.operator
string case start: ordinal-nullable string.equality.operator [0]
string case completed: ordinal-nullable string.equality.operator [0] in 0.009s
string case start: ordinal-nullable string.equality.operator [1]
string case completed: ordinal-nullable string.equality.operator [1] in 0.163s
string case start: ordinal-nullable string.equality.operator [2]
string case completed: ordinal-nullable string.equality.operator [2] in 0.005s
string case start: ordinal-nullable string.equality.operator [3]
string case completed: ordinal-nullable string.equality.operator [3] in 0.004s
string runtime completed: ordinal-nullable string.equality.operator in 0.182s
string runtime start: ordinal-nullable string.inequality.operator
string case start: ordinal-nullable string.inequality.operator [0]
string case completed: ordinal-nullable string.inequality.operator [0] in 0.009s
string case start: ordinal-nullable string.inequality.operator [1]
string case completed: ordinal-nullable string.inequality.operator [1] in 0.167s
string case start: ordinal-nullable string.inequality.operator [2]
string case completed: ordinal-nullable string.inequality.operator [2] in 0.005s
string case start: ordinal-nullable string.inequality.operator [3]
string case completed: ordinal-nullable string.inequality.operator [3] in 0.004s
string runtime completed: ordinal-nullable string.inequality.operator in 0.185s
string runtime start: ordinal-nullable string.equals.ordinal
string case start: ordinal-nullable string.equals.ordinal [0]
string case completed: ordinal-nullable string.equals.ordinal [0] in 0.010s
string case start: ordinal-nullable string.equals.ordinal [1]
string case completed: ordinal-nullable string.equals.ordinal [1] in 0.178s
string case start: ordinal-nullable string.equals.ordinal [2]
string case completed: ordinal-nullable string.equals.ordinal [2] in 0.013s
string case start: ordinal-nullable string.equals.ordinal [3]
string case completed: ordinal-nullable string.equals.ordinal [3] in 0.005s
string runtime completed: ordinal-nullable string.equals.ordinal in 0.205s
string runtime start: ordinal-nullable string.equals.instance.ordinal
string case start: ordinal-nullable string.equals.instance.ordinal [0]
string case completed: ordinal-nullable string.equals.instance.ordinal [0] in 0.020s
string case start: ordinal-nullable string.equals.instance.ordinal [1]
string case completed: ordinal-nullable string.equals.instance.ordinal [1] in 0.182s
string case start: ordinal-nullable string.equals.instance.ordinal [2]
string data string.equals.instance.ordinal: Some("exception.null_receiver"), raw conditions [true]
string case completed: ordinal-nullable string.equals.instance.ordinal [2] in 0.009s
string case start: ordinal-nullable string.equals.instance.ordinal [3]
string case completed: ordinal-nullable string.equals.instance.ordinal [3] in 0.011s
string runtime completed: ordinal-nullable string.equals.instance.ordinal in 0.222s
string runtime start: ordinal-nullable string.compare.ordinal
string case start: ordinal-nullable string.compare.ordinal [0]
string case completed: ordinal-nullable string.compare.ordinal [0] in 0.829s
string case start: ordinal-nullable string.compare.ordinal [1]
string case completed: ordinal-nullable string.compare.ordinal [1] in 0.198s
string case start: ordinal-nullable string.compare.ordinal [2]
string case completed: ordinal-nullable string.compare.ordinal [2] in 0.007s
string case start: ordinal-nullable string.compare.ordinal [3]
string case completed: ordinal-nullable string.compare.ordinal [3] in 0.006s
string runtime completed: ordinal-nullable string.compare.ordinal in 1.040s
string runtime start: ordinal-nullable string.contains.ordinal
string case start: ordinal-nullable string.contains.ordinal [0]
string case completed: ordinal-nullable string.contains.ordinal [0] in 1.656s
string case start: ordinal-nullable string.contains.ordinal [1]
string case completed: ordinal-nullable string.contains.ordinal [1] in 0.027s
string case start: ordinal-nullable string.contains.ordinal [2]
string data string.contains.ordinal: Some("exception.null_receiver"), raw conditions [true, false]
string case completed: ordinal-nullable string.contains.ordinal [2] in 0.013s
string case start: ordinal-nullable string.contains.ordinal [3]
string data string.contains.ordinal: Some("exception.null_argument"), raw conditions [false, true]
string case completed: ordinal-nullable string.contains.ordinal [3] in 0.013s
string runtime completed: ordinal-nullable string.contains.ordinal in 1.709s
string runtime start: ordinal-nullable string.starts_with.ordinal
string case start: ordinal-nullable string.starts_with.ordinal [0]
string case completed: ordinal-nullable string.starts_with.ordinal [0] in 0.709s
string case start: ordinal-nullable string.starts_with.ordinal [1]
string case completed: ordinal-nullable string.starts_with.ordinal [1] in 0.026s
string case start: ordinal-nullable string.starts_with.ordinal [2]
string data string.starts_with.ordinal: Some("exception.null_receiver"), raw conditions [true, false]
string case completed: ordinal-nullable string.starts_with.ordinal [2] in 0.013s
string case start: ordinal-nullable string.starts_with.ordinal [3]
string data string.starts_with.ordinal: Some("exception.null_argument"), raw conditions [false, true]
string case completed: ordinal-nullable string.starts_with.ordinal [3] in 0.013s
string runtime completed: ordinal-nullable string.starts_with.ordinal in 0.763s
string runtime start: ordinal-nullable string.ends_with.ordinal
string case start: ordinal-nullable string.ends_with.ordinal [0]
string case completed: ordinal-nullable string.ends_with.ordinal [0] in 0.620s
string case start: ordinal-nullable string.ends_with.ordinal [1]
string case completed: ordinal-nullable string.ends_with.ordinal [1] in 0.026s
string case start: ordinal-nullable string.ends_with.ordinal [2]
string data string.ends_with.ordinal: Some("exception.null_receiver"), raw conditions [true, false]
string case completed: ordinal-nullable string.ends_with.ordinal [2] in 0.013s
string case start: ordinal-nullable string.ends_with.ordinal [3]
string data string.ends_with.ordinal: Some("exception.null_argument"), raw conditions [false, true]
string case completed: ordinal-nullable string.ends_with.ordinal [3] in 0.013s
string runtime completed: ordinal-nullable string.ends_with.ordinal in 0.674s
string data source ordinal-nullable: 8 definitions, 8 use points, 1 pending
string data source native-nonnull: 5 definitions, 5 use points, 0 pending
string data source native-nullable: 5 definitions, 5 use points, 1 pending
string data source: 52 use points, 96 result/guard cases
string data unique observed operations: 16
ok

test result: ok. 1 passed; 0 failed; 0 ignored; 0 measured; 308 filtered out; finished in 10.78s

