
running 1 test
test ordinary_carriers::public_domain_tests::contract_expression_tests::string_data_tests::csharp_03_t06_w09_string_data_original_source ... string data source basic-nonnull: 3 definitions, 3 use points, 0 pending
string data source basic-nullable: 3 definitions, 3 use points, 1 pending
string data source construction-nonnull: 10 definitions, 10 use points, 0 pending
string data source construction-nullable: 10 definitions, 10 use points, 1 pending
string data source ordinal-nonnull: 8 definitions, 8 use points, 0 pending
string data source ordinal-nullable: 8 definitions, 8 use points, 1 pending
string data source native-nonnull: 5 definitions, 5 use points, 0 pending
string data source native-nullable: 5 definitions, 5 use points, 1 pending
string data source: 52 use points, 0 result/guard cases
string data unique observed operations: 0

thread 'ordinary_carriers::public_domain_tests::contract_expression_tests::string_data_tests::csharp_03_t06_w09_string_data_original_source' (6204248) panicked at crates/mpk-vc/tests/support/csharp_practical_ordinary_string_data_tests.rs:343:5:
assertion `left == right` failed
  left: false
 right: true
note: run with `RUST_BACKTRACE=1` environment variable to display a backtrace
FAILED

failures:

failures:
    ordinary_carriers::public_domain_tests::contract_expression_tests::string_data_tests::csharp_03_t06_w09_string_data_original_source

test result: FAILED. 0 passed; 1 failed; 0 ignored; 0 measured; 308 filtered out; finished in 0.90s

