
running 1 test
test ordinary_carriers::projection_tests::binding_relation_tests::concrete_type_tests::csharp_03_t06_w09_concrete_types_original_predicates ... concrete type predicates complete binding-vc-boundary_field
concrete type predicates complete binding-vc-bounded_sequence
concrete type predicates complete binding-vc-instant
concrete type predicates complete binding-vc-lookup
concrete type predicates complete binding-vc-money
concrete type predicates complete binding-vc-option
concrete type predicates complete binding-vc-ordered_entry
concrete type predicates complete binding-vc-ordered_map
concrete type predicates complete binding-vc-ordered_set
concrete type predicates complete binding-vc-result
concrete type predicates complete binding-vc-transition
concrete type predicates complete binding-vc-validation
concrete type predicates complete bool-construction
concrete type predicates complete bool-float-entry
concrete type predicates complete boundary-exception-empty
concrete type predicates complete boundary-exception-payload
concrete type predicates complete boundary-map-compound
concrete type predicates complete boundary-map-decimal
concrete type predicates complete boundary-map-string
concrete type predicates complete boundary-set-decimal
concrete type predicates complete boundary-total-cells
concrete type predicates complete complete-snapshot
concrete type predicates complete construction-vc-enum_zero
concrete type predicates complete construction-vc-positive_constructor
concrete type predicates complete date
concrete type predicates complete enum-construction
concrete type predicates complete exception-vc-allowed
concrete type predicates complete extra-bool-float-map
concrete type predicates complete extra-bool-nullable-map
concrete type predicates complete extra-lookup-nullable
concrete type predicates complete extra-shared-lookup-maps
concrete type predicates complete extra-validation-bool
concrete type predicates complete extra-validation-product
concrete type predicates complete float-sequence
concrete type predicates complete floats
concrete type predicates complete guid
concrete type predicates complete nested-box
concrete type predicates complete nullable-float
concrete type predicates complete nullable-string-default
concrete type predicates complete parse-error-contract
concrete type predicates complete product-construction
concrete type predicates complete string
concrete type predicates complete unit-void-source
concrete type predicates complete remapped-boundary-sequence
concrete type predicates complete float-make-commutation
concrete type predicates: 405 observations, 325 admitted, 80 rejected, 405 false mutated conditions
ok

test result: ok. 1 passed; 0 failed; 0 ignored; 0 measured; 381 filtered out; finished in 427.33s

