   Compiling mpk-vc v0.1.0 (/Users/kazuyoshitoshiya/mpk/crates/mpk-vc)
    Finished `release` profile [optimized] target(s) in 44.20s
     Running tests/csharp_practical_vc.rs (target/release/deps/csharp_practical_vc-0951b3e219e92435)

running 5 tests
test ordinary_carriers::collection_tests::csharp_03_t06_w09_collections_original_source_certificates ... collection certificate binding-vc-ordered_map: 5655 terms, 165 declarations
collection certificate binding-vc-ordered_set: 5368 terms, 142 declarations
collection certificate boundary-map-string: 7554 terms, 226 declarations
collection certificate boundary-map-decimal: 43437 terms, 491 declarations
collection certificate boundary-set-decimal: 42971 terms, 444 declarations
collection certificate boundary-map-compound: 7643 terms, 234 declarations
collection certificate extra-bool-float-map: 6865 terms, 171 declarations
collection certificate extra-bool-nullable-map: 6067 terms, 202 declarations
collection certificate extra-shared-lookup-maps: 6159 terms, 209 declarations
ok
test ordinary_carriers::literal_tests::json_token_tests::csharp_03_t06_w09_structural_boundary_original_sources ... Structural boundary document-7a157feb27ed416752b5dde8aa2bf373b9a2c82755d2caa89e955057176ee57b: 150612 terms, 2373 declarations, 7621 transformers, 2433 checked dependency declarations
Structural boundary document-decb5507362a7672c711a5befd63efc1038c2c0a86ee20137a1c4c472e0d1684: 122494 terms, 2248 declarations, 7308 transformers, 2300 checked dependency declarations
Structural boundary document-6b96fc4eed95a1d33fa5784b9062f02fa07ac65b6aef2b4100bb91e9c2f1a613: 113682 terms, 1848 declarations, 7236 transformers, 1873 checked dependency declarations
Structural boundary unit-void-source: 4449 terms, 169 declarations, 33 transformers, 177 checked dependency declarations
ok
test ordinary_carriers::public_domain_tests::csharp_03_t06_w09_structural_public_composes_existing_definitions ... ok
test ordinary_carriers::sequence_tests::csharp_03_t06_w09_sequences_original_source_certificates ... sequence source binding-vc-validation: 1 instances
sequence source binding-vc-transition: 1 instances
sequence source binding-vc-bounded_sequence: 1 instances
sequence source binding-vc-ordered_map: 2 instances
sequence source binding-vc-ordered_set: 1 instances
sequence source nested-box: 1 instances
sequence source boundary-map-string: 2 instances
sequence source boundary-map-decimal: 2 instances
sequence source boundary-set-decimal: 1 instances
sequence source boundary-map-compound: 2 instances
sequence source boundary-total-cells: 1 instances
sequence source float-sequence: 1 instances
sequence certificates: 12 source contexts; no value observations in this pass
ok
test ordinary_carriers::transition_ops_tests::csharp_03_t06_w09_transition_operations_integrated_definition_closure ... transition integration: 3 contexts, 291 exact transitive definitions; prior terms/declarations preserved
ok

test result: ok. 5 passed; 0 failed; 0 ignored; 0 measured; 360 filtered out; finished in 19.48s

