Diff in /Users/kazuyoshitoshiya/mpk/crates/mpk-vc/src/csharp_practical_ordinary_source_clauses.rs:1755:
 #[path = "csharp_practical_ordinary_floating_data.rs"]
 mod floating_data;
 pub use floating_data::{
-    generate_csharp_practical_ordinary_floating_data, import_csharp_practical_ordinary_floating_data,
-    OrdinaryFloatingDataDefinition, OrdinaryFloatingDataOperation, OrdinaryFloatingDataProgram,
+    generate_csharp_practical_ordinary_floating_data,
+    import_csharp_practical_ordinary_floating_data, OrdinaryFloatingDataDefinition,
+    OrdinaryFloatingDataOperation, OrdinaryFloatingDataProgram,
 };
 
Diff in /Users/kazuyoshitoshiya/mpk/crates/mpk-vc/src/csharp_practical_ordinary_structural.rs:958:
 };
 
 pub use source_clauses::{
-    generate_csharp_practical_ordinary_floating_data, import_csharp_practical_ordinary_floating_data,
-    OrdinaryFloatingDataDefinition, OrdinaryFloatingDataOperation, OrdinaryFloatingDataProgram,
+    generate_csharp_practical_ordinary_floating_data,
+    import_csharp_practical_ordinary_floating_data, OrdinaryFloatingDataDefinition,
+    OrdinaryFloatingDataOperation, OrdinaryFloatingDataProgram,
 };
 
Diff in /Users/kazuyoshitoshiya/mpk/crates/mpk-vc/src/csharp_practical_ordinary_carriers.rs:1502:
 };
 
 pub use structural::{
-    generate_csharp_practical_ordinary_floating_data, import_csharp_practical_ordinary_floating_data,
-    OrdinaryFloatingDataDefinition, OrdinaryFloatingDataOperation, OrdinaryFloatingDataProgram,
+    generate_csharp_practical_ordinary_floating_data,
+    import_csharp_practical_ordinary_floating_data, OrdinaryFloatingDataDefinition,
+    OrdinaryFloatingDataOperation, OrdinaryFloatingDataProgram,
 };
 
Diff in /Users/kazuyoshitoshiya/mpk/crates/mpk-vc/src/csharp_practical_vir_model.rs:7707:
 };
 
 pub use ordinary_carriers::{
-    generate_csharp_practical_ordinary_floating_data, import_csharp_practical_ordinary_floating_data,
-    OrdinaryFloatingDataDefinition, OrdinaryFloatingDataOperation, OrdinaryFloatingDataProgram,
+    generate_csharp_practical_ordinary_floating_data,
+    import_csharp_practical_ordinary_floating_data, OrdinaryFloatingDataDefinition,
+    OrdinaryFloatingDataOperation, OrdinaryFloatingDataProgram,
 };
 
