
running 1 test
test ordinary_carriers::public_domain_tests::contract_expression_tests::ownership_flow_tests::csharp_03_t06_w09_ownership_equation_runtime ... ownership equations start: 27bf71b9691bff9bf271182a00171dcaf676eca9d77b8102e07cd1facfc6dd09, 60 equations
ownership equations end: 27bf71b9691bff9bf271182a00171dcaf676eca9d77b8102e07cd1facfc6dd09
ownership equations 27bf71b9691bff9bf271182a00171dcaf676eca9d77b8102e07cd1facfc6dd09: 1 functions, 60 equations, 129 observations, 31826 certificate bytes
ownership equations start: b85dd77635fb03689bd82d5b31d1088a0f49d29f414ec392e08af68e4d0c46c9, 50 equations
ownership equations end: b85dd77635fb03689bd82d5b31d1088a0f49d29f414ec392e08af68e4d0c46c9
ownership equations b85dd77635fb03689bd82d5b31d1088a0f49d29f414ec392e08af68e4d0c46c9: 1 functions, 50 equations, 106 observations, 26694 certificate bytes
ownership equations start: dcb1bfeae19deccb577dce44cd239e814c6ca65f71bb32d8005af44a572fa358, 40 equations
ownership equations end: dcb1bfeae19deccb577dce44cd239e814c6ca65f71bb32d8005af44a572fa358
ownership equations dcb1bfeae19deccb577dce44cd239e814c6ca65f71bb32d8005af44a572fa358: 1 functions, 40 equations, 86 observations, 21994 certificate bytes
ownership equations start: eight-live, 100 equations
ownership equations end: eight-live
ownership equations eight-live: 1 functions, 100 equations, 201 observations, 62036 certificate bytes
ownership equations start: two-origins, 86 equations

thread '<unnamed>' (7130294) panicked at crates/mpk-vc/tests/support/csharp_practical_ordinary_ownership_flow_tests.rs:482:34:
multiple live origins have an identity transition
note: run with `RUST_BACKTRACE=1` environment variable to display a backtrace

thread 'ordinary_carriers::public_domain_tests::contract_expression_tests::ownership_flow_tests::csharp_03_t06_w09_ownership_equation_runtime' (7130293) panicked at crates/mpk-vc/tests/support/csharp_practical_ordinary_ownership_flow_tests.rs:182:10:
called `Result::unwrap()` on an `Err` value: Any { .. }
FAILED

failures:

failures:
    ordinary_carriers::public_domain_tests::contract_expression_tests::ownership_flow_tests::csharp_03_t06_w09_ownership_equation_runtime

test result: FAILED. 0 passed; 1 failed; 0 ignored; 0 measured; 321 filtered out; finished in 2.98s

