
running 1 test
test ordinary_carriers::public_domain_tests::contract_expression_tests::ownership_flow_tests::csharp_03_t06_w09_ownership_equation_runtime ... ownership equations start: 27bf71b9691bff9bf271182a00171dcaf676eca9d77b8102e07cd1facfc6dd09, 60 equations
ownership equations end: 27bf71b9691bff9bf271182a00171dcaf676eca9d77b8102e07cd1facfc6dd09
ownership equations 27bf71b9691bff9bf271182a00171dcaf676eca9d77b8102e07cd1facfc6dd09: 1 functions, 60 equations, 129 observations, 31826 certificate bytes
ownership equations start: b85dd77635fb03689bd82d5b31d1088a0f49d29f414ec392e08af68e4d0c46c9, 50 equations
ownership equations end: b85dd77635fb03689bd82d5b31d1088a0f49d29f414ec392e08af68e4d0c46c9
ownership equations b85dd77635fb03689bd82d5b31d1088a0f49d29f414ec392e08af68e4d0c46c9: 1 functions, 50 equations, 106 observations, 26694 certificate bytes
ownership equations start: dcb1bfeae19deccb577dce44cd239e814c6ca65f71bb32d8005af44a572fa358, 40 equations
ownership equations end: dcb1bfeae19deccb577dce44cd239e814c6ca65f71bb32d8005af44a572fa358
ownership equations dcb1bfeae19deccb577dce44cd239e814c6ca65f71bb32d8005af44a572fa358: 1 functions, 40 equations, 86 observations, 21994 certificate bytes
ownership equations start: eight-live, 100 equations
ownership equations end: eight-live
ownership equations eight-live: 1 functions, 100 equations, 201 observations, 62036 certificate bytes
ownership equations start: two-origins, 86 equations
ownership equations end: two-origins
ownership equations two-origins: 1 functions, 86 equations, 181 observations, 45061 certificate bytes
ownership equations start: index_update, 350 equations
ownership equations end: index_update
ownership equations index_update: 1 functions, 350 equations, 712 observations, 170600 certificate bytes
ownership equations start: count_fill, 846 equations
ownership equations end: count_fill
ownership equations count_fill: 1 functions, 846 equations, 1698 observations, 407618 certificate bytes
ownership equations start: sort, 964 equations
ownership equations end: sort
ownership equations sort: 1 functions, 964 equations, 1952 observations, 466183 certificate bytes
ownership equations start: dedup, 988 equations
ownership equations end: dedup
ownership equations dedup: 1 functions, 988 equations, 1982 observations, 475032 certificate bytes
ownership equations start: duplicate_replace, 694 equations
ownership equations end: duplicate_replace
ownership equations duplicate_replace: 1 functions, 694 equations, 1400 observations, 335938 certificate bytes
ownership equations start: array_initializer_catch, 187 equations
ownership equations end: array_initializer_catch
ownership equations array_initializer_catch: 1 functions, 187 equations, 381 observations, 92258 certificate bytes
ownership equations start: array_finally_abandon, 1634 equations
ownership equations end: array_finally_abandon
ownership equations array_finally_abandon: 1 functions, 1634 equations, 3256 observations, 779005 certificate bytes
ownership equations start: array_publish_then_catch, 195 equations
ownership equations end: array_publish_then_catch
ownership equations array_publish_then_catch: 1 functions, 195 equations, 397 observations, 96196 certificate bytes
ownership equations start: array_return_finally, 1263 equations
ownership equations end: array_return_finally
ownership equations array_return_finally: 1 functions, 1263 equations, 2518 observations, 602766 certificate bytes
ok

test result: ok. 1 passed; 0 failed; 0 ignored; 0 measured; 321 filtered out; finished in 8.11s

