=== RUN   TestCheckerAgreementWithRustCLIContractExpressions
=== RUN   TestCheckerAgreementWithRustCLIContractExpressions/multiowner-partial-source.hex
=== RUN   TestCheckerAgreementWithRustCLIContractExpressions/multiowner-partial.hex
=== RUN   TestCheckerAgreementWithRustCLIContractExpressions/multiowner-total-integrated.hex
=== RUN   TestCheckerAgreementWithRustCLIContractExpressions/multiowner-total-source.hex
=== RUN   TestCheckerAgreementWithRustCLIContractExpressions/multiowner-total.hex
=== RUN   TestCheckerAgreementWithRustCLIContractExpressions/old-result.hex
=== RUN   TestCheckerAgreementWithRustCLIContractExpressions/partial_without_measure.hex
=== RUN   TestCheckerAgreementWithRustCLIContractExpressions/total_descending.hex
=== RUN   TestCheckerAgreementWithRustCLIContractExpressions/total_variable.hex
--- PASS: TestCheckerAgreementWithRustCLIContractExpressions (15.89s)
    --- PASS: TestCheckerAgreementWithRustCLIContractExpressions/multiowner-partial-source.hex (1.84s)
    --- PASS: TestCheckerAgreementWithRustCLIContractExpressions/multiowner-partial.hex (1.55s)
    --- PASS: TestCheckerAgreementWithRustCLIContractExpressions/multiowner-total-integrated.hex (3.84s)
    --- PASS: TestCheckerAgreementWithRustCLIContractExpressions/multiowner-total-source.hex (1.55s)
    --- PASS: TestCheckerAgreementWithRustCLIContractExpressions/multiowner-total.hex (1.37s)
    --- PASS: TestCheckerAgreementWithRustCLIContractExpressions/old-result.hex (1.39s)
    --- PASS: TestCheckerAgreementWithRustCLIContractExpressions/partial_without_measure.hex (1.36s)
    --- PASS: TestCheckerAgreementWithRustCLIContractExpressions/total_descending.hex (1.38s)
    --- PASS: TestCheckerAgreementWithRustCLIContractExpressions/total_variable.hex (1.59s)
PASS
ok  	github.com/finitefield-org/mpk/go-tools/mpk-checker-ref	20.489s
