=== RUN   TestCheckerAgreementWithRustCLIBindingClauses
=== RUN   TestCheckerAgreementWithRustCLIBindingClauses/binding-vc-boundary_field.hex
=== RUN   TestCheckerAgreementWithRustCLIBindingClauses/binding-vc-bounded_sequence.hex
=== RUN   TestCheckerAgreementWithRustCLIBindingClauses/binding-vc-instant.hex
=== RUN   TestCheckerAgreementWithRustCLIBindingClauses/binding-vc-lookup.hex
=== RUN   TestCheckerAgreementWithRustCLIBindingClauses/binding-vc-money.hex
=== RUN   TestCheckerAgreementWithRustCLIBindingClauses/binding-vc-option.hex
=== RUN   TestCheckerAgreementWithRustCLIBindingClauses/binding-vc-ordered_entry.hex
=== RUN   TestCheckerAgreementWithRustCLIBindingClauses/binding-vc-ordered_map.hex
=== RUN   TestCheckerAgreementWithRustCLIBindingClauses/binding-vc-ordered_set.hex
=== RUN   TestCheckerAgreementWithRustCLIBindingClauses/binding-vc-result.hex
=== RUN   TestCheckerAgreementWithRustCLIBindingClauses/binding-vc-transition.hex
=== RUN   TestCheckerAgreementWithRustCLIBindingClauses/binding-vc-validation.hex
=== RUN   TestCheckerAgreementWithRustCLIBindingClauses/extra-bool-float-map.hex
=== RUN   TestCheckerAgreementWithRustCLIBindingClauses/extra-bool-nullable-map.hex
=== RUN   TestCheckerAgreementWithRustCLIBindingClauses/remapped-boundary-sequence.hex
--- PASS: TestCheckerAgreementWithRustCLIBindingClauses (265.16s)
    --- PASS: TestCheckerAgreementWithRustCLIBindingClauses/binding-vc-boundary_field.hex (102.48s)
    --- PASS: TestCheckerAgreementWithRustCLIBindingClauses/binding-vc-bounded_sequence.hex (5.31s)
    --- PASS: TestCheckerAgreementWithRustCLIBindingClauses/binding-vc-instant.hex (2.36s)
    --- PASS: TestCheckerAgreementWithRustCLIBindingClauses/binding-vc-lookup.hex (2.07s)
    --- PASS: TestCheckerAgreementWithRustCLIBindingClauses/binding-vc-money.hex (67.25s)
    --- PASS: TestCheckerAgreementWithRustCLIBindingClauses/binding-vc-option.hex (2.31s)
    --- PASS: TestCheckerAgreementWithRustCLIBindingClauses/binding-vc-ordered_entry.hex (4.05s)
    --- PASS: TestCheckerAgreementWithRustCLIBindingClauses/binding-vc-ordered_map.hex (7.10s)
    --- PASS: TestCheckerAgreementWithRustCLIBindingClauses/binding-vc-ordered_set.hex (13.41s)
    --- PASS: TestCheckerAgreementWithRustCLIBindingClauses/binding-vc-result.hex (2.44s)
    --- PASS: TestCheckerAgreementWithRustCLIBindingClauses/binding-vc-transition.hex (13.11s)
    --- PASS: TestCheckerAgreementWithRustCLIBindingClauses/binding-vc-validation.hex (7.28s)
    --- PASS: TestCheckerAgreementWithRustCLIBindingClauses/extra-bool-float-map.hex (11.20s)
    --- PASS: TestCheckerAgreementWithRustCLIBindingClauses/extra-bool-nullable-map.hex (12.89s)
    --- PASS: TestCheckerAgreementWithRustCLIBindingClauses/remapped-boundary-sequence.hex (11.90s)
PASS
ok  	github.com/finitefield-org/mpk/go-tools/mpk-checker-ref	265.646s
