    Blocking waiting for file lock on build directory
   Compiling mpk-vc v0.1.0 (/Users/kazuyoshitoshiya/mpk/crates/mpk-vc)
    Finished `test` profile [unoptimized + debuginfo] target(s) in 1m 27s
     Running tests/csharp_practical_vc.rs (target/debug/deps/csharp_practical_vc-dcf715cdb89904aa)

running 1 test
binding clause binding-vc-boundary_field passed
binding clause binding-vc-bounded_sequence passed
binding clause binding-vc-instant passed
binding clause binding-vc-lookup passed
binding clause binding-vc-money passed
binding clause binding-vc-option passed
binding clause binding-vc-ordered_entry passed
binding clause binding-vc-ordered_map passed
binding clause binding-vc-ordered_set passed
binding clause binding-vc-result passed
binding clause binding-vc-transition passed
binding clause binding-vc-validation passed
binding clause extra-bool-float-map passed
binding clause extra-bool-nullable-map passed
binding clause remapped-boundary-sequence passed
binding contract observations: 4354; NaN source-contract false cases: 1
test ordinary_carriers::public_domain_tests::contract_expression_tests::binding_clause_tests::csharp_03_t06_w09_binding_clauses_original_source ... ok

test result: ok. 1 passed; 0 failed; 0 ignored; 0 measured; 258 filtered out; finished in 56.63s

