   Compiling mpk-vc v0.1.0 (/Users/kazuyoshitoshiya/mpk/crates/mpk-vc)
    Finished `release` profile [optimized] target(s) in 1m 30s
     Running tests/csharp_practical_vc.rs (target/release/deps/csharp_practical_vc-0951b3e219e92435)

running 3 tests
test ordinary_carriers::public_domain_tests::contract_expression_tests::control_slot_tests::csharp_03_t06_w09_control_slot_array_snapshots ... snapshot mpk.csharp.source.88c1e21725003ed574525e5cae27a2f1dfc1261331198e916f90c93ddbcaece8.node.000004 length 0 complete true
snapshot mpk.csharp.source.88c1e21725003ed574525e5cae27a2f1dfc1261331198e916f90c93ddbcaece8.node.000004 length 1 complete true
snapshot mpk.csharp.source.88c1e21725003ed574525e5cae27a2f1dfc1261331198e916f90c93ddbcaece8.node.000004 length 4095 complete true
snapshot mpk.csharp.source.88c1e21725003ed574525e5cae27a2f1dfc1261331198e916f90c93ddbcaece8.node.000004 length 4096 complete true
snapshot mpk.csharp.source.88c1e21725003ed574525e5cae27a2f1dfc1261331198e916f90c93ddbcaece8.node.000004 length 4097 complete true
snapshot mpk.csharp.source.88c1e21725003ed574525e5cae27a2f1dfc1261331198e916f90c93ddbcaece8.node.000004 length 16384 complete true
snapshot mpk.csharp.source.88c1e21725003ed574525e5cae27a2f1dfc1261331198e916f90c93ddbcaece8.node.000004 length 16385 complete true
snapshot mpk.csharp.source.88c1e21725003ed574525e5cae27a2f1dfc1261331198e916f90c93ddbcaece8.node.000004 length 4294967295 complete true
snapshot mpk.csharp.source.88c1e21725003ed574525e5cae27a2f1dfc1261331198e916f90c93ddbcaece8.node.000004 length 1 complete false
snapshot mpk.csharp.source.88c1e21725003ed574525e5cae27a2f1dfc1261331198e916f90c93ddbcaece8.node.000004 length 4096 complete false
snapshot mpk.csharp.source.88c1e21725003ed574525e5cae27a2f1dfc1261331198e916f90c93ddbcaece8.node.000019 length 0 complete true
snapshot mpk.csharp.source.88c1e21725003ed574525e5cae27a2f1dfc1261331198e916f90c93ddbcaece8.node.000019 length 1 complete true
snapshot mpk.csharp.source.88c1e21725003ed574525e5cae27a2f1dfc1261331198e916f90c93ddbcaece8.node.000019 length 4095 complete true
snapshot mpk.csharp.source.88c1e21725003ed574525e5cae27a2f1dfc1261331198e916f90c93ddbcaece8.node.000019 length 4096 complete true
snapshot mpk.csharp.source.88c1e21725003ed574525e5cae27a2f1dfc1261331198e916f90c93ddbcaece8.node.000019 length 4097 complete true
snapshot mpk.csharp.source.88c1e21725003ed574525e5cae27a2f1dfc1261331198e916f90c93ddbcaece8.node.000019 length 16384 complete true
snapshot mpk.csharp.source.88c1e21725003ed574525e5cae27a2f1dfc1261331198e916f90c93ddbcaece8.node.000019 length 16385 complete true
snapshot mpk.csharp.source.88c1e21725003ed574525e5cae27a2f1dfc1261331198e916f90c93ddbcaece8.node.000019 length 4294967295 complete true
snapshot mpk.csharp.source.88c1e21725003ed574525e5cae27a2f1dfc1261331198e916f90c93ddbcaece8.node.000019 length 1 complete false
snapshot mpk.csharp.source.88c1e21725003ed574525e5cae27a2f1dfc1261331198e916f90c93ddbcaece8.node.000019 length 4096 complete false
snapshot mpk.csharp.source.88c1e21725003ed574525e5cae27a2f1dfc1261331198e916f90c93ddbcaece8.node.000034 length 0 complete true
snapshot mpk.csharp.source.88c1e21725003ed574525e5cae27a2f1dfc1261331198e916f90c93ddbcaece8.node.000034 length 1 complete true
snapshot mpk.csharp.source.88c1e21725003ed574525e5cae27a2f1dfc1261331198e916f90c93ddbcaece8.node.000034 length 4095 complete true
snapshot mpk.csharp.source.88c1e21725003ed574525e5cae27a2f1dfc1261331198e916f90c93ddbcaece8.node.000034 length 4096 complete true
snapshot mpk.csharp.source.88c1e21725003ed574525e5cae27a2f1dfc1261331198e916f90c93ddbcaece8.node.000034 length 4097 complete true
snapshot mpk.csharp.source.88c1e21725003ed574525e5cae27a2f1dfc1261331198e916f90c93ddbcaece8.node.000034 length 16384 complete true
snapshot mpk.csharp.source.88c1e21725003ed574525e5cae27a2f1dfc1261331198e916f90c93ddbcaece8.node.000034 length 16385 complete true
snapshot mpk.csharp.source.88c1e21725003ed574525e5cae27a2f1dfc1261331198e916f90c93ddbcaece8.node.000034 length 4294967295 complete true
snapshot mpk.csharp.source.88c1e21725003ed574525e5cae27a2f1dfc1261331198e916f90c93ddbcaece8.node.000034 length 1 complete false
snapshot mpk.csharp.source.88c1e21725003ed574525e5cae27a2f1dfc1261331198e916f90c93ddbcaece8.node.000034 length 4096 complete false
snapshot mpk.csharp.source.88c1e21725003ed574525e5cae27a2f1dfc1261331198e916f90c93ddbcaece8.node.000041 length 0 complete true
snapshot mpk.csharp.source.88c1e21725003ed574525e5cae27a2f1dfc1261331198e916f90c93ddbcaece8.node.000041 length 1 complete true
snapshot mpk.csharp.source.88c1e21725003ed574525e5cae27a2f1dfc1261331198e916f90c93ddbcaece8.node.000041 length 4095 complete true
snapshot mpk.csharp.source.88c1e21725003ed574525e5cae27a2f1dfc1261331198e916f90c93ddbcaece8.node.000041 length 4096 complete true
snapshot mpk.csharp.source.88c1e21725003ed574525e5cae27a2f1dfc1261331198e916f90c93ddbcaece8.node.000041 length 4097 complete true
snapshot mpk.csharp.source.88c1e21725003ed574525e5cae27a2f1dfc1261331198e916f90c93ddbcaece8.node.000041 length 16384 complete true
snapshot mpk.csharp.source.88c1e21725003ed574525e5cae27a2f1dfc1261331198e916f90c93ddbcaece8.node.000041 length 16385 complete true
snapshot mpk.csharp.source.88c1e21725003ed574525e5cae27a2f1dfc1261331198e916f90c93ddbcaece8.node.000041 length 4294967295 complete true
snapshot mpk.csharp.source.88c1e21725003ed574525e5cae27a2f1dfc1261331198e916f90c93ddbcaece8.node.000041 length 1 complete false
snapshot mpk.csharp.source.88c1e21725003ed574525e5cae27a2f1dfc1261331198e916f90c93ddbcaece8.node.000041 length 4096 complete false
source array snapshots: 4 transfers, 144 observations
ok
test ordinary_carriers::public_domain_tests::contract_expression_tests::control_slot_tests::csharp_03_t06_w09_control_slot_count_fill_candidate ... count/fill source slots: 46 relations, 4 memory bindings, 1 native temporary bindings
ok
test ordinary_carriers::public_domain_tests::contract_expression_tests::control_slot_tests::csharp_03_t06_w09_control_slot_source_relations ... control slots while: runtime start
control slots while: 1 functions, 132 cumulative observations
control slots for: runtime start
control slots for: 1 functions, 434 cumulative observations
control slots short_circuit: runtime start
control slots short_circuit: 1 functions, 688 cumulative observations
control slots switch: runtime start
control slots switch: 1 functions, 778 cumulative observations
control slots is_binding: runtime start
control slots is_binding: 1 functions, 850 cumulative observations
control slots guard_order: runtime start
control slots guard_order: 1 functions, 1482 cumulative observations
control slots type: runtime start
control slots type: 1 functions, 1884 cumulative observations
ok

test result: ok. 3 passed; 0 failed; 0 ignored; 0 measured; 334 filtered out; finished in 4.36s

