   Compiling mpk-vc v0.1.0 (/Users/kazuyoshitoshiya/mpk/crates/mpk-vc)
    Finished `release` profile [optimized] target(s) in 30.32s
     Running tests/csharp_practical_vc.rs (target/release/deps/csharp_practical_vc-0951b3e219e92435)

running 1 test
test ordinary_carriers::public_domain_tests::contract_expression_tests::control_edge_tests::csharp_03_t06_w09_control_edge_collection_source_relations ... control edges foreach_string: runtime start
control edges foreach_string: 0 pending, 3081 cumulative observations
control edges foreach_string_var: runtime start
control edges foreach_string_var: 0 pending, 6162 cumulative observations
control edges foreach_array: runtime start
control edges foreach_array: 0 pending, 8918 cumulative observations
control edges foreach_array_var: runtime start
control edges foreach_array_var: 0 pending, 11674 cumulative observations
control edges lookup: runtime start
control edges lookup: 0 pending, 14443 cumulative observations
control edges governing_throw: runtime start
control edges governing_throw: 0 pending, 16029 cumulative observations
control edges type: runtime start
control edges type: 3 pending, 17835 cumulative observations
control edges string_property: runtime start
control edges string_property: 0 pending, 19681 cumulative observations
control edges: 36 distinct original W04 goal bindings checked
ok

test result: ok. 1 passed; 0 failed; 0 ignored; 0 measured; 330 filtered out; finished in 5.31s

