   Compiling mpk-vc v0.1.0 (/Users/kazuyoshitoshiya/mpk/crates/mpk-vc)
    Finished `release` profile [optimized] target(s) in 1m 23s
     Running tests/csharp_practical_vc.rs (target/release/deps/csharp_practical_vc-0951b3e219e92435)

running 2 tests
test ordinary_carriers::public_domain_tests::contract_expression_tests::control_edge_tests::csharp_03_t06_w09_control_edge_source_relations ... control edges while: runtime start
control edges while: 0 pending, 784 cumulative observations
control edges for: runtime start
control edges for: 0 pending, 2548 cumulative observations
control edges short_circuit: runtime start
control edges short_circuit: 0 pending, 4067 cumulative observations
control edges switch: runtime start
control edges switch: 0 pending, 5236 cumulative observations
control edges is_binding: runtime start
control edges is_binding: 0 pending, 5922 cumulative observations
control edges guard_order: runtime start
control edges guard_order: 0 pending, 8141 cumulative observations
control edges guard_throw: runtime start
control edges guard_throw: 0 pending, 9135 cumulative observations
control edges index_update: runtime start
control edges index_update: 10 pending, 10934 cumulative observations
ok
test ordinary_carriers::public_domain_tests::contract_expression_tests::integer_data_tests::csharp_03_t06_w09_integer_data_candidates ... integer data source arithmetic: 3 definitions, 5 use points, 0 pending
integer data source boolean: 2 definitions, 2 use points, 1 pending
integer data source pending-string: 1 definitions, 1 use points, 1 pending
integer data source: 8 use points, 0 result/guard cases
ok

test result: ok. 2 passed; 0 failed; 0 ignored; 0 measured; 324 filtered out; finished in 95.38s

