
running 10 tests
test ordinary_carriers::public_domain_tests::contract_expression_tests::control_edge_tests::csharp_03_t06_w09_control_builtin_throw_preserves_existing_declarations ... preserved 17 programs modulo explicitly checked nullable slot join replacements; added 0 phi joins and 4 memory bindings
ok
test ordinary_carriers::public_domain_tests::contract_expression_tests::control_edge_tests::csharp_03_t06_w09_control_edge_phi_preserves_existing_declarations ... preserved 17 programs modulo explicitly checked nullable slot join replacements; added 62 phi joins and 4 memory bindings
ok
test ordinary_carriers::public_domain_tests::contract_expression_tests::control_edge_tests::csharp_03_t06_w09_control_memory_effect_preserves_existing_declarations ... preserved 17 programs modulo explicitly checked nullable slot join replacements; added 0 phi joins and 4 memory bindings
ok
test ordinary_carriers::public_domain_tests::contract_expression_tests::control_edge_tests::csharp_03_t06_w09_control_memory_preserves_existing_declarations ... preserved 17 programs modulo explicitly checked nullable slot join replacements; added 0 phi joins and 4 memory bindings
ok
test ordinary_carriers::public_domain_tests::contract_expression_tests::control_edge_tests::csharp_03_t06_w09_control_node_entry_preserves_existing_declarations ... preserved 17 programs modulo explicitly checked nullable slot join replacements; added 0 phi joins and 4 memory bindings
ok
test ordinary_carriers::public_domain_tests::contract_expression_tests::control_edge_tests::csharp_03_t06_w09_control_projection_preserves_existing_declarations ... preserved 17 programs modulo explicitly checked nullable slot join replacements; added 0 phi joins and 4 memory bindings
ok
test ordinary_carriers::public_domain_tests::contract_expression_tests::control_edge_tests::csharp_03_t06_w09_control_source_frames_preserve_existing_declarations ... preserved 18 programs modulo explicitly checked nullable slot join replacements; added 0 phi joins and 8 memory bindings
ok
test ordinary_carriers::public_domain_tests::contract_expression_tests::control_slot_tests::csharp_03_t06_w09_control_slot_array_snapshots ... snapshot mpk.csharp.source.88c1e21725003ed574525e5cae27a2f1dfc1261331198e916f90c93ddbcaece8.node.000004 length 0 complete true
snapshot mpk.csharp.source.88c1e21725003ed574525e5cae27a2f1dfc1261331198e916f90c93ddbcaece8.node.000004 length 1 complete true
snapshot mpk.csharp.source.88c1e21725003ed574525e5cae27a2f1dfc1261331198e916f90c93ddbcaece8.node.000004 length 4095 complete true
snapshot mpk.csharp.source.88c1e21725003ed574525e5cae27a2f1dfc1261331198e916f90c93ddbcaece8.node.000004 length 4096 complete true
snapshot mpk.csharp.source.88c1e21725003ed574525e5cae27a2f1dfc1261331198e916f90c93ddbcaece8.node.000004 length 4097 complete true
snapshot mpk.csharp.source.88c1e21725003ed574525e5cae27a2f1dfc1261331198e916f90c93ddbcaece8.node.000004 length 16384 complete true
snapshot mpk.csharp.source.88c1e21725003ed574525e5cae27a2f1dfc1261331198e916f90c93ddbcaece8.node.000004 length 16385 complete true
snapshot mpk.csharp.source.88c1e21725003ed574525e5cae27a2f1dfc1261331198e916f90c93ddbcaece8.node.000004 length 4294967295 complete true
snapshot mpk.csharp.source.88c1e21725003ed574525e5cae27a2f1dfc1261331198e916f90c93ddbcaece8.node.000004 length 1 complete false
snapshot mpk.csharp.source.88c1e21725003ed574525e5cae27a2f1dfc1261331198e916f90c93ddbcaece8.node.000004 length 4096 complete false
snapshot mpk.csharp.source.88c1e21725003ed574525e5cae27a2f1dfc1261331198e916f90c93ddbcaece8.node.000019 length 0 complete true
snapshot mpk.csharp.source.88c1e21725003ed574525e5cae27a2f1dfc1261331198e916f90c93ddbcaece8.node.000019 length 1 complete true
snapshot mpk.csharp.source.88c1e21725003ed574525e5cae27a2f1dfc1261331198e916f90c93ddbcaece8.node.000019 length 4095 complete true
snapshot mpk.csharp.source.88c1e21725003ed574525e5cae27a2f1dfc1261331198e916f90c93ddbcaece8.node.000019 length 4096 complete true
snapshot mpk.csharp.source.88c1e21725003ed574525e5cae27a2f1dfc1261331198e916f90c93ddbcaece8.node.000019 length 4097 complete true
snapshot mpk.csharp.source.88c1e21725003ed574525e5cae27a2f1dfc1261331198e916f90c93ddbcaece8.node.000019 length 16384 complete true
snapshot mpk.csharp.source.88c1e21725003ed574525e5cae27a2f1dfc1261331198e916f90c93ddbcaece8.node.000019 length 16385 complete true
snapshot mpk.csharp.source.88c1e21725003ed574525e5cae27a2f1dfc1261331198e916f90c93ddbcaece8.node.000019 length 4294967295 complete true
snapshot mpk.csharp.source.88c1e21725003ed574525e5cae27a2f1dfc1261331198e916f90c93ddbcaece8.node.000019 length 1 complete false
snapshot mpk.csharp.source.88c1e21725003ed574525e5cae27a2f1dfc1261331198e916f90c93ddbcaece8.node.000019 length 4096 complete false
snapshot mpk.csharp.source.88c1e21725003ed574525e5cae27a2f1dfc1261331198e916f90c93ddbcaece8.node.000034 length 0 complete true
snapshot mpk.csharp.source.88c1e21725003ed574525e5cae27a2f1dfc1261331198e916f90c93ddbcaece8.node.000034 length 1 complete true
snapshot mpk.csharp.source.88c1e21725003ed574525e5cae27a2f1dfc1261331198e916f90c93ddbcaece8.node.000034 length 4095 complete true
snapshot mpk.csharp.source.88c1e21725003ed574525e5cae27a2f1dfc1261331198e916f90c93ddbcaece8.node.000034 length 4096 complete true
snapshot mpk.csharp.source.88c1e21725003ed574525e5cae27a2f1dfc1261331198e916f90c93ddbcaece8.node.000034 length 4097 complete true
snapshot mpk.csharp.source.88c1e21725003ed574525e5cae27a2f1dfc1261331198e916f90c93ddbcaece8.node.000034 length 16384 complete true
snapshot mpk.csharp.source.88c1e21725003ed574525e5cae27a2f1dfc1261331198e916f90c93ddbcaece8.node.000034 length 16385 complete true
snapshot mpk.csharp.source.88c1e21725003ed574525e5cae27a2f1dfc1261331198e916f90c93ddbcaece8.node.000034 length 4294967295 complete true
snapshot mpk.csharp.source.88c1e21725003ed574525e5cae27a2f1dfc1261331198e916f90c93ddbcaece8.node.000034 length 1 complete false
snapshot mpk.csharp.source.88c1e21725003ed574525e5cae27a2f1dfc1261331198e916f90c93ddbcaece8.node.000034 length 4096 complete false
snapshot mpk.csharp.source.88c1e21725003ed574525e5cae27a2f1dfc1261331198e916f90c93ddbcaece8.node.000041 length 0 complete true
snapshot mpk.csharp.source.88c1e21725003ed574525e5cae27a2f1dfc1261331198e916f90c93ddbcaece8.node.000041 length 1 complete true
snapshot mpk.csharp.source.88c1e21725003ed574525e5cae27a2f1dfc1261331198e916f90c93ddbcaece8.node.000041 length 4095 complete true
snapshot mpk.csharp.source.88c1e21725003ed574525e5cae27a2f1dfc1261331198e916f90c93ddbcaece8.node.000041 length 4096 complete true
snapshot mpk.csharp.source.88c1e21725003ed574525e5cae27a2f1dfc1261331198e916f90c93ddbcaece8.node.000041 length 4097 complete true
snapshot mpk.csharp.source.88c1e21725003ed574525e5cae27a2f1dfc1261331198e916f90c93ddbcaece8.node.000041 length 16384 complete true
snapshot mpk.csharp.source.88c1e21725003ed574525e5cae27a2f1dfc1261331198e916f90c93ddbcaece8.node.000041 length 16385 complete true
snapshot mpk.csharp.source.88c1e21725003ed574525e5cae27a2f1dfc1261331198e916f90c93ddbcaece8.node.000041 length 4294967295 complete true
snapshot mpk.csharp.source.88c1e21725003ed574525e5cae27a2f1dfc1261331198e916f90c93ddbcaece8.node.000041 length 1 complete false
snapshot mpk.csharp.source.88c1e21725003ed574525e5cae27a2f1dfc1261331198e916f90c93ddbcaece8.node.000041 length 4096 complete false
source array snapshots: 4 transfers, 144 observations
ok
test ordinary_carriers::public_domain_tests::contract_expression_tests::control_slot_tests::csharp_03_t06_w09_control_slot_count_fill_candidate ... count/fill source slots: 46 relations, 4 memory bindings, 1 native temporary bindings
ok
test ordinary_carriers::public_domain_tests::contract_expression_tests::control_slot_tests::csharp_03_t06_w09_control_slot_source_relations ... control slots while: runtime start
control slots while: 1 functions, 132 cumulative observations
control slots for: runtime start
control slots for: 1 functions, 434 cumulative observations
control slots short_circuit: runtime start
control slots short_circuit: 1 functions, 688 cumulative observations
control slots switch: runtime start
control slots switch: 1 functions, 778 cumulative observations
control slots is_binding: runtime start
control slots is_binding: 1 functions, 850 cumulative observations
control slots guard_order: runtime start
control slots guard_order: 1 functions, 1482 cumulative observations
control slots type: runtime start
control slots type: 1 functions, 1888 cumulative observations
ok

test result: ok. 10 passed; 0 failed; 0 ignored; 0 measured; 338 filtered out; finished in 5.38s

