   Compiling mpk-vc v0.1.0 (/Users/kazuyoshitoshiya/mpk/crates/mpk-vc)
    Finished `release` profile [optimized] target(s) in 1m 32s
     Running tests/csharp_practical_vc.rs (target/release/deps/csharp_practical_vc-0951b3e219e92435)

running 2 tests
test ordinary_carriers::public_domain_tests::contract_expression_tests::control_edge_tests::csharp_03_t06_w09_control_edge_missing_string_guards_stay_pending ... 
thread 'ordinary_carriers::public_domain_tests::contract_expression_tests::control_edge_tests::csharp_03_t06_w09_control_edge_missing_string_guards_stay_pending' (7760580) panicked at crates/mpk-vc/tests/support/csharp_practical_ordinary_control_edge_tests.rs:713:5:
missing nullable-string checks must not disappear
note: run with `RUST_BACKTRACE=1` environment variable to display a backtrace
FAILED
test ordinary_carriers::public_domain_tests::contract_expression_tests::control_edge_tests::csharp_03_t06_w09_control_edge_other_sources_unchanged ... control edges while: exact predecessor bytes preserved
control edges for: exact predecessor bytes preserved
control edges short_circuit: exact predecessor bytes preserved
control edges switch: exact predecessor bytes preserved
control edges is_binding: exact predecessor bytes preserved
control edges guard_order: exact predecessor bytes preserved
control edges guard_throw: exact predecessor bytes preserved
control edges total_variable: exact predecessor bytes preserved
ok

failures:

failures:
    ordinary_carriers::public_domain_tests::contract_expression_tests::control_edge_tests::csharp_03_t06_w09_control_edge_missing_string_guards_stay_pending

test result: FAILED. 1 passed; 1 failed; 0 ignored; 0 measured; 327 filtered out; finished in 0.96s

error: test failed, to rerun pass `-p mpk-vc --test csharp_practical_vc`
