
running 2 tests
test ordinary_carriers::public_domain_tests::contract_expression_tests::control_edge_tests::csharp_03_t06_w09_control_source_frames_original_sources ... source frame pending reasons: {"exception_execution_separate": 2, "function_entry_relation_separate": 1}
control source frames while: 156 observations
control edges while: generated/imported exact candidate; 0 pending guards
source frame pending reasons: {"exception_execution_separate": 5, "function_entry_relation_separate": 1}
control source frames for: 448 observations
control edges for: generated/imported exact candidate; 0 pending guards
source frame pending reasons: {"exception_execution_separate": 6, "function_entry_relation_separate": 1}
control source frames short_circuit: 340 observations
control edges short_circuit: generated/imported exact candidate; 0 pending guards
source frame pending reasons: {"exception_execution_separate": 2, "function_entry_relation_separate": 1, "unreachable_source_node": 1}
control source frames switch: 198 observations
control edges switch: generated/imported exact candidate; 0 pending guards
source frame pending reasons: {"exception_execution_separate": 1, "function_entry_relation_separate": 1}
control source frames is_binding: 148 observations
control edges is_binding: generated/imported exact candidate; 0 pending guards
source frame pending reasons: {"exception_execution_separate": 7, "function_entry_relation_separate": 1, "unreachable_source_node": 3}
control source frames guard_order: 846 observations
control edges guard_order: generated/imported exact candidate; 0 pending guards
source frame pending reasons: {"exception_execution_separate": 2, "function_entry_relation_separate": 1, "unreachable_source_node": 3}
control source frames guard_throw: 258 observations
control edges guard_throw: generated/imported exact candidate; 0 pending guards
source frame pending reasons: {"exception_execution_separate": 2, "function_entry_relation_separate": 1}
control source frames total_variable: 156 observations
control edges total_variable: generated/imported exact candidate; 0 pending guards
source frame pending reasons: {"exception_execution_separate": 11, "function_entry_relation_separate": 1, "memory_alias_frames_pending": 1}
control source frames index_update: 480 observations
control edges index_update: generated/imported exact candidate; 0 pending guards
source frame pending reasons: {"exception_execution_separate": 6, "function_entry_relation_separate": 1}
control source frames foreach_string: 544 observations
control edges foreach_string: generated/imported exact candidate; 0 pending guards
source frame pending reasons: {"exception_execution_separate": 6, "function_entry_relation_separate": 1}
control source frames foreach_string_var: 544 observations
control edges foreach_string_var: generated/imported exact candidate; 0 pending guards
source frame pending reasons: {"exception_execution_separate": 5, "function_entry_relation_separate": 1}
control source frames foreach_array: 526 observations
control edges foreach_array: generated/imported exact candidate; 0 pending guards
source frame pending reasons: {"exception_execution_separate": 5, "function_entry_relation_separate": 1}
control source frames foreach_array_var: 526 observations
control edges foreach_array_var: generated/imported exact candidate; 0 pending guards
source frame pending reasons: {"exception_execution_separate": 6, "function_entry_relation_separate": 1}
control source frames lookup: 286 observations
control edges lookup: generated/imported exact candidate; 0 pending guards
source frame pending reasons: {"exception_execution_separate": 1, "function_entry_relation_separate": 1, "unreachable_source_node": 3}
control source frames governing_throw: 186 observations
control edges governing_throw: generated/imported exact candidate; 0 pending guards
source frame pending reasons: {"exception_execution_separate": 7, "function_entry_relation_separate": 1}
control source frames type: 644 observations
control edges type: generated/imported exact candidate; 0 pending guards
source frame pending reasons: {"function_entry_relation_separate": 1}
control source frames string_property: 206 observations
control edges string_property: generated/imported exact candidate; 0 pending guards
source frame pending reasons: {"exception_execution_separate": 19, "function_entry_relation_separate": 1, "memory_alias_frames_pending": 1}
control source frames count_fill: 4116 observations
control edges count_fill: generated/imported exact candidate; 0 pending guards
ok
test ordinary_carriers::public_domain_tests::contract_expression_tests::control_edge_tests::csharp_03_t06_w09_control_source_frames_preserve_existing_declarations ... preserved 18 programs modulo explicitly checked nullable slot join replacements; added 0 phi joins and 8 memory bindings
ok

test result: ok. 2 passed; 0 failed; 0 ignored; 0 measured; 346 filtered out; finished in 20.83s

