
running 4 tests
test ordinary_carriers::public_domain_tests::contract_expression_tests::control_edge_tests::csharp_03_t06_w09_control_edge_collection_candidates ... control edges foreach_string: generated/imported exact candidate; 0 pending guards
control edges foreach_string_var: generated/imported exact candidate; 0 pending guards
control edges foreach_array: generated/imported exact candidate; 0 pending guards
control edges foreach_array_var: generated/imported exact candidate; 0 pending guards
control edges lookup: generated/imported exact candidate; 0 pending guards
control edges governing_throw: generated/imported exact candidate; 0 pending guards
control edges type: generated/imported exact candidate; 0 pending guards
control edges string_property: generated/imported exact candidate; 0 pending guards
ok
test ordinary_carriers::public_domain_tests::contract_expression_tests::control_edge_tests::csharp_03_t06_w09_control_edge_option_source_relations ... control edges type: runtime start
control edges type: 0 pending, 2807 cumulative observations
control edges: 0 distinct original W04 goal bindings checked
ok
test ordinary_carriers::public_domain_tests::contract_expression_tests::control_edge_tests::csharp_03_t06_w09_control_edge_other_sources_unchanged ... control edges while: generated/imported exact candidate; 0 pending guards
control edges for: generated/imported exact candidate; 0 pending guards
control edges short_circuit: generated/imported exact candidate; 0 pending guards
control edges switch: generated/imported exact candidate; 0 pending guards
control edges is_binding: generated/imported exact candidate; 0 pending guards
control edges guard_order: generated/imported exact candidate; 0 pending guards
control edges guard_throw: generated/imported exact candidate; 0 pending guards
control edges total_variable: generated/imported exact candidate; 0 pending guards
control edges index_update: generated/imported exact candidate; 0 pending guards
ok
test ordinary_carriers::public_domain_tests::contract_expression_tests::control_edge_tests::csharp_03_t06_w09_control_node_entry_preserves_existing_declarations ... preserved 17 programs modulo explicitly checked nullable slot join replacements; added 0 phi joins and 4 memory bindings
ok

test result: ok. 4 passed; 0 failed; 0 ignored; 0 measured; 336 filtered out; finished in 3.54s

