   Compiling mpk-vc v0.1.0 (/Users/kazuyoshitoshiya/mpk/crates/mpk-vc)
    Finished `release` profile [optimized] target(s) in 28.13s
     Running tests/csharp_practical_vc.rs (target/release/deps/csharp_practical_vc-0951b3e219e92435)

running 2 tests
test ordinary_carriers::public_domain_tests::contract_expression_tests::control_slot_tests::csharp_03_t06_w09_control_slot_array_snapshots ... snapshot mpk.csharp.source.88c1e21725003ed574525e5cae27a2f1dfc1261331198e916f90c93ddbcaece8.node.000004 length 0 complete true: definedness
snapshot length 0: projection
snapshot length 0: slot relation
snapshot mpk.csharp.source.88c1e21725003ed574525e5cae27a2f1dfc1261331198e916f90c93ddbcaece8.node.000004 length 1 complete true: definedness
snapshot length 1: projection
snapshot length 1: slot relation
snapshot mpk.csharp.source.88c1e21725003ed574525e5cae27a2f1dfc1261331198e916f90c93ddbcaece8.node.000004 length 4095 complete true: definedness
snapshot length 4095: projection
snapshot length 4095: slot relation
snapshot mpk.csharp.source.88c1e21725003ed574525e5cae27a2f1dfc1261331198e916f90c93ddbcaece8.node.000004 length 4096 complete true: definedness
snapshot length 4096: projection
snapshot length 4096: slot relation
snapshot mpk.csharp.source.88c1e21725003ed574525e5cae27a2f1dfc1261331198e916f90c93ddbcaece8.node.000004 length 4097 complete true: definedness
snapshot length 4097: projection
snapshot length 4097: slot relation
snapshot mpk.csharp.source.88c1e21725003ed574525e5cae27a2f1dfc1261331198e916f90c93ddbcaece8.node.000004 length 16384 complete true: definedness
snapshot length 16384: projection
snapshot length 16384: slot relation
snapshot mpk.csharp.source.88c1e21725003ed574525e5cae27a2f1dfc1261331198e916f90c93ddbcaece8.node.000004 length 16385 complete true: definedness
snapshot length 16385: projection
snapshot length 16385: slot relation
snapshot mpk.csharp.source.88c1e21725003ed574525e5cae27a2f1dfc1261331198e916f90c93ddbcaece8.node.000004 length 4294967295 complete true: definedness
snapshot length 4294967295: projection
snapshot length 4294967295: slot relation
snapshot mpk.csharp.source.88c1e21725003ed574525e5cae27a2f1dfc1261331198e916f90c93ddbcaece8.node.000004 length 1 complete false: definedness
snapshot length 1: projection
snapshot length 1: slot relation
snapshot mpk.csharp.source.88c1e21725003ed574525e5cae27a2f1dfc1261331198e916f90c93ddbcaece8.node.000019 length 0 complete true: definedness
snapshot length 0: projection
snapshot length 0: slot relation
snapshot mpk.csharp.source.88c1e21725003ed574525e5cae27a2f1dfc1261331198e916f90c93ddbcaece8.node.000019 length 1 complete true: definedness
snapshot length 1: projection
snapshot length 1: slot relation
snapshot mpk.csharp.source.88c1e21725003ed574525e5cae27a2f1dfc1261331198e916f90c93ddbcaece8.node.000019 length 4095 complete true: definedness
snapshot length 4095: projection
snapshot length 4095: slot relation
snapshot mpk.csharp.source.88c1e21725003ed574525e5cae27a2f1dfc1261331198e916f90c93ddbcaece8.node.000019 length 4096 complete true: definedness
snapshot length 4096: projection
snapshot length 4096: slot relation
snapshot mpk.csharp.source.88c1e21725003ed574525e5cae27a2f1dfc1261331198e916f90c93ddbcaece8.node.000019 length 4097 complete true: definedness
snapshot length 4097: projection
snapshot length 4097: slot relation
snapshot mpk.csharp.source.88c1e21725003ed574525e5cae27a2f1dfc1261331198e916f90c93ddbcaece8.node.000019 length 16384 complete true: definedness
snapshot length 16384: projection
snapshot length 16384: slot relation
snapshot mpk.csharp.source.88c1e21725003ed574525e5cae27a2f1dfc1261331198e916f90c93ddbcaece8.node.000019 length 16385 complete true: definedness
snapshot length 16385: projection
snapshot length 16385: slot relation
snapshot mpk.csharp.source.88c1e21725003ed574525e5cae27a2f1dfc1261331198e916f90c93ddbcaece8.node.000019 length 4294967295 complete true: definedness
snapshot length 4294967295: projection
snapshot length 4294967295: slot relation
snapshot mpk.csharp.source.88c1e21725003ed574525e5cae27a2f1dfc1261331198e916f90c93ddbcaece8.node.000019 length 1 complete false: definedness
snapshot length 1: projection
snapshot length 1: slot relation
snapshot mpk.csharp.source.88c1e21725003ed574525e5cae27a2f1dfc1261331198e916f90c93ddbcaece8.node.000034 length 0 complete true: definedness
snapshot length 0: projection
snapshot length 0: slot relation
snapshot mpk.csharp.source.88c1e21725003ed574525e5cae27a2f1dfc1261331198e916f90c93ddbcaece8.node.000034 length 1 complete true: definedness
snapshot length 1: projection
snapshot length 1: slot relation
snapshot mpk.csharp.source.88c1e21725003ed574525e5cae27a2f1dfc1261331198e916f90c93ddbcaece8.node.000034 length 4095 complete true: definedness
snapshot length 4095: projection
snapshot length 4095: slot relation
snapshot mpk.csharp.source.88c1e21725003ed574525e5cae27a2f1dfc1261331198e916f90c93ddbcaece8.node.000034 length 4096 complete true: definedness
snapshot length 4096: projection
snapshot length 4096: slot relation
snapshot mpk.csharp.source.88c1e21725003ed574525e5cae27a2f1dfc1261331198e916f90c93ddbcaece8.node.000034 length 4097 complete true: definedness
snapshot length 4097: projection
snapshot length 4097: slot relation
snapshot mpk.csharp.source.88c1e21725003ed574525e5cae27a2f1dfc1261331198e916f90c93ddbcaece8.node.000034 length 16384 complete true: definedness
snapshot length 16384: projection
snapshot length 16384: slot relation
snapshot mpk.csharp.source.88c1e21725003ed574525e5cae27a2f1dfc1261331198e916f90c93ddbcaece8.node.000034 length 16385 complete true: definedness
snapshot length 16385: projection
snapshot length 16385: slot relation
snapshot mpk.csharp.source.88c1e21725003ed574525e5cae27a2f1dfc1261331198e916f90c93ddbcaece8.node.000034 length 4294967295 complete true: definedness
snapshot length 4294967295: projection
snapshot length 4294967295: slot relation
snapshot mpk.csharp.source.88c1e21725003ed574525e5cae27a2f1dfc1261331198e916f90c93ddbcaece8.node.000034 length 1 complete false: definedness
snapshot length 1: projection
snapshot length 1: slot relation
snapshot mpk.csharp.source.88c1e21725003ed574525e5cae27a2f1dfc1261331198e916f90c93ddbcaece8.node.000041 length 0 complete true: definedness
snapshot length 0: projection
snapshot length 0: slot relation
snapshot mpk.csharp.source.88c1e21725003ed574525e5cae27a2f1dfc1261331198e916f90c93ddbcaece8.node.000041 length 1 complete true: definedness
snapshot length 1: projection
snapshot length 1: slot relation
snapshot mpk.csharp.source.88c1e21725003ed574525e5cae27a2f1dfc1261331198e916f90c93ddbcaece8.node.000041 length 4095 complete true: definedness
snapshot length 4095: projection

thread 'ordinary_carriers::public_domain_tests::contract_expression_tests::control_slot_tests::csharp_03_t06_w09_control_slot_array_snapshots' (7876766) panicked at crates/mpk-vc/tests/support/../../src/csharp_practical_ordinary_test_eval.rs:509:17:
MPK_CORE_MAX_SECONDS exhausted: ordinary evaluation deadline exceeded; no semantic verdict
note: run with `RUST_BACKTRACE=1` environment variable to display a backtrace
FAILED
test ordinary_carriers::public_domain_tests::contract_expression_tests::control_slot_tests::csharp_03_t06_w09_control_slot_count_fill_candidate ... count/fill: edge generation

thread 'ordinary_carriers::public_domain_tests::contract_expression_tests::control_slot_tests::csharp_03_t06_w09_control_slot_count_fill_candidate' (7885086) panicked at crates/mpk-vc/tests/support/csharp_practical_ordinary_control_slot_tests.rs:534:81:
called `Result::unwrap()` on an `Err` value: Linkage
FAILED

failures:

failures:
    ordinary_carriers::public_domain_tests::contract_expression_tests::control_slot_tests::csharp_03_t06_w09_control_slot_array_snapshots
    ordinary_carriers::public_domain_tests::contract_expression_tests::control_slot_tests::csharp_03_t06_w09_control_slot_count_fill_candidate

test result: FAILED. 0 passed; 2 failed; 0 ignored; 0 measured; 335 filtered out; finished in 300.53s

error: test failed, to rerun pass `-p mpk-vc --test csharp_practical_vc`
