   Compiling mpk-vc v0.1.0 (/Users/kazuyoshitoshiya/mpk/crates/mpk-vc)
    Finished `release` profile [optimized] target(s) in 28.80s
     Running tests/csharp_practical_vc.rs (target/release/deps/csharp_practical_vc-0951b3e219e92435)

running 3 tests
test ordinary_carriers::public_domain_tests::contract_expression_tests::control_edge_tests::csharp_03_t06_w09_control_edge_collection_source_relations ... control edges foreach_string: runtime start
control edges foreach_string: 0 pending, 3445 cumulative observations
control edges foreach_string_var: runtime start
control edges foreach_string_var: 0 pending, 6890 cumulative observations
control edges foreach_array: runtime start
control edges foreach_array: 0 pending, 10010 cumulative observations
control edges foreach_array_var: runtime start
control edges foreach_array_var: 0 pending, 13130 cumulative observations
control edges lookup: runtime start
control edges lookup: 0 pending, 16237 cumulative observations
control edges governing_throw: runtime start
control edges governing_throw: 0 pending, 17953 cumulative observations
control edges type: runtime start
control edges type: 1 pending, 19969 cumulative observations
control edges string_property: runtime start
control edges string_property: 0 pending, 21945 cumulative observations
control edges: 36 distinct original W04 goal bindings checked
ok
test ordinary_carriers::public_domain_tests::contract_expression_tests::control_edge_tests::csharp_03_t06_w09_control_edge_missing_pattern_guards_stay_pending ... unsupported type-pattern: 1 explicit pending guards
ok
test ordinary_carriers::public_domain_tests::contract_expression_tests::control_edge_tests::csharp_03_t06_w09_control_edge_source_relations ... control edges while: runtime start
control edges while: 0 pending, 980 cumulative observations
control edges for: runtime start
control edges for: 0 pending, 3213 cumulative observations
control edges short_circuit: runtime start
control edges short_circuit: 0 pending, 5103 cumulative observations
control edges switch: runtime start
control edges switch: 0 pending, 6447 cumulative observations
control edges is_binding: runtime start
control edges is_binding: 0 pending, 7133 cumulative observations
control edges guard_order: runtime start
control edges guard_order: 0 pending, 9611 cumulative observations
control edges guard_throw: runtime start
control edges guard_throw: 0 pending, 10675 cumulative observations
control edges index_update: runtime start
control edges index_update: 0 pending, 15134 cumulative observations
control edges total_variable: runtime start
control edges total_variable: 0 pending, 16114 cumulative observations
control edges: 95 distinct original W04 goal bindings checked
ok

test result: ok. 3 passed; 0 failed; 0 ignored; 0 measured; 330 filtered out; finished in 124.72s

