    Checking mpk-vc v0.1.0 (/Users/kazuyoshitoshiya/mpk/crates/mpk-vc)
error: this `if` statement can be collapsed
  --> crates/mpk-vc/src/csharp_practical_ordinary_control_slots.rs:90:13
   |
90 | /             if payloads.get(&value.type_id) == Some(source) {
91 | |                 if overrides
92 | |                     .insert(slot.clone(), value.type_id.clone())
93 | |                     .is_some_and(|old| old != value.type_id)
...  |
97 | |             }
   | |_____________^
   |
   = help: for further information visit https://rust-lang.github.io/rust-clippy/rust-1.97.0/index.html#collapsible_if
   = note: `-D clippy::collapsible-if` implied by `-D warnings`
   = help: to override `-D warnings` add `#[allow(clippy::collapsible_if)]`
help: collapse nested if block
   |
90 ~             if payloads.get(&value.type_id) == Some(source)
91 ~                 && overrides
92 |                     .insert(slot.clone(), value.type_id.clone())
...
95 |                     return Err(OrdinaryCarrierError::Linkage);
96 ~                 }
   |

error: could not compile `mpk-vc` (lib) due to 1 previous error
