   Compiling mpk-vc v0.1.0 (/Users/kazuyoshitoshiya/mpk/crates/mpk-vc)
    Finished `release` profile [optimized] target(s) in 1m 17s
     Running tests/csharp_practical_vc.rs (target/release/deps/csharp_practical_vc-0951b3e219e92435)

running 1 test
test ordinary_carriers::public_domain_tests::contract_expression_tests::control_edge_tests::csharp_03_t06_w09_control_native_options_original_sources ... control native options while: 0 observations
control edges while: generated/imported exact candidate; 0 pending guards
control native options for: 0 observations
control edges for: generated/imported exact candidate; 0 pending guards
control native options short_circuit: 0 observations
control edges short_circuit: generated/imported exact candidate; 0 pending guards
control native options switch: 0 observations
control edges switch: generated/imported exact candidate; 0 pending guards
control native options is_binding: 0 observations
control edges is_binding: generated/imported exact candidate; 0 pending guards
control native options guard_order: 0 observations
control edges guard_order: generated/imported exact candidate; 0 pending guards
control native options guard_throw: 0 observations
control edges guard_throw: generated/imported exact candidate; 0 pending guards
control native options total_variable: 0 observations
control edges total_variable: generated/imported exact candidate; 0 pending guards
control native options index_update: 0 observations
control edges index_update: generated/imported exact candidate; 0 pending guards
control native options foreach_string: 20 observations
control edges foreach_string: generated/imported exact candidate; 0 pending guards
control native options foreach_string_var: 20 observations
control edges foreach_string_var: generated/imported exact candidate; 0 pending guards
control native options foreach_array: 0 observations
control edges foreach_array: generated/imported exact candidate; 0 pending guards
control native options foreach_array_var: 0 observations
control edges foreach_array_var: generated/imported exact candidate; 0 pending guards
control native options lookup: 0 observations
control edges lookup: generated/imported exact candidate; 0 pending guards
control native options governing_throw: 0 observations
control edges governing_throw: generated/imported exact candidate; 0 pending guards
control native options type: 31 observations
control edges type: generated/imported exact candidate; 0 pending guards
control native options string_property: 10 observations
control edges string_property: generated/imported exact candidate; 0 pending guards
control native options count_fill: 0 observations
control edges count_fill: generated/imported exact candidate; 0 pending guards
ok

test result: ok. 1 passed; 0 failed; 0 ignored; 0 measured; 352 filtered out; finished in 263.03s

