   Compiling mpk-vc v0.1.0 (/Users/kazuyoshitoshiya/mpk/crates/mpk-vc)
    Finished `release` profile [optimized] target(s) in 1m 25s
     Running tests/csharp_practical_vc.rs (target/release/deps/csharp_practical_vc-0951b3e219e92435)

running 1 test
test ordinary_carriers::public_domain_tests::contract_expression_tests::control_edge_tests::csharp_03_t06_w09_control_node_entries_original_sources ... control node entries while: 351 observations
control edges while: generated/imported exact candidate; 0 pending guards
control node entries for: 881 observations
control edges for: generated/imported exact candidate; 0 pending guards
control node entries short_circuit: 757 observations
control edges short_circuit: generated/imported exact candidate; 0 pending guards
control node entries switch: 439 observations
control edges switch: generated/imported exact candidate; 0 pending guards
control node entries is_binding: 300 observations
control edges is_binding: generated/imported exact candidate; 0 pending guards
control node entries guard_order: 1477 observations
control edges guard_order: generated/imported exact candidate; 0 pending guards
control node entries guard_throw: 483 observations
control edges guard_throw: generated/imported exact candidate; 0 pending guards
control node entries total_variable: 351 observations
control edges total_variable: generated/imported exact candidate; 0 pending guards
control node entries index_update: 1126 observations
control edges index_update: generated/imported exact candidate; 0 pending guards
control node entries foreach_string: 1090 observations
control edges foreach_string: generated/imported exact candidate; 0 pending guards
control node entries foreach_string_var: 1090 observations
control edges foreach_string_var: generated/imported exact candidate; 0 pending guards
control node entries foreach_array: 977 observations
control edges foreach_array: generated/imported exact candidate; 0 pending guards
control node entries foreach_array_var: 977 observations
control edges foreach_array_var: generated/imported exact candidate; 0 pending guards
control node entries lookup: 641 observations
control edges lookup: generated/imported exact candidate; 0 pending guards
control node entries governing_throw: 368 observations
control edges governing_throw: generated/imported exact candidate; 0 pending guards
control node entries type: 1159 observations
control edges type: generated/imported exact candidate; 0 pending guards
control node entries string_property: 437 observations
control edges string_property: generated/imported exact candidate; 0 pending guards
ok

test result: ok. 1 passed; 0 failed; 0 ignored; 0 measured; 339 filtered out; finished in 57.16s

