   Compiling mpk-vc v0.1.0 (/Users/kazuyoshitoshiya/mpk/crates/mpk-vc)
    Finished `release` profile [optimized] target(s) in 1m 24s
     Running tests/csharp_practical_vc.rs (target/release/deps/csharp_practical_vc-0951b3e219e92435)

running 1 test
test ordinary_carriers::public_domain_tests::contract_expression_tests::control_edge_tests::csharp_03_t06_w09_control_edge_source_relations ... control edges while: runtime start
control edges while: 0 pending, 784 cumulative observations
control edges for: runtime start
control edges for: 0 pending, 2548 cumulative observations
control edges short_circuit: runtime start
control edges short_circuit: 0 pending, 4067 cumulative observations
control edges switch: runtime start
control edges switch: 0 pending, 5236 cumulative observations
control edges is_binding: runtime start
control edges is_binding: 0 pending, 5922 cumulative observations
control edges guard_order: runtime start
control edges guard_order: 0 pending, 8141 cumulative observations
control edges guard_throw: runtime start
control edges guard_throw: 0 pending, 9135 cumulative observations
control edges index_update: runtime start
control edges index_update: 10 pending, 10934 cumulative observations
control edges total_variable: runtime start
control edges total_variable: 0 pending, 11718 cumulative observations
control edges: 95 distinct original W04 goal bindings checked
ok

test result: ok. 1 passed; 0 failed; 0 ignored; 0 measured; 325 filtered out; finished in 94.06s

