   Compiling mpk-vc v0.1.0 (/Users/kazuyoshitoshiya/mpk/crates/mpk-vc)
    Finished `release` profile [optimized] target(s) in 25.92s
     Running tests/csharp_practical_vc.rs (target/release/deps/csharp_practical_vc-0951b3e219e92435)

running 1 test
test ordinary_carriers::public_domain_tests::contract_expression_tests::control_edge_tests::csharp_03_t06_w09_control_native_operations_original_sources ... native integer runtime integer.i32.less.unchecked
native integer runtime integer.i32.add.checked
native operation families: {"IntegerBoolean": 2}
control native operations while: 36 observations
control edges while: generated/imported exact candidate; 0 pending guards
native integer runtime integer.i32.less.unchecked
native integer runtime structural.equal.mpk.csharp.value.i32.v1
native integer runtime structural.equal.mpk.csharp.value.i32.v1
native integer runtime integer.i32.add.checked
native integer runtime integer.i32.add.checked
native operation families: {"IntegerBoolean": 3, "Structural": 2}
control native operations for: 30 observations
control edges for: generated/imported exact candidate; 0 pending guards
native integer runtime integer.i32.less.unchecked
native integer runtime integer.i32.add.checked
native integer runtime integer.i32.less.unchecked
native integer runtime integer.i32.add.checked
native integer runtime integer.i32.multiply.checked
native integer runtime integer.i32.add.checked
native operation families: {"IntegerBoolean": 6}
control native operations short_circuit: 33 observations
control edges short_circuit: generated/imported exact candidate; 0 pending guards
native integer runtime integer.i32.greater.unchecked
native integer runtime structural.equal.mpk.csharp.value.i32.v1
native integer runtime integer.i32.subtract.checked
native operation families: {"IntegerBoolean": 2, "Structural": 1}
control native operations switch: 39 observations
control edges switch: generated/imported exact candidate; 0 pending guards
native integer runtime integer.i32.greater.unchecked
native integer runtime integer.i32.negate.checked
native operation families: {"IntegerBoolean": 2}
control native operations is_binding: 21 observations
control edges is_binding: generated/imported exact candidate; 0 pending guards
native integer runtime integer.i32.add.checked
native integer runtime structural.equal.mpk.csharp.value.i32.v1
native integer runtime structural.equal.mpk.csharp.value.i32.v1
native integer runtime integer.i32.add.checked
native integer runtime structural.equal.mpk.csharp.value.i32.v1
native integer runtime integer.i32.multiply.checked
native integer runtime integer.i32.add.checked
native operation families: {"IntegerBoolean": 4, "Structural": 3}
control native operations guard_order: 21 observations
control edges guard_order: generated/imported exact candidate; 0 pending guards
native integer runtime integer.i32.divide.checked
native integer runtime integer.i32.greater.unchecked
native operation families: {"IntegerBoolean": 2}
control native operations guard_throw: 21 observations
control edges guard_throw: generated/imported exact candidate; 0 pending guards
native integer runtime integer.i32.less.unchecked
native integer runtime integer.i32.add.checked
native operation families: {"IntegerBoolean": 2}
control native operations total_variable: 6 observations
control edges total_variable: generated/imported exact candidate; 0 pending guards
native integer runtime integer.i32.less.unchecked
native integer runtime integer.i32.add.checked
native integer runtime integer.i32.add.checked
native integer runtime integer.i32.add.checked
native integer runtime integer.i32.multiply.checked
native integer runtime integer.i32.add.checked
native operation families: {"Foundation": 5, "IntegerBoolean": 6}
control native operations index_update: 76 observations
control edges index_update: generated/imported exact candidate; 0 pending guards
pending native operation mpk.csharp.instance.adfa327cb9065921ad0b1f76f3a1fb74e495f9bb57affca01068135b6b89dfeb.some: ["Mpk.CSharp.Data.Relation.32b762bd9571d02ad2f1dd73f40478f3faa4fdf7b01e405b78337cbdcc6be2b4"]
native integer runtime integer.i32.less.checked
pending native operation mpk.csharp.instance.adfa327cb9065921ad0b1f76f3a1fb74e495f9bb57affca01068135b6b89dfeb.some: ["Mpk.CSharp.Data.Relation.32b762bd9571d02ad2f1dd73f40478f3faa4fdf7b01e405b78337cbdcc6be2b4"]
native integer runtime integer.convert.char.i32.checked
native integer runtime integer.i32.add.checked
native integer runtime integer.i32.add.checked
native operation families: {"IntegerBoolean": 4, "String": 2}
control native operations foreach_string: 56 observations
control edges foreach_string: generated/imported exact candidate; 0 pending guards
pending native operation mpk.csharp.instance.adfa327cb9065921ad0b1f76f3a1fb74e495f9bb57affca01068135b6b89dfeb.some: ["Mpk.CSharp.Data.Relation.32b762bd9571d02ad2f1dd73f40478f3faa4fdf7b01e405b78337cbdcc6be2b4"]
native integer runtime integer.i32.less.checked
pending native operation mpk.csharp.instance.adfa327cb9065921ad0b1f76f3a1fb74e495f9bb57affca01068135b6b89dfeb.some: ["Mpk.CSharp.Data.Relation.32b762bd9571d02ad2f1dd73f40478f3faa4fdf7b01e405b78337cbdcc6be2b4"]
native integer runtime integer.convert.char.i32.checked
native integer runtime integer.i32.add.checked
native integer runtime integer.i32.add.checked
native operation families: {"IntegerBoolean": 4, "String": 2}
control native operations foreach_string_var: 26 observations
control edges foreach_string_var: generated/imported exact candidate; 0 pending guards
native integer runtime integer.i32.less.checked
native integer runtime integer.i32.add.checked
native integer runtime integer.i32.add.checked
native integer runtime integer.convert.u32.i32.unchecked
native operation families: {"Foundation": 2, "IntegerBoolean": 4}
control native operations foreach_array: 40 observations
control edges foreach_array: generated/imported exact candidate; 0 pending guards
native integer runtime integer.i32.less.checked
native integer runtime integer.i32.add.checked
native integer runtime integer.i32.add.checked
native integer runtime integer.convert.u32.i32.unchecked
native operation families: {"Foundation": 2, "IntegerBoolean": 4}
control native operations foreach_array_var: 25 observations
control edges foreach_array_var: generated/imported exact candidate; 0 pending guards
native integer runtime integer.i32.less.unchecked
native integer runtime structural.equal.mpk.csharp.value.i32.v1
native integer runtime integer.i32.add.checked
native integer runtime integer.i32.negate.checked
native integer runtime integer.convert.u32.i32.unchecked
native operation families: {"Foundation": 2, "IntegerBoolean": 4, "Structural": 1}
control native operations lookup: 28 observations
control edges lookup: generated/imported exact candidate; 0 pending guards
native integer runtime structural.equal.mpk.csharp.value.i32.v1
native operation families: {"Foundation": 1, "Structural": 1}
control native operations governing_throw: 13 observations
control edges governing_throw: generated/imported exact candidate; 0 pending guards
native integer runtime structural.equal.mpk.csharp.value.i32.v1
pending native operation mpk.csharp.instance.68630552d3cf32617731c14f77e5039d4c6a1a3c804a96b9cd1734e5bc85e547.some: ["Mpk.CSharp.Data.Relation.57eaf222974eda489c83ecddd768dd430fb013afde316f7306ecff0bc2a96a61"]
pending native operation mpk.csharp.instance.68630552d3cf32617731c14f77e5039d4c6a1a3c804a96b9cd1734e5bc85e547.has_value: ["Mpk.CSharp.Data.Relation.9261d99641e3fda1307c4253f6ab4757595bbcb74a37178fa9444c88cec1fb19"]
pending native operation structural.equal.mpk.csharp.instance.68630552d3cf32617731c14f77e5039d4c6a1a3c804a96b9cd1734e5bc85e547: ["Mpk.CSharp.Data.Relation.59f890dd486b5ef2f093173bb4c0ba74fecdfc1a495f1a8a439eb98bb628d55b"]
native operation families: {"Foundation": 1, "SourceValue": 1, "Structural": 1}
control native operations type: 14 observations
control edges type: generated/imported exact candidate; 0 pending guards
pending native operation mpk.csharp.instance.adfa327cb9065921ad0b1f76f3a1fb74e495f9bb57affca01068135b6b89dfeb.some: ["Mpk.CSharp.Data.Relation.32b762bd9571d02ad2f1dd73f40478f3faa4fdf7b01e405b78337cbdcc6be2b4"]
native integer runtime integer.i32.greater.unchecked
native operation families: {"IntegerBoolean": 1, "String": 1}
control native operations string_property: 8 observations
control edges string_property: generated/imported exact candidate; 0 pending guards
native integer runtime integer.i32.less.checked
native integer runtime integer.i32.greater.unchecked
native integer runtime integer.i32.add.checked
native integer runtime integer.i32.add.checked
native integer runtime integer.i32.less.checked
native integer runtime integer.i32.greater.unchecked
native integer runtime integer.i32.add.checked
native integer runtime integer.i32.add.checked
native integer runtime integer.i32.less.checked
native integer runtime integer.i32.add.checked
native integer runtime integer.i32.add.checked
native integer runtime integer.convert.u32.i32.unchecked
native integer runtime integer.convert.u32.i32.unchecked
native operation families: {"Foundation": 7, "IntegerBoolean": 13}
control native operations count_fill: 99 observations
control edges count_fill: generated/imported exact candidate; 0 pending guards
ok

test result: ok. 1 passed; 0 failed; 0 ignored; 0 measured; 349 filtered out; finished in 356.44s

