
running 1 test
test ordinary_carriers::public_domain_tests::contract_expression_tests::control_slot_tests::csharp_03_t06_w09_control_slot_array_snapshots ... edge stage let mut builder = Builder::new()?;
edge stage let mut c = compiler(
edge stage let mut construction_definitions
edge stage let mut integer_definitions
edge stage let mut string_definitions
edge stage let mut sequence_definitions
edge stage let mut reference_definitions
edge stage let mut option_definitions
edge stage let mut functions = vec![];
edge stage // Append after the existing
edge stage let mut builder = Builder::new()?;
edge stage let mut c = compiler(
edge stage let mut construction_definitions
edge stage let mut integer_definitions
edge stage let mut string_definitions
edge stage let mut sequence_definitions
edge stage let mut reference_definitions
edge stage let mut option_definitions
edge stage let mut functions = vec![];
edge stage // Append after the existing
snapshot mpk.csharp.source.88c1e21725003ed574525e5cae27a2f1dfc1261331198e916f90c93ddbcaece8.node.000004 length 0 complete true: definedness
snapshot length 0: projection
snapshot length 0: slot relation
snapshot mpk.csharp.source.88c1e21725003ed574525e5cae27a2f1dfc1261331198e916f90c93ddbcaece8.node.000004 length 1 complete true: definedness
snapshot length 1: projection
snapshot length 1: slot relation
snapshot mpk.csharp.source.88c1e21725003ed574525e5cae27a2f1dfc1261331198e916f90c93ddbcaece8.node.000004 length 4095 complete true: definedness
snapshot length 4095: projection
snapshot length 4095: slot relation
snapshot mpk.csharp.source.88c1e21725003ed574525e5cae27a2f1dfc1261331198e916f90c93ddbcaece8.node.000004 length 4096 complete true: definedness
snapshot length 4096: projection
snapshot length 4096: slot relation
snapshot mpk.csharp.source.88c1e21725003ed574525e5cae27a2f1dfc1261331198e916f90c93ddbcaece8.node.000004 length 4097 complete true: definedness
snapshot length 4097: projection
snapshot length 4097: slot relation
snapshot mpk.csharp.source.88c1e21725003ed574525e5cae27a2f1dfc1261331198e916f90c93ddbcaece8.node.000004 length 16384 complete true: definedness
snapshot length 16384: projection
snapshot length 16384: slot relation
snapshot mpk.csharp.source.88c1e21725003ed574525e5cae27a2f1dfc1261331198e916f90c93ddbcaece8.node.000004 length 16385 complete true: definedness
snapshot length 16385: projection
snapshot length 16385: slot relation
snapshot mpk.csharp.source.88c1e21725003ed574525e5cae27a2f1dfc1261331198e916f90c93ddbcaece8.node.000004 length 4294967295 complete true: definedness
snapshot length 4294967295: projection
snapshot length 4294967295: slot relation
snapshot mpk.csharp.source.88c1e21725003ed574525e5cae27a2f1dfc1261331198e916f90c93ddbcaece8.node.000004 length 1 complete false: definedness
snapshot length 1: projection
snapshot length 1: slot relation
snapshot mpk.csharp.source.88c1e21725003ed574525e5cae27a2f1dfc1261331198e916f90c93ddbcaece8.node.000019 length 0 complete true: definedness
snapshot length 0: projection
snapshot length 0: slot relation
snapshot mpk.csharp.source.88c1e21725003ed574525e5cae27a2f1dfc1261331198e916f90c93ddbcaece8.node.000019 length 1 complete true: definedness
snapshot length 1: projection
snapshot length 1: slot relation
snapshot mpk.csharp.source.88c1e21725003ed574525e5cae27a2f1dfc1261331198e916f90c93ddbcaece8.node.000019 length 4095 complete true: definedness
snapshot length 4095: projection
snapshot length 4095: slot relation
snapshot mpk.csharp.source.88c1e21725003ed574525e5cae27a2f1dfc1261331198e916f90c93ddbcaece8.node.000019 length 4096 complete true: definedness
snapshot length 4096: projection
snapshot length 4096: slot relation
snapshot mpk.csharp.source.88c1e21725003ed574525e5cae27a2f1dfc1261331198e916f90c93ddbcaece8.node.000019 length 4097 complete true: definedness
snapshot length 4097: projection
snapshot length 4097: slot relation
snapshot mpk.csharp.source.88c1e21725003ed574525e5cae27a2f1dfc1261331198e916f90c93ddbcaece8.node.000019 length 16384 complete true: definedness
snapshot length 16384: projection
snapshot length 16384: slot relation
snapshot mpk.csharp.source.88c1e21725003ed574525e5cae27a2f1dfc1261331198e916f90c93ddbcaece8.node.000019 length 16385 complete true: definedness
snapshot length 16385: projection
snapshot length 16385: slot relation
snapshot mpk.csharp.source.88c1e21725003ed574525e5cae27a2f1dfc1261331198e916f90c93ddbcaece8.node.000019 length 4294967295 complete true: definedness
snapshot length 4294967295: projection
snapshot length 4294967295: slot relation
snapshot mpk.csharp.source.88c1e21725003ed574525e5cae27a2f1dfc1261331198e916f90c93ddbcaece8.node.000019 length 1 complete false: definedness
snapshot length 1: projection
snapshot length 1: slot relation
snapshot mpk.csharp.source.88c1e21725003ed574525e5cae27a2f1dfc1261331198e916f90c93ddbcaece8.node.000034 length 0 complete true: definedness
snapshot length 0: projection
snapshot length 0: slot relation
snapshot mpk.csharp.source.88c1e21725003ed574525e5cae27a2f1dfc1261331198e916f90c93ddbcaece8.node.000034 length 1 complete true: definedness
snapshot length 1: projection
snapshot length 1: slot relation
snapshot mpk.csharp.source.88c1e21725003ed574525e5cae27a2f1dfc1261331198e916f90c93ddbcaece8.node.000034 length 4095 complete true: definedness
snapshot length 4095: projection
snapshot length 4095: slot relation
snapshot mpk.csharp.source.88c1e21725003ed574525e5cae27a2f1dfc1261331198e916f90c93ddbcaece8.node.000034 length 4096 complete true: definedness
snapshot length 4096: projection
snapshot length 4096: slot relation
snapshot mpk.csharp.source.88c1e21725003ed574525e5cae27a2f1dfc1261331198e916f90c93ddbcaece8.node.000034 length 4097 complete true: definedness
snapshot length 4097: projection
snapshot length 4097: slot relation
snapshot mpk.csharp.source.88c1e21725003ed574525e5cae27a2f1dfc1261331198e916f90c93ddbcaece8.node.000034 length 16384 complete true: definedness
snapshot length 16384: projection
snapshot length 16384: slot relation
snapshot mpk.csharp.source.88c1e21725003ed574525e5cae27a2f1dfc1261331198e916f90c93ddbcaece8.node.000034 length 16385 complete true: definedness
snapshot length 16385: projection
snapshot length 16385: slot relation
snapshot mpk.csharp.source.88c1e21725003ed574525e5cae27a2f1dfc1261331198e916f90c93ddbcaece8.node.000034 length 4294967295 complete true: definedness
snapshot length 4294967295: projection
snapshot length 4294967295: slot relation
snapshot mpk.csharp.source.88c1e21725003ed574525e5cae27a2f1dfc1261331198e916f90c93ddbcaece8.node.000034 length 1 complete false: definedness
snapshot length 1: projection
snapshot length 1: slot relation
snapshot mpk.csharp.source.88c1e21725003ed574525e5cae27a2f1dfc1261331198e916f90c93ddbcaece8.node.000041 length 0 complete true: definedness
snapshot length 0: projection
snapshot length 0: slot relation
snapshot mpk.csharp.source.88c1e21725003ed574525e5cae27a2f1dfc1261331198e916f90c93ddbcaece8.node.000041 length 1 complete true: definedness
snapshot length 1: projection
snapshot length 1: slot relation
snapshot mpk.csharp.source.88c1e21725003ed574525e5cae27a2f1dfc1261331198e916f90c93ddbcaece8.node.000041 length 4095 complete true: definedness
snapshot length 4095: projection
snapshot length 4095: slot relation
snapshot mpk.csharp.source.88c1e21725003ed574525e5cae27a2f1dfc1261331198e916f90c93ddbcaece8.node.000041 length 4096 complete true: definedness
snapshot length 4096: projection
snapshot length 4096: slot relation
snapshot mpk.csharp.source.88c1e21725003ed574525e5cae27a2f1dfc1261331198e916f90c93ddbcaece8.node.000041 length 4097 complete true: definedness
snapshot length 4097: projection
snapshot length 4097: slot relation
snapshot mpk.csharp.source.88c1e21725003ed574525e5cae27a2f1dfc1261331198e916f90c93ddbcaece8.node.000041 length 16384 complete true: definedness
snapshot length 16384: projection
snapshot length 16384: slot relation
snapshot mpk.csharp.source.88c1e21725003ed574525e5cae27a2f1dfc1261331198e916f90c93ddbcaece8.node.000041 length 16385 complete true: definedness
snapshot length 16385: projection
snapshot length 16385: slot relation
snapshot mpk.csharp.source.88c1e21725003ed574525e5cae27a2f1dfc1261331198e916f90c93ddbcaece8.node.000041 length 4294967295 complete true: definedness
snapshot length 4294967295: projection
snapshot length 4294967295: slot relation
snapshot mpk.csharp.source.88c1e21725003ed574525e5cae27a2f1dfc1261331198e916f90c93ddbcaece8.node.000041 length 1 complete false: definedness
snapshot length 1: projection
snapshot length 1: slot relation
edge stage let mut builder = Builder::new()?;
edge stage let mut c = compiler(
edge stage let mut construction_definitions
edge stage let mut integer_definitions
edge stage let mut string_definitions
edge stage let mut sequence_definitions
edge stage let mut reference_definitions
edge stage let mut option_definitions
edge stage let mut functions = vec![];
edge stage // Append after the existing
edge stage let mut builder = Builder::new()?;
edge stage let mut c = compiler(
edge stage let mut construction_definitions
edge stage let mut integer_definitions
edge stage let mut string_definitions
edge stage let mut sequence_definitions
edge stage let mut reference_definitions
edge stage let mut option_definitions
edge stage let mut functions = vec![];
edge stage // Append after the existing
edge stage let mut builder = Builder::new()?;
edge stage let mut c = compiler(
edge stage let mut construction_definitions
edge stage let mut integer_definitions
edge stage let mut string_definitions
edge stage let mut sequence_definitions
edge stage let mut reference_definitions
edge stage let mut option_definitions
edge stage let mut functions = vec![];
edge stage // Append after the existing
source array snapshots: 4 transfers, 124 observations
ok

test result: ok. 1 passed; 0 failed; 0 ignored; 0 measured; 336 filtered out; finished in 3.69s

