   Compiling mpk-vc v0.1.0 (/Users/kazuyoshitoshiya/mpk/crates/mpk-vc)
warning: unreachable pattern
    --> crates/mpk-vc/tests/support/csharp_practical_ordinary_control_edge_tests.rs:1435:19
     |
1434 |                 | "before-integrated-slots"
     |                   ------------------------- matches all the relevant values
1435 |                 | "before-integrated-slots"
     |                   ^^^^^^^^^^^^^^^^^^^^^^^^^ no value can reach this
     |
     = note: `#[warn(unreachable_patterns)]` (part of `#[warn(unused)]`) on by default

warning: unreachable pattern
    --> crates/mpk-vc/tests/support/csharp_practical_ordinary_control_edge_tests.rs:1452:23
     |
1451 |                     | "before-integrated-slots"
     |                       ------------------------- matches all the relevant values
1452 |                     | "before-integrated-slots"
     |                       ^^^^^^^^^^^^^^^^^^^^^^^^^ no value can reach this

warning: `mpk-vc` (test "csharp_practical_vc") generated 2 warnings
    Finished `release` profile [optimized] target(s) in 1m 21s
     Running tests/csharp_practical_vc.rs (target/release/deps/csharp_practical_vc-0951b3e219e92435)

running 1 test
test ordinary_carriers::public_domain_tests::contract_expression_tests::control_edge_tests::csharp_03_t06_w09_control_integrated_slots_original_sources ... control integrated slots while: 96 observations
control edges while: generated/imported exact candidate; 0 pending guards
control integrated slots for: 218 observations
control edges for: generated/imported exact candidate; 0 pending guards
control integrated slots short_circuit: 184 observations
control edges short_circuit: generated/imported exact candidate; 0 pending guards
control integrated slots switch: 65 observations
control edges switch: generated/imported exact candidate; 0 pending guards
control integrated slots is_binding: 54 observations
control edges is_binding: generated/imported exact candidate; 0 pending guards
control integrated slots guard_order: 462 observations
control edges guard_order: generated/imported exact candidate; 0 pending guards
control integrated slots guard_throw: 116 observations
control edges guard_throw: generated/imported exact candidate; 0 pending guards
control integrated slots total_variable: 96 observations
control edges total_variable: generated/imported exact candidate; 0 pending guards
control integrated slots index_update: 236 observations
control edges index_update: generated/imported exact candidate; 0 pending guards
control integrated slots foreach_string: 384 observations
control edges foreach_string: generated/imported exact candidate; 0 pending guards
control integrated slots foreach_string_var: 384 observations
control edges foreach_string_var: generated/imported exact candidate; 0 pending guards
control integrated slots foreach_array: 384 observations
control edges foreach_array: generated/imported exact candidate; 0 pending guards
control integrated slots foreach_array_var: 384 observations
control edges foreach_array_var: generated/imported exact candidate; 0 pending guards
control integrated slots lookup: 138 observations
control edges lookup: generated/imported exact candidate; 0 pending guards
control integrated slots governing_throw: 82 observations
control edges governing_throw: generated/imported exact candidate; 0 pending guards
control integrated slots type: 294 observations
control edges type: generated/imported exact candidate; 0 pending guards
control integrated slots string_property: 68 observations
control edges string_property: generated/imported exact candidate; 0 pending guards
control integrated slots count_fill: 2697 observations
control edges count_fill: generated/imported exact candidate; 0 pending guards
ok

test result: ok. 1 passed; 0 failed; 0 ignored; 0 measured; 354 filtered out; finished in 5.92s

