=== RUN   TestCheckerAgreementWithRustCLIOwnershipEquations
=== RUN   TestCheckerAgreementWithRustCLIOwnershipEquations/27bf71b9691bff9bf271182a00171dcaf676eca9d77b8102e07cd1facfc6dd09.hex
=== RUN   TestCheckerAgreementWithRustCLIOwnershipEquations/array_finally_abandon.hex
=== RUN   TestCheckerAgreementWithRustCLIOwnershipEquations/array_initializer_catch.hex
=== RUN   TestCheckerAgreementWithRustCLIOwnershipEquations/array_publish_then_catch.hex
=== RUN   TestCheckerAgreementWithRustCLIOwnershipEquations/array_return_finally.hex
=== RUN   TestCheckerAgreementWithRustCLIOwnershipEquations/b85dd77635fb03689bd82d5b31d1088a0f49d29f414ec392e08af68e4d0c46c9.hex
=== RUN   TestCheckerAgreementWithRustCLIOwnershipEquations/count_fill.hex
=== RUN   TestCheckerAgreementWithRustCLIOwnershipEquations/dcb1bfeae19deccb577dce44cd239e814c6ca65f71bb32d8005af44a572fa358.hex
=== RUN   TestCheckerAgreementWithRustCLIOwnershipEquations/dedup.hex
=== RUN   TestCheckerAgreementWithRustCLIOwnershipEquations/duplicate_replace.hex
=== RUN   TestCheckerAgreementWithRustCLIOwnershipEquations/eight-live.hex
=== RUN   TestCheckerAgreementWithRustCLIOwnershipEquations/index_update.hex
=== RUN   TestCheckerAgreementWithRustCLIOwnershipEquations/sort.hex
=== RUN   TestCheckerAgreementWithRustCLIOwnershipEquations/two-origins.hex
--- PASS: TestCheckerAgreementWithRustCLIOwnershipEquations (19.11s)
    --- PASS: TestCheckerAgreementWithRustCLIOwnershipEquations/27bf71b9691bff9bf271182a00171dcaf676eca9d77b8102e07cd1facfc6dd09.hex (0.95s)
    --- PASS: TestCheckerAgreementWithRustCLIOwnershipEquations/array_finally_abandon.hex (2.01s)
    --- PASS: TestCheckerAgreementWithRustCLIOwnershipEquations/array_initializer_catch.hex (0.94s)
    --- PASS: TestCheckerAgreementWithRustCLIOwnershipEquations/array_publish_then_catch.hex (0.92s)
    --- PASS: TestCheckerAgreementWithRustCLIOwnershipEquations/array_return_finally.hex (1.66s)
    --- PASS: TestCheckerAgreementWithRustCLIOwnershipEquations/b85dd77635fb03689bd82d5b31d1088a0f49d29f414ec392e08af68e4d0c46c9.hex (0.86s)
    --- PASS: TestCheckerAgreementWithRustCLIOwnershipEquations/count_fill.hex (1.33s)
    --- PASS: TestCheckerAgreementWithRustCLIOwnershipEquations/dcb1bfeae19deccb577dce44cd239e814c6ca65f71bb32d8005af44a572fa358.hex (0.85s)
    --- PASS: TestCheckerAgreementWithRustCLIOwnershipEquations/dedup.hex (1.54s)
    --- PASS: TestCheckerAgreementWithRustCLIOwnershipEquations/duplicate_replace.hex (1.24s)
    --- PASS: TestCheckerAgreementWithRustCLIOwnershipEquations/eight-live.hex (3.36s)
    --- PASS: TestCheckerAgreementWithRustCLIOwnershipEquations/index_update.hex (1.06s)
    --- PASS: TestCheckerAgreementWithRustCLIOwnershipEquations/sort.hex (1.45s)
    --- PASS: TestCheckerAgreementWithRustCLIOwnershipEquations/two-origins.hex (0.93s)
PASS
