=== RUN   TestCheckerAgreementRustProcessStreams
=== RUN   TestCheckerAgreementRustProcessStreams/warning
=== RUN   TestCheckerAgreementRustProcessStreams/warning_accept
=== RUN   TestCheckerAgreementRustProcessStreams/stderr_report
=== RUN   TestCheckerAgreementRustProcessStreams/stdout_warning
=== RUN   TestCheckerAgreementRustProcessStreams/cargo_failure
--- PASS: TestCheckerAgreementRustProcessStreams (0.02s)
    --- PASS: TestCheckerAgreementRustProcessStreams/warning (0.00s)
    --- PASS: TestCheckerAgreementRustProcessStreams/warning_accept (0.00s)
    --- PASS: TestCheckerAgreementRustProcessStreams/stderr_report (0.00s)
    --- PASS: TestCheckerAgreementRustProcessStreams/stdout_warning (0.00s)
    --- PASS: TestCheckerAgreementRustProcessStreams/cargo_failure (0.00s)
=== RUN   TestCheckerAgreementWithRustCLIReportProtocol
=== RUN   TestCheckerAgreementWithRustCLIReportProtocol/cargo_failure
=== RUN   TestCheckerAgreementWithRustCLIReportProtocol/signal
=== RUN   TestCheckerAgreementWithRustCLIReportProtocol/rejection_with_success_exit
=== RUN   TestCheckerAgreementWithRustCLIReportProtocol/wrong_bytes
=== RUN   TestCheckerAgreementWithRustCLIReportProtocol/missing_error
=== RUN   TestCheckerAgreementWithRustCLIReportProtocol/internal_error
=== RUN   TestCheckerAgreementWithRustCLIReportProtocol/unknown_error
=== RUN   TestCheckerAgreementWithRustCLIReportProtocol/missing_acceptance_fields
=== RUN   TestCheckerAgreementWithRustCLIReportProtocol/trailing_output
--- PASS: TestCheckerAgreementWithRustCLIReportProtocol (0.00s)
    --- PASS: TestCheckerAgreementWithRustCLIReportProtocol/cargo_failure (0.00s)
    --- PASS: TestCheckerAgreementWithRustCLIReportProtocol/signal (0.00s)
    --- PASS: TestCheckerAgreementWithRustCLIReportProtocol/rejection_with_success_exit (0.00s)
    --- PASS: TestCheckerAgreementWithRustCLIReportProtocol/wrong_bytes (0.00s)
    --- PASS: TestCheckerAgreementWithRustCLIReportProtocol/missing_error (0.00s)
    --- PASS: TestCheckerAgreementWithRustCLIReportProtocol/internal_error (0.00s)
    --- PASS: TestCheckerAgreementWithRustCLIReportProtocol/unknown_error (0.00s)
    --- PASS: TestCheckerAgreementWithRustCLIReportProtocol/missing_acceptance_fields (0.00s)
    --- PASS: TestCheckerAgreementWithRustCLIReportProtocol/trailing_output (0.00s)
PASS
