=== RUN   TestCheckerAgreementWithRustCLIOwnershipProofs
=== RUN   TestCheckerAgreementWithRustCLIOwnershipProofs/eight-live.hex
panic: test timed out after 12m0s
	running tests:
		TestCheckerAgreementWithRustCLIOwnershipProofs (12m0s)
		TestCheckerAgreementWithRustCLIOwnershipProofs/eight-live.hex (12m0s)

goroutine 30 [running]:
testing.(*M).startAlarm.func1()
	/usr/local/go/src/testing/testing.go:2373 +0x30c
created by time.goFunc
	/usr/local/go/src/time/sleep.go:215 +0x38

goroutine 1 [chan receive, 12 minutes]:
testing.(*T).Run(0x140000ae4e0, {0x1006e97c9?, 0x140000e5b48?}, 0x10076d560)
	/usr/local/go/src/testing/testing.go:1751 +0x328
testing.runTests.func1(0x140000ae4e0)
	/usr/local/go/src/testing/testing.go:2168 +0x40
testing.tRunner(0x140000ae4e0, 0x140000e5c68)
	/usr/local/go/src/testing/testing.go:1690 +0xe4
testing.runTests(0x140000b8030, {0x1008881a0, 0x9d, 0x9d}, {0x1400000000000000?, 0x14ce7f9122d27aa7?, 0x10088ac40?})
	/usr/local/go/src/testing/testing.go:2166 +0x3ac
testing.(*M).Run(0x1400009e0a0)
	/usr/local/go/src/testing/testing.go:2034 +0x588
main.main()
	_testmain.go:357 +0x90

goroutine 18 [chan receive, 12 minutes]:
testing.(*T).Run(0x140000ae680, {0x1400008e4be?, 0x0?}, 0x140000a3080)
	/usr/local/go/src/testing/testing.go:1751 +0x328
github.com/finitefield-org/mpk/go-tools/mpk-checker-ref.checkOrdinaryCertificates(0x140000ae680, {0x1006de765, 0x10}, 0xe)
	/Users/kazuyoshitoshiya/mpk/go-tools/mpk-checker-ref/checker_agreement_test.go:387 +0x160
github.com/finitefield-org/mpk/go-tools/mpk-checker-ref.TestCheckerAgreementWithRustCLIOwnershipProofs(0x140000ae680?)
	/Users/kazuyoshitoshiya/mpk/go-tools/mpk-checker-ref/checker_agreement_test.go:814 +0x2c
testing.tRunner(0x140000ae680, 0x10076d560)
	/usr/local/go/src/testing/testing.go:1690 +0xe4
created by testing.(*T).Run in goroutine 1
	/usr/local/go/src/testing/testing.go:1743 +0x314

goroutine 19 [runnable]:
github.com/finitefield-org/mpk/go-tools/mpk-checker-ref.coreTermNodeEqual({0x3, 0x15b, 0x0, 0x0, {0x0, 0x0, 0x0}, {0x140017a3440, 0x2, 0x2}}, ...)
	/Users/kazuyoshitoshiya/mpk/go-tools/mpk-checker-ref/core_check.go:1015 +0x38
github.com/finitefield-org/mpk/go-tools/mpk-checker-ref.(*coreTermArena).intern(0x1400059f7c0, {0x3, 0x1ce, 0x0, 0x0, {0x0, 0x0, 0x0}, {0x140013ed548, 0x2, ...}})
	/Users/kazuyoshitoshiya/mpk/go-tools/mpk-checker-ref/core_check.go:1000 +0xf0
github.com/finitefield-org/mpk/go-tools/mpk-checker-ref.(*coreTermArena).app(0x1400059f7c0, 0x1ce, {0x140013ed3e8, 0x2, 0x1400059e0e8?})
	/Users/kazuyoshitoshiya/mpk/go-tools/mpk-checker-ref/core_check.go:979 +0x22c
github.com/finitefield-org/mpk/go-tools/mpk-checker-ref.(*coreState).openBinderAtDepth(0x1400059f7a8, 0x3?, 0x1d9b7, 0x0)
	/Users/kazuyoshitoshiya/mpk/go-tools/mpk-checker-ref/core_check.go:663 +0x690
github.com/finitefield-org/mpk/go-tools/mpk-checker-ref.(*coreState).openBinderAtDepth(0x1400059f7a8, 0x6?, 0x1d9b7, 0x0)
	/Users/kazuyoshitoshiya/mpk/go-tools/mpk-checker-ref/core_check.go:657 +0x61c
github.com/finitefield-org/mpk/go-tools/mpk-checker-ref.(*coreState).openBinderAtDepth(0x1400059f7a8, 0x0?, 0x1d9b7, 0x0)
	/Users/kazuyoshitoshiya/mpk/go-tools/mpk-checker-ref/core_check.go:657 +0x61c
github.com/finitefield-org/mpk/go-tools/mpk-checker-ref.(*coreState).openBinderAtDepth(0x1400059f7a8, 0x1256ed0?, 0x1d9b7, 0x0)
	/Users/kazuyoshitoshiya/mpk/go-tools/mpk-checker-ref/core_check.go:657 +0x61c
github.com/finitefield-org/mpk/go-tools/mpk-checker-ref.(*coreState).openBinderAtDepth(0x1400059f7a8, 0x1d9b7?, 0x1d9b7, 0x0)
	/Users/kazuyoshitoshiya/mpk/go-tools/mpk-checker-ref/core_check.go:657 +0x61c
github.com/finitefield-org/mpk/go-tools/mpk-checker-ref.(*coreState).substituteTop(...)
	/Users/kazuyoshitoshiya/mpk/go-tools/mpk-checker-ref/core_check.go:634
github.com/finitefield-org/mpk/go-tools/mpk-checker-ref.(*coreState).inferApp(0x1400059f7a8, 0x1d9b8, 0x140?, {0x14001a0e3a8, 0x6, 0x1400059f7c0?}, {0x0, 0x0, 0x0})
	/Users/kazuyoshitoshiya/mpk/go-tools/mpk-checker-ref/core_check.go:478 +0x154
github.com/finitefield-org/mpk/go-tools/mpk-checker-ref.(*coreState).infer(0x0?, 0x0?, {0x0?, 0x0?, 0x98300000003?})
	/Users/kazuyoshitoshiya/mpk/go-tools/mpk-checker-ref/core_check.go:387 +0x2f4
github.com/finitefield-org/mpk/go-tools/mpk-checker-ref.(*coreState).check(0x1400059f7a8, 0x1d9b8, 0x1d9d3, {0x0?, 0x0?, 0x0?})
	/Users/kazuyoshitoshiya/mpk/go-tools/mpk-checker-ref/core_check.go:415 +0x2b8
github.com/finitefield-org/mpk/go-tools/mpk-checker-ref.(*coreState).inferApp(0x1400059f7a8, 0x1d9b9, 0x0?, {0x14001a0e3d8, 0x6, 0x1400059f7c0?}, {0x0, 0x0, 0x0})
	/Users/kazuyoshitoshiya/mpk/go-tools/mpk-checker-ref/core_check.go:475 +0x13c
github.com/finitefield-org/mpk/go-tools/mpk-checker-ref.(*coreState).infer(0x0?, 0x0?, {0x0?, 0x0?, 0x1d94300000005?})
	/Users/kazuyoshitoshiya/mpk/go-tools/mpk-checker-ref/core_check.go:387 +0x2f4
github.com/finitefield-org/mpk/go-tools/mpk-checker-ref.(*coreState).check(0x1400059f7a8, 0x1d9b9, 0x1d9c2, {0x0?, 0x0?, 0x160800?})
	/Users/kazuyoshitoshiya/mpk/go-tools/mpk-checker-ref/core_check.go:415 +0x2b8
github.com/finitefield-org/mpk/go-tools/mpk-checker-ref.(*coreState).inferApp(0x1400059f7a8, 0x1d9bb, 0x1?, {0x14001a0e408, 0x6, 0x0?}, {0x0, 0x0, 0x0})
	/Users/kazuyoshitoshiya/mpk/go-tools/mpk-checker-ref/core_check.go:475 +0x13c
github.com/finitefield-org/mpk/go-tools/mpk-checker-ref.(*coreState).infer(0x3?, 0x0?, {0x0?, 0x0?, 0x98300000003?})
	/Users/kazuyoshitoshiya/mpk/go-tools/mpk-checker-ref/core_check.go:387 +0x2f4
github.com/finitefield-org/mpk/go-tools/mpk-checker-ref.(*coreState).check(0x1400059f7a8, 0x1d9bb, 0x1d9ae, {0x0?, 0xc?, 0x10075e780?})
	/Users/kazuyoshitoshiya/mpk/go-tools/mpk-checker-ref/core_check.go:415 +0x2b8
github.com/finitefield-org/mpk/go-tools/mpk-checker-ref.(*coreCheckContext).checkDeclarations(0x1400059f7a0)
	/Users/kazuyoshitoshiya/mpk/go-tools/mpk-checker-ref/core_check.go:129 +0x1c0
github.com/finitefield-org/mpk/go-tools/mpk-checker-ref.CheckCoreDeclarations(0x140000ae000)
	/Users/kazuyoshitoshiya/mpk/go-tools/mpk-checker-ref/core_check.go:41 +0x178
github.com/finitefield-org/mpk/go-tools/mpk-checker-ref.CheckCore(...)
	/Users/kazuyoshitoshiya/mpk/go-tools/mpk-checker-ref/core_check.go:36
github.com/finitefield-org/mpk/go-tools/mpk-checker-ref.VerifyCertificate(_, {0x15, 0xe2, 0x6f, 0x62, 0xa4, 0x67, 0x8c, 0x4d, 0xf9, ...})
	/Users/kazuyoshitoshiya/mpk/go-tools/mpk-checker-ref/verify.go:56 +0x5c
github.com/finitefield-org/mpk/go-tools/mpk-checker-ref.VerifyCertificateBytes({0x1400078e000, 0x160884, 0x160884})
	/Users/kazuyoshitoshiya/mpk/go-tools/mpk-checker-ref/verify.go:45 +0x158
github.com/finitefield-org/mpk/go-tools/mpk-checker-ref.checkOrdinaryCertificates.func1(0x140000ae820)
	/Users/kazuyoshitoshiya/mpk/go-tools/mpk-checker-ref/checker_agreement_test.go:389 +0x6c
testing.tRunner(0x140000ae820, 0x140000a3080)
	/usr/local/go/src/testing/testing.go:1690 +0xe4
created by testing.(*T).Run in goroutine 18
	/usr/local/go/src/testing/testing.go:1743 +0x314
