=== RUN   TestCheckerAgreementWithRustCLIOwnershipProofs
=== RUN   TestCheckerAgreementWithRustCLIOwnershipProofs/count_fill.hex
panic: test timed out after 12m0s
	running tests:
		TestCheckerAgreementWithRustCLIOwnershipProofs (12m0s)
		TestCheckerAgreementWithRustCLIOwnershipProofs/count_fill.hex (12m0s)

goroutine 35 [running]:
testing.(*M).startAlarm.func1()
	/usr/local/go/src/testing/testing.go:2373 +0x30c
created by time.goFunc
	/usr/local/go/src/time/sleep.go:215 +0x38

goroutine 1 [chan receive, 12 minutes]:
testing.(*T).Run(0x140001124e0, {0x100391542?, 0x1400013bb48?}, 0x100415420)
	/usr/local/go/src/testing/testing.go:1751 +0x328
testing.runTests.func1(0x140001124e0)
	/usr/local/go/src/testing/testing.go:2168 +0x40
testing.tRunner(0x140001124e0, 0x1400013bc68)
	/usr/local/go/src/testing/testing.go:1690 +0xe4
testing.runTests(0x1400000c048, {0x1005301a0, 0x9d, 0x9d}, {0x3700000000000000?, 0x377811e74cb15cef?, 0x100532c40?})
	/usr/local/go/src/testing/testing.go:2166 +0x3ac
testing.(*M).Run(0x1400007e0a0)
	/usr/local/go/src/testing/testing.go:2034 +0x588
main.main()
	_testmain.go:357 +0x90

goroutine 6 [chan receive, 12 minutes]:
testing.(*T).Run(0x14000112680, {0x140000204be?, 0x0?}, 0x1400010cd50)
	/usr/local/go/src/testing/testing.go:1751 +0x328
github.com/finitefield-org/mpk/go-tools/mpk-checker-ref.checkOrdinaryCertificates(0x14000112680, {0x1003864c5, 0x10}, 0xe)
	/Users/kazuyoshitoshiya/mpk/go-tools/mpk-checker-ref/checker_agreement_test.go:385 +0x160
github.com/finitefield-org/mpk/go-tools/mpk-checker-ref.TestCheckerAgreementWithRustCLIOwnershipProofs(0x14000112680?)
	/Users/kazuyoshitoshiya/mpk/go-tools/mpk-checker-ref/checker_agreement_test.go:812 +0x2c
testing.tRunner(0x14000112680, 0x100415420)
	/usr/local/go/src/testing/testing.go:1690 +0xe4
created by testing.(*T).Run in goroutine 1
	/usr/local/go/src/testing/testing.go:1743 +0x314

goroutine 7 [syscall]:
syscall.syscall6(0x100648748?, 0x90?, 0x14000c00300?, 0x10063ca68?, 0x90?, 0x14000ecd710?, 0x14000ecd698?)
	/usr/local/go/src/runtime/sys_darwin.go:60 +0x50
syscall.wait4(0x14000ecd6b8?, 0x1002ae364?, 0x90?, 0x10040ce00?)
	/usr/local/go/src/syscall/zsyscall_darwin_arm64.go:44 +0x4c
syscall.Wait4(0x140001280e0?, 0x14000ecd6ec, 0x1400107eae0?, 0x14000128070?)
	/usr/local/go/src/syscall/syscall_bsd.go:144 +0x28
os.(*Process).pidWait(0x14001037e00)
	/usr/local/go/src/os/exec_unix.go:70 +0x9c
os.(*Process).wait(0x3?)
	/usr/local/go/src/os/exec_unix.go:30 +0x24
os.(*Process).Wait(...)
	/usr/local/go/src/os/exec.go:358
os/exec.(*Cmd).Wait(0x140010a4000)
	/usr/local/go/src/os/exec/exec.go:906 +0x38
os/exec.(*Cmd).Run(0x140010a4000)
	/usr/local/go/src/os/exec/exec.go:610 +0x38
os/exec.(*Cmd).Output(0x140010a4000)
	/usr/local/go/src/os/exec/exec.go:1000 +0xbc
github.com/finitefield-org/mpk/go-tools/mpk-checker-ref.runRustAgreementCommand(0x140010a4000, {0x14000180000, 0x86163, 0x86163})
	/Users/kazuyoshitoshiya/mpk/go-tools/mpk-checker-ref/checker_agreement_test.go:167 +0x90
github.com/finitefield-org/mpk/go-tools/mpk-checker-ref.rustCLIChecks(0x14000112820, {0x1400001a680, 0x1b}, {0x14000180000, 0x86163, 0x86163})
	/Users/kazuyoshitoshiya/mpk/go-tools/mpk-checker-ref/checker_agreement_test.go:154 +0x1cc
github.com/finitefield-org/mpk/go-tools/mpk-checker-ref.checkOrdinaryCertificates.func1(0x14000112820)
	/Users/kazuyoshitoshiya/mpk/go-tools/mpk-checker-ref/checker_agreement_test.go:401 +0x348
testing.tRunner(0x14000112820, 0x1400010cd50)
	/usr/local/go/src/testing/testing.go:1690 +0xe4
created by testing.(*T).Run in goroutine 6
	/usr/local/go/src/testing/testing.go:1743 +0x314

goroutine 33 [IO wait]:
internal/poll.runtime_pollWait(0x12751a178, 0x72)
	/usr/local/go/src/runtime/netpoll.go:351 +0xa0
internal/poll.(*pollDesc).wait(0x14000010540?, 0x140000fa000?, 0x1)
	/usr/local/go/src/internal/poll/fd_poll_runtime.go:84 +0x28
internal/poll.(*pollDesc).waitRead(...)
	/usr/local/go/src/internal/poll/fd_poll_runtime.go:89
internal/poll.(*FD).Read(0x14000010540, {0x140000fa000, 0x200, 0x200})
	/usr/local/go/src/internal/poll/fd_unix.go:165 +0x1fc
os.(*File).read(...)
	/usr/local/go/src/os/file_posix.go:29
os.(*File).Read(0x14000061c30, {0x140000fa000?, 0x1400125bd08?, 0x0?})
	/usr/local/go/src/os/file.go:124 +0x70
bytes.(*Buffer).ReadFrom(0x1400101b590, {0x1004173e8, 0x140000f6000})
	/usr/local/go/src/bytes/buffer.go:211 +0x90
io.copyBuffer({0x100417568, 0x1400101b590}, {0x1004173e8, 0x140000f6000}, {0x0, 0x0, 0x0})
	/usr/local/go/src/io/io.go:415 +0x14c
io.Copy(...)
	/usr/local/go/src/io/io.go:388
os.genericWriteTo(0xe00000001?, {0x100417568, 0x1400101b590})
	/usr/local/go/src/os/file.go:275 +0x58
os.(*File).WriteTo(0x1005282f0?, {0x100417568?, 0x1400101b590?})
	/usr/local/go/src/os/file.go:253 +0x60
io.copyBuffer({0x100417568, 0x1400101b590}, {0x1004174a8, 0x14000061c30}, {0x0, 0x0, 0x0})
	/usr/local/go/src/io/io.go:411 +0x98
io.Copy(...)
	/usr/local/go/src/io/io.go:388
os/exec.(*Cmd).writerDescriptor.func1()
	/usr/local/go/src/os/exec/exec.go:580 +0x44
os/exec.(*Cmd).Start.func2(0xe0000000f?)
	/usr/local/go/src/os/exec/exec.go:733 +0x34
created by os/exec.(*Cmd).Start in goroutine 7
	/usr/local/go/src/os/exec/exec.go:732 +0x7c0

goroutine 34 [IO wait]:
internal/poll.runtime_pollWait(0x12751a070, 0x72)
	/usr/local/go/src/runtime/netpoll.go:351 +0xa0
internal/poll.(*pollDesc).wait(0x14000010600?, 0x14000256000?, 0x1)
	/usr/local/go/src/internal/poll/fd_poll_runtime.go:84 +0x28
internal/poll.(*pollDesc).waitRead(...)
	/usr/local/go/src/internal/poll/fd_poll_runtime.go:89
internal/poll.(*FD).Read(0x14000010600, {0x14000256000, 0x200, 0x200})
	/usr/local/go/src/internal/poll/fd_unix.go:165 +0x1fc
os.(*File).read(...)
	/usr/local/go/src/os/file_posix.go:29
os.(*File).Read(0x14000061c48, {0x14000256000?, 0x1400125c508?, 0x0?})
	/usr/local/go/src/os/file.go:124 +0x70
bytes.(*Buffer).ReadFrom(0x1400101b560, {0x1004173e8, 0x14000252000})
	/usr/local/go/src/bytes/buffer.go:211 +0x90
io.copyBuffer({0x100417568, 0x1400101b560}, {0x1004173e8, 0x14000252000}, {0x0, 0x0, 0x0})
	/usr/local/go/src/io/io.go:415 +0x14c
io.Copy(...)
	/usr/local/go/src/io/io.go:388
os.genericWriteTo(0x200000001?, {0x100417568, 0x1400101b560})
	/usr/local/go/src/os/file.go:275 +0x58
os.(*File).WriteTo(0x1005282f0?, {0x100417568?, 0x1400101b560?})
	/usr/local/go/src/os/file.go:253 +0x60
io.copyBuffer({0x100417568, 0x1400101b560}, {0x1004174a8, 0x14000061c48}, {0x0, 0x0, 0x0})
	/usr/local/go/src/io/io.go:411 +0x98
io.Copy(...)
	/usr/local/go/src/io/io.go:388
os/exec.(*Cmd).writerDescriptor.func1()
	/usr/local/go/src/os/exec/exec.go:580 +0x44
os/exec.(*Cmd).Start.func2(0x200000000?)
	/usr/local/go/src/os/exec/exec.go:733 +0x34
created by os/exec.(*Cmd).Start in goroutine 7
	/usr/local/go/src/os/exec/exec.go:732 +0x7c0
