=== RUN   TestCheckerAgreementWithRustCLIOwnershipProofs
=== RUN   TestCheckerAgreementWithRustCLIOwnershipProofs/eight-live.hex
panic: test timed out after 12m0s
	running tests:
		TestCheckerAgreementWithRustCLIOwnershipProofs (12m0s)
		TestCheckerAgreementWithRustCLIOwnershipProofs/eight-live.hex (12m0s)

goroutine 33 [running]:
testing.(*M).startAlarm.func1()
	/usr/local/go/src/testing/testing.go:2373 +0x30c
created by time.goFunc
	/usr/local/go/src/time/sleep.go:215 +0x38

goroutine 1 [chan receive, 12 minutes]:
testing.(*T).Run(0x140001124e0, {0x104e2d542?, 0x1400013bb48?}, 0x104eb1420)
	/usr/local/go/src/testing/testing.go:1751 +0x328
testing.runTests.func1(0x140001124e0)
	/usr/local/go/src/testing/testing.go:2168 +0x40
testing.tRunner(0x140001124e0, 0x1400013bc68)
	/usr/local/go/src/testing/testing.go:1690 +0xe4
testing.runTests(0x1400000c048, {0x104fcc1a0, 0x9d, 0x9d}, {0xfd00000000000000?, 0xfd1abdadb1cac5cf?, 0x104fcec40?})
	/usr/local/go/src/testing/testing.go:2166 +0x3ac
testing.(*M).Run(0x1400007e0a0)
	/usr/local/go/src/testing/testing.go:2034 +0x588
main.main()
	_testmain.go:357 +0x90

goroutine 6 [chan receive, 12 minutes]:
testing.(*T).Run(0x14000112680, {0x1400002059e?, 0x0?}, 0x1400010d080)
	/usr/local/go/src/testing/testing.go:1751 +0x328
github.com/finitefield-org/mpk/go-tools/mpk-checker-ref.checkOrdinaryCertificates(0x14000112680, {0x104e224c5, 0x10}, 0xe)
	/Users/kazuyoshitoshiya/mpk/go-tools/mpk-checker-ref/checker_agreement_test.go:385 +0x160
github.com/finitefield-org/mpk/go-tools/mpk-checker-ref.TestCheckerAgreementWithRustCLIOwnershipProofs(0x14000112680?)
	/Users/kazuyoshitoshiya/mpk/go-tools/mpk-checker-ref/checker_agreement_test.go:812 +0x2c
testing.tRunner(0x14000112680, 0x104eb1420)
	/usr/local/go/src/testing/testing.go:1690 +0xe4
created by testing.(*T).Run in goroutine 1
	/usr/local/go/src/testing/testing.go:1743 +0x314

goroutine 7 [runnable]:
github.com/finitefield-org/mpk/go-tools/mpk-checker-ref.(*coreTermArena).intern(0x140017597d0, {0x3, 0x6, 0x0, 0x0, {0x0, 0x0, 0x0}, {0x14001e6ff10, 0x3, ...}})
	/Users/kazuyoshitoshiya/mpk/go-tools/mpk-checker-ref/core_check.go:1000 +0xd4
github.com/finitefield-org/mpk/go-tools/mpk-checker-ref.(*coreTermArena).app(0x140017597d0, 0x6, {0x140013fb500, 0x3, 0x140014ae430?})
	/Users/kazuyoshitoshiya/mpk/go-tools/mpk-checker-ref/core_check.go:979 +0x22c
github.com/finitefield-org/mpk/go-tools/mpk-checker-ref.(*coreState).whnf(0x140017597b8, 0x4e01454?, 0x14001757924, 0x1)
	/Users/kazuyoshitoshiya/mpk/go-tools/mpk-checker-ref/defeq.go:114 +0x1f8
github.com/finitefield-org/mpk/go-tools/mpk-checker-ref.(*coreState).equal(0x140017597b8, 0x188d3, 0x18973, 0x14001757924)
	/Users/kazuyoshitoshiya/mpk/go-tools/mpk-checker-ref/defeq.go:19 +0xb8
github.com/finitefield-org/mpk/go-tools/mpk-checker-ref.(*coreState).equal(0x140017597b8, 0x188d4, 0x189e8, 0x14001757924)
	/Users/kazuyoshitoshiya/mpk/go-tools/mpk-checker-ref/defeq.go:56 +0x428
github.com/finitefield-org/mpk/go-tools/mpk-checker-ref.(*coreState).definitionallyEqualWithFuel(...)
	/Users/kazuyoshitoshiya/mpk/go-tools/mpk-checker-ref/defeq.go:8
github.com/finitefield-org/mpk/go-tools/mpk-checker-ref.(*coreState).definitionallyEqual(0x0?, 0x0?, 0x0?)
	/Users/kazuyoshitoshiya/mpk/go-tools/mpk-checker-ref/defeq.go:4 +0x28
github.com/finitefield-org/mpk/go-tools/mpk-checker-ref.(*coreState).check(0x140017597b8, 0x18977, 0x189e8, {0x0?, 0x0?, 0x0?})
	/Users/kazuyoshitoshiya/mpk/go-tools/mpk-checker-ref/core_check.go:419 +0x2d0
github.com/finitefield-org/mpk/go-tools/mpk-checker-ref.(*coreState).inferApp(0x140017597b8, 0x18978, 0x0?, {0x1400105f368, 0x6, 0x140017597d0?}, {0x0, 0x0, 0x0})
	/Users/kazuyoshitoshiya/mpk/go-tools/mpk-checker-ref/core_check.go:475 +0x13c
github.com/finitefield-org/mpk/go-tools/mpk-checker-ref.(*coreState).infer(0x0?, 0x0?, {0x0?, 0x0?, 0x189d700000005?})
	/Users/kazuyoshitoshiya/mpk/go-tools/mpk-checker-ref/core_check.go:387 +0x2f4
github.com/finitefield-org/mpk/go-tools/mpk-checker-ref.(*coreState).check(0x140017597b8, 0x18978, 0x189d7, {0x0?, 0x0?, 0x0?})
	/Users/kazuyoshitoshiya/mpk/go-tools/mpk-checker-ref/core_check.go:415 +0x2b8
github.com/finitefield-org/mpk/go-tools/mpk-checker-ref.(*coreState).inferApp(0x140017597b8, 0x18979, 0x140?, {0x1400105f398, 0x6, 0x140017597d0?}, {0x0, 0x0, 0x0})
	/Users/kazuyoshitoshiya/mpk/go-tools/mpk-checker-ref/core_check.go:475 +0x13c
github.com/finitefield-org/mpk/go-tools/mpk-checker-ref.(*coreState).infer(0x0?, 0x0?, {0x0?, 0x0?, 0x189cd00000005?})
	/Users/kazuyoshitoshiya/mpk/go-tools/mpk-checker-ref/core_check.go:387 +0x2f4
github.com/finitefield-org/mpk/go-tools/mpk-checker-ref.(*coreState).check(0x140017597b8, 0x18979, 0x189cd, {0x0?, 0x0?, 0x0?})
	/Users/kazuyoshitoshiya/mpk/go-tools/mpk-checker-ref/core_check.go:415 +0x2b8
github.com/finitefield-org/mpk/go-tools/mpk-checker-ref.(*coreState).inferApp(0x140017597b8, 0x1897a, 0x0?, {0x1400105f3c8, 0x6, 0x140017597d0?}, {0x0, 0x0, 0x0})
	/Users/kazuyoshitoshiya/mpk/go-tools/mpk-checker-ref/core_check.go:475 +0x13c
github.com/finitefield-org/mpk/go-tools/mpk-checker-ref.(*coreState).infer(0x0?, 0x0?, {0x0?, 0x0?, 0x189bc00000005?})
	/Users/kazuyoshitoshiya/mpk/go-tools/mpk-checker-ref/core_check.go:387 +0x2f4
github.com/finitefield-org/mpk/go-tools/mpk-checker-ref.(*coreState).check(0x140017597b8, 0x1897a, 0x189bc, {0x0?, 0x0?, 0x0?})
	/Users/kazuyoshitoshiya/mpk/go-tools/mpk-checker-ref/core_check.go:415 +0x2b8
github.com/finitefield-org/mpk/go-tools/mpk-checker-ref.(*coreState).inferApp(0x140017597b8, 0x1897b, 0x140?, {0x1400105f3f8, 0x6, 0x140017597d0?}, {0x0, 0x0, 0x0})
	/Users/kazuyoshitoshiya/mpk/go-tools/mpk-checker-ref/core_check.go:475 +0x13c
github.com/finitefield-org/mpk/go-tools/mpk-checker-ref.(*coreState).infer(0x0?, 0x0?, {0x0?, 0x0?, 0x1898800000005?})
	/Users/kazuyoshitoshiya/mpk/go-tools/mpk-checker-ref/core_check.go:387 +0x2f4
github.com/finitefield-org/mpk/go-tools/mpk-checker-ref.(*coreState).check(0x140017597b8, 0x1897b, 0x18988, {0x0?, 0x0?, 0x133500?})
	/Users/kazuyoshitoshiya/mpk/go-tools/mpk-checker-ref/core_check.go:415 +0x2b8
github.com/finitefield-org/mpk/go-tools/mpk-checker-ref.(*coreState).inferApp(0x140017597b8, 0x1ca26, 0x1?, {0x140012d1518, 0x6, 0x0?}, {0x0, 0x0, 0x0})
	/Users/kazuyoshitoshiya/mpk/go-tools/mpk-checker-ref/core_check.go:475 +0x13c
github.com/finitefield-org/mpk/go-tools/mpk-checker-ref.(*coreState).infer(0x3?, 0x0?, {0x0?, 0x0?, 0x98300000003?})
	/Users/kazuyoshitoshiya/mpk/go-tools/mpk-checker-ref/core_check.go:387 +0x2f4
github.com/finitefield-org/mpk/go-tools/mpk-checker-ref.(*coreState).check(0x140017597b8, 0x1ca26, 0x1ca21, {0x0?, 0xc?, 0x104ea2760?})
	/Users/kazuyoshitoshiya/mpk/go-tools/mpk-checker-ref/core_check.go:415 +0x2b8
github.com/finitefield-org/mpk/go-tools/mpk-checker-ref.(*coreCheckContext).checkDeclarations(0x140017597b0)
	/Users/kazuyoshitoshiya/mpk/go-tools/mpk-checker-ref/core_check.go:129 +0x1c0
github.com/finitefield-org/mpk/go-tools/mpk-checker-ref.CheckCoreDeclarations(0x14000112000)
	/Users/kazuyoshitoshiya/mpk/go-tools/mpk-checker-ref/core_check.go:41 +0x178
github.com/finitefield-org/mpk/go-tools/mpk-checker-ref.CheckCore(...)
	/Users/kazuyoshitoshiya/mpk/go-tools/mpk-checker-ref/core_check.go:36
github.com/finitefield-org/mpk/go-tools/mpk-checker-ref.VerifyCertificate(_, {0xd6, 0x51, 0xd6, 0xd6, 0xdd, 0xd8, 0x45, 0xe7, 0xa8, ...})
	/Users/kazuyoshitoshiya/mpk/go-tools/mpk-checker-ref/verify.go:56 +0x5c
github.com/finitefield-org/mpk/go-tools/mpk-checker-ref.VerifyCertificateBytes({0x140006de000, 0x13361b, 0x13361b})
	/Users/kazuyoshitoshiya/mpk/go-tools/mpk-checker-ref/verify.go:45 +0x158
github.com/finitefield-org/mpk/go-tools/mpk-checker-ref.checkOrdinaryCertificates.func1(0x14000112820)
	/Users/kazuyoshitoshiya/mpk/go-tools/mpk-checker-ref/checker_agreement_test.go:387 +0x6c
testing.tRunner(0x14000112820, 0x1400010d080)
	/usr/local/go/src/testing/testing.go:1690 +0xe4
created by testing.(*T).Run in goroutine 6
	/usr/local/go/src/testing/testing.go:1743 +0x314
