
running 1 test
test ordinary_carriers::public_domain_tests::contract_expression_tests::ownership_flow_tests::csharp_03_t06_w09_ownership_proof_candidates ... ownership proofs 27bf71b9691bff9bf271182a00171dcaf676eca9d77b8102e07cd1facfc6dd09: 1 functions, 4 theorem candidates, 113797 bytes
ok

test result: ok. 1 passed; 0 failed; 0 ignored; 0 measured; 322 filtered out; finished in 1.08s


running 1 test
test ordinary_carriers::public_domain_tests::contract_expression_tests::ownership_flow_tests::csharp_03_t06_w09_ownership_proof_candidates ... ownership proofs array_finally_abandon: 1 functions, 3 theorem candidates, 696925 bytes
ok

test result: ok. 1 passed; 0 failed; 0 ignored; 0 measured; 322 filtered out; finished in 1.19s


running 1 test
test ordinary_carriers::public_domain_tests::contract_expression_tests::ownership_flow_tests::csharp_03_t06_w09_ownership_proof_candidates ... ownership proofs array_initializer_catch: 1 functions, 4 theorem candidates, 166197 bytes
ok

test result: ok. 1 passed; 0 failed; 0 ignored; 0 measured; 322 filtered out; finished in 0.94s


running 1 test
test ordinary_carriers::public_domain_tests::contract_expression_tests::ownership_flow_tests::csharp_03_t06_w09_ownership_proof_candidates ... ownership proofs array_publish_then_catch: 1 functions, 4 theorem candidates, 166496 bytes
ok

test result: ok. 1 passed; 0 failed; 0 ignored; 0 measured; 322 filtered out; finished in 0.95s


running 1 test
test ordinary_carriers::public_domain_tests::contract_expression_tests::ownership_flow_tests::csharp_03_t06_w09_ownership_proof_candidates ... ownership proofs array_return_finally: 1 functions, 3 theorem candidates, 566466 bytes
ok

test result: ok. 1 passed; 0 failed; 0 ignored; 0 measured; 322 filtered out; finished in 1.10s


running 1 test
test ordinary_carriers::public_domain_tests::contract_expression_tests::ownership_flow_tests::csharp_03_t06_w09_ownership_proof_candidates ... ownership proofs b85dd77635fb03689bd82d5b31d1088a0f49d29f414ec392e08af68e4d0c46c9: 1 functions, 3 theorem candidates, 90390 bytes
ok

test result: ok. 1 passed; 0 failed; 0 ignored; 0 measured; 322 filtered out; finished in 0.89s


running 1 test
test ordinary_carriers::public_domain_tests::contract_expression_tests::ownership_flow_tests::csharp_03_t06_w09_ownership_proof_candidates ... ownership proofs count_fill: 1 functions, 3 theorem candidates, 549219 bytes
ok

test result: ok. 1 passed; 0 failed; 0 ignored; 0 measured; 322 filtered out; finished in 1.40s


running 1 test
test ordinary_carriers::public_domain_tests::contract_expression_tests::ownership_flow_tests::csharp_03_t06_w09_ownership_proof_candidates ... ownership proofs dcb1bfeae19deccb577dce44cd239e814c6ca65f71bb32d8005af44a572fa358: 1 functions, 3 theorem candidates, 85040 bytes
ok

test result: ok. 1 passed; 0 failed; 0 ignored; 0 measured; 322 filtered out; finished in 0.89s


running 1 test
test ordinary_carriers::public_domain_tests::contract_expression_tests::ownership_flow_tests::csharp_03_t06_w09_ownership_proof_candidates ... ownership proofs dedup: 1 functions, 3 theorem candidates, 628265 bytes
ok

test result: ok. 1 passed; 0 failed; 0 ignored; 0 measured; 322 filtered out; finished in 1.44s


running 1 test
test ordinary_carriers::public_domain_tests::contract_expression_tests::ownership_flow_tests::csharp_03_t06_w09_ownership_proof_candidates ... ownership proofs duplicate_replace: 1 functions, 5 theorem candidates, 574903 bytes
ok

test result: ok. 1 passed; 0 failed; 0 ignored; 0 measured; 322 filtered out; finished in 1.43s


running 1 test
test ordinary_carriers::public_domain_tests::contract_expression_tests::ownership_flow_tests::csharp_03_t06_w09_ownership_proof_candidates ... ownership proofs index_update: 1 functions, 5 theorem candidates, 260239 bytes
ok

test result: ok. 1 passed; 0 failed; 0 ignored; 0 measured; 322 filtered out; finished in 1.03s


running 1 test
test ordinary_carriers::public_domain_tests::contract_expression_tests::ownership_flow_tests::csharp_03_t06_w09_ownership_proof_candidates ... ownership proofs sort: 1 functions, 9 theorem candidates, 766514 bytes
ok

test result: ok. 1 passed; 0 failed; 0 ignored; 0 measured; 322 filtered out; finished in 1.63s

