   Compiling mpk-vc v0.1.0 (/Users/kazuyoshitoshiya/mpk/crates/mpk-vc)
    Finished `test` profile [unoptimized + debuginfo] target(s) in 13.91s
     Running tests/csharp_practical_vc.rs (target/debug/deps/csharp_practical_vc-dcf715cdb89904aa)

running 1 test
Boundary rules 6c6da225b92133721ffbb6af5f549b2098a8e13c7e57070282f3c9475561a46f:897 terms,37 declarations;4 new predicates
test ordinary_carriers::boundary_rule_tests::csharp_03_t06_w09_boundary_rules_original_sources has been running for over 60 seconds
Boundary rules 9ae890de59c73629469a23da4cfe4de517b1edd0c16244603c5ba66b7dfe8448:37491 terms,365 declarations;4 new predicates
Boundary rules 2038aca98ab673a1b4b0f4262e7aae936f7b91f2d3cb2edee0fd5c4ab7ea90bc:3227 terms,66 declarations;2 new predicates
Boundary rules fb4493bd7051ed18810de679ffcc17dd13f5bcac3d07872b0ebe244e0bb7c38c:3379 terms,96 declarations;2 new predicates
Boundary rules 25d15c6c99af868bfa116184d7c4faac3bf7c8d90dd2996ee4005d70f0b334c6:897 terms,37 declarations;4 new predicates
Boundary rules e68a897d5f37595f9d13c9d178aa531783c9cc20cb4eb3fa1f83a6bb0e5607df:3230 terms,68 declarations;4 new predicates
Boundary rules 0d963a50a225aeafc36760bc4fe3b69f4545d01aa7561bfba7c5b7a977e4daf0:897 terms,37 declarations;4 new predicates
Boundary rules cc4b043b72dff34c395fea8b3300b2f0db09b9201e57d486ef7d41477a2a646d:3414 terms,100 declarations;2 new predicates
Boundary rules 5adfe57d61669e49361e0a079e9ea4f092be57bd2be9a8b49ed31b24cd1d9fd3:3455 terms,105 declarations;2 new predicates
Boundary rules 85781d93b9aedd83637a3578660c26625c6dc4c41a0ee1eac8cb0202bb5e758b:3689 terms,122 declarations;2 new predicates
Boundary rules 279f904b70985c470ea59bb297c1b17099ddcf94985c6237aff8629870f498ba:3677 terms,120 declarations;2 new predicates
Boundary rules 16786ad535baf4bab28fc070f34786ffb1e772e1a94f2e8798453b843ff9d3eb:7866 terms,169 declarations;2 new predicates
Boundary rules 36ec0116f7511350c56643272e55bc55eb8fd667d920251b7f1081dbe87a0ea8:3677 terms,120 declarations;2 new predicates
Boundary rules c519174bf610aadfb520c5f6df975423da3a3a680362c1279089cd69cc73e329:3718 terms,125 declarations;2 new predicates
Boundary rules 3bb993aa94bb6867062778a676cce55d0efa04e0e1d9810a64e7eec99779004e:3689 terms,122 declarations;2 new predicates
Boundary rules:15 original contexts,250 actual core predicate observations
test ordinary_carriers::boundary_rule_tests::csharp_03_t06_w09_boundary_rules_original_sources ... ok

test result: ok. 1 passed; 0 failed; 0 ignored; 0 measured; 201 filtered out; finished in 275.23s

