=== RUN   TestCheckerAgreementWithRustCLIBoundaryRules
=== RUN   TestCheckerAgreementWithRustCLIBoundaryRules/0d963a50a225aeafc36760bc4fe3b69f4545d01aa7561bfba7c5b7a977e4daf0.hex
=== RUN   TestCheckerAgreementWithRustCLIBoundaryRules/16786ad535baf4bab28fc070f34786ffb1e772e1a94f2e8798453b843ff9d3eb.hex
=== RUN   TestCheckerAgreementWithRustCLIBoundaryRules/2038aca98ab673a1b4b0f4262e7aae936f7b91f2d3cb2edee0fd5c4ab7ea90bc.hex
=== RUN   TestCheckerAgreementWithRustCLIBoundaryRules/25d15c6c99af868bfa116184d7c4faac3bf7c8d90dd2996ee4005d70f0b334c6.hex
=== RUN   TestCheckerAgreementWithRustCLIBoundaryRules/279f904b70985c470ea59bb297c1b17099ddcf94985c6237aff8629870f498ba.hex
=== RUN   TestCheckerAgreementWithRustCLIBoundaryRules/36ec0116f7511350c56643272e55bc55eb8fd667d920251b7f1081dbe87a0ea8.hex
=== RUN   TestCheckerAgreementWithRustCLIBoundaryRules/3bb993aa94bb6867062778a676cce55d0efa04e0e1d9810a64e7eec99779004e.hex
=== RUN   TestCheckerAgreementWithRustCLIBoundaryRules/5adfe57d61669e49361e0a079e9ea4f092be57bd2be9a8b49ed31b24cd1d9fd3.hex
=== RUN   TestCheckerAgreementWithRustCLIBoundaryRules/6c6da225b92133721ffbb6af5f549b2098a8e13c7e57070282f3c9475561a46f.hex
=== RUN   TestCheckerAgreementWithRustCLIBoundaryRules/85781d93b9aedd83637a3578660c26625c6dc4c41a0ee1eac8cb0202bb5e758b.hex
=== RUN   TestCheckerAgreementWithRustCLIBoundaryRules/9ae890de59c73629469a23da4cfe4de517b1edd0c16244603c5ba66b7dfe8448.hex
=== RUN   TestCheckerAgreementWithRustCLIBoundaryRules/c519174bf610aadfb520c5f6df975423da3a3a680362c1279089cd69cc73e329.hex
=== RUN   TestCheckerAgreementWithRustCLIBoundaryRules/cc4b043b72dff34c395fea8b3300b2f0db09b9201e57d486ef7d41477a2a646d.hex
=== RUN   TestCheckerAgreementWithRustCLIBoundaryRules/e68a897d5f37595f9d13c9d178aa531783c9cc20cb4eb3fa1f83a6bb0e5607df.hex
=== RUN   TestCheckerAgreementWithRustCLIBoundaryRules/fb4493bd7051ed18810de679ffcc17dd13f5bcac3d07872b0ebe244e0bb7c38c.hex
--- PASS: TestCheckerAgreementWithRustCLIBoundaryRules (90.42s)
    --- PASS: TestCheckerAgreementWithRustCLIBoundaryRules/0d963a50a225aeafc36760bc4fe3b69f4545d01aa7561bfba7c5b7a977e4daf0.hex (1.49s)
    --- PASS: TestCheckerAgreementWithRustCLIBoundaryRules/16786ad535baf4bab28fc070f34786ffb1e772e1a94f2e8798453b843ff9d3eb.hex (2.90s)
    --- PASS: TestCheckerAgreementWithRustCLIBoundaryRules/2038aca98ab673a1b4b0f4262e7aae936f7b91f2d3cb2edee0fd5c4ab7ea90bc.hex (1.77s)
    --- PASS: TestCheckerAgreementWithRustCLIBoundaryRules/25d15c6c99af868bfa116184d7c4faac3bf7c8d90dd2996ee4005d70f0b334c6.hex (1.41s)
    --- PASS: TestCheckerAgreementWithRustCLIBoundaryRules/279f904b70985c470ea59bb297c1b17099ddcf94985c6237aff8629870f498ba.hex (2.11s)
    --- PASS: TestCheckerAgreementWithRustCLIBoundaryRules/36ec0116f7511350c56643272e55bc55eb8fd667d920251b7f1081dbe87a0ea8.hex (2.10s)
    --- PASS: TestCheckerAgreementWithRustCLIBoundaryRules/3bb993aa94bb6867062778a676cce55d0efa04e0e1d9810a64e7eec99779004e.hex (2.08s)
    --- PASS: TestCheckerAgreementWithRustCLIBoundaryRules/5adfe57d61669e49361e0a079e9ea4f092be57bd2be9a8b49ed31b24cd1d9fd3.hex (1.85s)
    --- PASS: TestCheckerAgreementWithRustCLIBoundaryRules/6c6da225b92133721ffbb6af5f549b2098a8e13c7e57070282f3c9475561a46f.hex (1.42s)
    --- PASS: TestCheckerAgreementWithRustCLIBoundaryRules/85781d93b9aedd83637a3578660c26625c6dc4c41a0ee1eac8cb0202bb5e758b.hex (1.98s)
    --- PASS: TestCheckerAgreementWithRustCLIBoundaryRules/9ae890de59c73629469a23da4cfe4de517b1edd0c16244603c5ba66b7dfe8448.hex (63.40s)
    --- PASS: TestCheckerAgreementWithRustCLIBoundaryRules/c519174bf610aadfb520c5f6df975423da3a3a680362c1279089cd69cc73e329.hex (2.18s)
    --- PASS: TestCheckerAgreementWithRustCLIBoundaryRules/cc4b043b72dff34c395fea8b3300b2f0db09b9201e57d486ef7d41477a2a646d.hex (2.06s)
    --- PASS: TestCheckerAgreementWithRustCLIBoundaryRules/e68a897d5f37595f9d13c9d178aa531783c9cc20cb4eb3fa1f83a6bb0e5607df.hex (1.74s)
    --- PASS: TestCheckerAgreementWithRustCLIBoundaryRules/fb4493bd7051ed18810de679ffcc17dd13f5bcac3d07872b0ebe244e0bb7c38c.hex (1.92s)
PASS
ok  	github.com/finitefield-org/mpk/go-tools/mpk-checker-ref	90.777s
