
running 1 test
test ordinary_carriers::public_domain_tests::contract_expression_tests::construction_data_tests::csharp_03_t06_w09_construction_data_original_source ... construction context dynamic-string: 5 definitions, 6 SSA points
construction data start: initializer read
construction data end: initializer read
construction data start: initializer fill
construction data end: initializer fill
construction data start: initializer allocate
construction data end: initializer allocate
construction context initializer: 3 definitions, 4 SSA points
construction data start: default-write read
construction data end: default-write read
construction data start: default-write allocate
construction data end: default-write allocate
construction data start: default-write rewrite
construction data end: default-write rewrite
construction context default-write: 3 definitions, 3 SSA points
construction data start: return-array freeze
construction data end: return-array freeze
construction data start: return-array allocate
construction data end: return-array allocate
construction context return-array: 2 definitions, 2 SSA points
construction context string-fill: 3 definitions, 3 SSA points
construction data start: increment read
construction data end: increment read
construction data start: increment freeze
construction data end: increment freeze
construction data start: increment fill
construction data end: increment fill
construction data start: increment allocate
construction data end: increment allocate
construction data start: increment rewrite
construction data end: increment rewrite
construction context increment: 5 definitions, 8 SSA points
construction data: 6 contexts, 220 observations
ok

test result: ok. 1 passed; 0 failed; 0 ignored; 0 measured; 322 filtered out; finished in 89.78s

