   Compiling mpk-vc v0.1.0 (/Users/kazuyoshitoshiya/mpk/crates/mpk-vc)
    Finished `test` profile [unoptimized + debuginfo] target(s) in 26.08s
     Running tests/csharp_practical_vc.rs (target/debug/deps/csharp_practical_vc-dcf715cdb89904aa)

running 1 test
Boundary field source: required
Boundary field source required: exact prior certificate bytes; core observations reused, not rerun
Boundary field source: decimal_default
Boundary field source decimal_default: exact prior certificate bytes; core observations reused, not rerun
Boundary field source: enum_default
Boundary field source enum_default: exact prior certificate bytes; core observations reused, not rerun
Boundary field source: nullable_nonnull
Boundary field source nullable_nonnull: exact prior certificate bytes; core observations reused, not rerun
Boundary field source: surrogate_name
Boundary field source surrogate_name: exact prior certificate bytes; core observations reused, not rerun
Boundary field source: optional_default
test ordinary_carriers::literal_tests::json_token_tests::product_tests::boundary_field_tests::csharp_03_t06_w09_json_boundary_fields_original_sources has been running for over 60 seconds
Boundary field source optional_default: exact prior certificate bytes; core observations reused, not rerun
Boundary fields: 6 source contexts,0 original documents,0 complete carrier/packet cases,6 contexts reused by exact bytes
test ordinary_carriers::literal_tests::json_token_tests::product_tests::boundary_field_tests::csharp_03_t06_w09_json_boundary_fields_original_sources ... ok

test result: ok. 1 passed; 0 failed; 0 ignored; 0 measured; 203 filtered out; finished in 63.71s

