   Compiling mpk-vc v0.1.0 (/Users/kazuyoshitoshiya/mpk/crates/mpk-vc)
    Finished `test` profile [unoptimized + debuginfo] target(s) in 12.62s
     Running tests/csharp_practical_vc.rs (target/debug/deps/csharp_practical_vc-dcf715cdb89904aa)

running 1 test
Boundary field source: required
test ordinary_carriers::literal_tests::json_token_tests::product_tests::boundary_field_tests::csharp_03_t06_w09_json_boundary_fields_original_sources has been running for over 60 seconds
Boundary field source: decimal_default
Boundary field source: enum_default
Boundary field source: nullable_nonnull
Boundary field source: surrogate_name
Boundary field source: optional_default
Boundary field source: raw_instant

thread 'ordinary_carriers::literal_tests::json_token_tests::product_tests::boundary_field_tests::csharp_03_t06_w09_json_boundary_fields_original_sources' (1435184) panicked at crates/mpk-vc/tests/support/csharp_practical_ordinary_json_boundary_field_tests.rs:112:33:
raw_instant: Linkage
note: run with `RUST_BACKTRACE=1` environment variable to display a backtrace
test ordinary_carriers::literal_tests::json_token_tests::product_tests::boundary_field_tests::csharp_03_t06_w09_json_boundary_fields_original_sources ... FAILED

failures:

failures:
    ordinary_carriers::literal_tests::json_token_tests::product_tests::boundary_field_tests::csharp_03_t06_w09_json_boundary_fields_original_sources

test result: FAILED. 0 passed; 1 failed; 0 ignored; 0 measured; 203 filtered out; finished in 463.99s

error: test failed, to rerun pass `-p mpk-vc --test csharp_practical_vc`
