=== RUN   TestCheckerAgreementWithRustCLIJsonBoundaryFields
=== RUN   TestCheckerAgreementWithRustCLIJsonBoundaryFields/decimal_default.hex
=== RUN   TestCheckerAgreementWithRustCLIJsonBoundaryFields/enum_default.hex
=== RUN   TestCheckerAgreementWithRustCLIJsonBoundaryFields/nullable_default.hex
=== RUN   TestCheckerAgreementWithRustCLIJsonBoundaryFields/nullable_nonnull.hex
=== RUN   TestCheckerAgreementWithRustCLIJsonBoundaryFields/nullable_required.hex
=== RUN   TestCheckerAgreementWithRustCLIJsonBoundaryFields/optional_default.hex
=== RUN   TestCheckerAgreementWithRustCLIJsonBoundaryFields/presence_default.hex
=== RUN   TestCheckerAgreementWithRustCLIJsonBoundaryFields/presence_exposed.hex
=== RUN   TestCheckerAgreementWithRustCLIJsonBoundaryFields/presence_instant.hex
=== RUN   TestCheckerAgreementWithRustCLIJsonBoundaryFields/presence_missing_default.hex
=== RUN   TestCheckerAgreementWithRustCLIJsonBoundaryFields/presence_nonmissing_zero.hex
=== RUN   TestCheckerAgreementWithRustCLIJsonBoundaryFields/presence_required.hex
=== RUN   TestCheckerAgreementWithRustCLIJsonBoundaryFields/raw_instant.hex
=== RUN   TestCheckerAgreementWithRustCLIJsonBoundaryFields/required.hex
=== RUN   TestCheckerAgreementWithRustCLIJsonBoundaryFields/surrogate_name.hex
--- PASS: TestCheckerAgreementWithRustCLIJsonBoundaryFields (4754.01s)
    --- PASS: TestCheckerAgreementWithRustCLIJsonBoundaryFields/decimal_default.hex (269.91s)
    --- PASS: TestCheckerAgreementWithRustCLIJsonBoundaryFields/enum_default.hex (249.96s)
    --- PASS: TestCheckerAgreementWithRustCLIJsonBoundaryFields/nullable_default.hex (450.31s)
    --- PASS: TestCheckerAgreementWithRustCLIJsonBoundaryFields/nullable_nonnull.hex (462.09s)
    --- PASS: TestCheckerAgreementWithRustCLIJsonBoundaryFields/nullable_required.hex (254.42s)
    --- PASS: TestCheckerAgreementWithRustCLIJsonBoundaryFields/optional_default.hex (250.78s)
    --- PASS: TestCheckerAgreementWithRustCLIJsonBoundaryFields/presence_default.hex (268.21s)
    --- PASS: TestCheckerAgreementWithRustCLIJsonBoundaryFields/presence_exposed.hex (269.78s)
    --- PASS: TestCheckerAgreementWithRustCLIJsonBoundaryFields/presence_instant.hex (398.12s)
    --- PASS: TestCheckerAgreementWithRustCLIJsonBoundaryFields/presence_missing_default.hex (275.52s)
    --- PASS: TestCheckerAgreementWithRustCLIJsonBoundaryFields/presence_nonmissing_zero.hex (399.69s)
    --- PASS: TestCheckerAgreementWithRustCLIJsonBoundaryFields/presence_required.hex (289.15s)
    --- PASS: TestCheckerAgreementWithRustCLIJsonBoundaryFields/raw_instant.hex (295.71s)
    --- PASS: TestCheckerAgreementWithRustCLIJsonBoundaryFields/required.hex (312.55s)
    --- PASS: TestCheckerAgreementWithRustCLIJsonBoundaryFields/surrogate_name.hex (307.80s)
PASS
ok  	github.com/finitefield-org/mpk/go-tools/mpk-checker-ref	4754.368s
