   Compiling mpk-vc v0.1.0 (/Users/kazuyoshitoshiya/mpk/crates/mpk-vc)
warning: unused import: `Sha256`
 --> crates/mpk-vc/tests/support/csharp_practical_ordinary_json_boundary_field_tests.rs:4:20
  |
4 | use sha2::{Digest, Sha256};
  |                    ^^^^^^
  |
  = note: `#[warn(unused_imports)]` (part of `#[warn(unused)]`) on by default

error[E0599]: no variant named `Decimal` found for enum `mpk_vc::csharp_practical_vir_model::MonomorphicValue`
  --> crates/mpk-vc/tests/support/csharp_practical_ordinary_json_boundary_field_tests.rs:14:29
   |
14 |         | MonomorphicValue::Decimal { .. }
   |                             ^^^^^^^ variant not found in `mpk_vc::csharp_practical_vir_model::MonomorphicValue`

warning: unused import: `Digest`
 --> crates/mpk-vc/tests/support/csharp_practical_ordinary_json_boundary_field_tests.rs:4:12
  |
4 | use sha2::{Digest, Sha256};
  |            ^^^^^^

For more information about this error, try `rustc --explain E0599`.
warning: `mpk-vc` (test "csharp_practical_vc") generated 2 warnings
error: could not compile `mpk-vc` (test "csharp_practical_vc") due to 1 previous error; 2 warnings emitted
