    Blocking waiting for file lock on build directory
   Compiling mpk-vc v0.1.0 (/Users/kazuyoshitoshiya/mpk/crates/mpk-vc)
    Finished `test` profile [unoptimized + debuginfo] target(s) in 2m 23s
     Running tests/csharp_practical_vc.rs (target/debug/deps/csharp_practical_vc-dcf715cdb89904aa)

running 1 test
Envelope source: decimal_default
test ordinary_carriers::literal_tests::json_token_tests::product_tests::envelope_tests::csharp_03_t06_w09_json_typed_guarded_envelopes_original_documents has been running for over 60 seconds
Envelope source: enum_default
Envelope source: nullable_nonnull
Envelope source: surrogate_name
Envelope source: optional_default
Envelope source: raw_instant
Envelope source: nullable_required
Envelope source: presence_exposed
Envelope source: presence_required
Envelope source: presence_instant
Envelope source: presence_nonmissing_zero
Envelope source: presence_default
Envelopes:12source contexts,22 complete original documents,17 rejected mutated documents;full output packets
test ordinary_carriers::literal_tests::json_token_tests::product_tests::envelope_tests::csharp_03_t06_w09_json_typed_guarded_envelopes_original_documents ... ok

test result: ok. 1 passed; 0 failed; 0 ignored; 0 measured; 214 filtered out; finished in 685.02s

