   Compiling mpk-vc v0.1.0 (/Users/kazuyoshitoshiya/mpk/crates/mpk-vc)
    Finished `test` profile [unoptimized + debuginfo] target(s) in 21.49s
     Running tests/csharp_practical_vc.rs (target/debug/deps/csharp_practical_vc-dcf715cdb89904aa)

running 2 tests
test ordinary_carriers::literal_tests::decimal_parse_tests::csharp_03_t06_w09_decimal_parsers_original_sources ... decimal parser source binding-vc-money: 146 codecs
decimal parser source boundary-map-decimal: 146 codecs
decimal parser source boundary-set-decimal: 146 codecs
decimal parser source complete-snapshot: 146 codecs
decimal parser source literal-decimal: 146 codecs
decimal parser source literal-product: 146 codecs
ok
test ordinary_carriers::literal_tests::integer_parse_tests::csharp_03_t06_w09_integer_parsers_original_sources ... integer parser source binding-vc-boundary_field: 2 codecs
integer parser source binding-vc-bounded_sequence: 2 codecs
integer parser source binding-vc-instant: 2 codecs
integer parser source binding-vc-lookup: 1 codecs
integer parser source binding-vc-money: 2 codecs
integer parser source binding-vc-option: 1 codecs
integer parser source binding-vc-ordered_entry: 1 codecs
integer parser source binding-vc-ordered_map: 2 codecs
integer parser source binding-vc-ordered_set: 2 codecs
integer parser source binding-vc-result: 1 codecs
integer parser source binding-vc-transition: 2 codecs
integer parser source binding-vc-validation: 2 codecs
integer parser source bool-construction: 2 codecs
integer parser source boundary-exception-empty: 1 codecs
integer parser source boundary-exception-payload: 1 codecs
integer parser source boundary-map-compound: 2 codecs
integer parser source boundary-map-decimal: 2 codecs
integer parser source boundary-map-string: 2 codecs
integer parser source boundary-set-decimal: 2 codecs
integer parser source boundary-total-cells: 2 codecs
integer parser source complete-snapshot: 2 codecs
integer parser source construction-vc-enum_zero: 1 codecs
integer parser source construction-vc-positive_constructor: 1 codecs
integer parser source enum-construction: 2 codecs
integer parser source exception-vc-allowed: 1 codecs
integer parser source extra-bool-float-map: 2 codecs
integer parser source extra-bool-nullable-map: 2 codecs
integer parser source extra-lookup-nullable: 1 codecs
integer parser source extra-shared-lookup-maps: 2 codecs
integer parser source extra-validation-bool: 2 codecs
integer parser source extra-validation-product: 2 codecs
integer parser source float-sequence: 2 codecs
integer parser source floats: 2 codecs
integer parser source guid: 1 codecs
integer parser source nested-box: 2 codecs
integer parser source nullable-string-default: 2 codecs
integer parser source parse-error-contract: 2 codecs
integer parser source product-construction: 2 codecs
integer parser source string: 1 codecs
integer parser source unit-void-source: 1 codecs
integer parser source literal-i8: 2 codecs
integer parser source literal-u8: 2 codecs
integer parser source literal-i16: 2 codecs
integer parser source literal-u16: 2 codecs
integer parser source literal-i32: 1 codecs
integer parser source literal-u32: 1 codecs
integer parser source literal-i64: 1 codecs
integer parser source literal-u64: 1 codecs
integer parser source literal-string: 1 codecs
integer parser source literal-nullable-none: 1 codecs
integer parser source literal-nullable-some: 1 codecs
integer parser source literal-array: 2 codecs
integer parser source literal-product: 1 codecs
integer parser source duration-add-source: 1 codecs
integer parser duration_ticks: ""
integer parser duration_ticks: " 1"
integer parser duration_ticks: "+"
integer parser duration_ticks: "+-1"
integer parser duration_ticks: "+0"
integer parser duration_ticks: "+00"
integer parser duration_ticks: "+1"
integer parser duration_ticks: "+999999999999999999999"
integer parser duration_ticks: "+999x"
integer parser duration_ticks: "-"
integer parser duration_ticks: "--1"
integer parser duration_ticks: "-0"
integer parser duration_ticks: "-00"
integer parser duration_ticks: "-1"
integer parser duration_ticks: "-9223372036854775807"
integer parser duration_ticks: "-9223372036854775808"
integer parser duration_ticks: "-9223372036854775809"
integer parser duration_ticks: "0"
integer parser duration_ticks: "00"
integer parser duration_ticks: "000000000000000000000000"
integer parser duration_ticks: "00x"
integer parser duration_ticks: "01"
integer parser duration_ticks: "1"
integer parser duration_ticks: "1 "
integer parser duration_ticks: "1,000"
integer parser duration_ticks: "1.0"
integer parser duration_ticks: "10"
integer parser duration_ticks: "100"
integer parser duration_ticks: "18446744073709551615"
integer parser duration_ticks: "18446744073709551616"
integer parser duration_ticks: "1e2"
integer parser duration_ticks: "1x"
integer parser duration_ticks: "9"
integer parser duration_ticks: "9223372036854775806"
integer parser duration_ticks: "9223372036854775807"
integer parser duration_ticks: "9223372036854775808"
integer parser duration_ticks: "99"
integer parser duration_ticks: "999999999999999999999"
integer parser duration_ticks: "99999999999999999999x"
integer parser integer.i16: ""
integer parser integer.i16: " 1"
integer parser integer.i16: "+"
integer parser integer.i16: "+-1"
integer parser integer.i16: "+0"
integer parser integer.i16: "+00"
integer parser integer.i16: "+1"
integer parser integer.i16: "+999999999999999999999"
integer parser integer.i16: "+999x"
integer parser integer.i16: "-"
integer parser integer.i16: "--1"
integer parser integer.i16: "-0"
integer parser integer.i16: "-00"
integer parser integer.i16: "-1"
integer parser integer.i16: "-32767"
integer parser integer.i16: "-32768"
integer parser integer.i16: "-32769"
integer parser integer.i16: "0"
integer parser integer.i16: "00"
integer parser integer.i16: "000000000000000000000000"
integer parser integer.i16: "00x"
integer parser integer.i16: "01"
integer parser integer.i16: "1"
integer parser integer.i16: "1 "
integer parser integer.i16: "1,000"
integer parser integer.i16: "1.0"
integer parser integer.i16: "10"
integer parser integer.i16: "100"
integer parser integer.i16: "18446744073709551615"
integer parser integer.i16: "18446744073709551616"
integer parser integer.i16: "1e2"
integer parser integer.i16: "1x"
integer parser integer.i16: "32766"
integer parser integer.i16: "32767"
integer parser integer.i16: "32768"
integer parser integer.i16: "9"
integer parser integer.i16: "99"
integer parser integer.i16: "999999999999999999999"
integer parser integer.i16: "99999999999999999999x"
integer parser integer.i32: ""
integer parser integer.i32: " 1"
integer parser integer.i32: "+"
integer parser integer.i32: "+-1"
integer parser integer.i32: "+0"
integer parser integer.i32: "+00"
integer parser integer.i32: "+1"
integer parser integer.i32: "+999999999999999999999"
integer parser integer.i32: "+999x"
integer parser integer.i32: "-"
integer parser integer.i32: "--1"
integer parser integer.i32: "-0"
integer parser integer.i32: "-00"
integer parser integer.i32: "-1"
integer parser integer.i32: "-2147483647"
integer parser integer.i32: "-2147483648"
integer parser integer.i32: "-2147483649"
integer parser integer.i32: "0"
integer parser integer.i32: "00"
integer parser integer.i32: "000000000000000000000000"
integer parser integer.i32: "00x"
integer parser integer.i32: "01"
integer parser integer.i32: "1"
integer parser integer.i32: "1 "
integer parser integer.i32: "1,000"
integer parser integer.i32: "1.0"
integer parser integer.i32: "10"
integer parser integer.i32: "100"
integer parser integer.i32: "18446744073709551615"
integer parser integer.i32: "18446744073709551616"
integer parser integer.i32: "1e2"
integer parser integer.i32: "1x"
integer parser integer.i32: "2147483646"
integer parser integer.i32: "2147483647"
integer parser integer.i32: "2147483648"
integer parser integer.i32: "9"
integer parser integer.i32: "99"
integer parser integer.i32: "999999999999999999999"
integer parser integer.i32: "99999999999999999999x"
integer parser integer.i64: ""
integer parser integer.i64: " 1"
integer parser integer.i64: "+"
integer parser integer.i64: "+-1"
integer parser integer.i64: "+0"
integer parser integer.i64: "+00"
integer parser integer.i64: "+1"
integer parser integer.i64: "+999999999999999999999"
integer parser integer.i64: "+999x"
integer parser integer.i64: "-"
integer parser integer.i64: "--1"
integer parser integer.i64: "-0"
integer parser integer.i64: "-00"
integer parser integer.i64: "-1"
integer parser integer.i64: "-9223372036854775807"
integer parser integer.i64: "-9223372036854775808"
integer parser integer.i64: "-9223372036854775809"
integer parser integer.i64: "0"
integer parser integer.i64: "00"
integer parser integer.i64: "000000000000000000000000"
integer parser integer.i64: "00x"
integer parser integer.i64: "01"
integer parser integer.i64: "1"
integer parser integer.i64: "1 "
integer parser integer.i64: "1,000"
integer parser integer.i64: "1.0"
integer parser integer.i64: "10"
integer parser integer.i64: "100"
integer parser integer.i64: "18446744073709551615"
integer parser integer.i64: "18446744073709551616"
integer parser integer.i64: "1e2"
integer parser integer.i64: "1x"
integer parser integer.i64: "9"
integer parser integer.i64: "9223372036854775806"
integer parser integer.i64: "9223372036854775807"
integer parser integer.i64: "9223372036854775808"
integer parser integer.i64: "99"
integer parser integer.i64: "999999999999999999999"
integer parser integer.i64: "99999999999999999999x"
integer parser integer.i8: ""
integer parser integer.i8: " 1"
integer parser integer.i8: "+"
integer parser integer.i8: "+-1"
integer parser integer.i8: "+0"
integer parser integer.i8: "+00"
integer parser integer.i8: "+1"
integer parser integer.i8: "+999999999999999999999"
integer parser integer.i8: "+999x"
integer parser integer.i8: "-"
integer parser integer.i8: "--1"
integer parser integer.i8: "-0"
integer parser integer.i8: "-00"
integer parser integer.i8: "-1"
integer parser integer.i8: "-127"
integer parser integer.i8: "-128"
integer parser integer.i8: "-129"
integer parser integer.i8: "0"
integer parser integer.i8: "00"
integer parser integer.i8: "000000000000000000000000"
integer parser integer.i8: "00x"
integer parser integer.i8: "01"
integer parser integer.i8: "1"
integer parser integer.i8: "1 "
integer parser integer.i8: "1,000"
integer parser integer.i8: "1.0"
integer parser integer.i8: "10"
integer parser integer.i8: "100"
integer parser integer.i8: "126"
integer parser integer.i8: "127"
integer parser integer.i8: "128"
integer parser integer.i8: "18446744073709551615"
integer parser integer.i8: "18446744073709551616"
integer parser integer.i8: "1e2"
integer parser integer.i8: "1x"
integer parser integer.i8: "9"
integer parser integer.i8: "99"
integer parser integer.i8: "999999999999999999999"
integer parser integer.i8: "99999999999999999999x"
integer parser integer.u16: ""
integer parser integer.u16: " 1"
integer parser integer.u16: "+"
integer parser integer.u16: "+-1"
integer parser integer.u16: "+0"
integer parser integer.u16: "+00"
integer parser integer.u16: "+1"
integer parser integer.u16: "+999999999999999999999"
integer parser integer.u16: "+999x"
integer parser integer.u16: "-"
integer parser integer.u16: "--1"
integer parser integer.u16: "-0"
integer parser integer.u16: "-00"
integer parser integer.u16: "-1"
integer parser integer.u16: "0"
integer parser integer.u16: "00"
integer parser integer.u16: "000000000000000000000000"
integer parser integer.u16: "00x"
integer parser integer.u16: "01"
integer parser integer.u16: "1"
integer parser integer.u16: "1 "
integer parser integer.u16: "1,000"
integer parser integer.u16: "1.0"
integer parser integer.u16: "10"
integer parser integer.u16: "100"
integer parser integer.u16: "18446744073709551615"
integer parser integer.u16: "18446744073709551616"
integer parser integer.u16: "1e2"
integer parser integer.u16: "1x"
integer parser integer.u16: "65534"
integer parser integer.u16: "65535"
integer parser integer.u16: "65536"
integer parser integer.u16: "9"
integer parser integer.u16: "99"
integer parser integer.u16: "999999999999999999999"
integer parser integer.u16: "99999999999999999999x"
integer parser integer.u32: ""
integer parser integer.u32: " 1"
integer parser integer.u32: "+"
integer parser integer.u32: "+-1"
integer parser integer.u32: "+0"
integer parser integer.u32: "+00"
integer parser integer.u32: "+1"
integer parser integer.u32: "+999999999999999999999"
integer parser integer.u32: "+999x"
integer parser integer.u32: "-"
integer parser integer.u32: "--1"
integer parser integer.u32: "-0"
integer parser integer.u32: "-00"
integer parser integer.u32: "-1"
integer parser integer.u32: "0"
integer parser integer.u32: "00"
integer parser integer.u32: "000000000000000000000000"
integer parser integer.u32: "00x"
integer parser integer.u32: "01"
integer parser integer.u32: "1"
integer parser integer.u32: "1 "
integer parser integer.u32: "1,000"
integer parser integer.u32: "1.0"
integer parser integer.u32: "10"
integer parser integer.u32: "100"
integer parser integer.u32: "18446744073709551615"
integer parser integer.u32: "18446744073709551616"
integer parser integer.u32: "1e2"
integer parser integer.u32: "1x"
integer parser integer.u32: "4294967294"
integer parser integer.u32: "4294967295"
integer parser integer.u32: "4294967296"
integer parser integer.u32: "9"
integer parser integer.u32: "99"
integer parser integer.u32: "999999999999999999999"
integer parser integer.u32: "99999999999999999999x"
integer parser integer.u64: ""
integer parser integer.u64: " 1"
integer parser integer.u64: "+"
integer parser integer.u64: "+-1"
integer parser integer.u64: "+0"
integer parser integer.u64: "+00"
integer parser integer.u64: "+1"
integer parser integer.u64: "+999999999999999999999"
integer parser integer.u64: "+999x"
integer parser integer.u64: "-"
integer parser integer.u64: "--1"
integer parser integer.u64: "-0"
integer parser integer.u64: "-00"
integer parser integer.u64: "-1"
integer parser integer.u64: "0"
integer parser integer.u64: "00"
integer parser integer.u64: "000000000000000000000000"
integer parser integer.u64: "00x"
integer parser integer.u64: "01"
integer parser integer.u64: "1"
integer parser integer.u64: "1 "
integer parser integer.u64: "1,000"
integer parser integer.u64: "1.0"
integer parser integer.u64: "10"
integer parser integer.u64: "100"
integer parser integer.u64: "18446744073709551614"
integer parser integer.u64: "18446744073709551615"
integer parser integer.u64: "18446744073709551616"
integer parser integer.u64: "1e2"
integer parser integer.u64: "1x"
integer parser integer.u64: "9"
integer parser integer.u64: "99"
integer parser integer.u64: "999999999999999999999"
integer parser integer.u64: "99999999999999999999x"
integer parser integer.u8: ""
integer parser integer.u8: " 1"
integer parser integer.u8: "+"
integer parser integer.u8: "+-1"
integer parser integer.u8: "+0"
integer parser integer.u8: "+00"
integer parser integer.u8: "+1"
integer parser integer.u8: "+999999999999999999999"
integer parser integer.u8: "+999x"
integer parser integer.u8: "-"
integer parser integer.u8: "--1"
integer parser integer.u8: "-0"
integer parser integer.u8: "-00"
integer parser integer.u8: "-1"
integer parser integer.u8: "0"
integer parser integer.u8: "00"
integer parser integer.u8: "000000000000000000000000"
integer parser integer.u8: "00x"
integer parser integer.u8: "01"
integer parser integer.u8: "1"
integer parser integer.u8: "1 "
integer parser integer.u8: "1,000"
integer parser integer.u8: "1.0"
integer parser integer.u8: "10"
integer parser integer.u8: "100"
integer parser integer.u8: "18446744073709551615"
integer parser integer.u8: "18446744073709551616"
integer parser integer.u8: "1e2"
integer parser integer.u8: "1x"
integer parser integer.u8: "254"
integer parser integer.u8: "255"
integer parser integer.u8: "256"
integer parser integer.u8: "9"
integer parser integer.u8: "99"
integer parser integer.u8: "999999999999999999999"
integer parser integer.u8: "99999999999999999999x"
integer parser unix_milliseconds: ""
integer parser unix_milliseconds: " 1"
integer parser unix_milliseconds: "+"
integer parser unix_milliseconds: "+-1"
integer parser unix_milliseconds: "+0"
integer parser unix_milliseconds: "+00"
integer parser unix_milliseconds: "+1"
integer parser unix_milliseconds: "+999999999999999999999"
integer parser unix_milliseconds: "+999x"
integer parser unix_milliseconds: "-"
integer parser unix_milliseconds: "--1"
integer parser unix_milliseconds: "-0"
integer parser unix_milliseconds: "-00"
integer parser unix_milliseconds: "-1"
integer parser unix_milliseconds: "-9223372036854775807"
integer parser unix_milliseconds: "-9223372036854775808"
integer parser unix_milliseconds: "-9223372036854775809"
integer parser unix_milliseconds: "0"
integer parser unix_milliseconds: "00"
integer parser unix_milliseconds: "000000000000000000000000"
integer parser unix_milliseconds: "00x"
integer parser unix_milliseconds: "01"
integer parser unix_milliseconds: "1"
integer parser unix_milliseconds: "1 "
integer parser unix_milliseconds: "1,000"
integer parser unix_milliseconds: "1.0"
integer parser unix_milliseconds: "10"
integer parser unix_milliseconds: "100"
integer parser unix_milliseconds: "18446744073709551615"
integer parser unix_milliseconds: "18446744073709551616"
integer parser unix_milliseconds: "1e2"
integer parser unix_milliseconds: "1x"
integer parser unix_milliseconds: "9"
integer parser unix_milliseconds: "9223372036854775806"
integer parser unix_milliseconds: "9223372036854775807"
integer parser unix_milliseconds: "9223372036854775808"
integer parser unix_milliseconds: "99"
integer parser unix_milliseconds: "999999999999999999999"
integer parser unix_milliseconds: "99999999999999999999x"
integer parser short observations: 456
ok

test result: ok. 2 passed; 0 failed; 0 ignored; 0 measured; 153 filtered out; finished in 277.04s

