=== RUN   TestCheckerAgreementWithRustCLIOwnershipProofs
=== RUN   TestCheckerAgreementWithRustCLIOwnershipProofs/eight-live.hex
panic: test timed out after 1h0m0s
	running tests:
		TestCheckerAgreementWithRustCLIOwnershipProofs (1h0m0s)
		TestCheckerAgreementWithRustCLIOwnershipProofs/eight-live.hex (1h0m0s)

goroutine 32 [running]:
testing.(*M).startAlarm.func1()
	/usr/local/go/src/testing/testing.go:2373 +0x30c
created by time.goFunc
	/usr/local/go/src/time/sleep.go:215 +0x38

goroutine 1 [chan receive, 60 minutes]:
testing.(*T).Run(0x140000b44e0, {0x102e75b53?, 0x140000e5b48?}, 0x102ef9560)
	/usr/local/go/src/testing/testing.go:1751 +0x328
testing.runTests.func1(0x140000b44e0)
	/usr/local/go/src/testing/testing.go:2168 +0x40
testing.tRunner(0x140000b44e0, 0x140000e5c68)
	/usr/local/go/src/testing/testing.go:1690 +0xe4
testing.runTests(0x140000be030, {0x1030141a0, 0x9d, 0x9d}, {0xfd00000000000000?, 0xfd36ef8bf82a32c0?, 0x103016c40?})
	/usr/local/go/src/testing/testing.go:2166 +0x3ac
testing.(*M).Run(0x140000a60a0)
	/usr/local/go/src/testing/testing.go:2034 +0x588
main.main()
	_testmain.go:357 +0x90

goroutine 20 [chan receive, 60 minutes]:
testing.(*T).Run(0x140000b4680, {0x140000984be?, 0x0?}, 0x140000ab290)
	/usr/local/go/src/testing/testing.go:1751 +0x328
github.com/finitefield-org/mpk/go-tools/mpk-checker-ref.checkOrdinaryCertificates(0x140000b4680, {0x102e6aaa5, 0x10}, 0xe)
	/Users/kazuyoshitoshiya/mpk/go-tools/mpk-checker-ref/checker_agreement_test.go:388 +0x160
github.com/finitefield-org/mpk/go-tools/mpk-checker-ref.TestCheckerAgreementWithRustCLIOwnershipProofs(0x140000b4680?)
	/Users/kazuyoshitoshiya/mpk/go-tools/mpk-checker-ref/checker_agreement_test.go:823 +0x2c
testing.tRunner(0x140000b4680, 0x102ef9560)
	/usr/local/go/src/testing/testing.go:1690 +0xe4
created by testing.(*T).Run in goroutine 1
	/usr/local/go/src/testing/testing.go:1743 +0x314

goroutine 21 [runnable]:
github.com/finitefield-org/mpk/go-tools/mpk-checker-ref.(*coreTermArena).intern(0x140001776d0, {0x3, 0x5ce, 0x0, 0x0, {0x0, 0x0, 0x0}, {0x140015fdbf0, 0x3, ...}})
	/Users/kazuyoshitoshiya/mpk/go-tools/mpk-checker-ref/core_check.go:1000 +0xb8
github.com/finitefield-org/mpk/go-tools/mpk-checker-ref.(*coreTermArena).app(0x140001776d0, 0x5ce, {0x140015fdbd0, 0x3, 0x14000175b08?})
	/Users/kazuyoshitoshiya/mpk/go-tools/mpk-checker-ref/core_check.go:979 +0x22c
github.com/finitefield-org/mpk/go-tools/mpk-checker-ref.(*coreState).openBinderAtDepth(0x140001776b8, 0x4?, 0x249e6, 0x0)
	/Users/kazuyoshitoshiya/mpk/go-tools/mpk-checker-ref/core_check.go:663 +0x690
github.com/finitefield-org/mpk/go-tools/mpk-checker-ref.(*coreState).openBinderAtDepth(0x140001776b8, 0x4?, 0x249e6, 0x0)
	/Users/kazuyoshitoshiya/mpk/go-tools/mpk-checker-ref/core_check.go:657 +0x61c
github.com/finitefield-org/mpk/go-tools/mpk-checker-ref.(*coreState).openBinderAtDepth(0x140001776b8, 0x4?, 0x249e6, 0x0)
	/Users/kazuyoshitoshiya/mpk/go-tools/mpk-checker-ref/core_check.go:657 +0x61c
github.com/finitefield-org/mpk/go-tools/mpk-checker-ref.(*coreState).openBinderAtDepth(0x140001776b8, 0x4?, 0x249e6, 0x0)
	/Users/kazuyoshitoshiya/mpk/go-tools/mpk-checker-ref/core_check.go:657 +0x61c
github.com/finitefield-org/mpk/go-tools/mpk-checker-ref.(*coreState).openBinderAtDepth(0x140001776b8, 0x4?, 0x249e6, 0x0)
	/Users/kazuyoshitoshiya/mpk/go-tools/mpk-checker-ref/core_check.go:657 +0x61c
github.com/finitefield-org/mpk/go-tools/mpk-checker-ref.(*coreState).openBinderAtDepth(0x140001776b8, 0x204?, 0x249e6, 0x0)
	/Users/kazuyoshitoshiya/mpk/go-tools/mpk-checker-ref/core_check.go:657 +0x61c
github.com/finitefield-org/mpk/go-tools/mpk-checker-ref.(*coreState).openBinderAtDepth(0x140001776b8, 0x4?, 0x249e6, 0x0)
	/Users/kazuyoshitoshiya/mpk/go-tools/mpk-checker-ref/core_check.go:657 +0x61c
github.com/finitefield-org/mpk/go-tools/mpk-checker-ref.(*coreState).openBinderAtDepth(0x140001776b8, 0x4?, 0x249e6, 0x0)
	/Users/kazuyoshitoshiya/mpk/go-tools/mpk-checker-ref/core_check.go:657 +0x61c
github.com/finitefield-org/mpk/go-tools/mpk-checker-ref.(*coreState).openBinderAtDepth(0x140001776b8, 0x204?, 0x249e6, 0x0)
	/Users/kazuyoshitoshiya/mpk/go-tools/mpk-checker-ref/core_check.go:657 +0x61c
github.com/finitefield-org/mpk/go-tools/mpk-checker-ref.(*coreState).openBinderAtDepth(0x140001776b8, 0x204?, 0x249e6, 0x0)
	/Users/kazuyoshitoshiya/mpk/go-tools/mpk-checker-ref/core_check.go:657 +0x61c
github.com/finitefield-org/mpk/go-tools/mpk-checker-ref.(*coreState).openBinderAtDepth(0x140001776b8, 0x0?, 0x249e6, 0x0)
	/Users/kazuyoshitoshiya/mpk/go-tools/mpk-checker-ref/core_check.go:657 +0x61c
github.com/finitefield-org/mpk/go-tools/mpk-checker-ref.(*coreState).openBinderAtDepth(0x140001776b8, 0x3?, 0x249e6, 0x0)
	/Users/kazuyoshitoshiya/mpk/go-tools/mpk-checker-ref/core_check.go:657 +0x61c
github.com/finitefield-org/mpk/go-tools/mpk-checker-ref.(*coreState).openBinderAtDepth(0x140001776b8, 0x17c2f70?, 0x249e6, 0x0)
	/Users/kazuyoshitoshiya/mpk/go-tools/mpk-checker-ref/core_check.go:657 +0x61c
github.com/finitefield-org/mpk/go-tools/mpk-checker-ref.(*coreState).openBinderAtDepth(0x140001776b8, 0x249e6?, 0x249e6, 0x0)
	/Users/kazuyoshitoshiya/mpk/go-tools/mpk-checker-ref/core_check.go:657 +0x61c
github.com/finitefield-org/mpk/go-tools/mpk-checker-ref.(*coreState).substituteTop(...)
	/Users/kazuyoshitoshiya/mpk/go-tools/mpk-checker-ref/core_check.go:634
github.com/finitefield-org/mpk/go-tools/mpk-checker-ref.(*coreState).inferApp(0x140001776b8, 0x249e7, 0x0?, {0x14000a7bb00, 0x6, 0x140001776d0?}, {0x0, 0x0, 0x0})
	/Users/kazuyoshitoshiya/mpk/go-tools/mpk-checker-ref/core_check.go:478 +0x154
github.com/finitefield-org/mpk/go-tools/mpk-checker-ref.(*coreState).infer(0x0?, 0x0?, {0x0?, 0x0?, 0xbcb00000005?})
	/Users/kazuyoshitoshiya/mpk/go-tools/mpk-checker-ref/core_check.go:387 +0x2f4
github.com/finitefield-org/mpk/go-tools/mpk-checker-ref.(*coreState).check(0x140001776b8, 0x249e7, 0x249e9, {0x0?, 0x0?, 0xe5e00?})
	/Users/kazuyoshitoshiya/mpk/go-tools/mpk-checker-ref/core_check.go:415 +0x2b8
github.com/finitefield-org/mpk/go-tools/mpk-checker-ref.(*coreState).inferApp(0x140001776b8, 0x249e8, 0x1?, {0x14000a7bb30, 0x6, 0x0?}, {0x0, 0x0, 0x0})
	/Users/kazuyoshitoshiya/mpk/go-tools/mpk-checker-ref/core_check.go:475 +0x13c
github.com/finitefield-org/mpk/go-tools/mpk-checker-ref.(*coreState).infer(0x3?, 0x0?, {0x0?, 0x0?, 0x9fe00000003?})
	/Users/kazuyoshitoshiya/mpk/go-tools/mpk-checker-ref/core_check.go:387 +0x2f4
github.com/finitefield-org/mpk/go-tools/mpk-checker-ref.(*coreState).check(0x140001776b8, 0x249e8, 0x249e4, {0x0?, 0xc?, 0x102eea780?})
	/Users/kazuyoshitoshiya/mpk/go-tools/mpk-checker-ref/core_check.go:415 +0x2b8
github.com/finitefield-org/mpk/go-tools/mpk-checker-ref.(*coreCheckContext).checkDeclarations(0x140001776b0)
	/Users/kazuyoshitoshiya/mpk/go-tools/mpk-checker-ref/core_check.go:129 +0x1c0
github.com/finitefield-org/mpk/go-tools/mpk-checker-ref.CheckCoreDeclarations(0x140000b4000)
	/Users/kazuyoshitoshiya/mpk/go-tools/mpk-checker-ref/core_check.go:41 +0x178
github.com/finitefield-org/mpk/go-tools/mpk-checker-ref.CheckCore(...)
	/Users/kazuyoshitoshiya/mpk/go-tools/mpk-checker-ref/core_check.go:36
github.com/finitefield-org/mpk/go-tools/mpk-checker-ref.VerifyCertificate(_, {0x44, 0xe2, 0xe8, 0x62, 0xdf, 0x44, 0xf2, 0x7d, 0x22, ...})
	/Users/kazuyoshitoshiya/mpk/go-tools/mpk-checker-ref/verify.go:56 +0x5c
github.com/finitefield-org/mpk/go-tools/mpk-checker-ref.VerifyCertificateBytes({0x14000596000, 0xe5eee, 0xe5eee})
	/Users/kazuyoshitoshiya/mpk/go-tools/mpk-checker-ref/verify.go:45 +0x158
github.com/finitefield-org/mpk/go-tools/mpk-checker-ref.checkOrdinaryCertificates.func1(0x140000b4820)
	/Users/kazuyoshitoshiya/mpk/go-tools/mpk-checker-ref/checker_agreement_test.go:391 +0x88
testing.tRunner(0x140000b4820, 0x140000ab290)
	/usr/local/go/src/testing/testing.go:1690 +0xe4
created by testing.(*T).Run in goroutine 20
	/usr/local/go/src/testing/testing.go:1743 +0x314
