   Compiling version_check v0.9.5
    Checking typenum v1.20.1
   Compiling generic-array v0.14.7
   Compiling proc-macro2 v1.0.106
   Compiling quote v1.0.46
   Compiling unicode-ident v1.0.24
   Compiling serde_core v1.0.228
    Checking crypto-common v0.1.7
    Checking block-buffer v0.10.4
   Compiling zmij v1.0.21
    Checking digest v0.10.7
   Compiling syn v2.0.118
    Checking cfg-if v1.0.4
   Compiling serde_json v1.0.150
   Compiling serde v1.0.228
    Checking cpufeatures v0.2.17
    Checking sha2 v0.10.9
   Compiling serde_derive v1.0.228
    Checking itoa v1.0.18
    Checking memchr v2.8.2
    Checking mpk-core v0.1.0 (/root/mpk-w09-pattern-captures/crates/mpk-core)
    Checking mpk-cert v0.1.0 (/root/mpk-w09-pattern-captures/crates/mpk-cert)
    Checking mpk-vc v0.1.0 (/root/mpk-w09-pattern-captures/crates/mpk-vc)
    Finished `dev` profile [unoptimized + debuginfo] target(s) in 1m 14s
