   Compiling version_check v0.9.5
   Compiling typenum v1.20.1
   Compiling generic-array v0.14.7
   Compiling proc-macro2 v1.0.106
   Compiling unicode-ident v1.0.24
   Compiling quote v1.0.46
   Compiling serde_core v1.0.228
   Compiling crypto-common v0.1.7
   Compiling block-buffer v0.10.4
   Compiling zmij v1.0.21
   Compiling syn v2.0.118
   Compiling digest v0.10.7
   Compiling serde_json v1.0.150
   Compiling cpufeatures v0.2.17
   Compiling serde v1.0.228
   Compiling cfg-if v1.0.4
   Compiling sha2 v0.10.9
   Compiling serde_derive v1.0.228
   Compiling mpk-core v0.1.0 (/root/mpk-w09-pattern-captures/crates/mpk-core)
   Compiling memchr v2.8.2
   Compiling itoa v1.0.18
   Compiling mpk-cert v0.1.0 (/root/mpk-w09-pattern-captures/crates/mpk-cert)
   Compiling mpk-vc v0.1.0 (/root/mpk-w09-pattern-captures/crates/mpk-vc)
    Finished `test` profile [optimized] target(s) in 6m 55s
     Running tests/csharp_practical_vc.rs (/root/mpk-w09-pattern-captures-target/debug/deps/csharp_practical_vc-bb5f372f714b0f03)

running 4 tests
test ordinary_carriers::public_domain_tests::contract_expression_tests::control_edge_tests::predicates::csharp_03_t06_w09_control_predicates_original_sources ... control predicates count_fill: 23 original sequents
control predicates while: 6 original sequents
control predicates for: 9 original sequents
control predicates short_circuit: 8 original sequents
control predicates switch: 16 original sequents
control predicates is_binding: 6 original sequents
control predicates guard_order: 30 original sequents
control predicates guard_throw: 16 original sequents
control predicates total_variable: 6 original sequents
control predicates index_update: 10 original sequents
control predicates foreach_string: 10 original sequents
control predicates foreach_string_var: 10 original sequents
control predicates foreach_array: 8 original sequents
control predicates foreach_array_var: 8 original sequents
control predicates lookup: 9 original sequents
control predicates governing_throw: 14 original sequents
control predicates type: 18 original sequents
control predicates string_property: 8 original sequents
control predicates total: 215 sequents, 383 defined predicates, 117 pending predicates, 6 original decrease observations, 392 implication observations, 8 distinct snapshot pairs
ok
test ordinary_carriers::public_domain_tests::contract_expression_tests::control_edge_tests::predicates::csharp_03_t06_w09_control_predicates_with_execution_original_sources ... control predicates count_fill: 23 original sequents
control predicates while: 6 original sequents
control predicates for: 9 original sequents
control predicates short_circuit: 8 original sequents
control predicates switch: 16 original sequents
control predicates is_binding: 6 original sequents
control predicates guard_order: 30 original sequents
control predicates guard_throw: 16 original sequents
control predicates total_variable: 6 original sequents
control predicates index_update: 10 original sequents
control predicates foreach_string: 10 original sequents
control predicates foreach_string_var: 10 original sequents
control predicates foreach_array: 8 original sequents
control predicates foreach_array_var: 8 original sequents
control predicates lookup: 9 original sequents
control predicates governing_throw: 14 original sequents
control predicates type: 18 original sequents
control predicates string_property: 8 original sequents
control predicates total: 215 sequents, 398 defined predicates, 102 pending predicates, 6 original decrease observations, 452 implication observations, 8 distinct snapshot pairs
ok
test ordinary_carriers::public_domain_tests::contract_expression_tests::control_edge_tests::predicates::csharp_03_t06_w09_control_predicates_with_pattern_captures_original_sources ... control predicates count_fill: 23 original sequents
control predicates while: 6 original sequents
control predicates for: 9 original sequents
control predicates short_circuit: 8 original sequents
control predicates switch: 16 original sequents
control predicates is_binding: 6 original sequents
control predicates guard_order: 30 original sequents
control predicates guard_throw: 16 original sequents
control predicates total_variable: 6 original sequents
control predicates index_update: 10 original sequents
control predicates foreach_string: 10 original sequents
control predicates foreach_string_var: 10 original sequents
control predicates foreach_array: 8 original sequents
control predicates foreach_array_var: 8 original sequents
control predicates lookup: 9 original sequents
control predicates governing_throw: 14 original sequents
control predicates type: 18 original sequents
control predicates string_property: 8 original sequents
control predicates total: 215 sequents, 398 defined predicates, 102 pending predicates, 6 original decrease observations, 452 implication observations, 8 distinct snapshot pairs
pattern scopes: 102 original goals, 113 native paths, 216 physical transport observations, 336 complete scope observations, 69 true native premises
governing captures: 7 exact producers, 113 consuming paths, 194 physical observations (86 newly linked), 388 transport checks, 398 full scope checks, 59 true scopes
ok
test ordinary_carriers::public_domain_tests::contract_expression_tests::control_edge_tests::predicates::csharp_03_t06_w09_control_predicates_with_pattern_scopes_original_sources ... control predicates count_fill: 23 original sequents
control predicates while: 6 original sequents
control predicates for: 9 original sequents
control predicates short_circuit: 8 original sequents
control predicates switch: 16 original sequents
control predicates is_binding: 6 original sequents
control predicates guard_order: 30 original sequents
control predicates guard_throw: 16 original sequents
control predicates total_variable: 6 original sequents
control predicates index_update: 10 original sequents
control predicates foreach_string: 10 original sequents
control predicates foreach_string_var: 10 original sequents
control predicates foreach_array: 8 original sequents
control predicates foreach_array_var: 8 original sequents
control predicates lookup: 9 original sequents
control predicates governing_throw: 14 original sequents
control predicates type: 18 original sequents
control predicates string_property: 8 original sequents
control predicates total: 215 sequents, 398 defined predicates, 102 pending predicates, 6 original decrease observations, 452 implication observations, 8 distinct snapshot pairs
pattern scopes: 102 original goals, 113 native paths, 216 physical transport observations, 336 complete scope observations, 69 true native premises
ok

test result: ok. 4 passed; 0 failed; 0 ignored; 0 measured; 387 filtered out; finished in 116.81s

