
running 1 test
test ordinary_carriers::public_domain_tests::contract_expression_tests::option_data_tests::csharp_03_t06_w09_option_data_original_source ... option data context struct-none: 3 definitions, 3 SSA points
option data context i32-value: 2 definitions, 2 SSA points
option data context i32-fallback: 1 definitions, 1 SSA points
option data context i32-default: 1 definitions, 1 SSA points
option data context nested-string: 2 definitions, 2 SSA points
option data context struct-decimal: 1 definitions, 1 SSA points
option data context lifted-bool: 1 definitions, 2 SSA points
option data context lifted-i32-checked: 1 definitions, 2 SSA points
option data context lifted-i64: 1 definitions, 2 SSA points
option data context lifted-f32: 1 definitions, 2 SSA points
option data context lifted-f64: 1 definitions, 2 SSA points
option data context lifted-decimal: 1 definitions, 2 SSA points

thread '<unnamed>' (6858710) panicked at crates/mpk-vc/tests/support/csharp_practical_ordinary_option_data_tests.rs:476:9:
selector matched no option operation
note: run with `RUST_BACKTRACE=1` environment variable to display a backtrace

thread 'ordinary_carriers::public_domain_tests::contract_expression_tests::option_data_tests::csharp_03_t06_w09_option_data_original_source' (6858709) panicked at crates/mpk-vc/tests/support/csharp_practical_ordinary_option_data_tests.rs:98:10:
called `Result::unwrap()` on an `Err` value: Any { .. }
FAILED

failures:

failures:
    ordinary_carriers::public_domain_tests::contract_expression_tests::option_data_tests::csharp_03_t06_w09_option_data_original_source

test result: FAILED. 0 passed; 1 failed; 0 ignored; 0 measured; 312 filtered out; finished in 3.70s

