   Compiling mpk-vc v0.1.0 (/Users/kazuyoshitoshiya/mpk/crates/mpk-vc)
error[E0308]: mismatched types
   --> crates/mpk-vc/tests/support/csharp_practical_ordinary_public_domain_tests.rs:323:52
    |
323 |                 "Direct" => field.value = Box::new(positive(direct)),
    |                                           -------- ^^^^^^^^^^^^^^^^ expected `MonomorphicValue`, found `&mut String`
    |                                           |
    |                                           arguments to this function are incorrect
    |
note: associated function defined here
   --> /rustc/8bab26f4f68e0e26f0bb7960be334d5b520ea452/library/alloc/src/boxed.rs:284:11

error[E0277]: a value of type `Vec<mpk_vc::csharp_practical_vir_model::MonomorphicValue>` cannot be built from an iterator over elements of type `&mut std::string::String`
   --> crates/mpk-vc/tests/support/csharp_practical_ordinary_public_domain_tests.rs:328:68
    |
328 |                     *elements = items.iter().map(|n| positive(*n)).collect();
    |                                                                    ^^^^^^^ value of type `Vec<mpk_vc::csharp_practical_vir_model::MonomorphicValue>` cannot be built from `std::iter::Iterator<Item=&mut std::string::String>`
    |
help: the trait `FromIterator<&mut std::string::String>` is not implemented for `Vec<mpk_vc::csharp_practical_vir_model::MonomorphicValue>`
      but trait `FromIterator<mpk_vc::csharp_practical_vir_model::MonomorphicValue>` is implemented for it
   --> /rustc/8bab26f4f68e0e26f0bb7960be334d5b520ea452/library/alloc/src/vec/mod.rs:3923:0
    = help: for that trait implementation, expected `mpk_vc::csharp_practical_vir_model::MonomorphicValue`, found `&mut std::string::String`
note: the method call chain might not have had the expected associated types
   --> crates/mpk-vc/tests/support/csharp_practical_ordinary_public_domain_tests.rs:328:46
    |
328 |                     *elements = items.iter().map(|n| positive(*n)).collect();
    |                                 ----- ------ ^^^^^^^^^^^^^^^^^^^^^ `Iterator::Item` changed to `&mut String` here
    |                                 |     |
    |                                 |     `Iterator::Item` is `&i32` here
    |                                 this expression has type `&[i32]`
note: required by a bound in `collect`
   --> /rustc/8bab26f4f68e0e26f0bb7960be334d5b520ea452/library/core/src/iter/traits/iterator.rs:2077:4

error[E0308]: mismatched types
   --> crates/mpk-vc/tests/support/csharp_practical_ordinary_public_domain_tests.rs:339:30
    |
339 |                     *value = optional.map(|n| Box::new(positive(n)));
    |                     ------   ^^^^^^^^^^^^^^^^^^^^^^^^^^^^^^^^^^^^^^^ expected `Option<Box<MonomorphicValue>>`, found `Option<Box<&mut String>>`
    |                     |
    |                     expected due to the type of this binding
    |
    = note: expected enum `std::option::Option<Box<mpk_vc::csharp_practical_vir_model::MonomorphicValue>>`
               found enum `std::option::Option<Box<&mut std::string::String>>`

Some errors have detailed explanations: E0277, E0308.
For more information about an error, try `rustc --explain E0277`.
error: could not compile `mpk-vc` (test "csharp_practical_vc") due to 3 previous errors
